Archive member included to satisfy reference by file (symbol)

.\CortexM3\ARM_GCC_541\Debug\Riaszto.a(LCD.o)
                              .\CortexM3\ARM_GCC_541\Debug\main.o (LCD_PrintString)
.\CortexM3\ARM_GCC_541\Debug\Riaszto.a(ROW1.o)
                              .\CortexM3\ARM_GCC_541\Debug\Keypad.o (ROW1_Write)
.\CortexM3\ARM_GCC_541\Debug\Riaszto.a(ROW2.o)
                              .\CortexM3\ARM_GCC_541\Debug\Keypad.o (ROW2_Write)
.\CortexM3\ARM_GCC_541\Debug\Riaszto.a(ROW3.o)
                              .\CortexM3\ARM_GCC_541\Debug\Keypad.o (ROW3_Write)
.\CortexM3\ARM_GCC_541\Debug\Riaszto.a(ROW4.o)
                              .\CortexM3\ARM_GCC_541\Debug\Keypad.o (ROW4_Write)
.\CortexM3\ARM_GCC_541\Debug\Riaszto.a(COL1.o)
                              .\CortexM3\ARM_GCC_541\Debug\Keypad.o (COL1_Read)
.\CortexM3\ARM_GCC_541\Debug\Riaszto.a(COL2.o)
                              .\CortexM3\ARM_GCC_541\Debug\Keypad.o (COL2_Read)
.\CortexM3\ARM_GCC_541\Debug\Riaszto.a(COL3.o)
                              .\CortexM3\ARM_GCC_541\Debug\Keypad.o (COL3_Read)
.\CortexM3\ARM_GCC_541\Debug\Riaszto.a(COL4.o)
                              .\CortexM3\ARM_GCC_541\Debug\Keypad.o (COL4_Read)
.\CortexM3\ARM_GCC_541\Debug\Riaszto.a(SPIM.o)
                              .\CortexM3\ARM_GCC_541\Debug\d1302.o (SPIM_ReadTxStatus)
.\CortexM3\ARM_GCC_541\Debug\Riaszto.a(SS.o)
                              .\CortexM3\ARM_GCC_541\Debug\d1302.o (SS_Write)
.\CortexM3\ARM_GCC_541\Debug\Riaszto.a(UART.o)
                              .\CortexM3\ARM_GCC_541\Debug\main.o (UART_Start)
.\CortexM3\ARM_GCC_541\Debug\Riaszto.a(ADC_SAR_RADAR.o)
                              .\CortexM3\ARM_GCC_541\Debug\main.o (ADC_SAR_RADAR_Start)
.\CortexM3\ARM_GCC_541\Debug\Riaszto.a(Timer.o)
                              .\CortexM3\ARM_GCC_541\Debug\main.o (Timer_ReadStatusRegister)
.\CortexM3\ARM_GCC_541\Debug\Riaszto.a(isr_Timer.o)
                              .\CortexM3\ARM_GCC_541\Debug\main.o (isr_Timer_StartEx)
.\CortexM3\ARM_GCC_541\Debug\Riaszto.a(PWM_BACKLIGHT.o)
                              .\CortexM3\ARM_GCC_541\Debug\main.o (PWM_BACKLIGHT_WriteCompare)
.\CortexM3\ARM_GCC_541\Debug\Riaszto.a(PWM_BEEPER.o)
                              .\CortexM3\ARM_GCC_541\Debug\main.o (PWM_BEEPER_Stop)
.\CortexM3\ARM_GCC_541\Debug\Riaszto.a(ADC_SAR_PR.o)
                              .\CortexM3\ARM_GCC_541\Debug\main.o (ADC_SAR_PR_Start)
.\CortexM3\ARM_GCC_541\Debug\Riaszto.a(ADC_SAR_PR_INT.o)
                              .\CortexM3\ARM_GCC_541\Debug\Riaszto.a(ADC_SAR_PR.o) (ADC_SAR_PR_ISR)
.\CortexM3\ARM_GCC_541\Debug\Riaszto.a(EEPROM.o)
                              .\CortexM3\ARM_GCC_541\Debug\main.o (EEPROM_Start)
.\CortexM3\ARM_GCC_541\Debug\Riaszto.a(UART_GSM.o)
                              .\CortexM3\ARM_GCC_541\Debug\main.o (UART_GSM_Start)
.\CortexM3\ARM_GCC_541\Debug\Riaszto.a(VDAC8.o)
                              .\CortexM3\ARM_GCC_541\Debug\main.o (VDAC8_Start)
.\CortexM3\ARM_GCC_541\Debug\Riaszto.a(SPIM_IntClock.o)
                              .\CortexM3\ARM_GCC_541\Debug\Riaszto.a(SPIM.o) (SPIM_IntClock_Start)
.\CortexM3\ARM_GCC_541\Debug\Riaszto.a(UART_IntClock.o)
                              .\CortexM3\ARM_GCC_541\Debug\Riaszto.a(UART.o) (UART_IntClock_Start)
.\CortexM3\ARM_GCC_541\Debug\Riaszto.a(ADC_SAR_RADAR_IRQ.o)
                              .\CortexM3\ARM_GCC_541\Debug\main.o (ADC_SAR_RADAR_IRQ_StartEx)
.\CortexM3\ARM_GCC_541\Debug\Riaszto.a(ADC_SAR_RADAR_theACLK.o)
                              .\CortexM3\ARM_GCC_541\Debug\Riaszto.a(ADC_SAR_RADAR.o) (ADC_SAR_RADAR_theACLK_SetModeRegister)
.\CortexM3\ARM_GCC_541\Debug\Riaszto.a(ADC_SAR_PR_theACLK.o)
                              .\CortexM3\ARM_GCC_541\Debug\Riaszto.a(ADC_SAR_PR.o) (ADC_SAR_PR_theACLK_SetModeRegister)
.\CortexM3\ARM_GCC_541\Debug\Riaszto.a(UART_GSM_IntClock.o)
                              .\CortexM3\ARM_GCC_541\Debug\Riaszto.a(UART_GSM.o) (UART_GSM_IntClock_Start)
.\CortexM3\ARM_GCC_541\Debug\Riaszto.a(CyFlash.o)
                              .\CortexM3\ARM_GCC_541\Debug\Riaszto.a(EEPROM.o) (dieTemperature)
.\CortexM3\ARM_GCC_541\Debug\Riaszto.a(CyLib.o)
                              .\CortexM3\ARM_GCC_541\Debug\Cm3Start.o (CyHalt)
.\CortexM3\ARM_GCC_541\Debug\Riaszto.a(cyPm.o)
                              .\CortexM3\ARM_GCC_541\Debug\Riaszto.a(CyLib.o) (CyPmReadStatus)
.\CortexM3\ARM_GCC_541\Debug\Riaszto.a(CySpc.o)
                              .\CortexM3\ARM_GCC_541\Debug\Riaszto.a(EEPROM.o) (CySpcStart)
.\CortexM3\ARM_GCC_541\Debug\Riaszto.a(CyBootAsmGnu.o)
                              .\CortexM3\ARM_GCC_541\Debug\cyfitter_cfg.o (CyDelayCycles)
c:/program files (x86)/cypress/psoc creator/4.4/psoc creator/import/gnu/arm/5.4.1/bin/../lib/gcc/arm-none-eabi/5.4.1/armv7-m\libgcc.a(_arm_addsubsf3.o)
                              .\CortexM3\ARM_GCC_541\Debug\Riaszto.a(ADC_SAR_RADAR.o) (__aeabi_i2f)
[...]
Memory Configuration

Name             Origin             Length             Attributes
rom              0x00000000         0x00040000         xr
ram              0x1fff8000         0x00010000         xrw
*default*        0x00000000         0xffffffff

Linker script and memory map

LOAD c:/program files (x86)/cypress/psoc creator/4.4/psoc creator/import/gnu/arm/5.4.1/bin/../lib/gcc/arm-none-eabi/5.4.1/armv7-m/crti.o
LOAD c:/program files (x86)/cypress/psoc creator/4.4/psoc creator/import/gnu/arm/5.4.1/bin/../lib/gcc/arm-none-eabi/5.4.1/armv7-m/crtbegin.o
LOAD c:/program files (x86)/cypress/psoc creator/4.4/psoc creator/import/gnu/arm/5.4.1/bin/../lib/gcc/arm-none-eabi/5.4.1/../../../../arm-none-eabi/lib/armv7-m/crt0.o
START GROUP
LOAD .\CortexM3\ARM_GCC_541\Debug\main.o
LOAD .\CortexM3\ARM_GCC_541\Debug\d1302.o
LOAD .\CortexM3\ARM_GCC_541\Debug\TaskFIFO.o
LOAD .\CortexM3\ARM_GCC_541\Debug\PeriodicTask.o
LOAD .\CortexM3\ARM_GCC_541\Debug\Keypad.o
LOAD .\CortexM3\ARM_GCC_541\Debug\hb100movement.o
LOAD .\CortexM3\ARM_GCC_541\Debug\EEPROM_Helper.o
LOAD .\CortexM3\ARM_GCC_541\Debug\GSMHandler.o
LOAD .\CortexM3\ARM_GCC_541\Debug\cyfitter_cfg.o
LOAD .\CortexM3\ARM_GCC_541\Debug\cymetadata.o
LOAD .\CortexM3\ARM_GCC_541\Debug\Cm3Start.o
LOAD .\CortexM3\ARM_GCC_541\Debug\Riaszto.a
LOAD C:\Program Files (x86)\Cypress\PSoC Creator\4.4\PSoC Creator\psoc\content\cycomponentlibrary\CyComponentLibrary.cylib\CortexM3\ARM_GCC_541\Debug\CyComponentLibrary.a
END GROUP
START GROUP
LOAD c:/program files (x86)/cypress/psoc creator/4.4/psoc creator/import/gnu/arm/5.4.1/bin/../lib/gcc/arm-none-eabi/5.4.1/armv7-m\libgcc.a
LOAD c:/program files (x86)/cypress/psoc creator/4.4/psoc creator/import/gnu/arm/5.4.1/bin/../lib/gcc/arm-none-eabi/5.4.1/../../../../arm-none-eabi/lib/armv7-m\libg_nano.a
LOAD c:/program files (x86)/cypress/psoc creator/4.4/psoc creator/import/gnu/arm/5.4.1/bin/../lib/gcc/arm-none-eabi/5.4.1/../../../../arm-none-eabi/lib/armv7-m\libc_nano.a
END GROUP
START GROUP
LOAD c:/program files (x86)/cypress/psoc creator/4.4/psoc creator/import/gnu/arm/5.4.1/bin/../lib/gcc/arm-none-eabi/5.4.1/armv7-m\libgcc.a
LOAD c:/program files (x86)/cypress/psoc creator/4.4/psoc creator/import/gnu/arm/5.4.1/bin/../lib/gcc/arm-none-eabi/5.4.1/../../../../arm-none-eabi/lib/armv7-m\libc_nano.a
END GROUP
LOAD c:/program files (x86)/cypress/psoc creator/4.4/psoc creator/import/gnu/arm/5.4.1/bin/../lib/gcc/arm-none-eabi/5.4.1/armv7-m/crtend.o
LOAD c:/program files (x86)/cypress/psoc creator/4.4/psoc creator/import/gnu/arm/5.4.1/bin/../lib/gcc/arm-none-eabi/5.4.1/armv7-m/crtn.o
START GROUP
LOAD c:/program files (x86)/cypress/psoc creator/4.4/psoc creator/import/gnu/arm/5.4.1/bin/../lib/gcc/arm-none-eabi/5.4.1/armv7-m\libgcc.a
LOAD c:/program files (x86)/cypress/psoc creator/4.4/psoc creator/import/gnu/arm/5.4.1/bin/../lib/gcc/arm-none-eabi/5.4.1/../../../../arm-none-eabi/lib/armv7-m\libc.a
LOAD c:/program files (x86)/cypress/psoc creator/4.4/psoc creator/import/gnu/arm/5.4.1/bin/../lib/gcc/arm-none-eabi/5.4.1/../../../../arm-none-eabi/lib/armv7-m\libnosys.a
END GROUP
                0x00000000                CY_APPL_ORIGIN = 0x0
                0x00000100                CY_FLASH_ROW_SIZE = 0x100
                0x00000020                CY_ECC_ROW_SIZE = 0x20
                0x00000000                CY_EE_IN_BTLDR = 0x0
                0x00000000                CY_APPL_LOADABLE = 0x0
                0x00000800                CY_EE_SIZE = 0x800
                0x00000001                CY_APPL_NUM = 0x1
                0x00000001                CY_APPL_MAX = 0x1
                0x00000040                CY_METADATA_SIZE = 0x40
                0x00000000                CY_APPL_LOADABLE = 0x0
                0x00000000                CY_CHECKSUM_EXCLUDE_SIZE = ALIGN (0x0, CY_FLASH_ROW_SIZE)
                [!provide]                PROVIDE (__cy_heap_start, _end)
                0x00000001                PROVIDE (__cy_region_num, ((__cy_regions_end - __cy_regions) / 0x10))
                0x20008000                PROVIDE (__cy_stack, (ORIGIN (ram) + LENGTH (ram)))
                [!provide]                PROVIDE (__cy_heap_end, (__cy_stack - 0x1000))

.cybootloader   0x00000000        0x0
 *(.cybootloader)
                0x00000000                appl1_start = CY_APPL_ORIGIN?CY_APPL_ORIGIN:ALIGN (CY_FLASH_ROW_SIZE)
                0x0001ff00                appl2_start = (appl1_start + ALIGN ((((LENGTH (rom) - appl1_start) - (0x2 * CY_FLASH_ROW_SIZE)) / 0x2), CY_FLASH_ROW_SIZE))
                0x00000000                appl_start = (CY_APPL_NUM == 0x1)?appl1_start:appl2_start
                0x00000000                ecc_offset = ((appl_start / CY_FLASH_ROW_SIZE) * CY_ECC_ROW_SIZE)
                0x00000000                ee_offset = (CY_APPL_LOADABLE && ! (CY_EE_IN_BTLDR))?((CY_EE_SIZE / CY_APPL_MAX) * (CY_APPL_NUM - 0x1)):0x0
                0x00000800                ee_size = (CY_APPL_LOADABLE && ! (CY_EE_IN_BTLDR))?(CY_EE_SIZE / CY_APPL_MAX):CY_EE_SIZE
                [!provide]                PROVIDE (CY_ECC_OFFSET, ecc_offset)

.text           0x00000000     0x264e
 CREATE_OBJECT_SYMBOLS
                0x00000000                PROVIDE (__cy_interrupt_vector, RomVectors)
 *(.romvectors)
 .romvectors    0x00000000       0x10 .\CortexM3\ARM_GCC_541\Debug\Cm3Start.o
                0x00000000                RomVectors
                0x00000001                ASSERT ((. != __cy_interrupt_vector), No interrupt vector)
                0x00000001                ASSERT (CY_APPL_ORIGIN?(SIZEOF (.cybootloader) <= CY_APPL_ORIGIN):0x1, Wrong image location)
                0x00000010                PROVIDE (__cy_reset, Reset)
 *(.text.Reset)
 .text.Reset    0x00000010       0x18 .\CortexM3\ARM_GCC_541\Debug\Cm3Start.o
                0x00000010                Reset
                0x00000001                ASSERT ((. != __cy_reset), No reset code)
 *(.dma_init)
                0x00000001                ASSERT ((((appl_start + .) <= 0x10000) || 0x1), DMA Init must be within the first 64k of flash)
 *(.text .text.* .gnu.linkonce.t.*)
 .text          0x00000028       0x5c c:/program files (x86)/cypress/psoc creator/4.4/psoc creator/import/gnu/arm/5.4.1/bin/../lib/gcc/arm-none-eabi/5.4.1/armv7-m/crtbegin.o
 .text.start_tone
                0x00000084       0x28 .\CortexM3\ARM_GCC_541\Debug\main.o
                0x00000084                start_tone
 .text.noTone   0x000000ac       0x10 .\CortexM3\ARM_GCC_541\Debug\main.o
                0x000000ac                noTone
 .text.TIMER_ISR
                0x000000bc       0x28 .\CortexM3\ARM_GCC_541\Debug\main.o
                0x000000bc                TIMER_ISR
 .text.check_photoresistor
                0x000000e4       0xa4 .\CortexM3\ARM_GCC_541\Debug\main.o
                0x000000e4                check_photoresistor
 .text.init     0x00000188       0x54 .\CortexM3\ARM_GCC_541\Debug\main.o
                0x00000188                init
 .text.tone     0x000001dc       0x38 .\CortexM3\ARM_GCC_541\Debug\main.o
                0x000001dc                tone
 .text.play_alert
                0x00000214       0x34 .\CortexM3\ARM_GCC_541\Debug\main.o
                0x00000214                play_alert
 .text.main     0x00000248       0xbc .\CortexM3\ARM_GCC_541\Debug\main.o
                0x00000248                main
 .text.SPIM_IO_RD_Addr
                0x00000304       0x48 .\CortexM3\ARM_GCC_541\Debug\d1302.o
                0x00000304                SPIM_IO_RD_Addr
 .text.SPIM_IO_RD_Data
                0x0000034c       0x54 .\CortexM3\ARM_GCC_541\Debug\d1302.o
                0x0000034c                SPIM_IO_RD_Data
 .text.get_hour
                0x000003a0       0x20 .\CortexM3\ARM_GCC_541\Debug\d1302.o
                0x000003a0                get_hour
 .text.create_new_onetimetask
                0x000003c0       0x3c .\CortexM3\ARM_GCC_541\Debug\TaskFIFO.o
                0x000003c0                create_new_onetimetask
 .text.create_new_noparam_onetimetask
                0x000003fc       0x3c .\CortexM3\ARM_GCC_541\Debug\TaskFIFO.o
                0x000003fc                create_new_noparam_onetimetask
 .text.pushTask
                0x00000438       0x14 .\CortexM3\ARM_GCC_541\Debug\TaskFIFO.o
                0x00000438                pushTask
 .text.get_and_remove_first
                0x0000044c       0x18 .\CortexM3\ARM_GCC_541\Debug\TaskFIFO.o
                0x0000044c                get_and_remove_first
 .text.check_if_runnable_and_decrement_counter
                0x00000464       0x18 .\CortexM3\ARM_GCC_541\Debug\TaskFIFO.o
                0x00000464                check_if_runnable_and_decrement_counter
 .text.run_next_task_when_available
                0x0000047c       0x34 .\CortexM3\ARM_GCC_541\Debug\TaskFIFO.o
                0x0000047c                run_next_task_when_available
 .text.create_new_ptask_parametered
                0x000004b0       0x44 .\CortexM3\ARM_GCC_541\Debug\PeriodicTask.o
                0x000004b0                create_new_ptask_parametered
 .text.create_new_ptask_noparam
                0x000004f4       0x40 .\CortexM3\ARM_GCC_541\Debug\PeriodicTask.o
                0x000004f4                create_new_ptask_noparam
 .text.add_to_ptask_list
                0x00000534       0x14 .\CortexM3\ARM_GCC_541\Debug\PeriodicTask.o
                0x00000534                add_to_ptask_list
 .text.run_permitted_tasks_and_decrement_counters
                0x00000548       0x30 .\CortexM3\ARM_GCC_541\Debug\PeriodicTask.o
                0x00000548                run_permitted_tasks_and_decrement_counters
 .text.get_pressed_key
                0x00000578       0x10 .\CortexM3\ARM_GCC_541\Debug\Keypad.o
                0x00000578                get_pressed_key
 .text.set_result_when_relesed
                0x00000588       0x28 .\CortexM3\ARM_GCC_541\Debug\Keypad.o
                0x00000588                set_result_when_relesed
 .text.readKey  0x000005b0       0xf0 .\CortexM3\ARM_GCC_541\Debug\Keypad.o
                0x000005b0                readKey
 .text.ADC_SAR_RADAR_ISR
                0x000006a0       0x48 .\CortexM3\ARM_GCC_541\Debug\hb100movement.o
                0x000006a0                ADC_SAR_RADAR_ISR
 .text.check_movement
                0x000006e8       0x40 .\CortexM3\ARM_GCC_541\Debug\hb100movement.o
                0x000006e8                check_movement
 .text.send_AT_command
                0x00000728       0x14 .\CortexM3\ARM_GCC_541\Debug\GSMHandler.o
                0x00000728                send_AT_command
 .text.send_ATCMGF_command
                0x0000073c       0x14 .\CortexM3\ARM_GCC_541\Debug\GSMHandler.o
                0x0000073c                send_ATCMGF_command
 .text.send_sms_command
                0x00000750       0x18 .\CortexM3\ARM_GCC_541\Debug\GSMHandler.o
                0x00000750                send_sms_command
 .text.send_SMSStarter_command
                0x00000768       0x2c .\CortexM3\ARM_GCC_541\Debug\GSMHandler.o
                0x00000768                send_SMSStarter_command
 .text.start_sms_sending_sequence
                0x00000794       0x70 .\CortexM3\ARM_GCC_541\Debug\GSMHandler.o
                0x00000794                start_sms_sending_sequence
 .text.CyClockStartupError
                0x00000804        0x4 .\CortexM3\ARM_GCC_541\Debug\cyfitter_cfg.o
 .text.cfg_write_bytes32
                0x00000808       0x34 .\CortexM3\ARM_GCC_541\Debug\cyfitter_cfg.o
 .text.CYMEMZERO
                0x0000083c        0xc .\CortexM3\ARM_GCC_541\Debug\cyfitter_cfg.o
 .text.AnalogSetDefault
                0x00000848       0xa0 .\CortexM3\ARM_GCC_541\Debug\cyfitter_cfg.o
 .text.CYCONFIGCPY
                0x000008e8        0x8 .\CortexM3\ARM_GCC_541\Debug\cyfitter_cfg.o
 .text.ClockSetup
                0x000008f0      0x128 .\CortexM3\ARM_GCC_541\Debug\cyfitter_cfg.o
 .text.cyfitter_cfg
                0x00000a18      0x148 .\CortexM3\ARM_GCC_541\Debug\cyfitter_cfg.o
                0x00000a18                cyfitter_cfg
 .text.IntDefaultHandler
                0x00000b60       0x10 .\CortexM3\ARM_GCC_541\Debug\Cm3Start.o
                0x00000b60                IntDefaultHandler
 .text._sbrk    0x00000b70       0x30 .\CortexM3\ARM_GCC_541\Debug\Cm3Start.o
                0x00000b70                _sbrk
 .text.Start_c  0x00000ba0       0x4c .\CortexM3\ARM_GCC_541\Debug\Cm3Start.o
                0x00000ba0                Start_c
 .text.initialize_psoc
                0x00000bec       0x68 .\CortexM3\ARM_GCC_541\Debug\Cm3Start.o
                0x00000bec                initialize_psoc
 .text.LCD_WrCntrlNib
                0x00000c54       0x34 .\CortexM3\ARM_GCC_541\Debug\Riaszto.a(LCD.o)
 .text.LCD_WrDatNib
                0x00000c88       0x44 .\CortexM3\ARM_GCC_541\Debug\Riaszto.a(LCD.o)
 .text.LCD_IsReady
                0x00000ccc       0xe4 .\CortexM3\ARM_GCC_541\Debug\Riaszto.a(LCD.o)
                0x00000ccc                LCD_IsReady
 .text.LCD_WriteData
                0x00000db0       0x18 .\CortexM3\ARM_GCC_541\Debug\Riaszto.a(LCD.o)
                0x00000db0                LCD_WriteData
 .text.LCD_PrintString
                0x00000dc8       0x1c .\CortexM3\ARM_GCC_541\Debug\Riaszto.a(LCD.o)
                0x00000dc8                LCD_PrintString
 .text.LCD_WriteControl
                0x00000de4       0x18 .\CortexM3\ARM_GCC_541\Debug\Riaszto.a(LCD.o)
                0x00000de4                LCD_WriteControl
 .text.LCD_Init
                0x00000dfc       0x6c .\CortexM3\ARM_GCC_541\Debug\Riaszto.a(LCD.o)
                0x00000dfc                LCD_Init
 .text.LCD_Enable
                0x00000e68       0x14 .\CortexM3\ARM_GCC_541\Debug\Riaszto.a(LCD.o)
                0x00000e68                LCD_Enable
 .text.LCD_Start
                0x00000e7c       0x1c .\CortexM3\ARM_GCC_541\Debug\Riaszto.a(LCD.o)
                0x00000e7c                LCD_Start
 .text.LCD_Position
                0x00000e98       0x3c .\CortexM3\ARM_GCC_541\Debug\Riaszto.a(LCD.o)
                0x00000e98                LCD_Position
 .text.ROW1_Write
                0x00000ed4       0x18 .\CortexM3\ARM_GCC_541\Debug\Riaszto.a(ROW1.o)
                0x00000ed4                ROW1_Write
 .text.ROW2_Write
                0x00000eec       0x18 .\CortexM3\ARM_GCC_541\Debug\Riaszto.a(ROW2.o)
                0x00000eec                ROW2_Write
 .text.ROW3_Write
                0x00000f04       0x18 .\CortexM3\ARM_GCC_541\Debug\Riaszto.a(ROW3.o)
                0x00000f04                ROW3_Write
 .text.ROW4_Write
                0x00000f1c       0x18 .\CortexM3\ARM_GCC_541\Debug\Riaszto.a(ROW4.o)
                0x00000f1c                ROW4_Write
 .text.COL1_Read
                0x00000f34       0x10 .\CortexM3\ARM_GCC_541\Debug\Riaszto.a(COL1.o)
                0x00000f34                COL1_Read
 .text.COL2_Read
                0x00000f44       0x10 .\CortexM3\ARM_GCC_541\Debug\Riaszto.a(COL2.o)
                0x00000f44                COL2_Read
 .text.COL3_Read
                0x00000f54       0x10 .\CortexM3\ARM_GCC_541\Debug\Riaszto.a(COL3.o)
                0x00000f54                COL3_Read
 .text.COL4_Read
                0x00000f64       0x10 .\CortexM3\ARM_GCC_541\Debug\Riaszto.a(COL4.o)
                0x00000f64                COL4_Read
 .text.SPIM_Enable
                0x00000f74       0x38 .\CortexM3\ARM_GCC_541\Debug\Riaszto.a(SPIM.o)
                0x00000f74                SPIM_Enable
 .text.SPIM_ReadTxStatus
                0x00000fac        0xc .\CortexM3\ARM_GCC_541\Debug\Riaszto.a(SPIM.o)
                0x00000fac                SPIM_ReadTxStatus
 .text.SPIM_ReadRxStatus
                0x00000fb8        0xc .\CortexM3\ARM_GCC_541\Debug\Riaszto.a(SPIM.o)
                0x00000fb8                SPIM_ReadRxStatus
 .text.SPIM_WriteTxData
                0x00000fc4       0x18 .\CortexM3\ARM_GCC_541\Debug\Riaszto.a(SPIM.o)
                0x00000fc4                SPIM_WriteTxData
 .text.SPIM_ReadRxData
                0x00000fdc        0xc .\CortexM3\ARM_GCC_541\Debug\Riaszto.a(SPIM.o)
                0x00000fdc                SPIM_ReadRxData
 .text.SPIM_TxEnable
                0x00000fe8       0x10 .\CortexM3\ARM_GCC_541\Debug\Riaszto.a(SPIM.o)
                0x00000fe8                SPIM_TxEnable
 .text.SPIM_TxDisable
                0x00000ff8       0x10 .\CortexM3\ARM_GCC_541\Debug\Riaszto.a(SPIM.o)
                0x00000ff8                SPIM_TxDisable
 .text.SPIM_ClearFIFO
                0x00001008       0x3c .\CortexM3\ARM_GCC_541\Debug\Riaszto.a(SPIM.o)
                0x00001008                SPIM_ClearFIFO
 .text.SPIM_Init
                0x00001044       0x2c .\CortexM3\ARM_GCC_541\Debug\Riaszto.a(SPIM.o)
                0x00001044                SPIM_Init
 .text.SPIM_Start
                0x00001070       0x1c .\CortexM3\ARM_GCC_541\Debug\Riaszto.a(SPIM.o)
                0x00001070                SPIM_Start
 .text.SS_Write
                0x0000108c       0x18 .\CortexM3\ARM_GCC_541\Debug\Riaszto.a(SS.o)
                0x0000108c                SS_Write
 .text.UART_Init
                0x000010a4       0x28 .\CortexM3\ARM_GCC_541\Debug\Riaszto.a(UART.o)
                0x000010a4                UART_Init
 .text.UART_Enable
                0x000010cc       0x38 .\CortexM3\ARM_GCC_541\Debug\Riaszto.a(UART.o)
                0x000010cc                UART_Enable
 .text.UART_Start
                0x00001104       0x1c .\CortexM3\ARM_GCC_541\Debug\Riaszto.a(UART.o)
                0x00001104                UART_Start
 .text.UART_PutChar
                0x00001120       0x18 .\CortexM3\ARM_GCC_541\Debug\Riaszto.a(UART.o)
                0x00001120                UART_PutChar
 .text.ADC_SAR_RADAR_CalcGain
                0x00001138       0x64 .\CortexM3\ARM_GCC_541\Debug\Riaszto.a(ADC_SAR_RADAR.o)
 .text.ADC_SAR_RADAR_Enable
                0x0000119c       0x94 .\CortexM3\ARM_GCC_541\Debug\Riaszto.a(ADC_SAR_RADAR.o)
                0x0000119c                ADC_SAR_RADAR_Enable
 .text.ADC_SAR_RADAR_SetResolution
                0x00001230       0x38 .\CortexM3\ARM_GCC_541\Debug\Riaszto.a(ADC_SAR_RADAR.o)
                0x00001230                ADC_SAR_RADAR_SetResolution
 .text.ADC_SAR_RADAR_Init
                0x00001268       0x3c .\CortexM3\ARM_GCC_541\Debug\Riaszto.a(ADC_SAR_RADAR.o)
                0x00001268                ADC_SAR_RADAR_Init
 .text.ADC_SAR_RADAR_Start
                0x000012a4       0x1c .\CortexM3\ARM_GCC_541\Debug\Riaszto.a(ADC_SAR_RADAR.o)
                0x000012a4                ADC_SAR_RADAR_Start
 .text.ADC_SAR_RADAR_StartConvert
                0x000012c0       0x10 .\CortexM3\ARM_GCC_541\Debug\Riaszto.a(ADC_SAR_RADAR.o)
                0x000012c0                ADC_SAR_RADAR_StartConvert
 .text.ADC_SAR_RADAR_GetResult16
                0x000012d0       0x18 .\CortexM3\ARM_GCC_541\Debug\Riaszto.a(ADC_SAR_RADAR.o)
                0x000012d0                ADC_SAR_RADAR_GetResult16
 .text.Timer_Enable
                0x000012e8       0x28 .\CortexM3\ARM_GCC_541\Debug\Riaszto.a(Timer.o)
                0x000012e8                Timer_Enable
 .text.Timer_SetInterruptMode
                0x00001310        0xc .\CortexM3\ARM_GCC_541\Debug\Riaszto.a(Timer.o)
                0x00001310                Timer_SetInterruptMode
 .text.Timer_ReadStatusRegister
                0x0000131c        0xc .\CortexM3\ARM_GCC_541\Debug\Riaszto.a(Timer.o)
                0x0000131c                Timer_ReadStatusRegister
 .text.Timer_WritePeriod
                0x00001328        0xc .\CortexM3\ARM_GCC_541\Debug\Riaszto.a(Timer.o)
                0x00001328                Timer_WritePeriod
 .text.Timer_WriteCounter
                0x00001334        0xc .\CortexM3\ARM_GCC_541\Debug\Riaszto.a(Timer.o)
                0x00001334                Timer_WriteCounter
 .text.Timer_Init
                0x00001340       0x64 .\CortexM3\ARM_GCC_541\Debug\Riaszto.a(Timer.o)
                0x00001340                Timer_Init
 .text.Timer_Start
                0x000013a4       0x1c .\CortexM3\ARM_GCC_541\Debug\Riaszto.a(Timer.o)
                0x000013a4                Timer_Start
 .text.isr_Timer_SetVector
                0x000013c0       0x10 .\CortexM3\ARM_GCC_541\Debug\Riaszto.a(isr_Timer.o)
                0x000013c0                isr_Timer_SetVector
 .text.isr_Timer_SetPriority
                0x000013d0       0x10 .\CortexM3\ARM_GCC_541\Debug\Riaszto.a(isr_Timer.o)
                0x000013d0                isr_Timer_SetPriority
 .text.isr_Timer_Enable
                0x000013e0       0x10 .\CortexM3\ARM_GCC_541\Debug\Riaszto.a(isr_Timer.o)
                0x000013e0                isr_Timer_Enable
 .text.isr_Timer_Disable
                0x000013f0       0x10 .\CortexM3\ARM_GCC_541\Debug\Riaszto.a(isr_Timer.o)
                0x000013f0                isr_Timer_Disable
 .text.isr_Timer_StartEx
                0x00001400       0x1c .\CortexM3\ARM_GCC_541\Debug\Riaszto.a(isr_Timer.o)
                0x00001400                isr_Timer_StartEx
 .text.PWM_BACKLIGHT_Enable
                0x0000141c       0x28 .\CortexM3\ARM_GCC_541\Debug\Riaszto.a(PWM_BACKLIGHT.o)
                0x0000141c                PWM_BACKLIGHT_Enable
 .text.PWM_BACKLIGHT_WritePeriod
                0x00001444        0xc .\CortexM3\ARM_GCC_541\Debug\Riaszto.a(PWM_BACKLIGHT.o)
                0x00001444                PWM_BACKLIGHT_WritePeriod
 .text.PWM_BACKLIGHT_WriteCompare
                0x00001450        0xc .\CortexM3\ARM_GCC_541\Debug\Riaszto.a(PWM_BACKLIGHT.o)
                0x00001450                PWM_BACKLIGHT_WriteCompare
 .text.PWM_BACKLIGHT_SetInterruptMode
                0x0000145c        0xc .\CortexM3\ARM_GCC_541\Debug\Riaszto.a(PWM_BACKLIGHT.o)
                0x0000145c                PWM_BACKLIGHT_SetInterruptMode
 .text.PWM_BACKLIGHT_Init
                0x00001468       0x74 .\CortexM3\ARM_GCC_541\Debug\Riaszto.a(PWM_BACKLIGHT.o)
                0x00001468                PWM_BACKLIGHT_Init
 .text.PWM_BACKLIGHT_Start
                0x000014dc       0x1c .\CortexM3\ARM_GCC_541\Debug\Riaszto.a(PWM_BACKLIGHT.o)
                0x000014dc                PWM_BACKLIGHT_Start
 .text.PWM_BEEPER_Enable
                0x000014f8       0x28 .\CortexM3\ARM_GCC_541\Debug\Riaszto.a(PWM_BEEPER.o)
                0x000014f8                PWM_BEEPER_Enable
 .text.PWM_BEEPER_Stop
                0x00001520       0x28 .\CortexM3\ARM_GCC_541\Debug\Riaszto.a(PWM_BEEPER.o)
                0x00001520                PWM_BEEPER_Stop
 .text.PWM_BEEPER_WritePeriod
                0x00001548        0xc .\CortexM3\ARM_GCC_541\Debug\Riaszto.a(PWM_BEEPER.o)
                0x00001548                PWM_BEEPER_WritePeriod
 .text.PWM_BEEPER_WriteCompare
                0x00001554        0xc .\CortexM3\ARM_GCC_541\Debug\Riaszto.a(PWM_BEEPER.o)
                0x00001554                PWM_BEEPER_WriteCompare
 .text.PWM_BEEPER_SetInterruptMode
                0x00001560        0xc .\CortexM3\ARM_GCC_541\Debug\Riaszto.a(PWM_BEEPER.o)
                0x00001560                PWM_BEEPER_SetInterruptMode
 .text.PWM_BEEPER_Init
                0x0000156c       0x74 .\CortexM3\ARM_GCC_541\Debug\Riaszto.a(PWM_BEEPER.o)
                0x0000156c                PWM_BEEPER_Init
 .text.PWM_BEEPER_Start
                0x000015e0       0x1c .\CortexM3\ARM_GCC_541\Debug\Riaszto.a(PWM_BEEPER.o)
                0x000015e0                PWM_BEEPER_Start
 .text.ADC_SAR_PR_CalcGain
                0x000015fc       0x64 .\CortexM3\ARM_GCC_541\Debug\Riaszto.a(ADC_SAR_PR.o)
 .text.ADC_SAR_PR_Enable
                0x00001660       0x94 .\CortexM3\ARM_GCC_541\Debug\Riaszto.a(ADC_SAR_PR.o)
                0x00001660                ADC_SAR_PR_Enable
 .text.ADC_SAR_PR_SetResolution
                0x000016f4       0x38 .\CortexM3\ARM_GCC_541\Debug\Riaszto.a(ADC_SAR_PR.o)
                0x000016f4                ADC_SAR_PR_SetResolution
 .text.ADC_SAR_PR_Init
                0x0000172c       0x3c .\CortexM3\ARM_GCC_541\Debug\Riaszto.a(ADC_SAR_PR.o)
                0x0000172c                ADC_SAR_PR_Init
 .text.ADC_SAR_PR_Start
                0x00001768       0x1c .\CortexM3\ARM_GCC_541\Debug\Riaszto.a(ADC_SAR_PR.o)
                0x00001768                ADC_SAR_PR_Start
 .text.ADC_SAR_PR_StartConvert
                0x00001784       0x10 .\CortexM3\ARM_GCC_541\Debug\Riaszto.a(ADC_SAR_PR.o)
                0x00001784                ADC_SAR_PR_StartConvert
 .text.ADC_SAR_PR_GetResult16
                0x00001794       0x18 .\CortexM3\ARM_GCC_541\Debug\Riaszto.a(ADC_SAR_PR.o)
                0x00001794                ADC_SAR_PR_GetResult16
 .text.ADC_SAR_PR_ISR
                0x000017ac        0x4 .\CortexM3\ARM_GCC_541\Debug\Riaszto.a(ADC_SAR_PR_INT.o)
                0x000017ac                ADC_SAR_PR_ISR
 .text.EEPROM_Enable
                0x000017b0        0xc .\CortexM3\ARM_GCC_541\Debug\Riaszto.a(EEPROM.o)
                0x000017b0                EEPROM_Enable
 .text.EEPROM_Start
                0x000017bc        0x8 .\CortexM3\ARM_GCC_541\Debug\Riaszto.a(EEPROM.o)
                0x000017bc                EEPROM_Start
 .text.UART_GSM_Init
                0x000017c4       0x28 .\CortexM3\ARM_GCC_541\Debug\Riaszto.a(UART_GSM.o)
                0x000017c4                UART_GSM_Init
 .text.UART_GSM_Enable
                0x000017ec       0x38 .\CortexM3\ARM_GCC_541\Debug\Riaszto.a(UART_GSM.o)
                0x000017ec                UART_GSM_Enable
 .text.UART_GSM_Start
                0x00001824       0x1c .\CortexM3\ARM_GCC_541\Debug\Riaszto.a(UART_GSM.o)
                0x00001824                UART_GSM_Start
 .text.UART_GSM_GetChar
                0x00001840       0x2c .\CortexM3\ARM_GCC_541\Debug\Riaszto.a(UART_GSM.o)
                0x00001840                UART_GSM_GetChar
 .text.UART_GSM_GetRxBufferSize
                0x0000186c       0x18 .\CortexM3\ARM_GCC_541\Debug\Riaszto.a(UART_GSM.o)
                0x0000186c                UART_GSM_GetRxBufferSize
 .text.UART_GSM_PutChar
                0x00001884       0x18 .\CortexM3\ARM_GCC_541\Debug\Riaszto.a(UART_GSM.o)
                0x00001884                UART_GSM_PutChar
 .text.UART_GSM_PutString
                0x0000189c       0x24 .\CortexM3\ARM_GCC_541\Debug\Riaszto.a(UART_GSM.o)
                0x0000189c                UART_GSM_PutString
 .text.VDAC8_Enable
                0x000018c0       0x1c .\CortexM3\ARM_GCC_541\Debug\Riaszto.a(VDAC8.o)
                0x000018c0                VDAC8_Enable
 .text.VDAC8_SetSpeed
                0x000018dc       0x1c .\CortexM3\ARM_GCC_541\Debug\Riaszto.a(VDAC8.o)
                0x000018dc                VDAC8_SetSpeed
 .text.VDAC8_SetValue
                0x000018f8        0xc .\CortexM3\ARM_GCC_541\Debug\Riaszto.a(VDAC8.o)
                0x000018f8                VDAC8_SetValue
 .text.VDAC8_DacTrim
                0x00001904       0x24 .\CortexM3\ARM_GCC_541\Debug\Riaszto.a(VDAC8.o)
                0x00001904                VDAC8_DacTrim
 .text.VDAC8_SetRange
                0x00001928       0x20 .\CortexM3\ARM_GCC_541\Debug\Riaszto.a(VDAC8.o)
                0x00001928                VDAC8_SetRange
 .text.VDAC8_Init
                0x00001948       0x20 .\CortexM3\ARM_GCC_541\Debug\Riaszto.a(VDAC8.o)
                0x00001948                VDAC8_Init
 .text.VDAC8_Start
                0x00001968       0x24 .\CortexM3\ARM_GCC_541\Debug\Riaszto.a(VDAC8.o)
                0x00001968                VDAC8_Start
 .text.SPIM_IntClock_Start
                0x0000198c       0x1c .\CortexM3\ARM_GCC_541\Debug\Riaszto.a(SPIM_IntClock.o)
                0x0000198c                SPIM_IntClock_Start
 .text.UART_IntClock_Start
                0x000019a8       0x1c .\CortexM3\ARM_GCC_541\Debug\Riaszto.a(UART_IntClock.o)
                0x000019a8                UART_IntClock_Start
 .text.ADC_SAR_RADAR_IRQ_SetVector
                0x000019c4        0xc .\CortexM3\ARM_GCC_541\Debug\Riaszto.a(ADC_SAR_RADAR_IRQ.o)
                0x000019c4                ADC_SAR_RADAR_IRQ_SetVector
 .text.ADC_SAR_RADAR_IRQ_SetPriority
                0x000019d0       0x10 .\CortexM3\ARM_GCC_541\Debug\Riaszto.a(ADC_SAR_RADAR_IRQ.o)
                0x000019d0                ADC_SAR_RADAR_IRQ_SetPriority
 .text.ADC_SAR_RADAR_IRQ_Enable
                0x000019e0        0xc .\CortexM3\ARM_GCC_541\Debug\Riaszto.a(ADC_SAR_RADAR_IRQ.o)
                0x000019e0                ADC_SAR_RADAR_IRQ_Enable
 .text.ADC_SAR_RADAR_IRQ_Disable
                0x000019ec        0xc .\CortexM3\ARM_GCC_541\Debug\Riaszto.a(ADC_SAR_RADAR_IRQ.o)
                0x000019ec                ADC_SAR_RADAR_IRQ_Disable
 .text.ADC_SAR_RADAR_IRQ_StartEx
                0x000019f8       0x1c .\CortexM3\ARM_GCC_541\Debug\Riaszto.a(ADC_SAR_RADAR_IRQ.o)
                0x000019f8                ADC_SAR_RADAR_IRQ_StartEx
 .text.ADC_SAR_RADAR_theACLK_SetModeRegister
                0x00001a14       0x14 .\CortexM3\ARM_GCC_541\Debug\Riaszto.a(ADC_SAR_RADAR_theACLK.o)
                0x00001a14                ADC_SAR_RADAR_theACLK_SetModeRegister
 .text.ADC_SAR_PR_theACLK_SetModeRegister
                0x00001a28       0x14 .\CortexM3\ARM_GCC_541\Debug\Riaszto.a(ADC_SAR_PR_theACLK.o)
                0x00001a28                ADC_SAR_PR_theACLK_SetModeRegister
 .text.UART_GSM_IntClock_Start
                0x00001a3c       0x1c .\CortexM3\ARM_GCC_541\Debug\Riaszto.a(UART_GSM_IntClock.o)
                0x00001a3c                UART_GSM_IntClock_Start
 .text.CySetTempInt
                0x00001a58       0x60 .\CortexM3\ARM_GCC_541\Debug\Riaszto.a(CyFlash.o)
 .text.CyFlashGetSpcAlgorithm
                0x00001ab8       0x4c .\CortexM3\ARM_GCC_541\Debug\Riaszto.a(CyFlash.o)
                0x00001ab8                CyFlashGetSpcAlgorithm
 .text.CySetTemp
                0x00001b04       0x14 .\CortexM3\ARM_GCC_541\Debug\Riaszto.a(CyFlash.o)
                0x00001b04                CySetTemp
 .text.CyEEPROM_Start
                0x00001b18       0x54 .\CortexM3\ARM_GCC_541\Debug\Riaszto.a(CyFlash.o)
                0x00001b18                CyEEPROM_Start
 .text.CyHalt   0x00001b6c        0x4 .\CortexM3\ARM_GCC_541\Debug\Riaszto.a(CyLib.o)
                0x00001b6c                CyHalt
 .text.CyDelay  0x00001b70       0x2c .\CortexM3\ARM_GCC_541\Debug\Riaszto.a(CyLib.o)
                0x00001b70                CyDelay
 .text.CyDelayUs
                0x00001b9c       0x14 .\CortexM3\ARM_GCC_541\Debug\Riaszto.a(CyLib.o)
                0x00001b9c                CyDelayUs
 .text.CyIntSetVector
                0x00001bb0       0x28 .\CortexM3\ARM_GCC_541\Debug\Riaszto.a(CyLib.o)
                0x00001bb0                CyIntSetVector
 .text.CyIntSetPriority
                0x00001bd8       0x30 .\CortexM3\ARM_GCC_541\Debug\Riaszto.a(CyLib.o)
                0x00001bd8                CyIntSetPriority
 .text.CySpcStart
                0x00001c08       0x24 .\CortexM3\ARM_GCC_541\Debug\Riaszto.a(CySpc.o)
                0x00001c08                CySpcStart
 .text.CySpcReadData
                0x00001c2c       0x34 .\CortexM3\ARM_GCC_541\Debug\Riaszto.a(CySpc.o)
                0x00001c2c                CySpcReadData
 .text.CySpcGetTemp
                0x00001c60       0x3c .\CortexM3\ARM_GCC_541\Debug\Riaszto.a(CySpc.o)
                0x00001c60                CySpcGetTemp
 .text.CySpcLock
                0x00001c9c       0x4c .\CortexM3\ARM_GCC_541\Debug\Riaszto.a(CySpc.o)
                0x00001c9c                CySpcLock
 .text.CySpcUnlock
                0x00001ce8       0x38 .\CortexM3\ARM_GCC_541\Debug\Riaszto.a(CySpc.o)
                0x00001ce8                CySpcUnlock
 .text.CySpcGetAlgorithm
                0x00001d20       0x28 .\CortexM3\ARM_GCC_541\Debug\Riaszto.a(CySpc.o)
                0x00001d20                CySpcGetAlgorithm
 .text          0x00001d48       0x20 .\CortexM3\ARM_GCC_541\Debug\Riaszto.a(CyBootAsmGnu.o)
                0x00001d48                CyDelayCycles
                0x00001d58                CyEnterCriticalSection
                0x00001d60                CyExitCriticalSection
 .text.__errno  0x00001d68        0xc c:/program files (x86)/cypress/psoc creator/4.4/psoc creator/import/gnu/arm/5.4.1/bin/../lib/gcc/arm-none-eabi/5.4.1/../../../../arm-none-eabi/lib/armv7-m\libg_nano.a(lib_a-errno.o)
                0x00001d68                __errno
 .text.__libc_init_array
                0x00001d74       0x4c c:/program files (x86)/cypress/psoc creator/4.4/psoc creator/import/gnu/arm/5.4.1/bin/../lib/gcc/arm-none-eabi/5.4.1/../../../../arm-none-eabi/lib/armv7-m\libg_nano.a(lib_a-init.o)
                0x00001d74                __libc_init_array
 .text.malloc   0x00001dc0       0x10 c:/program files (x86)/cypress/psoc creator/4.4/psoc creator/import/gnu/arm/5.4.1/bin/../lib/gcc/arm-none-eabi/5.4.1/../../../../arm-none-eabi/lib/armv7-m\libg_nano.a(lib_a-malloc.o)
                0x00001dc0                malloc
 .text.free     0x00001dd0       0x10 c:/program files (x86)/cypress/psoc creator/4.4/psoc creator/import/gnu/arm/5.4.1/bin/../lib/gcc/arm-none-eabi/5.4.1/../../../../arm-none-eabi/lib/armv7-m\libg_nano.a(lib_a-malloc.o)
                0x00001dd0                free
 .text.memcpy   0x00001de0       0x16 c:/program files (x86)/cypress/psoc creator/4.4/psoc creator/import/gnu/arm/5.4.1/bin/../lib/gcc/arm-none-eabi/5.4.1/../../../../arm-none-eabi/lib/armv7-m\libg_nano.a(lib_a-memcpy-stub.o)
                0x00001de0                memcpy
 .text.memset   0x00001df6       0x10 c:/program files (x86)/cypress/psoc creator/4.4/psoc creator/import/gnu/arm/5.4.1/bin/../lib/gcc/arm-none-eabi/5.4.1/../../../../arm-none-eabi/lib/armv7-m\libg_nano.a(lib_a-memset.o)
                0x00001df6                memset
 *fill*         0x00001e06        0x2 
 .text._free_r  0x00001e08       0x98 c:/program files (x86)/cypress/psoc creator/4.4/psoc creator/import/gnu/arm/5.4.1/bin/../lib/gcc/arm-none-eabi/5.4.1/../../../../arm-none-eabi/lib/armv7-m\libg_nano.a(lib_a-nano-freer.o)
                0x00001e08                _free_r
 .text._malloc_r
                0x00001ea0       0xbc c:/program files (x86)/cypress/psoc creator/4.4/psoc creator/import/gnu/arm/5.4.1/bin/../lib/gcc/arm-none-eabi/5.4.1/../../../../arm-none-eabi/lib/armv7-m\libg_nano.a(lib_a-nano-mallocr.o)
                0x00001ea0                _malloc_r
 .text._sbrk_r  0x00001f5c       0x20 c:/program files (x86)/cypress/psoc creator/4.4/psoc creator/import/gnu/arm/5.4.1/bin/../lib/gcc/arm-none-eabi/5.4.1/../../../../arm-none-eabi/lib/armv7-m\libg_nano.a(lib_a-sbrkr.o)
                0x00001f5c                _sbrk_r
 .text.sprintf  0x00001f7c       0x48 c:/program files (x86)/cypress/psoc creator/4.4/psoc creator/import/gnu/arm/5.4.1/bin/../lib/gcc/arm-none-eabi/5.4.1/../../../../arm-none-eabi/lib/armv7-m\libg_nano.a(lib_a-sprintf.o)
                0x00001f7c                siprintf
                0x00001f7c                sprintf
 .text.__malloc_lock
                0x00001fc4        0x2 c:/program files (x86)/cypress/psoc creator/4.4/psoc creator/import/gnu/arm/5.4.1/bin/../lib/gcc/arm-none-eabi/5.4.1/../../../../arm-none-eabi/lib/armv7-m\libg_nano.a(lib_a-mlock.o)
                0x00001fc4                __malloc_lock
 .text.__malloc_unlock
                0x00001fc6        0x2 c:/program files (x86)/cypress/psoc creator/4.4/psoc creator/import/gnu/arm/5.4.1/bin/../lib/gcc/arm-none-eabi/5.4.1/../../../../arm-none-eabi/lib/armv7-m\libg_nano.a(lib_a-mlock.o)
                0x00001fc6                __malloc_unlock
 .text.__ssputs_r
                0x00001fc8       0xb2 c:/program files (x86)/cypress/psoc creator/4.4/psoc creator/import/gnu/arm/5.4.1/bin/../lib/gcc/arm-none-eabi/5.4.1/../../../../arm-none-eabi/lib/armv7-m\libg_nano.a(lib_a-nano-svfprintf.o)
                0x00001fc8                __ssputs_r
 *fill*         0x0000207a        0x2 
 .text._svfprintf_r
                0x0000207c      0x1e8 c:/program files (x86)/cypress/psoc creator/4.4/psoc creator/import/gnu/arm/5.4.1/bin/../lib/gcc/arm-none-eabi/5.4.1/../../../../arm-none-eabi/lib/armv7-m\libg_nano.a(lib_a-nano-svfprintf.o)
                0x0000207c                _svfiprintf_r
                0x0000207c                _svfprintf_r
 .text._printf_common
                0x00002264       0xec c:/program files (x86)/cypress/psoc creator/4.4/psoc creator/import/gnu/arm/5.4.1/bin/../lib/gcc/arm-none-eabi/5.4.1/../../../../arm-none-eabi/lib/armv7-m\libg_nano.a(lib_a-nano-vfprintf_i.o)
                0x00002264                _printf_common
 .text._printf_i
                0x00002350      0x24c c:/program files (x86)/cypress/psoc creator/4.4/psoc creator/import/gnu/arm/5.4.1/bin/../lib/gcc/arm-none-eabi/5.4.1/../../../../arm-none-eabi/lib/armv7-m\libg_nano.a(lib_a-nano-vfprintf_i.o)
                0x00002350                _printf_i
 .text.memchr   0x0000259c       0x1c c:/program files (x86)/cypress/psoc creator/4.4/psoc creator/import/gnu/arm/5.4.1/bin/../lib/gcc/arm-none-eabi/5.4.1/../../../../arm-none-eabi/lib/armv7-m\libg_nano.a(lib_a-memchr-stub.o)
                0x0000259c                memchr
 .text.memmove  0x000025b8       0x36 c:/program files (x86)/cypress/psoc creator/4.4/psoc creator/import/gnu/arm/5.4.1/bin/../lib/gcc/arm-none-eabi/5.4.1/../../../../arm-none-eabi/lib/armv7-m\libg_nano.a(lib_a-memmove.o)
                0x000025b8                memmove
 .text._realloc_r
                0x000025ee       0x4c c:/program files (x86)/cypress/psoc creator/4.4/psoc creator/import/gnu/arm/5.4.1/bin/../lib/gcc/arm-none-eabi/5.4.1/../../../../arm-none-eabi/lib/armv7-m\libg_nano.a(lib_a-nano-reallocr.o)
                0x000025ee                _realloc_r
 .text._malloc_usable_size_r
                0x0000263a       0x14 c:/program files (x86)/cypress/psoc creator/4.4/psoc creator/import/gnu/arm/5.4.1/bin/../lib/gcc/arm-none-eabi/5.4.1/../../../../arm-none-eabi/lib/armv7-m\libg_nano.a(lib_a-nano-msizer.o)
                0x0000263a                _malloc_usable_size_r
 *(.plt)
 *(.gnu.warning)
 *(.glue_7t)
 .glue_7t       0x0000264e        0x0 linker stubs
 *(.glue_7)
 .glue_7        0x0000264e        0x0 linker stubs
 *(.vfp11_veneer)
 .vfp11_veneer  0x0000264e        0x0 linker stubs
 *(.bootloader)
 *(.ARM.extab* .gnu.linkonce.armextab.*)
 *(.gcc_except_table)

.v4_bx          0x00002650        0x0
 .v4_bx         0x00002650        0x0 linker stubs

.iplt           0x00002650        0x0
 .iplt          0x00002650        0x0 c:/program files (x86)/cypress/psoc creator/4.4/psoc creator/import/gnu/arm/5.4.1/bin/../lib/gcc/arm-none-eabi/5.4.1/armv7-m/crtbegin.o

.eh_frame_hdr
 *(.eh_frame_hdr)

.eh_frame       0x00002650        0x4
 *(.eh_frame)
 .eh_frame      0x00002650        0x0 c:/program files (x86)/cypress/psoc creator/4.4/psoc creator/import/gnu/arm/5.4.1/bin/../lib/gcc/arm-none-eabi/5.4.1/armv7-m/crtbegin.o
 .eh_frame      0x00002650        0x4 c:/program files (x86)/cypress/psoc creator/4.4/psoc creator/import/gnu/arm/5.4.1/bin/../lib/gcc/arm-none-eabi/5.4.1/armv7-m/crtend.o
                [!provide]                PROVIDE (__exidx_start, .)

.ARM.exidx
 *(.ARM.exidx* .gnu.linkonce.armexidx.*)
                0x00002654                __exidx_end = .

.rodata         0x00002654      0x124
 *(.rodata .rodata.* .gnu.linkonce.r.*)
 .rodata.str1.4
                0x00002654       0x2d .\CortexM3\ARM_GCC_541\Debug\main.o
 *fill*         0x00002681        0x3 
 .rodata.str1.4
                0x00002684       0x15 .\CortexM3\ARM_GCC_541\Debug\TaskFIFO.o
 .rodata.str1.4
                0x00002699        0xd .\CortexM3\ARM_GCC_541\Debug\PeriodicTask.o
 *fill*         0x00002699        0x3 
 .rodata.str1.4
                0x0000269c       0x20 .\CortexM3\ARM_GCC_541\Debug\GSMHandler.o
                                 0x1d (size before relaxing)
 .rodata        0x000026bc       0x4c .\CortexM3\ARM_GCC_541\Debug\cyfitter_cfg.o
 .rodata.str1.1
                0x00002708        0x2 c:/program files (x86)/cypress/psoc creator/4.4/psoc creator/import/gnu/arm/5.4.1/bin/../lib/gcc/arm-none-eabi/5.4.1/../../../../arm-none-eabi/lib/armv7-m\libg_nano.a(lib_a-impure.o)
 .rodata.str1.1
                0x0000270a       0x11 c:/program files (x86)/cypress/psoc creator/4.4/psoc creator/import/gnu/arm/5.4.1/bin/../lib/gcc/arm-none-eabi/5.4.1/../../../../arm-none-eabi/lib/armv7-m\libg_nano.a(lib_a-nano-svfprintf.o)
 .rodata.str1.1
                0x0000271b       0x22 c:/program files (x86)/cypress/psoc creator/4.4/psoc creator/import/gnu/arm/5.4.1/bin/../lib/gcc/arm-none-eabi/5.4.1/../../../../arm-none-eabi/lib/armv7-m\libg_nano.a(lib_a-nano-vfprintf_i.o)
                0x00002740                . = ALIGN (0x4)
 *fill*         0x0000273d        0x3 
 *(.init)
 .init          0x00002740        0x4 c:/program files (x86)/cypress/psoc creator/4.4/psoc creator/import/gnu/arm/5.4.1/bin/../lib/gcc/arm-none-eabi/5.4.1/armv7-m/crti.o
                0x00002740                _init
 .init          0x00002744        0x8 c:/program files (x86)/cypress/psoc creator/4.4/psoc creator/import/gnu/arm/5.4.1/bin/../lib/gcc/arm-none-eabi/5.4.1/armv7-m/crtn.o
                0x0000274c                . = ALIGN (0x4)
                0x0000274c                __preinit_array_start = .
 *(.preinit_array)
                0x0000274c                __preinit_array_end = .
                0x0000274c                . = ALIGN (0x4)
                0x0000274c                __init_array_start = .
 *(SORT(.init_array.*))
 *(.init_array)
 .init_array    0x0000274c        0x4 c:/program files (x86)/cypress/psoc creator/4.4/psoc creator/import/gnu/arm/5.4.1/bin/../lib/gcc/arm-none-eabi/5.4.1/armv7-m/crtbegin.o
 .init_array    0x00002750        0x4 .\CortexM3\ARM_GCC_541\Debug\Cm3Start.o
                0x00002754                __init_array_end = .
                0x00002754                . = ALIGN (0x4)
 *(.fini)
 .fini          0x00002754        0x4 c:/program files (x86)/cypress/psoc creator/4.4/psoc creator/import/gnu/arm/5.4.1/bin/../lib/gcc/arm-none-eabi/5.4.1/armv7-m/crti.o
                0x00002754                _fini
 .fini          0x00002758        0x8 c:/program files (x86)/cypress/psoc creator/4.4/psoc creator/import/gnu/arm/5.4.1/bin/../lib/gcc/arm-none-eabi/5.4.1/armv7-m/crtn.o
                0x00002760                . = ALIGN (0x4)
                0x00002760                __fini_array_start = .
 *(.fini_array)
 .fini_array    0x00002760        0x4 c:/program files (x86)/cypress/psoc creator/4.4/psoc creator/import/gnu/arm/5.4.1/bin/../lib/gcc/arm-none-eabi/5.4.1/armv7-m/crtbegin.o
 *(SORT(.fini_array.*))
                0x00002764                __fini_array_end = .
                0x00002764                . = ALIGN (0x4)
 *crtbegin.o(.ctors)
 *(EXCLUDE_FILE(*crtend.o) .ctors)
 *(SORT(.ctors.*))
 *crtend.o(.ctors)
                0x00002764                . = ALIGN (0x4)
 *crtbegin.o(.dtors)
 *(EXCLUDE_FILE(*crtend.o) .dtors)
 *(SORT(.dtors.*))
 *crtend.o(.dtors)
                0x00002764                . = ALIGN (0x4)
                0x00002764                __cy_regions = .
                0x00002764        0x4 LONG 0x2778 __cy_region_init_ram
                0x00002768        0x4 LONG 0x1fff80c8 __cy_region_start_data
                0x0000276c        0x4 LONG 0x88 __cy_region_init_size_ram
                0x00002770        0x4 LONG 0xa0 __cy_region_zero_size_ram
                0x00002774                __cy_regions_end = .
                0x00002778                . = ALIGN (0x8)
 *fill*         0x00002774        0x4 
                0x00002778                _etext = .

.cy_checksum_exclude
                0x00002778        0x0
 *(.cy_checksum_exclude)

.ramvectors     0x1fff8000       0xc0
                0x1fff8000                __cy_region_start_ram = .
 *(.ramvectors)
 .ramvectors    0x1fff8000       0xc0 .\CortexM3\ARM_GCC_541\Debug\Cm3Start.o
                0x1fff8000                CyRamVectors

.noinit         0x1fff80c0        0x1
 *(.noinit)
 .noinit        0x1fff80c0        0x1 .\CortexM3\ARM_GCC_541\Debug\Riaszto.a(CyLib.o)
                0x1fff80c0                CyResetStatus

.data           0x1fff80c8       0x88 load address 0x00002778
                0x1fff80c8                __cy_region_start_data = .
 *(.jcr)
 .jcr           0x1fff80c8        0x0 c:/program files (x86)/cypress/psoc creator/4.4/psoc creator/import/gnu/arm/5.4.1/bin/../lib/gcc/arm-none-eabi/5.4.1/armv7-m/crtbegin.o
 .jcr           0x1fff80c8        0x4 c:/program files (x86)/cypress/psoc creator/4.4/psoc creator/import/gnu/arm/5.4.1/bin/../lib/gcc/arm-none-eabi/5.4.1/armv7-m/crtend.o
 *(.got.plt)
 *(.got)
 *(.shdata)
 *(.data .data.* .gnu.linkonce.d.*)
 .data          0x1fff80cc        0xa .\CortexM3\ARM_GCC_541\Debug\main.o
                0x1fff80cc                NIGHT_TO
                0x1fff80d0                CODE
                0x1fff80d4                actual_substate
                0x1fff80d5                actual_state
 .data          0x1fff80d6        0x2 .\CortexM3\ARM_GCC_541\Debug\hb100movement.o
                0x1fff80d6                minAmp
 .data          0x1fff80d8        0x4 .\CortexM3\ARM_GCC_541\Debug\Cm3Start.o
 .data          0x1fff80dc       0x10 .\CortexM3\ARM_GCC_541\Debug\Riaszto.a(CyLib.o)
                0x1fff80dc                cydelay_32k_ms
                0x1fff80e0                cydelay_freq_khz
                0x1fff80e4                cydelay_freq_mhz
                0x1fff80e8                cydelay_freq_hz
 .data.impure_data
                0x1fff80ec       0x60 c:/program files (x86)/cypress/psoc creator/4.4/psoc creator/import/gnu/arm/5.4.1/bin/../lib/gcc/arm-none-eabi/5.4.1/../../../../arm-none-eabi/lib/armv7-m\libg_nano.a(lib_a-impure.o)
 .data._impure_ptr
                0x1fff814c        0x4 c:/program files (x86)/cypress/psoc creator/4.4/psoc creator/import/gnu/arm/5.4.1/bin/../lib/gcc/arm-none-eabi/5.4.1/../../../../arm-none-eabi/lib/armv7-m\libg_nano.a(lib_a-impure.o)
                0x1fff814c                _impure_ptr
                0x1fff8150                . = ALIGN (0x8)
 *(.ram)
                0x1fff8150                _edata = .

.igot.plt       0x1fff8150        0x0 load address 0x00002800
 .igot.plt      0x1fff8150        0x0 c:/program files (x86)/cypress/psoc creator/4.4/psoc creator/import/gnu/arm/5.4.1/bin/../lib/gcc/arm-none-eabi/5.4.1/armv7-m/crtbegin.o

.bss            0x1fff8150       0xa0 load address 0x00002800
                0x1fff8150                PROVIDE (__bss_start__, .)
 *(.shbss)
 *(.bss .bss.* .gnu.linkonce.b.*)
 .bss           0x1fff8150       0x1c c:/program files (x86)/cypress/psoc creator/4.4/psoc creator/import/gnu/arm/5.4.1/bin/../lib/gcc/arm-none-eabi/5.4.1/armv7-m/crtbegin.o
 .bss           0x1fff816c        0x2 .\CortexM3\ARM_GCC_541\Debug\main.o
                0x1fff816c                NIGHT_FROM
                0x1fff816d                code_buffer_ind
 .bss           0x1fff816e        0x2 .\CortexM3\ARM_GCC_541\Debug\Keypad.o
                0x1fff816e                PRESSED_KEY
                0x1fff816f                waiting_for_relese
 .bss           0x1fff8170        0x8 .\CortexM3\ARM_GCC_541\Debug\hb100movement.o
                0x1fff8170                maxAmp
                0x1fff8174                lastCountRadar
 .bss           0x1fff8178        0x2 .\CortexM3\ARM_GCC_541\Debug\Riaszto.a(LCD.o)
                0x1fff8178                LCD_enableState
                0x1fff8179                LCD_initVar
 .bss           0x1fff817a        0x1 .\CortexM3\ARM_GCC_541\Debug\Riaszto.a(SPIM.o)
                0x1fff817a                SPIM_initVar
 .bss           0x1fff817b        0x2 .\CortexM3\ARM_GCC_541\Debug\Riaszto.a(UART.o)
                0x1fff817b                UART_initVar
 .bss           0x1fff817d        0x1 .\CortexM3\ARM_GCC_541\Debug\Riaszto.a(ADC_SAR_RADAR.o)
                0x1fff817d                ADC_SAR_RADAR_initVar
 .bss           0x1fff817e        0x1 .\CortexM3\ARM_GCC_541\Debug\Riaszto.a(Timer.o)
                0x1fff817e                Timer_initVar
 .bss           0x1fff817f        0x1 .\CortexM3\ARM_GCC_541\Debug\Riaszto.a(PWM_BACKLIGHT.o)
                0x1fff817f                PWM_BACKLIGHT_initVar
 .bss           0x1fff8180        0x1 .\CortexM3\ARM_GCC_541\Debug\Riaszto.a(PWM_BEEPER.o)
                0x1fff8180                PWM_BEEPER_initVar
 .bss           0x1fff8181        0x1 .\CortexM3\ARM_GCC_541\Debug\Riaszto.a(ADC_SAR_PR.o)
                0x1fff8181                ADC_SAR_PR_initVar
 .bss           0x1fff8182        0x2 .\CortexM3\ARM_GCC_541\Debug\Riaszto.a(UART_GSM.o)
                0x1fff8182                UART_GSM_initVar
 .bss           0x1fff8184        0x1 .\CortexM3\ARM_GCC_541\Debug\Riaszto.a(VDAC8.o)
                0x1fff8184                VDAC8_initVar
 *fill*         0x1fff8185        0x3 
 .bss           0x1fff8188        0x8 .\CortexM3\ARM_GCC_541\Debug\Riaszto.a(CySpc.o)
                0x1fff8188                SpcLockState
 .bss.__malloc_sbrk_start
                0x1fff8190        0x4 c:/program files (x86)/cypress/psoc creator/4.4/psoc creator/import/gnu/arm/5.4.1/bin/../lib/gcc/arm-none-eabi/5.4.1/../../../../arm-none-eabi/lib/armv7-m\libg_nano.a(lib_a-nano-mallocr.o)
                0x1fff8190                __malloc_sbrk_start
 .bss.__malloc_free_list
                0x1fff8194        0x4 c:/program files (x86)/cypress/psoc creator/4.4/psoc creator/import/gnu/arm/5.4.1/bin/../lib/gcc/arm-none-eabi/5.4.1/../../../../arm-none-eabi/lib/armv7-m\libg_nano.a(lib_a-nano-mallocr.o)
                0x1fff8194                __malloc_free_list
 *(COMMON)
 COMMON         0x1fff8198       0x2c .\CortexM3\ARM_GCC_541\Debug\main.o
                0x1fff8198                tone_fifo
                0x1fff81a0                p_tasks
                0x1fff81a8                gsm_fifo
                0x1fff81b0                alart_reason
                0x1fff81c0                code_buffer
 COMMON         0x1fff81c4        0x8 .\CortexM3\ARM_GCC_541\Debug\GSMHandler.o
                0x1fff81c4                message
                0x1fff81c8                number
 COMMON         0x1fff81cc        0xc .\CortexM3\ARM_GCC_541\Debug\Riaszto.a(ADC_SAR_RADAR.o)
                0x1fff81cc                ADC_SAR_RADAR_countsPerVolt
                0x1fff81ce                ADC_SAR_RADAR_offset
                0x1fff81d0                ADC_SAR_RADAR_shift
                0x1fff81d4                ADC_SAR_RADAR_countsPer10Volt
 COMMON         0x1fff81d8        0xc .\CortexM3\ARM_GCC_541\Debug\Riaszto.a(ADC_SAR_PR.o)
                0x1fff81d8                ADC_SAR_PR_offset
                0x1fff81da                ADC_SAR_PR_shift
                0x1fff81dc                ADC_SAR_PR_countsPerVolt
                0x1fff81e0                ADC_SAR_PR_countsPer10Volt
 COMMON         0x1fff81e4        0x2 .\CortexM3\ARM_GCC_541\Debug\Riaszto.a(CyFlash.o)
                0x1fff81e4                dieTemperature
 *fill*         0x1fff81e6        0x2 
 COMMON         0x1fff81e8        0x4 c:/program files (x86)/cypress/psoc creator/4.4/psoc creator/import/gnu/arm/5.4.1/bin/../lib/gcc/arm-none-eabi/5.4.1/../../../../arm-none-eabi/lib/armv7-m\libg_nano.a(lib_a-reent.o)
                0x1fff81e8                errno
                0x1fff81f0                . = ALIGN (0x8)
 *fill*         0x1fff81ec        0x4 
 *(.ram.b)
                0x1fff81f0                _end = .
                0x1fff81f0                __end = .
                0x1fff81f0                PROVIDE (end, .)
                0x1fff81f0                PROVIDE (__bss_end__, .)
                0x00002778                __cy_region_init_ram = LOADADDR (.data)
                0x00000088                __cy_region_init_size_ram = (_edata - ADDR (.data))
                0x000000a0                __cy_region_zero_size_ram = (_end - _edata)

.heap           0x1fff81f0      0x900 load address 0x00002800
                0x1fff81f0                . = _end
                0x1fff8af0                . = (. + 0x900)
 *fill*         0x1fff81f0      0x900 
                0x1fff8af0                __cy_heap_limit = .

.stack          0x20007000     0x1000
                0x20007000                __cy_stack_limit = .
                0x20008000                . = (. + 0x1000)
 *fill*         0x20007000     0x1000 
                0x00000001                ASSERT ((__cy_stack_limit >= __cy_heap_limit), region RAM overflowed with stack)
                0x00000000                cy_checksum_exclude_size = (CY_APPL_LOADABLE == 0x1)?SIZEOF (.cy_checksum_exclude):0x0
                0x00000001                ASSERT ((cy_checksum_exclude_size <= CY_CHECKSUM_EXCLUDE_SIZE), CY_BOOT: Section .cy_checksum_exclude size exceedes specified limit.)

.cyloadermeta
 *(.cyloadermeta)

.cyloadablemeta
 *(.cyloadablemeta)

.cyconfigecc    0x80000000      0xa34
 *(.cyconfigecc)
 .cyconfigecc   0x80000000      0xa34 .\CortexM3\ARM_GCC_541\Debug\cymetadata.o
                0x80000000                cy_meta_configecc

.cycustnvl      0x90000000        0x4
 *(.cycustnvl)
 .cycustnvl     0x90000000        0x4 .\CortexM3\ARM_GCC_541\Debug\cymetadata.o
                0x90000000                cy_meta_custnvl

.cywolatch      0x90100000        0x4
 *(.cywolatch)
 .cywolatch     0x90100000        0x4 .\CortexM3\ARM_GCC_541\Debug\cymetadata.o
                0x90100000                cy_meta_wonvl

.cyeeprom       0x90200000        0x0
 *(.cyeeprom)
                0x00000001                ASSERT ((. <= ((0x90200000 + ee_offset) + ee_size)), .cyeeprom data will not fit in EEPROM)

.cyflashprotect
                0x90400000      0x100
 *(.cyflashprotect)
 .cyflashprotect
                0x90400000      0x100 .\CortexM3\ARM_GCC_541\Debug\cymetadata.o
                0x90400000                cy_meta_flashprotect

.cymeta         0x90500000        0xc
 *(.cymeta)
 .cymeta        0x90500000        0xc .\CortexM3\ARM_GCC_541\Debug\cymetadata.o
                0x90500000                cy_metadata

.rel.dyn        0x00002800        0x0 load address 0x9050000c
 .rel.iplt      0x00002800        0x0 c:/program files (x86)/cypress/psoc creator/4.4/psoc creator/import/gnu/arm/5.4.1/bin/../lib/gcc/arm-none-eabi/5.4.1/armv7-m/crtbegin.o

.stab
 *(.stab)

.stabstr
 *(.stabstr)

.debug
 *(.debug)

.line
 *(.line)

.debug_srcinfo
 *(.debug_srcinfo)

.debug_sfnames
 *(.debug_sfnames)

.debug_aranges  0x00000000     0x13d8
 *(.debug_aranges)
 .debug_aranges
                0x00000000       0x68 .\CortexM3\ARM_GCC_541\Debug\main.o
 .debug_aranges
                0x00000068       0x68 .\CortexM3\ARM_GCC_541\Debug\d1302.o
 .debug_aranges
                0x000000d0       0x50 .\CortexM3\ARM_GCC_541\Debug\TaskFIFO.o
 .debug_aranges
                0x00000120       0x58 .\CortexM3\ARM_GCC_541\Debug\PeriodicTask.o
 .debug_aranges
                0x00000178       0x30 .\CortexM3\ARM_GCC_541\Debug\Keypad.o
 .debug_aranges
                0x000001a8       0x30 .\CortexM3\ARM_GCC_541\Debug\hb100movement.o
 .debug_aranges
                0x000001d8       0x48 .\CortexM3\ARM_GCC_541\Debug\EEPROM_Helper.o
 .debug_aranges
                0x00000220       0x40 .\CortexM3\ARM_GCC_541\Debug\GSMHandler.o
 .debug_aranges
                0x00000260       0x58 .\CortexM3\ARM_GCC_541\Debug\cyfitter_cfg.o
 .debug_aranges
                0x000002b8       0x18 .\CortexM3\ARM_GCC_541\Debug\cymetadata.o
 .debug_aranges
                0x000002d0       0x48 .\CortexM3\ARM_GCC_541\Debug\Cm3Start.o
 .debug_aranges
                0x00000318       0x98 .\CortexM3\ARM_GCC_541\Debug\Riaszto.a(LCD.o)
 .debug_aranges
                0x000003b0       0x38 .\CortexM3\ARM_GCC_541\Debug\Riaszto.a(ROW1.o)
 .debug_aranges
                0x000003e8       0x38 .\CortexM3\ARM_GCC_541\Debug\Riaszto.a(ROW2.o)
 .debug_aranges
                0x00000420       0x38 .\CortexM3\ARM_GCC_541\Debug\Riaszto.a(ROW3.o)
 .debug_aranges
                0x00000458       0x38 .\CortexM3\ARM_GCC_541\Debug\Riaszto.a(ROW4.o)
 .debug_aranges
                0x00000490       0x38 .\CortexM3\ARM_GCC_541\Debug\Riaszto.a(COL1.o)
 .debug_aranges
                0x000004c8       0x38 .\CortexM3\ARM_GCC_541\Debug\Riaszto.a(COL2.o)
 .debug_aranges
                0x00000500       0x38 .\CortexM3\ARM_GCC_541\Debug\Riaszto.a(COL3.o)
 .debug_aranges
                0x00000538       0x38 .\CortexM3\ARM_GCC_541\Debug\Riaszto.a(COL4.o)
 .debug_aranges
                0x00000570       0xe8 .\CortexM3\ARM_GCC_541\Debug\Riaszto.a(SPIM.o)
 .debug_aranges
                0x00000658       0x38 .\CortexM3\ARM_GCC_541\Debug\Riaszto.a(SS.o)
 .debug_aranges
                0x00000690       0xf0 .\CortexM3\ARM_GCC_541\Debug\Riaszto.a(UART.o)
 .debug_aranges
                0x00000780       0xa8 .\CortexM3\ARM_GCC_541\Debug\Riaszto.a(ADC_SAR_RADAR.o)
 .debug_aranges
                0x00000828       0x88 .\CortexM3\ARM_GCC_541\Debug\Riaszto.a(Timer.o)
 .debug_aranges
                0x000008b0       0x80 .\CortexM3\ARM_GCC_541\Debug\Riaszto.a(isr_Timer.o)
 .debug_aranges
                0x00000930       0x78 .\CortexM3\ARM_GCC_541\Debug\Riaszto.a(PWM_BACKLIGHT.o)
 .debug_aranges
                0x000009a8       0x78 .\CortexM3\ARM_GCC_541\Debug\Riaszto.a(PWM_BEEPER.o)
 .debug_aranges
                0x00000a20       0xa8 .\CortexM3\ARM_GCC_541\Debug\Riaszto.a(ADC_SAR_PR.o)
 .debug_aranges
                0x00000ac8       0x20 .\CortexM3\ARM_GCC_541\Debug\Riaszto.a(ADC_SAR_PR_INT.o)
 .debug_aranges
                0x00000ae8       0x78 .\CortexM3\ARM_GCC_541\Debug\Riaszto.a(EEPROM.o)
 .debug_aranges
                0x00000b60       0xf0 .\CortexM3\ARM_GCC_541\Debug\Riaszto.a(UART_GSM.o)
 .debug_aranges
                0x00000c50       0x58 .\CortexM3\ARM_GCC_541\Debug\Riaszto.a(VDAC8.o)
 .debug_aranges
                0x00000ca8       0x70 .\CortexM3\ARM_GCC_541\Debug\Riaszto.a(SPIM_IntClock.o)
 .debug_aranges
                0x00000d18       0x70 .\CortexM3\ARM_GCC_541\Debug\Riaszto.a(UART_IntClock.o)
 .debug_aranges
                0x00000d88       0x80 .\CortexM3\ARM_GCC_541\Debug\Riaszto.a(ADC_SAR_RADAR_IRQ.o)
 .debug_aranges
                0x00000e08       0x80 .\CortexM3\ARM_GCC_541\Debug\Riaszto.a(ADC_SAR_RADAR_theACLK.o)
 .debug_aranges
                0x00000e88       0x80 .\CortexM3\ARM_GCC_541\Debug\Riaszto.a(ADC_SAR_PR_theACLK.o)
 .debug_aranges
                0x00000f08       0x70 .\CortexM3\ARM_GCC_541\Debug\Riaszto.a(UART_GSM_IntClock.o)
 .debug_aranges
                0x00000f78       0x88 .\CortexM3\ARM_GCC_541\Debug\Riaszto.a(CyFlash.o)
 .debug_aranges
                0x00001000      0x2a0 .\CortexM3\ARM_GCC_541\Debug\Riaszto.a(CyLib.o)
 .debug_aranges
                0x000012a0       0x98 .\CortexM3\ARM_GCC_541\Debug\Riaszto.a(cyPm.o)
 .debug_aranges
                0x00001338       0x80 .\CortexM3\ARM_GCC_541\Debug\Riaszto.a(CySpc.o)
 .debug_aranges
                0x000013b8       0x20 .\CortexM3\ARM_GCC_541\Debug\Riaszto.a(CyBootAsmGnu.o)

.debug_pubnames
 *(.debug_pubnames)

.debug_info     0x00000000     0xad07
 *(.debug_info .gnu.linkonce.wi.*)
 .debug_info    0x00000000      0xb92 .\CortexM3\ARM_GCC_541\Debug\main.o
 .debug_info    0x00000b92      0x59d .\CortexM3\ARM_GCC_541\Debug\d1302.o
 .debug_info    0x0000112f      0x4da .\CortexM3\ARM_GCC_541\Debug\TaskFIFO.o
 .debug_info    0x00001609      0x51c .\CortexM3\ARM_GCC_541\Debug\PeriodicTask.o
 .debug_info    0x00001b25      0x358 .\CortexM3\ARM_GCC_541\Debug\Keypad.o
 .debug_info    0x00001e7d      0x1a3 .\CortexM3\ARM_GCC_541\Debug\hb100movement.o
 .debug_info    0x00002020      0x313 .\CortexM3\ARM_GCC_541\Debug\EEPROM_Helper.o
 .debug_info    0x00002333      0x418 .\CortexM3\ARM_GCC_541\Debug\GSMHandler.o
 .debug_info    0x0000274b      0x676 .\CortexM3\ARM_GCC_541\Debug\cyfitter_cfg.o
 .debug_info    0x00002dc1      0x139 .\CortexM3\ARM_GCC_541\Debug\cymetadata.o
 .debug_info    0x00002efa      0x3bb .\CortexM3\ARM_GCC_541\Debug\Cm3Start.o
 .debug_info    0x000032b5      0x715 .\CortexM3\ARM_GCC_541\Debug\Riaszto.a(LCD.o)
 .debug_info    0x000039ca      0x11f .\CortexM3\ARM_GCC_541\Debug\Riaszto.a(ROW1.o)
 .debug_info    0x00003ae9      0x11f .\CortexM3\ARM_GCC_541\Debug\Riaszto.a(ROW2.o)
 .debug_info    0x00003c08      0x11f .\CortexM3\ARM_GCC_541\Debug\Riaszto.a(ROW3.o)
 .debug_info    0x00003d27      0x11f .\CortexM3\ARM_GCC_541\Debug\Riaszto.a(ROW4.o)
 .debug_info    0x00003e46      0x11f .\CortexM3\ARM_GCC_541\Debug\Riaszto.a(COL1.o)
 .debug_info    0x00003f65      0x11f .\CortexM3\ARM_GCC_541\Debug\Riaszto.a(COL2.o)
 .debug_info    0x00004084      0x11f .\CortexM3\ARM_GCC_541\Debug\Riaszto.a(COL3.o)
 .debug_info    0x000041a3      0x11f .\CortexM3\ARM_GCC_541\Debug\Riaszto.a(COL4.o)
 .debug_info    0x000042c2      0x4df .\CortexM3\ARM_GCC_541\Debug\Riaszto.a(SPIM.o)
 .debug_info    0x000047a1      0x11f .\CortexM3\ARM_GCC_541\Debug\Riaszto.a(SS.o)
 .debug_info    0x000048c0      0x60c .\CortexM3\ARM_GCC_541\Debug\Riaszto.a(UART.o)
 .debug_info    0x00004ecc      0x5c0 .\CortexM3\ARM_GCC_541\Debug\Riaszto.a(ADC_SAR_RADAR.o)
 .debug_info    0x0000548c      0x293 .\CortexM3\ARM_GCC_541\Debug\Riaszto.a(Timer.o)
 .debug_info    0x0000571f      0x2d2 .\CortexM3\ARM_GCC_541\Debug\Riaszto.a(isr_Timer.o)
 .debug_info    0x000059f1      0x27f .\CortexM3\ARM_GCC_541\Debug\Riaszto.a(PWM_BACKLIGHT.o)
 .debug_info    0x00005c70      0x27f .\CortexM3\ARM_GCC_541\Debug\Riaszto.a(PWM_BEEPER.o)
 .debug_info    0x00005eef      0x5c0 .\CortexM3\ARM_GCC_541\Debug\Riaszto.a(ADC_SAR_PR.o)
 .debug_info    0x000064af       0x92 .\CortexM3\ARM_GCC_541\Debug\Riaszto.a(ADC_SAR_PR_INT.o)
 .debug_info    0x00006541      0x630 .\CortexM3\ARM_GCC_541\Debug\Riaszto.a(EEPROM.o)
 .debug_info    0x00006b71      0x60c .\CortexM3\ARM_GCC_541\Debug\Riaszto.a(UART_GSM.o)
 .debug_info    0x0000717d      0x1df .\CortexM3\ARM_GCC_541\Debug\Riaszto.a(VDAC8.o)
 .debug_info    0x0000735c      0x283 .\CortexM3\ARM_GCC_541\Debug\Riaszto.a(SPIM_IntClock.o)
 .debug_info    0x000075df      0x283 .\CortexM3\ARM_GCC_541\Debug\Riaszto.a(UART_IntClock.o)
 .debug_info    0x00007862      0x2d2 .\CortexM3\ARM_GCC_541\Debug\Riaszto.a(ADC_SAR_RADAR_IRQ.o)
 .debug_info    0x00007b34      0x2c4 .\CortexM3\ARM_GCC_541\Debug\Riaszto.a(ADC_SAR_RADAR_theACLK.o)
 .debug_info    0x00007df8      0x2c4 .\CortexM3\ARM_GCC_541\Debug\Riaszto.a(ADC_SAR_PR_theACLK.o)
 .debug_info    0x000080bc      0x283 .\CortexM3\ARM_GCC_541\Debug\Riaszto.a(UART_GSM_IntClock.o)
 .debug_info    0x0000833f      0x64d .\CortexM3\ARM_GCC_541\Debug\Riaszto.a(CyFlash.o)
 .debug_info    0x0000898c     0x1374 .\CortexM3\ARM_GCC_541\Debug\Riaszto.a(CyLib.o)
 .debug_info    0x00009d00      0xa2a .\CortexM3\ARM_GCC_541\Debug\Riaszto.a(cyPm.o)
 .debug_info    0x0000a72a      0x550 .\CortexM3\ARM_GCC_541\Debug\Riaszto.a(CySpc.o)
 .debug_info    0x0000ac7a       0x8d .\CortexM3\ARM_GCC_541\Debug\Riaszto.a(CyBootAsmGnu.o)

.debug_abbrev   0x00000000     0x3451
 *(.debug_abbrev)
 .debug_abbrev  0x00000000      0x204 .\CortexM3\ARM_GCC_541\Debug\main.o
 .debug_abbrev  0x00000204      0x15b .\CortexM3\ARM_GCC_541\Debug\d1302.o
 .debug_abbrev  0x0000035f      0x1cc .\CortexM3\ARM_GCC_541\Debug\TaskFIFO.o
 .debug_abbrev  0x0000052b      0x1df .\CortexM3\ARM_GCC_541\Debug\PeriodicTask.o
 .debug_abbrev  0x0000070a      0x126 .\CortexM3\ARM_GCC_541\Debug\Keypad.o
 .debug_abbrev  0x00000830       0xef .\CortexM3\ARM_GCC_541\Debug\hb100movement.o
 .debug_abbrev  0x0000091f      0x12f .\CortexM3\ARM_GCC_541\Debug\EEPROM_Helper.o
 .debug_abbrev  0x00000a4e      0x18c .\CortexM3\ARM_GCC_541\Debug\GSMHandler.o
 .debug_abbrev  0x00000bda      0x20d .\CortexM3\ARM_GCC_541\Debug\cyfitter_cfg.o
 .debug_abbrev  0x00000de7       0x77 .\CortexM3\ARM_GCC_541\Debug\cymetadata.o
 .debug_abbrev  0x00000e5e      0x1e8 .\CortexM3\ARM_GCC_541\Debug\Cm3Start.o
 .debug_abbrev  0x00001046      0x157 .\CortexM3\ARM_GCC_541\Debug\Riaszto.a(LCD.o)
 .debug_abbrev  0x0000119d       0x90 .\CortexM3\ARM_GCC_541\Debug\Riaszto.a(ROW1.o)
 .debug_abbrev  0x0000122d       0x90 .\CortexM3\ARM_GCC_541\Debug\Riaszto.a(ROW2.o)
 .debug_abbrev  0x000012bd       0x90 .\CortexM3\ARM_GCC_541\Debug\Riaszto.a(ROW3.o)
 .debug_abbrev  0x0000134d       0x90 .\CortexM3\ARM_GCC_541\Debug\Riaszto.a(ROW4.o)
 .debug_abbrev  0x000013dd       0x90 .\CortexM3\ARM_GCC_541\Debug\Riaszto.a(COL1.o)
 .debug_abbrev  0x0000146d       0x90 .\CortexM3\ARM_GCC_541\Debug\Riaszto.a(COL2.o)
 .debug_abbrev  0x000014fd       0x90 .\CortexM3\ARM_GCC_541\Debug\Riaszto.a(COL3.o)
 .debug_abbrev  0x0000158d       0x90 .\CortexM3\ARM_GCC_541\Debug\Riaszto.a(COL4.o)
 .debug_abbrev  0x0000161d      0x146 .\CortexM3\ARM_GCC_541\Debug\Riaszto.a(SPIM.o)
 .debug_abbrev  0x00001763       0x90 .\CortexM3\ARM_GCC_541\Debug\Riaszto.a(SS.o)
 .debug_abbrev  0x000017f3      0x175 .\CortexM3\ARM_GCC_541\Debug\Riaszto.a(UART.o)
 .debug_abbrev  0x00001968      0x1ac .\CortexM3\ARM_GCC_541\Debug\Riaszto.a(ADC_SAR_RADAR.o)
 .debug_abbrev  0x00001b14      0x11a .\CortexM3\ARM_GCC_541\Debug\Riaszto.a(Timer.o)
 .debug_abbrev  0x00001c2e      0x173 .\CortexM3\ARM_GCC_541\Debug\Riaszto.a(isr_Timer.o)
 .debug_abbrev  0x00001da1      0x12d .\CortexM3\ARM_GCC_541\Debug\Riaszto.a(PWM_BACKLIGHT.o)
 .debug_abbrev  0x00001ece      0x12d .\CortexM3\ARM_GCC_541\Debug\Riaszto.a(PWM_BEEPER.o)
 .debug_abbrev  0x00001ffb      0x1ac .\CortexM3\ARM_GCC_541\Debug\Riaszto.a(ADC_SAR_PR.o)
 .debug_abbrev  0x000021a7       0x42 .\CortexM3\ARM_GCC_541\Debug\Riaszto.a(ADC_SAR_PR_INT.o)
 .debug_abbrev  0x000021e9      0x14e .\CortexM3\ARM_GCC_541\Debug\Riaszto.a(EEPROM.o)
 .debug_abbrev  0x00002337      0x175 .\CortexM3\ARM_GCC_541\Debug\Riaszto.a(UART_GSM.o)
 .debug_abbrev  0x000024ac       0xf7 .\CortexM3\ARM_GCC_541\Debug\Riaszto.a(VDAC8.o)
 .debug_abbrev  0x000025a3      0x139 .\CortexM3\ARM_GCC_541\Debug\Riaszto.a(SPIM_IntClock.o)
 .debug_abbrev  0x000026dc      0x139 .\CortexM3\ARM_GCC_541\Debug\Riaszto.a(UART_IntClock.o)
 .debug_abbrev  0x00002815      0x173 .\CortexM3\ARM_GCC_541\Debug\Riaszto.a(ADC_SAR_RADAR_IRQ.o)
 .debug_abbrev  0x00002988      0x121 .\CortexM3\ARM_GCC_541\Debug\Riaszto.a(ADC_SAR_RADAR_theACLK.o)
 .debug_abbrev  0x00002aa9      0x121 .\CortexM3\ARM_GCC_541\Debug\Riaszto.a(ADC_SAR_PR_theACLK.o)
 .debug_abbrev  0x00002bca      0x139 .\CortexM3\ARM_GCC_541\Debug\Riaszto.a(UART_GSM_IntClock.o)
 .debug_abbrev  0x00002d03      0x1a7 .\CortexM3\ARM_GCC_541\Debug\Riaszto.a(CyFlash.o)
 .debug_abbrev  0x00002eaa      0x254 .\CortexM3\ARM_GCC_541\Debug\Riaszto.a(CyLib.o)
 .debug_abbrev  0x000030fe      0x1ab .\CortexM3\ARM_GCC_541\Debug\Riaszto.a(cyPm.o)
 .debug_abbrev  0x000032a9      0x194 .\CortexM3\ARM_GCC_541\Debug\Riaszto.a(CySpc.o)
 .debug_abbrev  0x0000343d       0x14 .\CortexM3\ARM_GCC_541\Debug\Riaszto.a(CyBootAsmGnu.o)

.debug_line     0x00000000     0x4ccf
 *(.debug_line)
 .debug_line    0x00000000      0x36b .\CortexM3\ARM_GCC_541\Debug\main.o
 .debug_line    0x0000036b      0x26c .\CortexM3\ARM_GCC_541\Debug\d1302.o
 .debug_line    0x000005d7      0x21a .\CortexM3\ARM_GCC_541\Debug\TaskFIFO.o
 .debug_line    0x000007f1      0x24e .\CortexM3\ARM_GCC_541\Debug\PeriodicTask.o
 .debug_line    0x00000a3f      0x278 .\CortexM3\ARM_GCC_541\Debug\Keypad.o
 .debug_line    0x00000cb7      0x1ad .\CortexM3\ARM_GCC_541\Debug\hb100movement.o
 .debug_line    0x00000e64      0x1e4 .\CortexM3\ARM_GCC_541\Debug\EEPROM_Helper.o
 .debug_line    0x00001048      0x1e1 .\CortexM3\ARM_GCC_541\Debug\GSMHandler.o
 .debug_line    0x00001229      0x218 .\CortexM3\ARM_GCC_541\Debug\cyfitter_cfg.o
 .debug_line    0x00001441      0x141 .\CortexM3\ARM_GCC_541\Debug\cymetadata.o
 .debug_line    0x00001582      0x234 .\CortexM3\ARM_GCC_541\Debug\Cm3Start.o
 .debug_line    0x000017b6      0x1dc .\CortexM3\ARM_GCC_541\Debug\Riaszto.a(LCD.o)
 .debug_line    0x00001992       0x91 .\CortexM3\ARM_GCC_541\Debug\Riaszto.a(ROW1.o)
 .debug_line    0x00001a23       0x91 .\CortexM3\ARM_GCC_541\Debug\Riaszto.a(ROW2.o)
 .debug_line    0x00001ab4       0x91 .\CortexM3\ARM_GCC_541\Debug\Riaszto.a(ROW3.o)
 .debug_line    0x00001b45       0x91 .\CortexM3\ARM_GCC_541\Debug\Riaszto.a(ROW4.o)
 .debug_line    0x00001bd6       0x91 .\CortexM3\ARM_GCC_541\Debug\Riaszto.a(COL1.o)
 .debug_line    0x00001c67       0x91 .\CortexM3\ARM_GCC_541\Debug\Riaszto.a(COL2.o)
 .debug_line    0x00001cf8       0x91 .\CortexM3\ARM_GCC_541\Debug\Riaszto.a(COL3.o)
 .debug_line    0x00001d89       0x91 .\CortexM3\ARM_GCC_541\Debug\Riaszto.a(COL4.o)
 .debug_line    0x00001e1a      0x265 .\CortexM3\ARM_GCC_541\Debug\Riaszto.a(SPIM.o)
 .debug_line    0x0000207f       0x8f .\CortexM3\ARM_GCC_541\Debug\Riaszto.a(SS.o)
 .debug_line    0x0000210e      0x2bc .\CortexM3\ARM_GCC_541\Debug\Riaszto.a(UART.o)
 .debug_line    0x000023ca      0x228 .\CortexM3\ARM_GCC_541\Debug\Riaszto.a(ADC_SAR_RADAR.o)
 .debug_line    0x000025f2      0x153 .\CortexM3\ARM_GCC_541\Debug\Riaszto.a(Timer.o)
 .debug_line    0x00002745      0x136 .\CortexM3\ARM_GCC_541\Debug\Riaszto.a(isr_Timer.o)
 .debug_line    0x0000287b      0x13b .\CortexM3\ARM_GCC_541\Debug\Riaszto.a(PWM_BACKLIGHT.o)
 .debug_line    0x000029b6      0x138 .\CortexM3\ARM_GCC_541\Debug\Riaszto.a(PWM_BEEPER.o)
 .debug_line    0x00002aee      0x222 .\CortexM3\ARM_GCC_541\Debug\Riaszto.a(ADC_SAR_PR.o)
 .debug_line    0x00002d10       0x57 .\CortexM3\ARM_GCC_541\Debug\Riaszto.a(ADC_SAR_PR_INT.o)
 .debug_line    0x00002d67      0x264 .\CortexM3\ARM_GCC_541\Debug\Riaszto.a(EEPROM.o)
 .debug_line    0x00002fcb      0x2c4 .\CortexM3\ARM_GCC_541\Debug\Riaszto.a(UART_GSM.o)
 .debug_line    0x0000328f       0xe2 .\CortexM3\ARM_GCC_541\Debug\Riaszto.a(VDAC8.o)
 .debug_line    0x00003371      0x17c .\CortexM3\ARM_GCC_541\Debug\Riaszto.a(SPIM_IntClock.o)
 .debug_line    0x000034ed      0x17c .\CortexM3\ARM_GCC_541\Debug\Riaszto.a(UART_IntClock.o)
 .debug_line    0x00003669      0x13e .\CortexM3\ARM_GCC_541\Debug\Riaszto.a(ADC_SAR_RADAR_IRQ.o)
 .debug_line    0x000037a7      0x1a7 .\CortexM3\ARM_GCC_541\Debug\Riaszto.a(ADC_SAR_RADAR_theACLK.o)
 .debug_line    0x0000394e      0x1a4 .\CortexM3\ARM_GCC_541\Debug\Riaszto.a(ADC_SAR_PR_theACLK.o)
 .debug_line    0x00003af2      0x180 .\CortexM3\ARM_GCC_541\Debug\Riaszto.a(UART_GSM_IntClock.o)
 .debug_line    0x00003c72      0x21a .\CortexM3\ARM_GCC_541\Debug\Riaszto.a(CyFlash.o)
 .debug_line    0x00003e8c      0x816 .\CortexM3\ARM_GCC_541\Debug\Riaszto.a(CyLib.o)
 .debug_line    0x000046a2      0x367 .\CortexM3\ARM_GCC_541\Debug\Riaszto.a(cyPm.o)
 .debug_line    0x00004a09      0x260 .\CortexM3\ARM_GCC_541\Debug\Riaszto.a(CySpc.o)
 .debug_line    0x00004c69       0x66 .\CortexM3\ARM_GCC_541\Debug\Riaszto.a(CyBootAsmGnu.o)

.debug_frame    0x00000000     0x3334
 *(.debug_frame)
 .debug_frame   0x00000000      0x134 .\CortexM3\ARM_GCC_541\Debug\main.o
 .debug_frame   0x00000134      0x13c .\CortexM3\ARM_GCC_541\Debug\d1302.o
 .debug_frame   0x00000270       0xb8 .\CortexM3\ARM_GCC_541\Debug\TaskFIFO.o
 .debug_frame   0x00000328       0xe8 .\CortexM3\ARM_GCC_541\Debug\PeriodicTask.o
 .debug_frame   0x00000410       0x4c .\CortexM3\ARM_GCC_541\Debug\Keypad.o
 .debug_frame   0x0000045c       0x54 .\CortexM3\ARM_GCC_541\Debug\hb100movement.o
 .debug_frame   0x000004b0       0xcc .\CortexM3\ARM_GCC_541\Debug\EEPROM_Helper.o
 .debug_frame   0x0000057c       0x9c .\CortexM3\ARM_GCC_541\Debug\GSMHandler.o
 .debug_frame   0x00000618       0xfc .\CortexM3\ARM_GCC_541\Debug\cyfitter_cfg.o
 .debug_frame   0x00000714       0xb8 .\CortexM3\ARM_GCC_541\Debug\Cm3Start.o
 .debug_frame   0x000007cc      0x1e8 .\CortexM3\ARM_GCC_541\Debug\Riaszto.a(LCD.o)
 .debug_frame   0x000009b4       0x50 .\CortexM3\ARM_GCC_541\Debug\Riaszto.a(ROW1.o)
 .debug_frame   0x00000a04       0x50 .\CortexM3\ARM_GCC_541\Debug\Riaszto.a(ROW2.o)
 .debug_frame   0x00000a54       0x50 .\CortexM3\ARM_GCC_541\Debug\Riaszto.a(ROW3.o)
 .debug_frame   0x00000aa4       0x50 .\CortexM3\ARM_GCC_541\Debug\Riaszto.a(ROW4.o)
 .debug_frame   0x00000af4       0x50 .\CortexM3\ARM_GCC_541\Debug\Riaszto.a(COL1.o)
 .debug_frame   0x00000b44       0x50 .\CortexM3\ARM_GCC_541\Debug\Riaszto.a(COL2.o)
 .debug_frame   0x00000b94       0x50 .\CortexM3\ARM_GCC_541\Debug\Riaszto.a(COL3.o)
 .debug_frame   0x00000be4       0x50 .\CortexM3\ARM_GCC_541\Debug\Riaszto.a(COL4.o)
 .debug_frame   0x00000c34      0x208 .\CortexM3\ARM_GCC_541\Debug\Riaszto.a(SPIM.o)
 .debug_frame   0x00000e3c       0x50 .\CortexM3\ARM_GCC_541\Debug\Riaszto.a(SS.o)
 .debug_frame   0x00000e8c      0x250 .\CortexM3\ARM_GCC_541\Debug\Riaszto.a(UART.o)
 .debug_frame   0x000010dc      0x1b4 .\CortexM3\ARM_GCC_541\Debug\Riaszto.a(ADC_SAR_RADAR.o)
 .debug_frame   0x00001290      0x108 .\CortexM3\ARM_GCC_541\Debug\Riaszto.a(Timer.o)
 .debug_frame   0x00001398      0x104 .\CortexM3\ARM_GCC_541\Debug\Riaszto.a(isr_Timer.o)
 .debug_frame   0x0000149c       0xe8 .\CortexM3\ARM_GCC_541\Debug\Riaszto.a(PWM_BACKLIGHT.o)
 .debug_frame   0x00001584       0xe8 .\CortexM3\ARM_GCC_541\Debug\Riaszto.a(PWM_BEEPER.o)
 .debug_frame   0x0000166c      0x1b0 .\CortexM3\ARM_GCC_541\Debug\Riaszto.a(ADC_SAR_PR.o)
 .debug_frame   0x0000181c       0x20 .\CortexM3\ARM_GCC_541\Debug\Riaszto.a(ADC_SAR_PR_INT.o)
 .debug_frame   0x0000183c      0x17c .\CortexM3\ARM_GCC_541\Debug\Riaszto.a(EEPROM.o)
 .debug_frame   0x000019b8      0x250 .\CortexM3\ARM_GCC_541\Debug\Riaszto.a(UART_GSM.o)
 .debug_frame   0x00001c08       0xb4 .\CortexM3\ARM_GCC_541\Debug\Riaszto.a(VDAC8.o)
 .debug_frame   0x00001cbc       0xe0 .\CortexM3\ARM_GCC_541\Debug\Riaszto.a(SPIM_IntClock.o)
 .debug_frame   0x00001d9c       0xe0 .\CortexM3\ARM_GCC_541\Debug\Riaszto.a(UART_IntClock.o)
 .debug_frame   0x00001e7c      0x104 .\CortexM3\ARM_GCC_541\Debug\Riaszto.a(ADC_SAR_RADAR_IRQ.o)
 .debug_frame   0x00001f80      0x100 .\CortexM3\ARM_GCC_541\Debug\Riaszto.a(ADC_SAR_RADAR_theACLK.o)
 .debug_frame   0x00002080      0x100 .\CortexM3\ARM_GCC_541\Debug\Riaszto.a(ADC_SAR_PR_theACLK.o)
 .debug_frame   0x00002180       0xe0 .\CortexM3\ARM_GCC_541\Debug\Riaszto.a(UART_GSM_IntClock.o)
 .debug_frame   0x00002260      0x194 .\CortexM3\ARM_GCC_541\Debug\Riaszto.a(CyFlash.o)
 .debug_frame   0x000023f4      0x738 .\CortexM3\ARM_GCC_541\Debug\Riaszto.a(CyLib.o)
 .debug_frame   0x00002b2c      0x1f8 .\CortexM3\ARM_GCC_541\Debug\Riaszto.a(cyPm.o)
 .debug_frame   0x00002d24      0x180 .\CortexM3\ARM_GCC_541\Debug\Riaszto.a(CySpc.o)
 .debug_frame   0x00002ea4       0x44 c:/program files (x86)/cypress/psoc creator/4.4/psoc creator/import/gnu/arm/5.4.1/bin/../lib/gcc/arm-none-eabi/5.4.1/armv7-m\libgcc.a(_aeabi_ldivmod.o)
 .debug_frame   0x00002ee8       0x38 c:/program files (x86)/cypress/psoc creator/4.4/psoc creator/import/gnu/arm/5.4.1/bin/../lib/gcc/arm-none-eabi/5.4.1/armv7-m\libgcc.a(_udivmoddi4.o)
 .debug_frame   0x00002f20       0x20 c:/program files (x86)/cypress/psoc creator/4.4/psoc creator/import/gnu/arm/5.4.1/bin/../lib/gcc/arm-none-eabi/5.4.1/../../../../arm-none-eabi/lib/armv7-m\libg_nano.a(lib_a-errno.o)
 .debug_frame   0x00002f40       0x28 c:/program files (x86)/cypress/psoc creator/4.4/psoc creator/import/gnu/arm/5.4.1/bin/../lib/gcc/arm-none-eabi/5.4.1/../../../../arm-none-eabi/lib/armv7-m\libg_nano.a(lib_a-exit.o)
 .debug_frame   0x00002f68       0x2c c:/program files (x86)/cypress/psoc creator/4.4/psoc creator/import/gnu/arm/5.4.1/bin/../lib/gcc/arm-none-eabi/5.4.1/../../../../arm-none-eabi/lib/armv7-m\libg_nano.a(lib_a-init.o)
 .debug_frame   0x00002f94       0x30 c:/program files (x86)/cypress/psoc creator/4.4/psoc creator/import/gnu/arm/5.4.1/bin/../lib/gcc/arm-none-eabi/5.4.1/../../../../arm-none-eabi/lib/armv7-m\libg_nano.a(lib_a-malloc.o)
 .debug_frame   0x00002fc4       0x28 c:/program files (x86)/cypress/psoc creator/4.4/psoc creator/import/gnu/arm/5.4.1/bin/../lib/gcc/arm-none-eabi/5.4.1/../../../../arm-none-eabi/lib/armv7-m\libg_nano.a(lib_a-memcpy-stub.o)
 .debug_frame   0x00002fec       0x20 c:/program files (x86)/cypress/psoc creator/4.4/psoc creator/import/gnu/arm/5.4.1/bin/../lib/gcc/arm-none-eabi/5.4.1/../../../../arm-none-eabi/lib/armv7-m\libg_nano.a(lib_a-memset.o)
 .debug_frame   0x0000300c       0x38 c:/program files (x86)/cypress/psoc creator/4.4/psoc creator/import/gnu/arm/5.4.1/bin/../lib/gcc/arm-none-eabi/5.4.1/../../../../arm-none-eabi/lib/armv7-m\libg_nano.a(lib_a-nano-freer.o)
 .debug_frame   0x00003044       0x2c c:/program files (x86)/cypress/psoc creator/4.4/psoc creator/import/gnu/arm/5.4.1/bin/../lib/gcc/arm-none-eabi/5.4.1/../../../../arm-none-eabi/lib/armv7-m\libg_nano.a(lib_a-nano-mallocr.o)
 .debug_frame   0x00003070       0x2c c:/program files (x86)/cypress/psoc creator/4.4/psoc creator/import/gnu/arm/5.4.1/bin/../lib/gcc/arm-none-eabi/5.4.1/../../../../arm-none-eabi/lib/armv7-m\libg_nano.a(lib_a-sbrkr.o)
 .debug_frame   0x0000309c       0x70 c:/program files (x86)/cypress/psoc creator/4.4/psoc creator/import/gnu/arm/5.4.1/bin/../lib/gcc/arm-none-eabi/5.4.1/../../../../arm-none-eabi/lib/armv7-m\libg_nano.a(lib_a-sprintf.o)
 .debug_frame   0x0000310c       0x30 c:/program files (x86)/cypress/psoc creator/4.4/psoc creator/import/gnu/arm/5.4.1/bin/../lib/gcc/arm-none-eabi/5.4.1/../../../../arm-none-eabi/lib/armv7-m\libg_nano.a(lib_a-mlock.o)
 .debug_frame   0x0000313c       0x90 c:/program files (x86)/cypress/psoc creator/4.4/psoc creator/import/gnu/arm/5.4.1/bin/../lib/gcc/arm-none-eabi/5.4.1/../../../../arm-none-eabi/lib/armv7-m\libg_nano.a(lib_a-nano-svfprintf.o)
 .debug_frame   0x000031cc       0x60 c:/program files (x86)/cypress/psoc creator/4.4/psoc creator/import/gnu/arm/5.4.1/bin/../lib/gcc/arm-none-eabi/5.4.1/../../../../arm-none-eabi/lib/armv7-m\libg_nano.a(lib_a-nano-vfprintf_i.o)
 .debug_frame   0x0000322c       0x5c c:/program files (x86)/cypress/psoc creator/4.4/psoc creator/import/gnu/arm/5.4.1/bin/../lib/gcc/arm-none-eabi/5.4.1/../../../../arm-none-eabi/lib/armv7-m\libg_nano.a(lib_a-reent.o)
 .debug_frame   0x00003288       0x28 c:/program files (x86)/cypress/psoc creator/4.4/psoc creator/import/gnu/arm/5.4.1/bin/../lib/gcc/arm-none-eabi/5.4.1/../../../../arm-none-eabi/lib/armv7-m\libg_nano.a(lib_a-memchr-stub.o)
 .debug_frame   0x000032b0       0x28 c:/program files (x86)/cypress/psoc creator/4.4/psoc creator/import/gnu/arm/5.4.1/bin/../lib/gcc/arm-none-eabi/5.4.1/../../../../arm-none-eabi/lib/armv7-m\libg_nano.a(lib_a-memmove.o)
 .debug_frame   0x000032d8       0x3c c:/program files (x86)/cypress/psoc creator/4.4/psoc creator/import/gnu/arm/5.4.1/bin/../lib/gcc/arm-none-eabi/5.4.1/../../../../arm-none-eabi/lib/armv7-m\libg_nano.a(lib_a-nano-reallocr.o)
 .debug_frame   0x00003314       0x20 c:/program files (x86)/cypress/psoc creator/4.4/psoc creator/import/gnu/arm/5.4.1/bin/../lib/gcc/arm-none-eabi/5.4.1/../../../../arm-none-eabi/lib/armv7-m\libg_nano.a(lib_a-nano-msizer.o)

.debug_str      0x00000000     0x3a3d
 *(.debug_str)
 .debug_str     0x00000000      0x6a6 .\CortexM3\ARM_GCC_541\Debug\main.o
                                0x755 (size before relaxing)
 .debug_str     0x000006a6      0x126 .\CortexM3\ARM_GCC_541\Debug\d1302.o
                                0x2f7 (size before relaxing)
 .debug_str     0x000007cc       0x82 .\CortexM3\ARM_GCC_541\Debug\TaskFIFO.o
                                0x301 (size before relaxing)
 .debug_str     0x0000084e       0x48 .\CortexM3\ARM_GCC_541\Debug\PeriodicTask.o
                                0x315 (size before relaxing)
 .debug_str     0x00000896       0x9c .\CortexM3\ARM_GCC_541\Debug\Keypad.o
                                0x256 (size before relaxing)
 .debug_str     0x00000932       0x94 .\CortexM3\ARM_GCC_541\Debug\hb100movement.o
                                0x250 (size before relaxing)
 .debug_str     0x000009c6       0xb1 .\CortexM3\ARM_GCC_541\Debug\EEPROM_Helper.o
                                0x26d (size before relaxing)
 .debug_str     0x00000a77       0x86 .\CortexM3\ARM_GCC_541\Debug\GSMHandler.o
                                0x2bb (size before relaxing)
 .debug_str     0x00000afd      0x19e .\CortexM3\ARM_GCC_541\Debug\cyfitter_cfg.o
                                0x34b (size before relaxing)
 .debug_str     0x00000c9b       0x7f .\CortexM3\ARM_GCC_541\Debug\cymetadata.o
                                0x1e1 (size before relaxing)
 .debug_str     0x00000d1a      0x13f .\CortexM3\ARM_GCC_541\Debug\Cm3Start.o
                                0x307 (size before relaxing)
 .debug_str     0x00000e59      0x121 .\CortexM3\ARM_GCC_541\Debug\Riaszto.a(LCD.o)
                                0x328 (size before relaxing)
 .debug_str     0x00000f7a       0x5b .\CortexM3\ARM_GCC_541\Debug\Riaszto.a(ROW1.o)
                                0x1da (size before relaxing)
 .debug_str     0x00000fd5       0x4b .\CortexM3\ARM_GCC_541\Debug\Riaszto.a(ROW2.o)
                                0x1da (size before relaxing)
 .debug_str     0x00001020       0x4b .\CortexM3\ARM_GCC_541\Debug\Riaszto.a(ROW3.o)
                                0x1da (size before relaxing)
 .debug_str     0x0000106b       0x4b .\CortexM3\ARM_GCC_541\Debug\Riaszto.a(ROW4.o)
                                0x1da (size before relaxing)
 .debug_str     0x000010b6       0x4c .\CortexM3\ARM_GCC_541\Debug\Riaszto.a(COL1.o)
                                0x1da (size before relaxing)
 .debug_str     0x00001102       0x4c .\CortexM3\ARM_GCC_541\Debug\Riaszto.a(COL2.o)
                                0x1da (size before relaxing)
 .debug_str     0x0000114e       0x4c .\CortexM3\ARM_GCC_541\Debug\Riaszto.a(COL3.o)
                                0x1da (size before relaxing)
 .debug_str     0x0000119a       0x4c .\CortexM3\ARM_GCC_541\Debug\Riaszto.a(COL4.o)
                                0x1da (size before relaxing)
 .debug_str     0x000011e6      0x21b .\CortexM3\ARM_GCC_541\Debug\Riaszto.a(SPIM.o)
                                0x426 (size before relaxing)
 .debug_str     0x00001401       0x43 .\CortexM3\ARM_GCC_541\Debug\Riaszto.a(SS.o)
                                0x1d0 (size before relaxing)
 .debug_str     0x00001444      0x250 .\CortexM3\ARM_GCC_541\Debug\Riaszto.a(UART.o)
                                0x472 (size before relaxing)
 .debug_str     0x00001694      0x2a4 .\CortexM3\ARM_GCC_541\Debug\Riaszto.a(ADC_SAR_RADAR.o)
                                0x51e (size before relaxing)
 .debug_str     0x00001938      0x10e .\CortexM3\ARM_GCC_541\Debug\Riaszto.a(Timer.o)
                                0x2f2 (size before relaxing)
 .debug_str     0x00001a46      0x124 .\CortexM3\ARM_GCC_541\Debug\Riaszto.a(isr_Timer.o)
                                0x2db (size before relaxing)
 .debug_str     0x00001b6a      0x157 .\CortexM3\ARM_GCC_541\Debug\Riaszto.a(PWM_BACKLIGHT.o)
                                0x33a (size before relaxing)
 .debug_str     0x00001cc1       0xff .\CortexM3\ARM_GCC_541\Debug\Riaszto.a(PWM_BEEPER.o)
                                0x310 (size before relaxing)
 .debug_str     0x00001dc0      0x1fd .\CortexM3\ARM_GCC_541\Debug\Riaszto.a(ADC_SAR_PR.o)
                                0x4d3 (size before relaxing)
 .debug_str     0x00001fbd       0x37 .\CortexM3\ARM_GCC_541\Debug\Riaszto.a(ADC_SAR_PR_INT.o)
                                0x19a (size before relaxing)
 .debug_str     0x00001ff4      0x1b2 .\CortexM3\ARM_GCC_541\Debug\Riaszto.a(EEPROM.o)
                                0x3bf (size before relaxing)
 .debug_str     0x000021a6      0x246 .\CortexM3\ARM_GCC_541\Debug\Riaszto.a(UART_GSM.o)
                                0x4ee (size before relaxing)
 .debug_str     0x000023ec       0x97 .\CortexM3\ARM_GCC_541\Debug\Riaszto.a(VDAC8.o)
                                0x21c (size before relaxing)
 .debug_str     0x00002483      0x183 .\CortexM3\ARM_GCC_541\Debug\Riaszto.a(SPIM_IntClock.o)
                                0x333 (size before relaxing)
 .debug_str     0x00002606      0x138 .\CortexM3\ARM_GCC_541\Debug\Riaszto.a(UART_IntClock.o)
                                0x333 (size before relaxing)
 .debug_str     0x0000273e      0x174 .\CortexM3\ARM_GCC_541\Debug\Riaszto.a(ADC_SAR_RADAR_IRQ.o)
                                0x34b (size before relaxing)
 .debug_str     0x000028b2      0x1f0 .\CortexM3\ARM_GCC_541\Debug\Riaszto.a(ADC_SAR_RADAR_theACLK.o)
                                0x3ea (size before relaxing)
 .debug_str     0x00002aa2      0x1c0 .\CortexM3\ARM_GCC_541\Debug\Riaszto.a(ADC_SAR_PR_theACLK.o)
                                0x3c0 (size before relaxing)
 .debug_str     0x00002c62      0x160 .\CortexM3\ARM_GCC_541\Debug\Riaszto.a(UART_GSM_IntClock.o)
                                0x363 (size before relaxing)
 .debug_str     0x00002dc2      0x129 .\CortexM3\ARM_GCC_541\Debug\Riaszto.a(CyFlash.o)
                                0x3bd (size before relaxing)
 .debug_str     0x00002eeb      0x795 .\CortexM3\ARM_GCC_541\Debug\Riaszto.a(CyLib.o)
                                0xa44 (size before relaxing)
 .debug_str     0x00003680      0x34f .\CortexM3\ARM_GCC_541\Debug\Riaszto.a(cyPm.o)
                                0x730 (size before relaxing)
 .debug_str     0x000039cf       0x6e .\CortexM3\ARM_GCC_541\Debug\Riaszto.a(CySpc.o)
                                0x335 (size before relaxing)

.debug_loc      0x00000000     0x418c
 *(.debug_loc)
 .debug_loc     0x00000000      0x145 .\CortexM3\ARM_GCC_541\Debug\main.o
 .debug_loc     0x00000145      0x1bc .\CortexM3\ARM_GCC_541\Debug\d1302.o
 .debug_loc     0x00000301      0x221 .\CortexM3\ARM_GCC_541\Debug\TaskFIFO.o
 .debug_loc     0x00000522      0x261 .\CortexM3\ARM_GCC_541\Debug\PeriodicTask.o
 .debug_loc     0x00000783       0x1f .\CortexM3\ARM_GCC_541\Debug\Keypad.o
 .debug_loc     0x000007a2      0x1e2 .\CortexM3\ARM_GCC_541\Debug\EEPROM_Helper.o
 .debug_loc     0x00000984       0x7d .\CortexM3\ARM_GCC_541\Debug\GSMHandler.o
 .debug_loc     0x00000a01      0x2af .\CortexM3\ARM_GCC_541\Debug\cyfitter_cfg.o
 .debug_loc     0x00000cb0      0x144 .\CortexM3\ARM_GCC_541\Debug\Cm3Start.o
 .debug_loc     0x00000df4      0x3c6 .\CortexM3\ARM_GCC_541\Debug\Riaszto.a(LCD.o)
 .debug_loc     0x000011ba       0x42 .\CortexM3\ARM_GCC_541\Debug\Riaszto.a(ROW1.o)
 .debug_loc     0x000011fc       0x42 .\CortexM3\ARM_GCC_541\Debug\Riaszto.a(ROW2.o)
 .debug_loc     0x0000123e       0x42 .\CortexM3\ARM_GCC_541\Debug\Riaszto.a(ROW3.o)
 .debug_loc     0x00001280       0x42 .\CortexM3\ARM_GCC_541\Debug\Riaszto.a(ROW4.o)
 .debug_loc     0x000012c2       0x42 .\CortexM3\ARM_GCC_541\Debug\Riaszto.a(COL1.o)
 .debug_loc     0x00001304       0x42 .\CortexM3\ARM_GCC_541\Debug\Riaszto.a(COL2.o)
 .debug_loc     0x00001346       0x42 .\CortexM3\ARM_GCC_541\Debug\Riaszto.a(COL3.o)
 .debug_loc     0x00001388       0x42 .\CortexM3\ARM_GCC_541\Debug\Riaszto.a(COL4.o)
 .debug_loc     0x000013ca       0xfe .\CortexM3\ARM_GCC_541\Debug\Riaszto.a(SPIM.o)
 .debug_loc     0x000014c8       0x42 .\CortexM3\ARM_GCC_541\Debug\Riaszto.a(SS.o)
 .debug_loc     0x0000150a      0x258 .\CortexM3\ARM_GCC_541\Debug\Riaszto.a(UART.o)
 .debug_loc     0x00001762      0x295 .\CortexM3\ARM_GCC_541\Debug\Riaszto.a(ADC_SAR_RADAR.o)
 .debug_loc     0x000019f7       0x56 .\CortexM3\ARM_GCC_541\Debug\Riaszto.a(isr_Timer.o)
 .debug_loc     0x00001a4d       0x13 .\CortexM3\ARM_GCC_541\Debug\Riaszto.a(PWM_BACKLIGHT.o)
 .debug_loc     0x00001a60       0x13 .\CortexM3\ARM_GCC_541\Debug\Riaszto.a(PWM_BEEPER.o)
 .debug_loc     0x00001a73      0x295 .\CortexM3\ARM_GCC_541\Debug\Riaszto.a(ADC_SAR_PR.o)
 .debug_loc     0x00001d08      0x49f .\CortexM3\ARM_GCC_541\Debug\Riaszto.a(EEPROM.o)
 .debug_loc     0x000021a7      0x258 .\CortexM3\ARM_GCC_541\Debug\Riaszto.a(UART_GSM.o)
 .debug_loc     0x000023ff       0x79 .\CortexM3\ARM_GCC_541\Debug\Riaszto.a(VDAC8.o)
 .debug_loc     0x00002478      0x12c .\CortexM3\ARM_GCC_541\Debug\Riaszto.a(SPIM_IntClock.o)
 .debug_loc     0x000025a4      0x128 .\CortexM3\ARM_GCC_541\Debug\Riaszto.a(UART_IntClock.o)
 .debug_loc     0x000026cc       0x56 .\CortexM3\ARM_GCC_541\Debug\Riaszto.a(ADC_SAR_RADAR_IRQ.o)
 .debug_loc     0x00002722      0x149 .\CortexM3\ARM_GCC_541\Debug\Riaszto.a(ADC_SAR_RADAR_theACLK.o)
 .debug_loc     0x0000286b      0x14d .\CortexM3\ARM_GCC_541\Debug\Riaszto.a(ADC_SAR_PR_theACLK.o)
 .debug_loc     0x000029b8      0x128 .\CortexM3\ARM_GCC_541\Debug\Riaszto.a(UART_GSM_IntClock.o)
 .debug_loc     0x00002ae0      0x3b2 .\CortexM3\ARM_GCC_541\Debug\Riaszto.a(CyFlash.o)
 .debug_loc     0x00002e92      0xa11 .\CortexM3\ARM_GCC_541\Debug\Riaszto.a(CyLib.o)
 .debug_loc     0x000038a3      0x1e4 .\CortexM3\ARM_GCC_541\Debug\Riaszto.a(cyPm.o)
 .debug_loc     0x00003a87      0x705 .\CortexM3\ARM_GCC_541\Debug\Riaszto.a(CySpc.o)

.debug_macinfo
 *(.debug_macinfo)

.debug_ranges   0x00000000     0x1140
 *(.debug_ranges)
 .debug_ranges  0x00000000       0x98 .\CortexM3\ARM_GCC_541\Debug\main.o
 .debug_ranges  0x00000098       0x58 .\CortexM3\ARM_GCC_541\Debug\d1302.o
 .debug_ranges  0x000000f0       0x40 .\CortexM3\ARM_GCC_541\Debug\TaskFIFO.o
 .debug_ranges  0x00000130       0x48 .\CortexM3\ARM_GCC_541\Debug\PeriodicTask.o
 .debug_ranges  0x00000178       0x20 .\CortexM3\ARM_GCC_541\Debug\Keypad.o
 .debug_ranges  0x00000198       0x20 .\CortexM3\ARM_GCC_541\Debug\hb100movement.o
 .debug_ranges  0x000001b8       0x38 .\CortexM3\ARM_GCC_541\Debug\EEPROM_Helper.o
 .debug_ranges  0x000001f0       0x30 .\CortexM3\ARM_GCC_541\Debug\GSMHandler.o
 .debug_ranges  0x00000220       0x48 .\CortexM3\ARM_GCC_541\Debug\cyfitter_cfg.o
 .debug_ranges  0x00000268       0x38 .\CortexM3\ARM_GCC_541\Debug\Cm3Start.o
 .debug_ranges  0x000002a0       0x88 .\CortexM3\ARM_GCC_541\Debug\Riaszto.a(LCD.o)
 .debug_ranges  0x00000328       0x28 .\CortexM3\ARM_GCC_541\Debug\Riaszto.a(ROW1.o)
 .debug_ranges  0x00000350       0x28 .\CortexM3\ARM_GCC_541\Debug\Riaszto.a(ROW2.o)
 .debug_ranges  0x00000378       0x28 .\CortexM3\ARM_GCC_541\Debug\Riaszto.a(ROW3.o)
 .debug_ranges  0x000003a0       0x28 .\CortexM3\ARM_GCC_541\Debug\Riaszto.a(ROW4.o)
 .debug_ranges  0x000003c8       0x28 .\CortexM3\ARM_GCC_541\Debug\Riaszto.a(COL1.o)
 .debug_ranges  0x000003f0       0x28 .\CortexM3\ARM_GCC_541\Debug\Riaszto.a(COL2.o)
 .debug_ranges  0x00000418       0x28 .\CortexM3\ARM_GCC_541\Debug\Riaszto.a(COL3.o)
 .debug_ranges  0x00000440       0x28 .\CortexM3\ARM_GCC_541\Debug\Riaszto.a(COL4.o)
 .debug_ranges  0x00000468       0xd8 .\CortexM3\ARM_GCC_541\Debug\Riaszto.a(SPIM.o)
 .debug_ranges  0x00000540       0x28 .\CortexM3\ARM_GCC_541\Debug\Riaszto.a(SS.o)
 .debug_ranges  0x00000568       0xe0 .\CortexM3\ARM_GCC_541\Debug\Riaszto.a(UART.o)
 .debug_ranges  0x00000648       0x98 .\CortexM3\ARM_GCC_541\Debug\Riaszto.a(ADC_SAR_RADAR.o)
 .debug_ranges  0x000006e0       0x78 .\CortexM3\ARM_GCC_541\Debug\Riaszto.a(Timer.o)
 .debug_ranges  0x00000758       0x70 .\CortexM3\ARM_GCC_541\Debug\Riaszto.a(isr_Timer.o)
 .debug_ranges  0x000007c8       0x68 .\CortexM3\ARM_GCC_541\Debug\Riaszto.a(PWM_BACKLIGHT.o)
 .debug_ranges  0x00000830       0x68 .\CortexM3\ARM_GCC_541\Debug\Riaszto.a(PWM_BEEPER.o)
 .debug_ranges  0x00000898       0x98 .\CortexM3\ARM_GCC_541\Debug\Riaszto.a(ADC_SAR_PR.o)
 .debug_ranges  0x00000930       0x10 .\CortexM3\ARM_GCC_541\Debug\Riaszto.a(ADC_SAR_PR_INT.o)
 .debug_ranges  0x00000940       0x68 .\CortexM3\ARM_GCC_541\Debug\Riaszto.a(EEPROM.o)
 .debug_ranges  0x000009a8       0xe0 .\CortexM3\ARM_GCC_541\Debug\Riaszto.a(UART_GSM.o)
 .debug_ranges  0x00000a88       0x48 .\CortexM3\ARM_GCC_541\Debug\Riaszto.a(VDAC8.o)
 .debug_ranges  0x00000ad0       0x60 .\CortexM3\ARM_GCC_541\Debug\Riaszto.a(SPIM_IntClock.o)
 .debug_ranges  0x00000b30       0x60 .\CortexM3\ARM_GCC_541\Debug\Riaszto.a(UART_IntClock.o)
 .debug_ranges  0x00000b90       0x70 .\CortexM3\ARM_GCC_541\Debug\Riaszto.a(ADC_SAR_RADAR_IRQ.o)
 .debug_ranges  0x00000c00       0x70 .\CortexM3\ARM_GCC_541\Debug\Riaszto.a(ADC_SAR_RADAR_theACLK.o)
 .debug_ranges  0x00000c70       0x70 .\CortexM3\ARM_GCC_541\Debug\Riaszto.a(ADC_SAR_PR_theACLK.o)
 .debug_ranges  0x00000ce0       0x60 .\CortexM3\ARM_GCC_541\Debug\Riaszto.a(UART_GSM_IntClock.o)
 .debug_ranges  0x00000d40       0x78 .\CortexM3\ARM_GCC_541\Debug\Riaszto.a(CyFlash.o)
 .debug_ranges  0x00000db8      0x290 .\CortexM3\ARM_GCC_541\Debug\Riaszto.a(CyLib.o)
 .debug_ranges  0x00001048       0x88 .\CortexM3\ARM_GCC_541\Debug\Riaszto.a(cyPm.o)
 .debug_ranges  0x000010d0       0x70 .\CortexM3\ARM_GCC_541\Debug\Riaszto.a(CySpc.o)

.comment        0x00000000       0x6e
 .comment       0x00000000       0x6e .\CortexM3\ARM_GCC_541\Debug\main.o
                                 0x6f (size before relaxing)
 .comment       0x0000006e       0x6f .\CortexM3\ARM_GCC_541\Debug\d1302.o
 .comment       0x0000006e       0x6f .\CortexM3\ARM_GCC_541\Debug\TaskFIFO.o
 .comment       0x0000006e       0x6f .\CortexM3\ARM_GCC_541\Debug\PeriodicTask.o
 .comment       0x0000006e       0x6f .\CortexM3\ARM_GCC_541\Debug\Keypad.o
 .comment       0x0000006e       0x6f .\CortexM3\ARM_GCC_541\Debug\hb100movement.o
 .comment       0x0000006e       0x6f .\CortexM3\ARM_GCC_541\Debug\EEPROM_Helper.o
 .comment       0x0000006e       0x6f .\CortexM3\ARM_GCC_541\Debug\GSMHandler.o
 .comment       0x0000006e       0x6f .\CortexM3\ARM_GCC_541\Debug\cyfitter_cfg.o
 .comment       0x0000006e       0x6f .\CortexM3\ARM_GCC_541\Debug\cymetadata.o
 .comment       0x0000006e       0x6f .\CortexM3\ARM_GCC_541\Debug\Cm3Start.o
 .comment       0x0000006e       0x6f .\CortexM3\ARM_GCC_541\Debug\Riaszto.a(LCD.o)
 .comment       0x0000006e       0x6f .\CortexM3\ARM_GCC_541\Debug\Riaszto.a(ROW1.o)
 .comment       0x0000006e       0x6f .\CortexM3\ARM_GCC_541\Debug\Riaszto.a(ROW2.o)
 .comment       0x0000006e       0x6f .\CortexM3\ARM_GCC_541\Debug\Riaszto.a(ROW3.o)
 .comment       0x0000006e       0x6f .\CortexM3\ARM_GCC_541\Debug\Riaszto.a(ROW4.o)
 .comment       0x0000006e       0x6f .\CortexM3\ARM_GCC_541\Debug\Riaszto.a(COL1.o)
 .comment       0x0000006e       0x6f .\CortexM3\ARM_GCC_541\Debug\Riaszto.a(COL2.o)
 .comment       0x0000006e       0x6f .\CortexM3\ARM_GCC_541\Debug\Riaszto.a(COL3.o)
 .comment       0x0000006e       0x6f .\CortexM3\ARM_GCC_541\Debug\Riaszto.a(COL4.o)
 .comment       0x0000006e       0x6f .\CortexM3\ARM_GCC_541\Debug\Riaszto.a(SPIM.o)
 .comment       0x0000006e       0x6f .\CortexM3\ARM_GCC_541\Debug\Riaszto.a(SS.o)
 .comment       0x0000006e       0x6f .\CortexM3\ARM_GCC_541\Debug\Riaszto.a(UART.o)
 .comment       0x0000006e       0x6f .\CortexM3\ARM_GCC_541\Debug\Riaszto.a(ADC_SAR_RADAR.o)
 .comment       0x0000006e       0x6f .\CortexM3\ARM_GCC_541\Debug\Riaszto.a(Timer.o)
 .comment       0x0000006e       0x6f .\CortexM3\ARM_GCC_541\Debug\Riaszto.a(isr_Timer.o)
 .comment       0x0000006e       0x6f .\CortexM3\ARM_GCC_541\Debug\Riaszto.a(PWM_BACKLIGHT.o)
 .comment       0x0000006e       0x6f .\CortexM3\ARM_GCC_541\Debug\Riaszto.a(PWM_BEEPER.o)