Archive member included to satisfy reference by file (symbol)

.\CortexM3\ARM_GCC_541\Debug\Riaszto.a(LCD.o)
                              .\CortexM3\ARM_GCC_541\Debug\main.o (LCD_PrintString)
.\CortexM3\ARM_GCC_541\Debug\Riaszto.a(ROW1.o)
                              .\CortexM3\ARM_GCC_541\Debug\Keypad.o (ROW1_Write)
.\CortexM3\ARM_GCC_541\Debug\Riaszto.a(ROW2.o)
                              .\CortexM3\ARM_GCC_541\Debug\Keypad.o (ROW2_Write)
.\CortexM3\ARM_GCC_541\Debug\Riaszto.a(ROW3.o)
                              .\CortexM3\ARM_GCC_541\Debug\Keypad.o (ROW3_Write)
.\CortexM3\ARM_GCC_541\Debug\Riaszto.a(ROW4.o)
                              .\CortexM3\ARM_GCC_541\Debug\Keypad.o (ROW4_Write)
.\CortexM3\ARM_GCC_541\Debug\Riaszto.a(COL1.o)
                              .\CortexM3\ARM_GCC_541\Debug\Keypad.o (COL1_Read)
.\CortexM3\ARM_GCC_541\Debug\Riaszto.a(COL2.o)
                              .\CortexM3\ARM_GCC_541\Debug\Keypad.o (COL2_Read)
.\CortexM3\ARM_GCC_541\Debug\Riaszto.a(COL3.o)
                              .\CortexM3\ARM_GCC_541\Debug\Keypad.o (COL3_Read)
.\CortexM3\ARM_GCC_541\Debug\Riaszto.a(COL4.o)
                              .\CortexM3\ARM_GCC_541\Debug\Keypad.o (COL4_Read)
.\CortexM3\ARM_GCC_541\Debug\Riaszto.a(SPIM.o)
                              .\CortexM3\ARM_GCC_541\Debug\d1302.o (SPIM_ReadTxStatus)
.\CortexM3\ARM_GCC_541\Debug\Riaszto.a(SS.o)
                              .\CortexM3\ARM_GCC_541\Debug\d1302.o (SS_Write)
.\CortexM3\ARM_GCC_541\Debug\Riaszto.a(UART.o)
                              .\CortexM3\ARM_GCC_541\Debug\main.o (UART_Start)
.\CortexM3\ARM_GCC_541\Debug\Riaszto.a(ADC_SAR_RADAR.o)
                              .\CortexM3\ARM_GCC_541\Debug\main.o (ADC_SAR_RADAR_Start)
.\CortexM3\ARM_GCC_541\Debug\Riaszto.a(Timer.o)
                              .\CortexM3\ARM_GCC_541\Debug\main.o (Timer_ReadStatusRegister)
.\CortexM3\ARM_GCC_541\Debug\Riaszto.a(isr_Timer.o)
                              .\CortexM3\ARM_GCC_541\Debug\main.o (isr_Timer_StartEx)
.\CortexM3\ARM_GCC_541\Debug\Riaszto.a(REED_RELAY.o)
                              .\CortexM3\ARM_GCC_541\Debug\main.o (REED_RELAY_Read)
.\CortexM3\ARM_GCC_541\Debug\Riaszto.a(PWM_BACKLIGHT.o)
                              .\CortexM3\ARM_GCC_541\Debug\main.o (PWM_BACKLIGHT_WriteCompare)
.\CortexM3\ARM_GCC_541\Debug\Riaszto.a(PWM_BEEPER.o)
                              .\CortexM3\ARM_GCC_541\Debug\main.o (PWM_BEEPER_Stop)
.\CortexM3\ARM_GCC_541\Debug\Riaszto.a(ADC_SAR_PR.o)
                              .\CortexM3\ARM_GCC_541\Debug\main.o (ADC_SAR_PR_Start)
.\CortexM3\ARM_GCC_541\Debug\Riaszto.a(ADC_SAR_PR_INT.o)
                              .\CortexM3\ARM_GCC_541\Debug\Riaszto.a(ADC_SAR_PR.o) (ADC_SAR_PR_ISR)
.\CortexM3\ARM_GCC_541\Debug\Riaszto.a(EEPROM.o)
                              .\CortexM3\ARM_GCC_541\Debug\main.o (EEPROM_Start)
.\CortexM3\ARM_GCC_541\Debug\Riaszto.a(UART_GSM.o)
                              .\CortexM3\ARM_GCC_541\Debug\main.o (UART_GSM_Start)
.\CortexM3\ARM_GCC_541\Debug\Riaszto.a(VDAC8.o)
                              .\CortexM3\ARM_GCC_541\Debug\main.o (VDAC8_Start)
.\CortexM3\ARM_GCC_541\Debug\Riaszto.a(SPIM_IntClock.o)
                              .\CortexM3\ARM_GCC_541\Debug\Riaszto.a(SPIM.o) (SPIM_IntClock_Start)
.\CortexM3\ARM_GCC_541\Debug\Riaszto.a(UART_IntClock.o)
                              .\CortexM3\ARM_GCC_541\Debug\Riaszto.a(UART.o) (UART_IntClock_Start)
.\CortexM3\ARM_GCC_541\Debug\Riaszto.a(ADC_SAR_RADAR_IRQ.o)
                              .\CortexM3\ARM_GCC_541\Debug\main.o (ADC_SAR_RADAR_IRQ_StartEx)
.\CortexM3\ARM_GCC_541\Debug\Riaszto.a(ADC_SAR_RADAR_theACLK.o)
                              .\CortexM3\ARM_GCC_541\Debug\Riaszto.a(ADC_SAR_RADAR.o) (ADC_SAR_RADAR_theACLK_SetModeRegister)
.\CortexM3\ARM_GCC_541\Debug\Riaszto.a(ADC_SAR_PR_theACLK.o)
                              .\CortexM3\ARM_GCC_541\Debug\Riaszto.a(ADC_SAR_PR.o) (ADC_SAR_PR_theACLK_SetModeRegister)
.\CortexM3\ARM_GCC_541\Debug\Riaszto.a(UART_GSM_IntClock.o)
                              .\CortexM3\ARM_GCC_541\Debug\Riaszto.a(UART_GSM.o) (UART_GSM_IntClock_Start)
.\CortexM3\ARM_GCC_541\Debug\Riaszto.a(CyFlash.o)
                              .\CortexM3\ARM_GCC_541\Debug\Riaszto.a(EEPROM.o) (dieTemperature)
.\CortexM3\ARM_GCC_541\Debug\Riaszto.a(CyLib.o)
                              .\CortexM3\ARM_GCC_541\Debug\Cm3Start.o (CyHalt)
.\CortexM3\ARM_GCC_541\Debug\Riaszto.a(cyPm.o)
                              .\CortexM3\ARM_GCC_541\Debug\Riaszto.a(CyLib.o) (CyPmReadStatus)
.\CortexM3\ARM_GCC_541\Debug\Riaszto.a(CySpc.o)
                              .\CortexM3\ARM_GCC_541\Debug\Riaszto.a(EEPROM.o) (CySpcStart)
.\CortexM3\ARM_GCC_541\Debug\Riaszto.a(CyBootAsmGnu.o)
                              .\CortexM3\ARM_GCC_541\Debug\cyfitter_cfg.o (CyDelayCycles)
c:/program files (x86)/cypress/psoc creator/4.4/psoc creator/import/gnu/arm/5.4.1/bin/../lib/gcc/arm-none-eabi/5.4.1/armv7-m\libgcc.a(_arm_addsubsf3.o)
[...]
Memory Configuration

Name             Origin             Length             Attributes
rom              0x00000000         0x00040000         xr
ram              0x1fff8000         0x00010000         xrw
*default*        0x00000000         0xffffffff

Linker script and memory map

LOAD c:/program files (x86)/cypress/psoc creator/4.4/psoc creator/import/gnu/arm/5.4.1/bin/../lib/gcc/arm-none-eabi/5.4.1/armv7-m/crti.o
LOAD c:/program files (x86)/cypress/psoc creator/4.4/psoc creator/import/gnu/arm/5.4.1/bin/../lib/gcc/arm-none-eabi/5.4.1/armv7-m/crtbegin.o
LOAD c:/program files (x86)/cypress/psoc creator/4.4/psoc creator/import/gnu/arm/5.4.1/bin/../lib/gcc/arm-none-eabi/5.4.1/../../../../arm-none-eabi/lib/armv7-m/crt0.o
START GROUP
LOAD .\CortexM3\ARM_GCC_541\Debug\main.o
LOAD .\CortexM3\ARM_GCC_541\Debug\d1302.o
LOAD .\CortexM3\ARM_GCC_541\Debug\TaskFIFO.o
LOAD .\CortexM3\ARM_GCC_541\Debug\PeriodicTask.o
LOAD .\CortexM3\ARM_GCC_541\Debug\Keypad.o
LOAD .\CortexM3\ARM_GCC_541\Debug\hb100movement.o
LOAD .\CortexM3\ARM_GCC_541\Debug\EEPROM_Helper.o
LOAD .\CortexM3\ARM_GCC_541\Debug\GSMHandler.o
LOAD .\CortexM3\ARM_GCC_541\Debug\SettingsHelper.o
LOAD .\CortexM3\ARM_GCC_541\Debug\cyfitter_cfg.o
LOAD .\CortexM3\ARM_GCC_541\Debug\cymetadata.o
LOAD .\CortexM3\ARM_GCC_541\Debug\Cm3Start.o
LOAD .\CortexM3\ARM_GCC_541\Debug\Riaszto.a
LOAD C:\Program Files (x86)\Cypress\PSoC Creator\4.4\PSoC Creator\psoc\content\cycomponentlibrary\CyComponentLibrary.cylib\CortexM3\ARM_GCC_541\Debug\CyComponentLibrary.a
END GROUP
START GROUP
LOAD c:/program files (x86)/cypress/psoc creator/4.4/psoc creator/import/gnu/arm/5.4.1/bin/../lib/gcc/arm-none-eabi/5.4.1/armv7-m\libgcc.a
LOAD c:/program files (x86)/cypress/psoc creator/4.4/psoc creator/import/gnu/arm/5.4.1/bin/../lib/gcc/arm-none-eabi/5.4.1/../../../../arm-none-eabi/lib/armv7-m\libg_nano.a
LOAD c:/program files (x86)/cypress/psoc creator/4.4/psoc creator/import/gnu/arm/5.4.1/bin/../lib/gcc/arm-none-eabi/5.4.1/../../../../arm-none-eabi/lib/armv7-m\libc_nano.a
END GROUP
START GROUP
LOAD c:/program files (x86)/cypress/psoc creator/4.4/psoc creator/import/gnu/arm/5.4.1/bin/../lib/gcc/arm-none-eabi/5.4.1/armv7-m\libgcc.a
LOAD c:/program files (x86)/cypress/psoc creator/4.4/psoc creator/import/gnu/arm/5.4.1/bin/../lib/gcc/arm-none-eabi/5.4.1/../../../../arm-none-eabi/lib/armv7-m\libc_nano.a
END GROUP
LOAD c:/program files (x86)/cypress/psoc creator/4.4/psoc creator/import/gnu/arm/5.4.1/bin/../lib/gcc/arm-none-eabi/5.4.1/armv7-m/crtend.o
LOAD c:/program files (x86)/cypress/psoc creator/4.4/psoc creator/import/gnu/arm/5.4.1/bin/../lib/gcc/arm-none-eabi/5.4.1/armv7-m/crtn.o
START GROUP
LOAD c:/program files (x86)/cypress/psoc creator/4.4/psoc creator/import/gnu/arm/5.4.1/bin/../lib/gcc/arm-none-eabi/5.4.1/armv7-m\libgcc.a
LOAD c:/program files (x86)/cypress/psoc creator/4.4/psoc creator/import/gnu/arm/5.4.1/bin/../lib/gcc/arm-none-eabi/5.4.1/../../../../arm-none-eabi/lib/armv7-m\libc.a
LOAD c:/program files (x86)/cypress/psoc creator/4.4/psoc creator/import/gnu/arm/5.4.1/bin/../lib/gcc/arm-none-eabi/5.4.1/../../../../arm-none-eabi/lib/armv7-m\libnosys.a
END GROUP
                0x00000000                CY_APPL_ORIGIN = 0x0
                0x00000100                CY_FLASH_ROW_SIZE = 0x100
                0x00000020                CY_ECC_ROW_SIZE = 0x20
                0x00000000                CY_EE_IN_BTLDR = 0x0
                0x00000000                CY_APPL_LOADABLE = 0x0
                0x00000800                CY_EE_SIZE = 0x800
                0x00000001                CY_APPL_NUM = 0x1
                0x00000001                CY_APPL_MAX = 0x1
                0x00000040                CY_METADATA_SIZE = 0x40
                0x00000000                CY_APPL_LOADABLE = 0x0
                0x00000000                CY_CHECKSUM_EXCLUDE_SIZE = ALIGN (0x0, CY_FLASH_ROW_SIZE)
                [!provide]                PROVIDE (__cy_heap_start, _end)
                0x00000001                PROVIDE (__cy_region_num, ((__cy_regions_end - __cy_regions) / 0x10))
                0x20008000                PROVIDE (__cy_stack, (ORIGIN (ram) + LENGTH (ram)))
                [!provide]                PROVIDE (__cy_heap_end, (__cy_stack - 0x1000))

.cybootloader   0x00000000        0x0
 *(.cybootloader)
                0x00000000                appl1_start = CY_APPL_ORIGIN?CY_APPL_ORIGIN:ALIGN (CY_FLASH_ROW_SIZE)
                0x0001ff00                appl2_start = (appl1_start + ALIGN ((((LENGTH (rom) - appl1_start) - (0x2 * CY_FLASH_ROW_SIZE)) / 0x2), CY_FLASH_ROW_SIZE))
                0x00000000                appl_start = (CY_APPL_NUM == 0x1)?appl1_start:appl2_start
                0x00000000                ecc_offset = ((appl_start / CY_FLASH_ROW_SIZE) * CY_ECC_ROW_SIZE)
                0x00000000                ee_offset = (CY_APPL_LOADABLE && ! (CY_EE_IN_BTLDR))?((CY_EE_SIZE / CY_APPL_MAX) * (CY_APPL_NUM - 0x1)):0x0
                0x00000800                ee_size = (CY_APPL_LOADABLE && ! (CY_EE_IN_BTLDR))?(CY_EE_SIZE / CY_APPL_MAX):CY_EE_SIZE
                [!provide]                PROVIDE (CY_ECC_OFFSET, ecc_offset)

.text           0x00000000     0x3726
 CREATE_OBJECT_SYMBOLS
                0x00000000                PROVIDE (__cy_interrupt_vector, RomVectors)
 *(.romvectors)
 .romvectors    0x00000000       0x10 .\CortexM3\ARM_GCC_541\Debug\Cm3Start.o
                0x00000000                RomVectors
                0x00000001                ASSERT ((. != __cy_interrupt_vector), No interrupt vector)
                0x00000001                ASSERT (CY_APPL_ORIGIN?(SIZEOF (.cybootloader) <= CY_APPL_ORIGIN):0x1, Wrong image location)
                0x00000010                PROVIDE (__cy_reset, Reset)
 *(.text.Reset)
 .text.Reset    0x00000010       0x18 .\CortexM3\ARM_GCC_541\Debug\Cm3Start.o
                0x00000010                Reset
                0x00000001                ASSERT ((. != __cy_reset), No reset code)
 *(.dma_init)
                0x00000001                ASSERT ((((appl_start + .) <= 0x10000) || 0x1), DMA Init must be within the first 64k of flash)
 *(.text .text.* .gnu.linkonce.t.*)
 .text          0x00000028       0x5c c:/program files (x86)/cypress/psoc creator/4.4/psoc creator/import/gnu/arm/5.4.1/bin/../lib/gcc/arm-none-eabi/5.4.1/armv7-m/crtbegin.o
 .text.start_tone
                0x00000084       0x28 .\CortexM3\ARM_GCC_541\Debug\main.o
                0x00000084                start_tone
 .text.noTone   0x000000ac       0x10 .\CortexM3\ARM_GCC_541\Debug\main.o
                0x000000ac                noTone
 .text.TIMER_ISR
                0x000000bc       0x30 .\CortexM3\ARM_GCC_541\Debug\main.o
                0x000000bc                TIMER_ISR
 .text.check_photoresistor
                0x000000ec       0x54 .\CortexM3\ARM_GCC_541\Debug\main.o
                0x000000ec                check_photoresistor
 .text.change_backlight_with_light
                0x00000140       0x68 .\CortexM3\ARM_GCC_541\Debug\main.o
                0x00000140                change_backlight_with_light
 .text.print_time_to_lcd
                0x000001a8       0x24 .\CortexM3\ARM_GCC_541\Debug\main.o
                0x000001a8                print_time_to_lcd
 .text.visualized_counter
                0x000001cc       0x44 .\CortexM3\ARM_GCC_541\Debug\main.o
                0x000001cc                visualized_counter
 .text.finish_counting
                0x00000210       0x10 .\CortexM3\ARM_GCC_541\Debug\main.o
                0x00000210                finish_counting
 .text.go_to_alarm_idle
                0x00000220       0x34 .\CortexM3\ARM_GCC_541\Debug\main.o
                0x00000220                go_to_alarm_idle
 .text.create_alarm
                0x00000254       0x8c .\CortexM3\ARM_GCC_541\Debug\main.o
                0x00000254                create_alarm
 .text.to_passiv_move
                0x000002e0       0x58 .\CortexM3\ARM_GCC_541\Debug\main.o
                0x000002e0                to_passiv_move
 .text.is_reed_alert
                0x00000338       0x18 .\CortexM3\ARM_GCC_541\Debug\main.o
                0x00000338                is_reed_alert
 .text.init     0x00000350       0x54 .\CortexM3\ARM_GCC_541\Debug\main.o
                0x00000350                init
 .text.tone     0x000003a4       0x38 .\CortexM3\ARM_GCC_541\Debug\main.o
                0x000003a4                tone
 .text.play_alert
                0x000003dc       0x34 .\CortexM3\ARM_GCC_541\Debug\main.o
                0x000003dc                play_alert
 .text.switch_to_watching_mode
                0x00000410       0x78 .\CortexM3\ARM_GCC_541\Debug\main.o
                0x00000410                switch_to_watching_mode
 .text.main     0x00000488      0x340 .\CortexM3\ARM_GCC_541\Debug\main.o
                0x00000488                main
 .text.SPIM_IO_RD_Addr
                0x000007c8       0x48 .\CortexM3\ARM_GCC_541\Debug\d1302.o
                0x000007c8                SPIM_IO_RD_Addr
 .text.SPIM_IO_RD_Data
                0x00000810       0x54 .\CortexM3\ARM_GCC_541\Debug\d1302.o
                0x00000810                SPIM_IO_RD_Data
 .text.get_hour
                0x00000864       0x20 .\CortexM3\ARM_GCC_541\Debug\d1302.o
                0x00000864                get_hour
 .text.get_minute
                0x00000884       0x20 .\CortexM3\ARM_GCC_541\Debug\d1302.o
                0x00000884                get_minute
 .text.print_time_string
                0x000008a4       0x20 .\CortexM3\ARM_GCC_541\Debug\d1302.o
                0x000008a4                print_time_string
 .text.create_new_onetimetask
                0x000008c4       0x3c .\CortexM3\ARM_GCC_541\Debug\TaskFIFO.o
                0x000008c4                create_new_onetimetask
 .text.create_new_noparam_onetimetask
                0x00000900       0x3c .\CortexM3\ARM_GCC_541\Debug\TaskFIFO.o
                0x00000900                create_new_noparam_onetimetask
 .text.pushTask
                0x0000093c       0x14 .\CortexM3\ARM_GCC_541\Debug\TaskFIFO.o
                0x0000093c                pushTask
 .text.get_and_remove_first
                0x00000950       0x18 .\CortexM3\ARM_GCC_541\Debug\TaskFIFO.o
                0x00000950                get_and_remove_first
 .text.check_if_runnable_and_decrement_counter
                0x00000968       0x18 .\CortexM3\ARM_GCC_541\Debug\TaskFIFO.o
                0x00000968                check_if_runnable_and_decrement_counter
 .text.run_next_task_when_available
                0x00000980       0x34 .\CortexM3\ARM_GCC_541\Debug\TaskFIFO.o
                0x00000980                run_next_task_when_available
 .text.create_new_ptask_parametered
                0x000009b4       0x44 .\CortexM3\ARM_GCC_541\Debug\PeriodicTask.o
                0x000009b4                create_new_ptask_parametered
 .text.create_new_ptask_noparam
                0x000009f8       0x40 .\CortexM3\ARM_GCC_541\Debug\PeriodicTask.o
                0x000009f8                create_new_ptask_noparam
 .text.add_to_ptask_list
                0x00000a38       0x14 .\CortexM3\ARM_GCC_541\Debug\PeriodicTask.o
                0x00000a38                add_to_ptask_list
 .text.find_task
                0x00000a4c       0x14 .\CortexM3\ARM_GCC_541\Debug\PeriodicTask.o
                0x00000a4c                find_task
 .text.enable_task
                0x00000a60       0x10 .\CortexM3\ARM_GCC_541\Debug\PeriodicTask.o
                0x00000a60                enable_task
 .text.disable_task
                0x00000a70       0x14 .\CortexM3\ARM_GCC_541\Debug\PeriodicTask.o
                0x00000a70                disable_task
 .text.run_permitted_tasks_and_decrement_counters
                0x00000a84       0x30 .\CortexM3\ARM_GCC_541\Debug\PeriodicTask.o
                0x00000a84                run_permitted_tasks_and_decrement_counters
 .text.get_pressed_key
                0x00000ab4       0x10 .\CortexM3\ARM_GCC_541\Debug\Keypad.o
                0x00000ab4                get_pressed_key
 .text.set_result_when_relesed
                0x00000ac4       0x28 .\CortexM3\ARM_GCC_541\Debug\Keypad.o
                0x00000ac4                set_result_when_relesed
 .text.readKey  0x00000aec       0xf0 .\CortexM3\ARM_GCC_541\Debug\Keypad.o
                0x00000aec                readKey
 .text.ADC_SAR_RADAR_ISR
                0x00000bdc       0x48 .\CortexM3\ARM_GCC_541\Debug\hb100movement.o
                0x00000bdc                ADC_SAR_RADAR_ISR
 .text.check_movement
                0x00000c24       0x5c .\CortexM3\ARM_GCC_541\Debug\hb100movement.o
                0x00000c24                check_movement
 .text.StoreInt8
                0x00000c80        0x8 .\CortexM3\ARM_GCC_541\Debug\EEPROM_Helper.o
                0x00000c80                StoreInt8
 .text.ReadInt8
                0x00000c88        0x8 .\CortexM3\ARM_GCC_541\Debug\EEPROM_Helper.o
                0x00000c88                ReadInt8
 .text.StoreInt16
                0x00000c90       0x18 .\CortexM3\ARM_GCC_541\Debug\EEPROM_Helper.o
                0x00000c90                StoreInt16
 .text.ReadInt16
                0x00000ca8       0x1c .\CortexM3\ARM_GCC_541\Debug\EEPROM_Helper.o
                0x00000ca8                ReadInt16
 .text.ReadInt8ArrayFromRow
                0x00000cc4       0x28 .\CortexM3\ARM_GCC_541\Debug\EEPROM_Helper.o
                0x00000cc4                ReadInt8ArrayFromRow
 .text.StoreInt8ArrayToRow
                0x00000cec        0xc .\CortexM3\ARM_GCC_541\Debug\EEPROM_Helper.o
                0x00000cec                StoreInt8ArrayToRow
 .text.toInt    0x00000cf8       0x2c .\CortexM3\ARM_GCC_541\Debug\SettingsHelper.o
                0x00000cf8                toInt
 .text.try_to_read_code_from_keyboard
                0x00000d24       0x94 .\CortexM3\ARM_GCC_541\Debug\SettingsHelper.o
                0x00000d24                try_to_read_code_from_keyboard
 .text.read_num_from_keypad
                0x00000db8       0x84 .\CortexM3\ARM_GCC_541\Debug\SettingsHelper.o
                0x00000db8                read_num_from_keypad
 .text.print_lines_to_lcd
                0x00000e3c       0x2c .\CortexM3\ARM_GCC_541\Debug\SettingsHelper.o
                0x00000e3c                print_lines_to_lcd
 .text.print_page
                0x00000e68        0xc .\CortexM3\ARM_GCC_541\Debug\SettingsHelper.o
                0x00000e68                print_page
 .text.change_page
                0x00000e74       0x18 .\CortexM3\ARM_GCC_541\Debug\SettingsHelper.o
                0x00000e74                change_page
 .text.vertify_code
                0x00000e8c       0x14 .\CortexM3\ARM_GCC_541\Debug\SettingsHelper.o
                0x00000e8c                vertify_code
 .text.handle_main_menu_page
                0x00000ea0       0x6c .\CortexM3\ARM_GCC_541\Debug\SettingsHelper.o
                0x00000ea0                handle_main_menu_page
 .text.choose_param_page1
                0x00000f0c       0x70 .\CortexM3\ARM_GCC_541\Debug\SettingsHelper.o
                0x00000f0c                choose_param_page1
 .text.choose_param_page2
                0x00000f7c       0x70 .\CortexM3\ARM_GCC_541\Debug\SettingsHelper.o
                0x00000f7c                choose_param_page2
 .text.choose_param_page3
                0x00000fec       0x88 .\CortexM3\ARM_GCC_541\Debug\SettingsHelper.o
                0x00000fec                choose_param_page3
 .text.choose_param_page4
                0x00001074       0x70 .\CortexM3\ARM_GCC_541\Debug\SettingsHelper.o
                0x00001074                choose_param_page4
 .text.choose_param_page5
                0x000010e4       0x78 .\CortexM3\ARM_GCC_541\Debug\SettingsHelper.o
                0x000010e4                choose_param_page5
 .text.choose_param_page6
                0x0000115c       0x78 .\CortexM3\ARM_GCC_541\Debug\SettingsHelper.o
                0x0000115c                choose_param_page6
 .text.choose_param_page7
                0x000011d4       0x88 .\CortexM3\ARM_GCC_541\Debug\SettingsHelper.o
                0x000011d4                choose_param_page7
 .text.read_new_code
                0x0000125c       0x40 .\CortexM3\ARM_GCC_541\Debug\SettingsHelper.o
                0x0000125c                read_new_code
 .text.init_constants
                0x0000129c       0x24 .\CortexM3\ARM_GCC_541\Debug\SettingsHelper.o
                0x0000129c                init_constants
 .text.change_16_num
                0x000012c0       0x48 .\CortexM3\ARM_GCC_541\Debug\SettingsHelper.o
                0x000012c0                change_16_num
 .text.change_8_num
                0x00001308       0x48 .\CortexM3\ARM_GCC_541\Debug\SettingsHelper.o
                0x00001308                change_8_num
 .text.ask_bool
                0x00001350       0x50 .\CortexM3\ARM_GCC_541\Debug\SettingsHelper.o
                0x00001350                ask_bool
 .text.init_code
                0x000013a0       0x14 .\CortexM3\ARM_GCC_541\Debug\SettingsHelper.o
                0x000013a0                init_code
 .text.select_new_code
                0x000013b4       0xac .\CortexM3\ARM_GCC_541\Debug\SettingsHelper.o
                0x000013b4                select_new_code
 .text.init_phone_num
                0x00001460       0x38 .\CortexM3\ARM_GCC_541\Debug\SettingsHelper.o
                0x00001460                init_phone_num
 .text.init_settings
                0x00001498       0x18 .\CortexM3\ARM_GCC_541\Debug\SettingsHelper.o
                0x00001498                init_settings
 .text.read_phone_num
                0x000014b0       0x80 .\CortexM3\ARM_GCC_541\Debug\SettingsHelper.o
                0x000014b0                read_phone_num
 .text.edit_phone_number
                0x00001530       0x44 .\CortexM3\ARM_GCC_541\Debug\SettingsHelper.o
                0x00001530                edit_phone_number
 .text.process_settings
                0x00001574       0x10 .\CortexM3\ARM_GCC_541\Debug\SettingsHelper.o
                0x00001574                process_settings
 .text.CyClockStartupError
                0x00001584        0x4 .\CortexM3\ARM_GCC_541\Debug\cyfitter_cfg.o
 .text.cfg_write_bytes32
                0x00001588       0x34 .\CortexM3\ARM_GCC_541\Debug\cyfitter_cfg.o
 .text.CYMEMZERO
                0x000015bc        0xc .\CortexM3\ARM_GCC_541\Debug\cyfitter_cfg.o
 .text.AnalogSetDefault
                0x000015c8       0xa0 .\CortexM3\ARM_GCC_541\Debug\cyfitter_cfg.o
 .text.CYCONFIGCPY
                0x00001668        0x8 .\CortexM3\ARM_GCC_541\Debug\cyfitter_cfg.o
 .text.ClockSetup
                0x00001670      0x128 .\CortexM3\ARM_GCC_541\Debug\cyfitter_cfg.o
 .text.cyfitter_cfg
                0x00001798      0x148 .\CortexM3\ARM_GCC_541\Debug\cyfitter_cfg.o
                0x00001798                cyfitter_cfg
 .text.IntDefaultHandler
                0x000018e0       0x10 .\CortexM3\ARM_GCC_541\Debug\Cm3Start.o
                0x000018e0                IntDefaultHandler
 .text._sbrk    0x000018f0       0x30 .\CortexM3\ARM_GCC_541\Debug\Cm3Start.o
                0x000018f0                _sbrk
 .text.Start_c  0x00001920       0x4c .\CortexM3\ARM_GCC_541\Debug\Cm3Start.o
                0x00001920                Start_c
 .text.initialize_psoc
                0x0000196c       0x68 .\CortexM3\ARM_GCC_541\Debug\Cm3Start.o
                0x0000196c                initialize_psoc
 .text.LCD_WrCntrlNib
                0x000019d4       0x34 .\CortexM3\ARM_GCC_541\Debug\Riaszto.a(LCD.o)
 .text.LCD_WrDatNib
                0x00001a08       0x44 .\CortexM3\ARM_GCC_541\Debug\Riaszto.a(LCD.o)
 .text.LCD_IsReady
                0x00001a4c       0xe4 .\CortexM3\ARM_GCC_541\Debug\Riaszto.a(LCD.o)
                0x00001a4c                LCD_IsReady
 .text.LCD_WriteData
                0x00001b30       0x18 .\CortexM3\ARM_GCC_541\Debug\Riaszto.a(LCD.o)
                0x00001b30                LCD_WriteData
 .text.LCD_PrintString
                0x00001b48       0x1c .\CortexM3\ARM_GCC_541\Debug\Riaszto.a(LCD.o)
                0x00001b48                LCD_PrintString
 .text.LCD_PutChar
                0x00001b64        0x8 .\CortexM3\ARM_GCC_541\Debug\Riaszto.a(LCD.o)
                0x00001b64                LCD_PutChar
 .text.LCD_WriteControl
                0x00001b6c       0x18 .\CortexM3\ARM_GCC_541\Debug\Riaszto.a(LCD.o)
                0x00001b6c                LCD_WriteControl
 .text.LCD_Init
                0x00001b84       0x6c .\CortexM3\ARM_GCC_541\Debug\Riaszto.a(LCD.o)
                0x00001b84                LCD_Init
 .text.LCD_Enable
                0x00001bf0       0x14 .\CortexM3\ARM_GCC_541\Debug\Riaszto.a(LCD.o)
                0x00001bf0                LCD_Enable
 .text.LCD_Start
                0x00001c04       0x1c .\CortexM3\ARM_GCC_541\Debug\Riaszto.a(LCD.o)
                0x00001c04                LCD_Start
 .text.LCD_Position
                0x00001c20       0x3c .\CortexM3\ARM_GCC_541\Debug\Riaszto.a(LCD.o)
                0x00001c20                LCD_Position
 .text.ROW1_Write
                0x00001c5c       0x18 .\CortexM3\ARM_GCC_541\Debug\Riaszto.a(ROW1.o)
                0x00001c5c                ROW1_Write
 .text.ROW2_Write
                0x00001c74       0x18 .\CortexM3\ARM_GCC_541\Debug\Riaszto.a(ROW2.o)
                0x00001c74                ROW2_Write
 .text.ROW3_Write
                0x00001c8c       0x18 .\CortexM3\ARM_GCC_541\Debug\Riaszto.a(ROW3.o)
                0x00001c8c                ROW3_Write
 .text.ROW4_Write
                0x00001ca4       0x18 .\CortexM3\ARM_GCC_541\Debug\Riaszto.a(ROW4.o)
                0x00001ca4                ROW4_Write
 .text.COL1_Read
                0x00001cbc       0x10 .\CortexM3\ARM_GCC_541\Debug\Riaszto.a(COL1.o)
                0x00001cbc                COL1_Read
 .text.COL2_Read
                0x00001ccc       0x10 .\CortexM3\ARM_GCC_541\Debug\Riaszto.a(COL2.o)
                0x00001ccc                COL2_Read
 .text.COL3_Read
                0x00001cdc       0x10 .\CortexM3\ARM_GCC_541\Debug\Riaszto.a(COL3.o)
                0x00001cdc                COL3_Read
 .text.COL4_Read
                0x00001cec       0x10 .\CortexM3\ARM_GCC_541\Debug\Riaszto.a(COL4.o)
                0x00001cec                COL4_Read
 .text.SPIM_Enable
                0x00001cfc       0x38 .\CortexM3\ARM_GCC_541\Debug\Riaszto.a(SPIM.o)
                0x00001cfc                SPIM_Enable
 .text.SPIM_ReadTxStatus
                0x00001d34        0xc .\CortexM3\ARM_GCC_541\Debug\Riaszto.a(SPIM.o)
                0x00001d34                SPIM_ReadTxStatus
 .text.SPIM_ReadRxStatus
                0x00001d40        0xc .\CortexM3\ARM_GCC_541\Debug\Riaszto.a(SPIM.o)
                0x00001d40                SPIM_ReadRxStatus
 .text.SPIM_WriteTxData
                0x00001d4c       0x18 .\CortexM3\ARM_GCC_541\Debug\Riaszto.a(SPIM.o)
                0x00001d4c                SPIM_WriteTxData
 .text.SPIM_ReadRxData
                0x00001d64        0xc .\CortexM3\ARM_GCC_541\Debug\Riaszto.a(SPIM.o)
                0x00001d64                SPIM_ReadRxData
 .text.SPIM_TxEnable
                0x00001d70       0x10 .\CortexM3\ARM_GCC_541\Debug\Riaszto.a(SPIM.o)
                0x00001d70                SPIM_TxEnable
 .text.SPIM_TxDisable
                0x00001d80       0x10 .\CortexM3\ARM_GCC_541\Debug\Riaszto.a(SPIM.o)
                0x00001d80                SPIM_TxDisable
 .text.SPIM_ClearFIFO
                0x00001d90       0x3c .\CortexM3\ARM_GCC_541\Debug\Riaszto.a(SPIM.o)
                0x00001d90                SPIM_ClearFIFO
 .text.SPIM_Init
                0x00001dcc       0x2c .\CortexM3\ARM_GCC_541\Debug\Riaszto.a(SPIM.o)
                0x00001dcc                SPIM_Init
 .text.SPIM_Start
                0x00001df8       0x1c .\CortexM3\ARM_GCC_541\Debug\Riaszto.a(SPIM.o)
                0x00001df8                SPIM_Start
 .text.SS_Write
                0x00001e14       0x18 .\CortexM3\ARM_GCC_541\Debug\Riaszto.a(SS.o)
                0x00001e14                SS_Write
 .text.UART_Init
                0x00001e2c       0x28 .\CortexM3\ARM_GCC_541\Debug\Riaszto.a(UART.o)
                0x00001e2c                UART_Init
 .text.UART_Enable
                0x00001e54       0x38 .\CortexM3\ARM_GCC_541\Debug\Riaszto.a(UART.o)
                0x00001e54                UART_Enable
 .text.UART_Start
                0x00001e8c       0x1c .\CortexM3\ARM_GCC_541\Debug\Riaszto.a(UART.o)
                0x00001e8c                UART_Start
 .text.UART_GetChar
                0x00001ea8       0x2c .\CortexM3\ARM_GCC_541\Debug\Riaszto.a(UART.o)
                0x00001ea8                UART_GetChar
 .text.UART_GetRxBufferSize
                0x00001ed4       0x18 .\CortexM3\ARM_GCC_541\Debug\Riaszto.a(UART.o)
                0x00001ed4                UART_GetRxBufferSize
 .text.UART_PutChar
                0x00001eec       0x18 .\CortexM3\ARM_GCC_541\Debug\Riaszto.a(UART.o)
                0x00001eec                UART_PutChar
 .text.UART_PutString
                0x00001f04       0x24 .\CortexM3\ARM_GCC_541\Debug\Riaszto.a(UART.o)
                0x00001f04                UART_PutString
 .text.ADC_SAR_RADAR_CalcGain
                0x00001f28       0x64 .\CortexM3\ARM_GCC_541\Debug\Riaszto.a(ADC_SAR_RADAR.o)
 .text.ADC_SAR_RADAR_Enable
                0x00001f8c       0x94 .\CortexM3\ARM_GCC_541\Debug\Riaszto.a(ADC_SAR_RADAR.o)
                0x00001f8c                ADC_SAR_RADAR_Enable
 .text.ADC_SAR_RADAR_SetResolution
                0x00002020       0x38 .\CortexM3\ARM_GCC_541\Debug\Riaszto.a(ADC_SAR_RADAR.o)
                0x00002020                ADC_SAR_RADAR_SetResolution
 .text.ADC_SAR_RADAR_Init
                0x00002058       0x3c .\CortexM3\ARM_GCC_541\Debug\Riaszto.a(ADC_SAR_RADAR.o)
                0x00002058                ADC_SAR_RADAR_Init
 .text.ADC_SAR_RADAR_Start
                0x00002094       0x1c .\CortexM3\ARM_GCC_541\Debug\Riaszto.a(ADC_SAR_RADAR.o)
                0x00002094                ADC_SAR_RADAR_Start
 .text.ADC_SAR_RADAR_StartConvert
                0x000020b0       0x10 .\CortexM3\ARM_GCC_541\Debug\Riaszto.a(ADC_SAR_RADAR.o)
                0x000020b0                ADC_SAR_RADAR_StartConvert
 .text.ADC_SAR_RADAR_GetResult16
                0x000020c0       0x18 .\CortexM3\ARM_GCC_541\Debug\Riaszto.a(ADC_SAR_RADAR.o)
                0x000020c0                ADC_SAR_RADAR_GetResult16
 .text.Timer_Enable
                0x000020d8       0x28 .\CortexM3\ARM_GCC_541\Debug\Riaszto.a(Timer.o)
                0x000020d8                Timer_Enable
 .text.Timer_SetInterruptMode
                0x00002100        0xc .\CortexM3\ARM_GCC_541\Debug\Riaszto.a(Timer.o)
                0x00002100                Timer_SetInterruptMode
 .text.Timer_ReadStatusRegister
                0x0000210c        0xc .\CortexM3\ARM_GCC_541\Debug\Riaszto.a(Timer.o)
                0x0000210c                Timer_ReadStatusRegister
 .text.Timer_WritePeriod
                0x00002118        0xc .\CortexM3\ARM_GCC_541\Debug\Riaszto.a(Timer.o)
                0x00002118                Timer_WritePeriod
 .text.Timer_WriteCounter
                0x00002124        0xc .\CortexM3\ARM_GCC_541\Debug\Riaszto.a(Timer.o)
                0x00002124                Timer_WriteCounter
 .text.Timer_Init
                0x00002130       0x64 .\CortexM3\ARM_GCC_541\Debug\Riaszto.a(Timer.o)
                0x00002130                Timer_Init
 .text.Timer_Start
                0x00002194       0x1c .\CortexM3\ARM_GCC_541\Debug\Riaszto.a(Timer.o)
                0x00002194                Timer_Start
 .text.isr_Timer_SetVector
                0x000021b0       0x10 .\CortexM3\ARM_GCC_541\Debug\Riaszto.a(isr_Timer.o)
                0x000021b0                isr_Timer_SetVector
 .text.isr_Timer_SetPriority
                0x000021c0       0x10 .\CortexM3\ARM_GCC_541\Debug\Riaszto.a(isr_Timer.o)
                0x000021c0                isr_Timer_SetPriority
 .text.isr_Timer_Enable
                0x000021d0       0x10 .\CortexM3\ARM_GCC_541\Debug\Riaszto.a(isr_Timer.o)
                0x000021d0                isr_Timer_Enable
 .text.isr_Timer_Disable
                0x000021e0       0x10 .\CortexM3\ARM_GCC_541\Debug\Riaszto.a(isr_Timer.o)
                0x000021e0                isr_Timer_Disable
 .text.isr_Timer_StartEx
                0x000021f0       0x1c .\CortexM3\ARM_GCC_541\Debug\Riaszto.a(isr_Timer.o)
                0x000021f0                isr_Timer_StartEx
 .text.REED_RELAY_Read
                0x0000220c       0x10 .\CortexM3\ARM_GCC_541\Debug\Riaszto.a(REED_RELAY.o)
                0x0000220c                REED_RELAY_Read
 .text.PWM_BACKLIGHT_Enable
                0x0000221c       0x28 .\CortexM3\ARM_GCC_541\Debug\Riaszto.a(PWM_BACKLIGHT.o)
                0x0000221c                PWM_BACKLIGHT_Enable
 .text.PWM_BACKLIGHT_WritePeriod
                0x00002244        0xc .\CortexM3\ARM_GCC_541\Debug\Riaszto.a(PWM_BACKLIGHT.o)
                0x00002244                PWM_BACKLIGHT_WritePeriod
 .text.PWM_BACKLIGHT_WriteCompare
                0x00002250        0xc .\CortexM3\ARM_GCC_541\Debug\Riaszto.a(PWM_BACKLIGHT.o)
                0x00002250                PWM_BACKLIGHT_WriteCompare
 .text.PWM_BACKLIGHT_SetInterruptMode
                0x0000225c        0xc .\CortexM3\ARM_GCC_541\Debug\Riaszto.a(PWM_BACKLIGHT.o)
                0x0000225c                PWM_BACKLIGHT_SetInterruptMode
 .text.PWM_BACKLIGHT_Init
                0x00002268       0x74 .\CortexM3\ARM_GCC_541\Debug\Riaszto.a(PWM_BACKLIGHT.o)
                0x00002268                PWM_BACKLIGHT_Init
 .text.PWM_BACKLIGHT_Start
                0x000022dc       0x1c .\CortexM3\ARM_GCC_541\Debug\Riaszto.a(PWM_BACKLIGHT.o)
                0x000022dc                PWM_BACKLIGHT_Start
 .text.PWM_BEEPER_Enable
                0x000022f8       0x28 .\CortexM3\ARM_GCC_541\Debug\Riaszto.a(PWM_BEEPER.o)
                0x000022f8                PWM_BEEPER_Enable
 .text.PWM_BEEPER_Stop
                0x00002320       0x28 .\CortexM3\ARM_GCC_541\Debug\Riaszto.a(PWM_BEEPER.o)
                0x00002320                PWM_BEEPER_Stop
 .text.PWM_BEEPER_WritePeriod
                0x00002348        0xc .\CortexM3\ARM_GCC_541\Debug\Riaszto.a(PWM_BEEPER.o)
                0x00002348                PWM_BEEPER_WritePeriod
 .text.PWM_BEEPER_WriteCompare
                0x00002354        0xc .\CortexM3\ARM_GCC_541\Debug\Riaszto.a(PWM_BEEPER.o)
                0x00002354                PWM_BEEPER_WriteCompare
 .text.PWM_BEEPER_SetInterruptMode
                0x00002360        0xc .\CortexM3\ARM_GCC_541\Debug\Riaszto.a(PWM_BEEPER.o)
                0x00002360                PWM_BEEPER_SetInterruptMode
 .text.PWM_BEEPER_Init
                0x0000236c       0x74 .\CortexM3\ARM_GCC_541\Debug\Riaszto.a(PWM_BEEPER.o)
                0x0000236c                PWM_BEEPER_Init
 .text.PWM_BEEPER_Start
                0x000023e0       0x1c .\CortexM3\ARM_GCC_541\Debug\Riaszto.a(PWM_BEEPER.o)
                0x000023e0                PWM_BEEPER_Start
 .text.ADC_SAR_PR_CalcGain
                0x000023fc       0x64 .\CortexM3\ARM_GCC_541\Debug\Riaszto.a(ADC_SAR_PR.o)
 .text.ADC_SAR_PR_Enable
                0x00002460       0x94 .\CortexM3\ARM_GCC_541\Debug\Riaszto.a(ADC_SAR_PR.o)
                0x00002460                ADC_SAR_PR_Enable
 .text.ADC_SAR_PR_SetResolution
                0x000024f4       0x38 .\CortexM3\ARM_GCC_541\Debug\Riaszto.a(ADC_SAR_PR.o)
                0x000024f4                ADC_SAR_PR_SetResolution
 .text.ADC_SAR_PR_Init
                0x0000252c       0x3c .\CortexM3\ARM_GCC_541\Debug\Riaszto.a(ADC_SAR_PR.o)
                0x0000252c                ADC_SAR_PR_Init
 .text.ADC_SAR_PR_Start
                0x00002568       0x1c .\CortexM3\ARM_GCC_541\Debug\Riaszto.a(ADC_SAR_PR.o)
                0x00002568                ADC_SAR_PR_Start
 .text.ADC_SAR_PR_StartConvert
                0x00002584       0x10 .\CortexM3\ARM_GCC_541\Debug\Riaszto.a(ADC_SAR_PR.o)
                0x00002584                ADC_SAR_PR_StartConvert
 .text.ADC_SAR_PR_GetResult16
                0x00002594       0x18 .\CortexM3\ARM_GCC_541\Debug\Riaszto.a(ADC_SAR_PR.o)
                0x00002594                ADC_SAR_PR_GetResult16
 .text.ADC_SAR_PR_ISR
                0x000025ac        0x4 .\CortexM3\ARM_GCC_541\Debug\Riaszto.a(ADC_SAR_PR_INT.o)
                0x000025ac                ADC_SAR_PR_ISR
 .text.EEPROM_Enable
                0x000025b0        0xc .\CortexM3\ARM_GCC_541\Debug\Riaszto.a(EEPROM.o)
                0x000025b0                EEPROM_Enable
 .text.EEPROM_Start
                0x000025bc        0x8 .\CortexM3\ARM_GCC_541\Debug\Riaszto.a(EEPROM.o)
                0x000025bc                EEPROM_Start
 .text.EEPROM_WriteByte
                0x000025c4       0xd0 .\CortexM3\ARM_GCC_541\Debug\Riaszto.a(EEPROM.o)
                0x000025c4                EEPROM_WriteByte
 .text.EEPROM_ReadByte
                0x00002694       0x28 .\CortexM3\ARM_GCC_541\Debug\Riaszto.a(EEPROM.o)
                0x00002694                EEPROM_ReadByte
 .text.EEPROM_Write
                0x000026bc       0xb4 .\CortexM3\ARM_GCC_541\Debug\Riaszto.a(EEPROM.o)
                0x000026bc                EEPROM_Write
 .text.UART_GSM_Init
                0x00002770       0x28 .\CortexM3\ARM_GCC_541\Debug\Riaszto.a(UART_GSM.o)
                0x00002770                UART_GSM_Init
 .text.UART_GSM_Enable
                0x00002798       0x38 .\CortexM3\ARM_GCC_541\Debug\Riaszto.a(UART_GSM.o)
                0x00002798                UART_GSM_Enable
 .text.UART_GSM_Start
                0x000027d0       0x1c .\CortexM3\ARM_GCC_541\Debug\Riaszto.a(UART_GSM.o)
                0x000027d0                UART_GSM_Start
 .text.UART_GSM_GetChar
                0x000027ec       0x2c .\CortexM3\ARM_GCC_541\Debug\Riaszto.a(UART_GSM.o)
                0x000027ec                UART_GSM_GetChar
 .text.UART_GSM_GetRxBufferSize
                0x00002818       0x18 .\CortexM3\ARM_GCC_541\Debug\Riaszto.a(UART_GSM.o)
                0x00002818                UART_GSM_GetRxBufferSize
 .text.UART_GSM_PutChar
                0x00002830       0x18 .\CortexM3\ARM_GCC_541\Debug\Riaszto.a(UART_GSM.o)
                0x00002830                UART_GSM_PutChar
 .text.VDAC8_Enable
                0x00002848       0x1c .\CortexM3\ARM_GCC_541\Debug\Riaszto.a(VDAC8.o)
                0x00002848                VDAC8_Enable
 .text.VDAC8_SetSpeed
                0x00002864       0x1c .\CortexM3\ARM_GCC_541\Debug\Riaszto.a(VDAC8.o)
                0x00002864                VDAC8_SetSpeed
 .text.VDAC8_SetValue
                0x00002880        0xc .\CortexM3\ARM_GCC_541\Debug\Riaszto.a(VDAC8.o)
                0x00002880                VDAC8_SetValue
 .text.VDAC8_DacTrim
                0x0000288c       0x24 .\CortexM3\ARM_GCC_541\Debug\Riaszto.a(VDAC8.o)
                0x0000288c                VDAC8_DacTrim
 .text.VDAC8_SetRange
                0x000028b0       0x20 .\CortexM3\ARM_GCC_541\Debug\Riaszto.a(VDAC8.o)
                0x000028b0                VDAC8_SetRange
 .text.VDAC8_Init
                0x000028d0       0x20 .\CortexM3\ARM_GCC_541\Debug\Riaszto.a(VDAC8.o)
                0x000028d0                VDAC8_Init
 .text.VDAC8_Start
                0x000028f0       0x24 .\CortexM3\ARM_GCC_541\Debug\Riaszto.a(VDAC8.o)
                0x000028f0                VDAC8_Start
 .text.SPIM_IntClock_Start
                0x00002914       0x1c .\CortexM3\ARM_GCC_541\Debug\Riaszto.a(SPIM_IntClock.o)
                0x00002914                SPIM_IntClock_Start
 .text.UART_IntClock_Start
                0x00002930       0x1c .\CortexM3\ARM_GCC_541\Debug\Riaszto.a(UART_IntClock.o)
                0x00002930                UART_IntClock_Start
 .text.ADC_SAR_RADAR_IRQ_SetVector
                0x0000294c        0xc .\CortexM3\ARM_GCC_541\Debug\Riaszto.a(ADC_SAR_RADAR_IRQ.o)
                0x0000294c                ADC_SAR_RADAR_IRQ_SetVector
 .text.ADC_SAR_RADAR_IRQ_SetPriority
                0x00002958       0x10 .\CortexM3\ARM_GCC_541\Debug\Riaszto.a(ADC_SAR_RADAR_IRQ.o)
                0x00002958                ADC_SAR_RADAR_IRQ_SetPriority
 .text.ADC_SAR_RADAR_IRQ_Enable
                0x00002968        0xc .\CortexM3\ARM_GCC_541\Debug\Riaszto.a(ADC_SAR_RADAR_IRQ.o)
                0x00002968                ADC_SAR_RADAR_IRQ_Enable
 .text.ADC_SAR_RADAR_IRQ_Disable
                0x00002974        0xc .\CortexM3\ARM_GCC_541\Debug\Riaszto.a(ADC_SAR_RADAR_IRQ.o)
                0x00002974                ADC_SAR_RADAR_IRQ_Disable
 .text.ADC_SAR_RADAR_IRQ_StartEx
                0x00002980       0x1c .\CortexM3\ARM_GCC_541\Debug\Riaszto.a(ADC_SAR_RADAR_IRQ.o)
                0x00002980                ADC_SAR_RADAR_IRQ_StartEx
 .text.ADC_SAR_RADAR_theACLK_SetModeRegister
                0x0000299c       0x14 .\CortexM3\ARM_GCC_541\Debug\Riaszto.a(ADC_SAR_RADAR_theACLK.o)
                0x0000299c                ADC_SAR_RADAR_theACLK_SetModeRegister
 .text.ADC_SAR_PR_theACLK_SetModeRegister
                0x000029b0       0x14 .\CortexM3\ARM_GCC_541\Debug\Riaszto.a(ADC_SAR_PR_theACLK.o)
                0x000029b0                ADC_SAR_PR_theACLK_SetModeRegister
 .text.UART_GSM_IntClock_Start
                0x000029c4       0x1c .\CortexM3\ARM_GCC_541\Debug\Riaszto.a(UART_GSM_IntClock.o)
                0x000029c4                UART_GSM_IntClock_Start
 .text.CySetTempInt
                0x000029e0       0x60 .\CortexM3\ARM_GCC_541\Debug\Riaszto.a(CyFlash.o)
 .text.CyFlashGetSpcAlgorithm
                0x00002a40       0x4c .\CortexM3\ARM_GCC_541\Debug\Riaszto.a(CyFlash.o)
                0x00002a40                CyFlashGetSpcAlgorithm
 .text.CySetTemp
                0x00002a8c       0x14 .\CortexM3\ARM_GCC_541\Debug\Riaszto.a(CyFlash.o)
                0x00002a8c                CySetTemp
 .text.CyEEPROM_Start
                0x00002aa0       0x54 .\CortexM3\ARM_GCC_541\Debug\Riaszto.a(CyFlash.o)
                0x00002aa0                CyEEPROM_Start
 .text.CyEEPROM_ReadReserve
                0x00002af4       0x1c .\CortexM3\ARM_GCC_541\Debug\Riaszto.a(CyFlash.o)
                0x00002af4                CyEEPROM_ReadReserve
 .text.CyEEPROM_ReadRelease
                0x00002b10       0x10 .\CortexM3\ARM_GCC_541\Debug\Riaszto.a(CyFlash.o)
                0x00002b10                CyEEPROM_ReadRelease
 .text.CyHalt   0x00002b20        0x4 .\CortexM3\ARM_GCC_541\Debug\Riaszto.a(CyLib.o)
                0x00002b20                CyHalt
 .text.CyDelay  0x00002b24       0x2c .\CortexM3\ARM_GCC_541\Debug\Riaszto.a(CyLib.o)
                0x00002b24                CyDelay
 .text.CyDelayUs
                0x00002b50       0x14 .\CortexM3\ARM_GCC_541\Debug\Riaszto.a(CyLib.o)
                0x00002b50                CyDelayUs
 .text.CyIntSetVector
                0x00002b64       0x28 .\CortexM3\ARM_GCC_541\Debug\Riaszto.a(CyLib.o)
                0x00002b64                CyIntSetVector
 .text.CyIntSetPriority
                0x00002b8c       0x30 .\CortexM3\ARM_GCC_541\Debug\Riaszto.a(CyLib.o)
                0x00002b8c                CyIntSetPriority
 .text.CySpcStart
                0x00002bbc       0x24 .\CortexM3\ARM_GCC_541\Debug\Riaszto.a(CySpc.o)
                0x00002bbc                CySpcStart
 .text.CySpcReadData
                0x00002be0       0x34 .\CortexM3\ARM_GCC_541\Debug\Riaszto.a(CySpc.o)
                0x00002be0                CySpcReadData
 .text.CySpcLoadMultiByte
                0x00002c14       0x78 .\CortexM3\ARM_GCC_541\Debug\Riaszto.a(CySpc.o)
                0x00002c14                CySpcLoadMultiByte
 .text.CySpcLoadRow
                0x00002c8c       0x50 .\CortexM3\ARM_GCC_541\Debug\Riaszto.a(CySpc.o)
                0x00002c8c                CySpcLoadRow
 .text.CySpcWriteRow
                0x00002cdc       0x4c .\CortexM3\ARM_GCC_541\Debug\Riaszto.a(CySpc.o)
                0x00002cdc                CySpcWriteRow
 .text.CySpcGetTemp
                0x00002d28       0x3c .\CortexM3\ARM_GCC_541\Debug\Riaszto.a(CySpc.o)
                0x00002d28                CySpcGetTemp
 .text.CySpcLock
                0x00002d64       0x4c .\CortexM3\ARM_GCC_541\Debug\Riaszto.a(CySpc.o)
                0x00002d64                CySpcLock
 .text.CySpcUnlock
                0x00002db0       0x38 .\CortexM3\ARM_GCC_541\Debug\Riaszto.a(CySpc.o)
                0x00002db0                CySpcUnlock
 .text.CySpcGetAlgorithm
                0x00002de8       0x28 .\CortexM3\ARM_GCC_541\Debug\Riaszto.a(CySpc.o)
                0x00002de8                CySpcGetAlgorithm
 .text          0x00002e10       0x20 .\CortexM3\ARM_GCC_541\Debug\Riaszto.a(CyBootAsmGnu.o)
                0x00002e10                CyDelayCycles
                0x00002e20                CyEnterCriticalSection
                0x00002e28                CyExitCriticalSection
 .text.__errno  0x00002e30        0xc c:/program files (x86)/cypress/psoc creator/4.4/psoc creator/import/gnu/arm/5.4.1/bin/../lib/gcc/arm-none-eabi/5.4.1/../../../../arm-none-eabi/lib/armv7-m\libg_nano.a(lib_a-errno.o)
                0x00002e30                __errno
 .text.__libc_init_array
                0x00002e3c       0x4c c:/program files (x86)/cypress/psoc creator/4.4/psoc creator/import/gnu/arm/5.4.1/bin/../lib/gcc/arm-none-eabi/5.4.1/../../../../arm-none-eabi/lib/armv7-m\libg_nano.a(lib_a-init.o)
                0x00002e3c                __libc_init_array
 .text.malloc   0x00002e88       0x10 c:/program files (x86)/cypress/psoc creator/4.4/psoc creator/import/gnu/arm/5.4.1/bin/../lib/gcc/arm-none-eabi/5.4.1/../../../../arm-none-eabi/lib/armv7-m\libg_nano.a(lib_a-malloc.o)
                0x00002e88                malloc
 .text.free     0x00002e98       0x10 c:/program files (x86)/cypress/psoc creator/4.4/psoc creator/import/gnu/arm/5.4.1/bin/../lib/gcc/arm-none-eabi/5.4.1/../../../../arm-none-eabi/lib/armv7-m\libg_nano.a(lib_a-malloc.o)
                0x00002e98                free
 .text.memcpy   0x00002ea8       0x16 c:/program files (x86)/cypress/psoc creator/4.4/psoc creator/import/gnu/arm/5.4.1/bin/../lib/gcc/arm-none-eabi/5.4.1/../../../../arm-none-eabi/lib/armv7-m\libg_nano.a(lib_a-memcpy-stub.o)
                0x00002ea8                memcpy
 .text.memset   0x00002ebe       0x10 c:/program files (x86)/cypress/psoc creator/4.4/psoc creator/import/gnu/arm/5.4.1/bin/../lib/gcc/arm-none-eabi/5.4.1/../../../../arm-none-eabi/lib/armv7-m\libg_nano.a(lib_a-memset.o)
                0x00002ebe                memset
 *fill*         0x00002ece        0x2 
 .text._free_r  0x00002ed0       0x98 c:/program files (x86)/cypress/psoc creator/4.4/psoc creator/import/gnu/arm/5.4.1/bin/../lib/gcc/arm-none-eabi/5.4.1/../../../../arm-none-eabi/lib/armv7-m\libg_nano.a(lib_a-nano-freer.o)
                0x00002ed0                _free_r
 .text._malloc_r
                0x00002f68       0xbc c:/program files (x86)/cypress/psoc creator/4.4/psoc creator/import/gnu/arm/5.4.1/bin/../lib/gcc/arm-none-eabi/5.4.1/../../../../arm-none-eabi/lib/armv7-m\libg_nano.a(lib_a-nano-mallocr.o)
                0x00002f68                _malloc_r
 .text._sbrk_r  0x00003024       0x20 c:/program files (x86)/cypress/psoc creator/4.4/psoc creator/import/gnu/arm/5.4.1/bin/../lib/gcc/arm-none-eabi/5.4.1/../../../../arm-none-eabi/lib/armv7-m\libg_nano.a(lib_a-sbrkr.o)
                0x00003024                _sbrk_r
 .text.sprintf  0x00003044       0x48 c:/program files (x86)/cypress/psoc creator/4.4/psoc creator/import/gnu/arm/5.4.1/bin/../lib/gcc/arm-none-eabi/5.4.1/../../../../arm-none-eabi/lib/armv7-m\libg_nano.a(lib_a-sprintf.o)
                0x00003044                siprintf
                0x00003044                sprintf
 .text          0x0000308c       0x10 c:/program files (x86)/cypress/psoc creator/4.4/psoc creator/import/gnu/arm/5.4.1/bin/../lib/gcc/arm-none-eabi/5.4.1/../../../../arm-none-eabi/lib/armv7-m\libg_nano.a(lib_a-strlen.o)
                0x0000308c                strlen
 .text.__malloc_lock
                0x0000309c        0x2 c:/program files (x86)/cypress/psoc creator/4.4/psoc creator/import/gnu/arm/5.4.1/bin/../lib/gcc/arm-none-eabi/5.4.1/../../../../arm-none-eabi/lib/armv7-m\libg_nano.a(lib_a-mlock.o)
                0x0000309c                __malloc_lock
 .text.__malloc_unlock
                0x0000309e        0x2 c:/program files (x86)/cypress/psoc creator/4.4/psoc creator/import/gnu/arm/5.4.1/bin/../lib/gcc/arm-none-eabi/5.4.1/../../../../arm-none-eabi/lib/armv7-m\libg_nano.a(lib_a-mlock.o)
                0x0000309e                __malloc_unlock
 .text.__ssputs_r
                0x000030a0       0xb2 c:/program files (x86)/cypress/psoc creator/4.4/psoc creator/import/gnu/arm/5.4.1/bin/../lib/gcc/arm-none-eabi/5.4.1/../../../../arm-none-eabi/lib/armv7-m\libg_nano.a(lib_a-nano-svfprintf.o)
                0x000030a0                __ssputs_r
 *fill*         0x00003152        0x2 
 .text._svfprintf_r
                0x00003154      0x1e8 c:/program files (x86)/cypress/psoc creator/4.4/psoc creator/import/gnu/arm/5.4.1/bin/../lib/gcc/arm-none-eabi/5.4.1/../../../../arm-none-eabi/lib/armv7-m\libg_nano.a(lib_a-nano-svfprintf.o)
                0x00003154                _svfiprintf_r
                0x00003154                _svfprintf_r
 .text._printf_common
                0x0000333c       0xec c:/program files (x86)/cypress/psoc creator/4.4/psoc creator/import/gnu/arm/5.4.1/bin/../lib/gcc/arm-none-eabi/5.4.1/../../../../arm-none-eabi/lib/armv7-m\libg_nano.a(lib_a-nano-vfprintf_i.o)
                0x0000333c                _printf_common
 .text._printf_i
                0x00003428      0x24c c:/program files (x86)/cypress/psoc creator/4.4/psoc creator/import/gnu/arm/5.4.1/bin/../lib/gcc/arm-none-eabi/5.4.1/../../../../arm-none-eabi/lib/armv7-m\libg_nano.a(lib_a-nano-vfprintf_i.o)
                0x00003428                _printf_i
 .text.memchr   0x00003674       0x1c c:/program files (x86)/cypress/psoc creator/4.4/psoc creator/import/gnu/arm/5.4.1/bin/../lib/gcc/arm-none-eabi/5.4.1/../../../../arm-none-eabi/lib/armv7-m\libg_nano.a(lib_a-memchr-stub.o)
                0x00003674                memchr
 .text.memmove  0x00003690       0x36 c:/program files (x86)/cypress/psoc creator/4.4/psoc creator/import/gnu/arm/5.4.1/bin/../lib/gcc/arm-none-eabi/5.4.1/../../../../arm-none-eabi/lib/armv7-m\libg_nano.a(lib_a-memmove.o)
                0x00003690                memmove
 .text._realloc_r
                0x000036c6       0x4c c:/program files (x86)/cypress/psoc creator/4.4/psoc creator/import/gnu/arm/5.4.1/bin/../lib/gcc/arm-none-eabi/5.4.1/../../../../arm-none-eabi/lib/armv7-m\libg_nano.a(lib_a-nano-reallocr.o)
                0x000036c6                _realloc_r
 .text._malloc_usable_size_r
                0x00003712       0x14 c:/program files (x86)/cypress/psoc creator/4.4/psoc creator/import/gnu/arm/5.4.1/bin/../lib/gcc/arm-none-eabi/5.4.1/../../../../arm-none-eabi/lib/armv7-m\libg_nano.a(lib_a-nano-msizer.o)
                0x00003712                _malloc_usable_size_r
 *(.plt)
 *(.gnu.warning)
 *(.glue_7t)
 .glue_7t       0x00003726        0x0 linker stubs
 *(.glue_7)
 .glue_7        0x00003726        0x0 linker stubs
 *(.vfp11_veneer)
 .vfp11_veneer  0x00003726        0x0 linker stubs
 *(.bootloader)
 *(.ARM.extab* .gnu.linkonce.armextab.*)
 *(.gcc_except_table)

.v4_bx          0x00003728        0x0
 .v4_bx         0x00003728        0x0 linker stubs

.iplt           0x00003728        0x0
 .iplt          0x00003728        0x0 c:/program files (x86)/cypress/psoc creator/4.4/psoc creator/import/gnu/arm/5.4.1/bin/../lib/gcc/arm-none-eabi/5.4.1/armv7-m/crtbegin.o

.eh_frame_hdr
 *(.eh_frame_hdr)

.eh_frame       0x00003728        0x4
 *(.eh_frame)
 .eh_frame      0x00003728        0x0 c:/program files (x86)/cypress/psoc creator/4.4/psoc creator/import/gnu/arm/5.4.1/bin/../lib/gcc/arm-none-eabi/5.4.1/armv7-m/crtbegin.o
 .eh_frame      0x00003728        0x4 c:/program files (x86)/cypress/psoc creator/4.4/psoc creator/import/gnu/arm/5.4.1/bin/../lib/gcc/arm-none-eabi/5.4.1/armv7-m/crtend.o
                [!provide]                PROVIDE (__exidx_start, .)

.ARM.exidx
 *(.ARM.exidx* .gnu.linkonce.armexidx.*)
                0x0000372c                __exidx_end = .

.rodata         0x0000372c      0x334
 *(.rodata .rodata.* .gnu.linkonce.r.*)
 .rodata.str1.4
                0x0000372c       0xbc .\CortexM3\ARM_GCC_541\Debug\main.o
                                 0xc8 (size before relaxing)
 .rodata.str1.4
                0x000037e8       0x1d .\CortexM3\ARM_GCC_541\Debug\d1302.o
 *fill*         0x00003805        0x3 
 .rodata.str1.4
                0x00003808       0x15 .\CortexM3\ARM_GCC_541\Debug\TaskFIFO.o
 .rodata.str1.4
                0x0000381d        0xd .\CortexM3\ARM_GCC_541\Debug\PeriodicTask.o
 *fill*         0x0000381d        0x3 
 .rodata.str1.4
                0x00003820        0x5 .\CortexM3\ARM_GCC_541\Debug\hb100movement.o
 *fill*         0x00003825        0x3 
 .rodata.str1.4
                0x00003828      0x180 .\CortexM3\ARM_GCC_541\Debug\SettingsHelper.o
                                0x184 (size before relaxing)
 .rodata        0x000039a8       0x4c .\CortexM3\ARM_GCC_541\Debug\cyfitter_cfg.o
 .rodata.str1.1
                0x000039f4        0x2 c:/program files (x86)/cypress/psoc creator/4.4/psoc creator/import/gnu/arm/5.4.1/bin/../lib/gcc/arm-none-eabi/5.4.1/../../../../arm-none-eabi/lib/armv7-m\libg_nano.a(lib_a-impure.o)
 .rodata.str1.1
                0x000039f6       0x11 c:/program files (x86)/cypress/psoc creator/4.4/psoc creator/import/gnu/arm/5.4.1/bin/../lib/gcc/arm-none-eabi/5.4.1/../../../../arm-none-eabi/lib/armv7-m\libg_nano.a(lib_a-nano-svfprintf.o)
 .rodata.str1.1
                0x00003a07       0x22 c:/program files (x86)/cypress/psoc creator/4.4/psoc creator/import/gnu/arm/5.4.1/bin/../lib/gcc/arm-none-eabi/5.4.1/../../../../arm-none-eabi/lib/armv7-m\libg_nano.a(lib_a-nano-vfprintf_i.o)
                0x00003a2c                . = ALIGN (0x4)
 *fill*         0x00003a29        0x3 
 *(.init)
 .init          0x00003a2c        0x4 c:/program files (x86)/cypress/psoc creator/4.4/psoc creator/import/gnu/arm/5.4.1/bin/../lib/gcc/arm-none-eabi/5.4.1/armv7-m/crti.o
                0x00003a2c                _init
 .init          0x00003a30        0x8 c:/program files (x86)/cypress/psoc creator/4.4/psoc creator/import/gnu/arm/5.4.1/bin/../lib/gcc/arm-none-eabi/5.4.1/armv7-m/crtn.o
                0x00003a38                . = ALIGN (0x4)
                0x00003a38                __preinit_array_start = .
 *(.preinit_array)
                0x00003a38                __preinit_array_end = .
                0x00003a38                . = ALIGN (0x4)
                0x00003a38                __init_array_start = .
 *(SORT(.init_array.*))
 *(.init_array)
 .init_array    0x00003a38        0x4 c:/program files (x86)/cypress/psoc creator/4.4/psoc creator/import/gnu/arm/5.4.1/bin/../lib/gcc/arm-none-eabi/5.4.1/armv7-m/crtbegin.o
 .init_array    0x00003a3c        0x4 .\CortexM3\ARM_GCC_541\Debug\Cm3Start.o
                0x00003a40                __init_array_end = .
                0x00003a40                . = ALIGN (0x4)
 *(.fini)
 .fini          0x00003a40        0x4 c:/program files (x86)/cypress/psoc creator/4.4/psoc creator/import/gnu/arm/5.4.1/bin/../lib/gcc/arm-none-eabi/5.4.1/armv7-m/crti.o
                0x00003a40                _fini
 .fini          0x00003a44        0x8 c:/program files (x86)/cypress/psoc creator/4.4/psoc creator/import/gnu/arm/5.4.1/bin/../lib/gcc/arm-none-eabi/5.4.1/armv7-m/crtn.o
                0x00003a4c                . = ALIGN (0x4)
                0x00003a4c                __fini_array_start = .
 *(.fini_array)
 .fini_array    0x00003a4c        0x4 c:/program files (x86)/cypress/psoc creator/4.4/psoc creator/import/gnu/arm/5.4.1/bin/../lib/gcc/arm-none-eabi/5.4.1/armv7-m/crtbegin.o
 *(SORT(.fini_array.*))
                0x00003a50                __fini_array_end = .
                0x00003a50                . = ALIGN (0x4)
 *crtbegin.o(.ctors)
 *(EXCLUDE_FILE(*crtend.o) .ctors)
 *(SORT(.ctors.*))
 *crtend.o(.ctors)
                0x00003a50                . = ALIGN (0x4)
 *crtbegin.o(.dtors)
 *(EXCLUDE_FILE(*crtend.o) .dtors)
 *(SORT(.dtors.*))
 *crtend.o(.dtors)
                0x00003a50                . = ALIGN (0x4)
                0x00003a50                __cy_regions = .
                0x00003a50        0x4 LONG 0x3a60 __cy_region_init_ram
                0x00003a54        0x4 LONG 0x1fff80c8 __cy_region_start_data
                0x00003a58        0x4 LONG 0x148 __cy_region_init_size_ram
                0x00003a5c        0x4 LONG 0x128 __cy_region_zero_size_ram
                0x00003a60                __cy_regions_end = .
                0x00003a60                . = ALIGN (0x8)
                0x00003a60                _etext = .

.cy_checksum_exclude
                0x00003a60        0x0
 *(.cy_checksum_exclude)

.ramvectors     0x1fff8000       0xc0
                0x1fff8000                __cy_region_start_ram = .
 *(.ramvectors)
 .ramvectors    0x1fff8000       0xc0 .\CortexM3\ARM_GCC_541\Debug\Cm3Start.o
                0x1fff8000                CyRamVectors

.noinit         0x1fff80c0        0x1
 *(.noinit)
 .noinit        0x1fff80c0        0x1 .\CortexM3\ARM_GCC_541\Debug\Riaszto.a(CyLib.o)
                0x1fff80c0                CyResetStatus

.data           0x1fff80c8      0x148 load address 0x00003a60
                0x1fff80c8                __cy_region_start_data = .
 *(.jcr)
 .jcr           0x1fff80c8        0x0 c:/program files (x86)/cypress/psoc creator/4.4/psoc creator/import/gnu/arm/5.4.1/bin/../lib/gcc/arm-none-eabi/5.4.1/armv7-m/crtbegin.o
 .jcr           0x1fff80c8        0x4 c:/program files (x86)/cypress/psoc creator/4.4/psoc creator/import/gnu/arm/5.4.1/bin/../lib/gcc/arm-none-eabi/5.4.1/armv7-m/crtend.o
 *(.got.plt)
 *(.got)
 *(.shdata)
 *(.data .data.* .gnu.linkonce.d.*)
 .data          0x1fff80cc        0x8 .\CortexM3\ARM_GCC_541\Debug\main.o
                0x1fff80cc                visual_counter_value
                0x1fff80ce                actual_substate
                0x1fff80cf                current_state
                0x1fff80d0                def
 .data          0x1fff80d4        0x2 .\CortexM3\ARM_GCC_541\Debug\hb100movement.o
                0x1fff80d4                minAmp
 *fill*         0x1fff80d6        0x2 
 .data          0x1fff80d8       0xbb .\CortexM3\ARM_GCC_541\Debug\SettingsHelper.o
                0x1fff80d8                CODE
                0x1fff80dc                menu_system
                0x1fff8184                actual_eeprom_addr
                0x1fff8188                PHONE_NUM
                0x1fff8192                NIGHT_TO
 *fill*         0x1fff8193        0x1 
 .data          0x1fff8194        0x4 .\CortexM3\ARM_GCC_541\Debug\Cm3Start.o
 .data          0x1fff8198       0x10 .\CortexM3\ARM_GCC_541\Debug\Riaszto.a(CyLib.o)
                0x1fff8198                cydelay_32k_ms
                0x1fff819c                cydelay_freq_khz
                0x1fff81a0                cydelay_freq_mhz
                0x1fff81a4                cydelay_freq_hz
 .data.impure_data
                0x1fff81a8       0x60 c:/program files (x86)/cypress/psoc creator/4.4/psoc creator/import/gnu/arm/5.4.1/bin/../lib/gcc/arm-none-eabi/5.4.1/../../../../arm-none-eabi/lib/armv7-m\libg_nano.a(lib_a-impure.o)
 .data._impure_ptr
                0x1fff8208        0x4 c:/program files (x86)/cypress/psoc creator/4.4/psoc creator/import/gnu/arm/5.4.1/bin/../lib/gcc/arm-none-eabi/5.4.1/../../../../arm-none-eabi/lib/armv7-m\libg_nano.a(lib_a-impure.o)
                0x1fff8208                _impure_ptr
                0x1fff8210                . = ALIGN (0x8)
 *fill*         0x1fff820c        0x4 
 *(.ram)
                0x1fff8210                _edata = .

.igot.plt       0x1fff8210        0x0 load address 0x00003ba8
 .igot.plt      0x1fff8210        0x0 c:/program files (x86)/cypress/psoc creator/4.4/psoc creator/import/gnu/arm/5.4.1/bin/../lib/gcc/arm-none-eabi/5.4.1/armv7-m/crtbegin.o

.bss            0x1fff8210      0x128 load address 0x00003ba8
                0x1fff8210                PROVIDE (__bss_start__, .)
 *(.shbss)
 *(.bss .bss.* .gnu.linkonce.b.*)
 .bss           0x1fff8210       0x1c c:/program files (x86)/cypress/psoc creator/4.4/psoc creator/import/gnu/arm/5.4.1/bin/../lib/gcc/arm-none-eabi/5.4.1/armv7-m/crtbegin.o
 .bss           0x1fff822c        0x3 .\CortexM3\ARM_GCC_541\Debug\main.o
                0x1fff822c                is_light_alert
                0x1fff822d                is_movement_alert
                0x1fff822e                is_reed_relay_alert
 .bss           0x1fff822f        0x2 .\CortexM3\ARM_GCC_541\Debug\Keypad.o
                0x1fff822f                PRESSED_KEY
                0x1fff8230                waiting_for_relese
 *fill*         0x1fff8231        0x3 
 .bss           0x1fff8234        0x8 .\CortexM3\ARM_GCC_541\Debug\hb100movement.o
                0x1fff8234                maxAmp
                0x1fff8238                lastCountRadar
 .bss           0x1fff823c        0xc .\CortexM3\ARM_GCC_541\Debug\SettingsHelper.o
                0x1fff823c                code_buffer_ind
                0x1fff823d                num_ind
                0x1fff823e                OUT_FROM_MENU
                0x1fff823f                new_code_buffer_ind
                0x1fff8240                NIGHT_FROM
                0x1fff8241                first_entered
                0x1fff8244                phone_num_buffer_ind
 .bss           0x1fff8248        0x2 .\CortexM3\ARM_GCC_541\Debug\Riaszto.a(LCD.o)
                0x1fff8248                LCD_enableState
                0x1fff8249                LCD_initVar
 .bss           0x1fff824a        0x1 .\CortexM3\ARM_GCC_541\Debug\Riaszto.a(SPIM.o)
                0x1fff824a                SPIM_initVar
 .bss           0x1fff824b        0x2 .\CortexM3\ARM_GCC_541\Debug\Riaszto.a(UART.o)
                0x1fff824b                UART_initVar
 .bss           0x1fff824d        0x1 .\CortexM3\ARM_GCC_541\Debug\Riaszto.a(ADC_SAR_RADAR.o)
                0x1fff824d                ADC_SAR_RADAR_initVar
 .bss           0x1fff824e        0x1 .\CortexM3\ARM_GCC_541\Debug\Riaszto.a(Timer.o)
                0x1fff824e                Timer_initVar
 .bss           0x1fff824f        0x1 .\CortexM3\ARM_GCC_541\Debug\Riaszto.a(PWM_BACKLIGHT.o)
                0x1fff824f                PWM_BACKLIGHT_initVar
 .bss           0x1fff8250        0x1 .\CortexM3\ARM_GCC_541\Debug\Riaszto.a(PWM_BEEPER.o)
                0x1fff8250                PWM_BEEPER_initVar
 .bss           0x1fff8251        0x1 .\CortexM3\ARM_GCC_541\Debug\Riaszto.a(ADC_SAR_PR.o)
                0x1fff8251                ADC_SAR_PR_initVar
 .bss           0x1fff8252        0x2 .\CortexM3\ARM_GCC_541\Debug\Riaszto.a(UART_GSM.o)
                0x1fff8252                UART_GSM_initVar
 .bss           0x1fff8254        0x1 .\CortexM3\ARM_GCC_541\Debug\Riaszto.a(VDAC8.o)
                0x1fff8254                VDAC8_initVar
 *fill*         0x1fff8255        0x3 
 .bss           0x1fff8258        0x8 .\CortexM3\ARM_GCC_541\Debug\Riaszto.a(CySpc.o)
                0x1fff8258                SpcLockState
 .bss.__malloc_sbrk_start
                0x1fff8260        0x4 c:/program files (x86)/cypress/psoc creator/4.4/psoc creator/import/gnu/arm/5.4.1/bin/../lib/gcc/arm-none-eabi/5.4.1/../../../../arm-none-eabi/lib/armv7-m\libg_nano.a(lib_a-nano-mallocr.o)
                0x1fff8260                __malloc_sbrk_start
 .bss.__malloc_free_list
                0x1fff8264        0x4 c:/program files (x86)/cypress/psoc creator/4.4/psoc creator/import/gnu/arm/5.4.1/bin/../lib/gcc/arm-none-eabi/5.4.1/../../../../arm-none-eabi/lib/armv7-m\libg_nano.a(lib_a-nano-mallocr.o)
                0x1fff8264                __malloc_free_list
 *(COMMON)
 COMMON         0x1fff8268       0x64 .\CortexM3\ARM_GCC_541\Debug\main.o
                0x1fff8268                timing_fifo
                0x1fff8270                tone_fifo
                0x1fff8278                full_phone_num
                0x1fff8288                p_tasks
                0x1fff8290                alert_sms
                0x1fff82b4                gsm_fifo
                0x1fff82bc                alert_message
 COMMON         0x1fff82cc       0x48 .\CortexM3\ARM_GCC_541\Debug\SettingsHelper.o
                0x1fff82cc                phone_num_temp_buffer
                0x1fff82d8                variable_to_be_displayed
                0x1fff82e8                actual_menu_item
                0x1fff82f4                new_code_buffer
                0x1fff82f8                num_buffer
                0x1fff8300                entered_code
                0x1fff8304                phone_num_buffer
                0x1fff8310                code_buffer
 COMMON         0x1fff8314        0xc .\CortexM3\ARM_GCC_541\Debug\Riaszto.a(ADC_SAR_RADAR.o)
                0x1fff8314                ADC_SAR_RADAR_countsPerVolt
                0x1fff8316                ADC_SAR_RADAR_offset
                0x1fff8318                ADC_SAR_RADAR_shift
                0x1fff831c                ADC_SAR_RADAR_countsPer10Volt
 COMMON         0x1fff8320        0xc .\CortexM3\ARM_GCC_541\Debug\Riaszto.a(ADC_SAR_PR.o)
                0x1fff8320                ADC_SAR_PR_offset
                0x1fff8322                ADC_SAR_PR_shift
                0x1fff8324                ADC_SAR_PR_countsPerVolt
                0x1fff8328                ADC_SAR_PR_countsPer10Volt
 COMMON         0x1fff832c        0x2 .\CortexM3\ARM_GCC_541\Debug\Riaszto.a(CyFlash.o)
                0x1fff832c                dieTemperature
 *fill*         0x1fff832e        0x2 
 COMMON         0x1fff8330        0x4 c:/program files (x86)/cypress/psoc creator/4.4/psoc creator/import/gnu/arm/5.4.1/bin/../lib/gcc/arm-none-eabi/5.4.1/../../../../arm-none-eabi/lib/armv7-m\libg_nano.a(lib_a-reent.o)
                0x1fff8330                errno
                0x1fff8338                . = ALIGN (0x8)
 *fill*         0x1fff8334        0x4 
 *(.ram.b)
                0x1fff8338                _end = .
                0x1fff8338                __end = .
                0x1fff8338                PROVIDE (end, .)
                0x1fff8338                PROVIDE (__bss_end__, .)
                0x00003a60                __cy_region_init_ram = LOADADDR (.data)
                0x00000148                __cy_region_init_size_ram = (_edata - ADDR (.data))
                0x00000128                __cy_region_zero_size_ram = (_end - _edata)

.heap           0x1fff8338      0x900 load address 0x00003ba8
                0x1fff8338                . = _end
                0x1fff8c38                . = (. + 0x900)
 *fill*         0x1fff8338      0x900 
                0x1fff8c38                __cy_heap_limit = .

.stack          0x20007000     0x1000
                0x20007000                __cy_stack_limit = .
                0x20008000                . = (. + 0x1000)
 *fill*         0x20007000     0x1000 
                0x00000001                ASSERT ((__cy_stack_limit >= __cy_heap_limit), region RAM overflowed with stack)
                0x00000000                cy_checksum_exclude_size = (CY_APPL_LOADABLE == 0x1)?SIZEOF (.cy_checksum_exclude):0x0
                0x00000001                ASSERT ((cy_checksum_exclude_size <= CY_CHECKSUM_EXCLUDE_SIZE), CY_BOOT: Section .cy_checksum_exclude size exceedes specified limit.)

.cyloadermeta
 *(.cyloadermeta)

.cyloadablemeta
 *(.cyloadablemeta)

.cyconfigecc    0x80000000      0xa34
 *(.cyconfigecc)
 .cyconfigecc   0x80000000      0xa34 .\CortexM3\ARM_GCC_541\Debug\cymetadata.o
                0x80000000                cy_meta_configecc

.cycustnvl      0x90000000        0x4
 *(.cycustnvl)
 .cycustnvl     0x90000000        0x4 .\CortexM3\ARM_GCC_541\Debug\cymetadata.o
                0x90000000                cy_meta_custnvl

.cywolatch      0x90100000        0x4
 *(.cywolatch)
 .cywolatch     0x90100000        0x4 .\CortexM3\ARM_GCC_541\Debug\cymetadata.o
                0x90100000                cy_meta_wonvl

.cyeeprom       0x90200000        0x0
 *(.cyeeprom)
                0x00000001                ASSERT ((. <= ((0x90200000 + ee_offset) + ee_size)), .cyeeprom data will not fit in EEPROM)

.cyflashprotect
                0x90400000      0x100
 *(.cyflashprotect)
 .cyflashprotect
                0x90400000      0x100 .\CortexM3\ARM_GCC_541\Debug\cymetadata.o
                0x90400000                cy_meta_flashprotect

.cymeta         0x90500000        0xc
 *(.cymeta)
 .cymeta        0x90500000        0xc .\CortexM3\ARM_GCC_541\Debug\cymetadata.o
                0x90500000                cy_metadata

.rel.dyn        0x00003ba8        0x0 load address 0x9050000c
 .rel.iplt      0x00003ba8        0x0 c:/program files (x86)/cypress/psoc creator/4.4/psoc creator/import/gnu/arm/5.4.1/bin/../lib/gcc/arm-none-eabi/5.4.1/armv7-m/crtbegin.o

.stab
 *(.stab)

.stabstr
 *(.stabstr)

.debug
 *(.debug)

.line
 *(.line)

.debug_srcinfo
 *(.debug_srcinfo)

.debug_sfnames
 *(.debug_sfnames)

.debug_aranges  0x00000000     0x1538
 *(.debug_aranges)
 .debug_aranges
                0x00000000       0xa0 .\CortexM3\ARM_GCC_541\Debug\main.o
 .debug_aranges
                0x000000a0       0x68 .\CortexM3\ARM_GCC_541\Debug\d1302.o
 .debug_aranges
                0x00000108       0x50 .\CortexM3\ARM_GCC_541\Debug\TaskFIFO.o
 .debug_aranges
                0x00000158       0x58 .\CortexM3\ARM_GCC_541\Debug\PeriodicTask.o
 .debug_aranges
                0x000001b0       0x30 .\CortexM3\ARM_GCC_541\Debug\Keypad.o
 .debug_aranges
                0x000001e0       0x30 .\CortexM3\ARM_GCC_541\Debug\hb100movement.o
 .debug_aranges
                0x00000210       0x48 .\CortexM3\ARM_GCC_541\Debug\EEPROM_Helper.o
 .debug_aranges
                0x00000258       0x40 .\CortexM3\ARM_GCC_541\Debug\GSMHandler.o
 .debug_aranges
                0x00000298       0xf0 .\CortexM3\ARM_GCC_541\Debug\SettingsHelper.o
 .debug_aranges
                0x00000388       0x58 .\CortexM3\ARM_GCC_541\Debug\cyfitter_cfg.o
 .debug_aranges
                0x000003e0       0x18 .\CortexM3\ARM_GCC_541\Debug\cymetadata.o
 .debug_aranges
                0x000003f8       0x48 .\CortexM3\ARM_GCC_541\Debug\Cm3Start.o
 .debug_aranges
                0x00000440       0x98 .\CortexM3\ARM_GCC_541\Debug\Riaszto.a(LCD.o)
 .debug_aranges
                0x000004d8       0x38 .\CortexM3\ARM_GCC_541\Debug\Riaszto.a(ROW1.o)
 .debug_aranges
                0x00000510       0x38 .\CortexM3\ARM_GCC_541\Debug\Riaszto.a(ROW2.o)
 .debug_aranges
                0x00000548       0x38 .\CortexM3\ARM_GCC_541\Debug\Riaszto.a(ROW3.o)
 .debug_aranges
                0x00000580       0x38 .\CortexM3\ARM_GCC_541\Debug\Riaszto.a(ROW4.o)
 .debug_aranges
                0x000005b8       0x38 .\CortexM3\ARM_GCC_541\Debug\Riaszto.a(COL1.o)
 .debug_aranges
                0x000005f0       0x38 .\CortexM3\ARM_GCC_541\Debug\Riaszto.a(COL2.o)
 .debug_aranges
                0x00000628       0x38 .\CortexM3\ARM_GCC_541\Debug\Riaszto.a(COL3.o)
 .debug_aranges
                0x00000660       0x38 .\CortexM3\ARM_GCC_541\Debug\Riaszto.a(COL4.o)
 .debug_aranges
                0x00000698       0xe8 .\CortexM3\ARM_GCC_541\Debug\Riaszto.a(SPIM.o)
 .debug_aranges
                0x00000780       0x38 .\CortexM3\ARM_GCC_541\Debug\Riaszto.a(SS.o)
 .debug_aranges
                0x000007b8       0xf0 .\CortexM3\ARM_GCC_541\Debug\Riaszto.a(UART.o)
 .debug_aranges
                0x000008a8       0xa8 .\CortexM3\ARM_GCC_541\Debug\Riaszto.a(ADC_SAR_RADAR.o)
 .debug_aranges
                0x00000950       0x88 .\CortexM3\ARM_GCC_541\Debug\Riaszto.a(Timer.o)
 .debug_aranges
                0x000009d8       0x80 .\CortexM3\ARM_GCC_541\Debug\Riaszto.a(isr_Timer.o)
 .debug_aranges
                0x00000a58       0x38 .\CortexM3\ARM_GCC_541\Debug\Riaszto.a(REED_RELAY.o)
 .debug_aranges
                0x00000a90       0x78 .\CortexM3\ARM_GCC_541\Debug\Riaszto.a(PWM_BACKLIGHT.o)
 .debug_aranges
                0x00000b08       0x78 .\CortexM3\ARM_GCC_541\Debug\Riaszto.a(PWM_BEEPER.o)
 .debug_aranges
                0x00000b80       0xa8 .\CortexM3\ARM_GCC_541\Debug\Riaszto.a(ADC_SAR_PR.o)
 .debug_aranges
                0x00000c28       0x20 .\CortexM3\ARM_GCC_541\Debug\Riaszto.a(ADC_SAR_PR_INT.o)
 .debug_aranges
                0x00000c48       0x78 .\CortexM3\ARM_GCC_541\Debug\Riaszto.a(EEPROM.o)
 .debug_aranges
                0x00000cc0       0xf0 .\CortexM3\ARM_GCC_541\Debug\Riaszto.a(UART_GSM.o)
 .debug_aranges
                0x00000db0       0x58 .\CortexM3\ARM_GCC_541\Debug\Riaszto.a(VDAC8.o)
 .debug_aranges
                0x00000e08       0x70 .\CortexM3\ARM_GCC_541\Debug\Riaszto.a(SPIM_IntClock.o)
 .debug_aranges
                0x00000e78       0x70 .\CortexM3\ARM_GCC_541\Debug\Riaszto.a(UART_IntClock.o)
 .debug_aranges
                0x00000ee8       0x80 .\CortexM3\ARM_GCC_541\Debug\Riaszto.a(ADC_SAR_RADAR_IRQ.o)
 .debug_aranges
                0x00000f68       0x80 .\CortexM3\ARM_GCC_541\Debug\Riaszto.a(ADC_SAR_RADAR_theACLK.o)
 .debug_aranges
                0x00000fe8       0x80 .\CortexM3\ARM_GCC_541\Debug\Riaszto.a(ADC_SAR_PR_theACLK.o)
 .debug_aranges
                0x00001068       0x70 .\CortexM3\ARM_GCC_541\Debug\Riaszto.a(UART_GSM_IntClock.o)
 .debug_aranges
                0x000010d8       0x88 .\CortexM3\ARM_GCC_541\Debug\Riaszto.a(CyFlash.o)
 .debug_aranges
                0x00001160      0x2a0 .\CortexM3\ARM_GCC_541\Debug\Riaszto.a(CyLib.o)
 .debug_aranges
                0x00001400       0x98 .\CortexM3\ARM_GCC_541\Debug\Riaszto.a(cyPm.o)
 .debug_aranges
                0x00001498       0x80 .\CortexM3\ARM_GCC_541\Debug\Riaszto.a(CySpc.o)
 .debug_aranges
                0x00001518       0x20 .\CortexM3\ARM_GCC_541\Debug\Riaszto.a(CyBootAsmGnu.o)

.debug_pubnames
 *(.debug_pubnames)

.debug_info     0x00000000     0xcbda
 *(.debug_info .gnu.linkonce.wi.*)
 .debug_info    0x00000000     0x145d .\CortexM3\ARM_GCC_541\Debug\main.o
 .debug_info    0x0000145d      0x59d .\CortexM3\ARM_GCC_541\Debug\d1302.o
 .debug_info    0x000019fa      0x4e6 .\CortexM3\ARM_GCC_541\Debug\TaskFIFO.o
 .debug_info    0x00001ee0      0x51c .\CortexM3\ARM_GCC_541\Debug\PeriodicTask.o
 .debug_info    0x000023fc      0x358 .\CortexM3\ARM_GCC_541\Debug\Keypad.o
 .debug_info    0x00002754      0x232 .\CortexM3\ARM_GCC_541\Debug\hb100movement.o
 .debug_info    0x00002986      0x313 .\CortexM3\ARM_GCC_541\Debug\EEPROM_Helper.o
 .debug_info    0x00002c99      0x54d .\CortexM3\ARM_GCC_541\Debug\GSMHandler.o
 .debug_info    0x000031e6     0x1319 .\CortexM3\ARM_GCC_541\Debug\SettingsHelper.o
 .debug_info    0x000044ff      0x676 .\CortexM3\ARM_GCC_541\Debug\cyfitter_cfg.o
 .debug_info    0x00004b75      0x139 .\CortexM3\ARM_GCC_541\Debug\cymetadata.o
 .debug_info    0x00004cae      0x3bb .\CortexM3\ARM_GCC_541\Debug\Cm3Start.o
 .debug_info    0x00005069      0x715 .\CortexM3\ARM_GCC_541\Debug\Riaszto.a(LCD.o)
 .debug_info    0x0000577e      0x11f .\CortexM3\ARM_GCC_541\Debug\Riaszto.a(ROW1.o)
 .debug_info    0x0000589d      0x11f .\CortexM3\ARM_GCC_541\Debug\Riaszto.a(ROW2.o)
 .debug_info    0x000059bc      0x11f .\CortexM3\ARM_GCC_541\Debug\Riaszto.a(ROW3.o)
 .debug_info    0x00005adb      0x11f .\CortexM3\ARM_GCC_541\Debug\Riaszto.a(ROW4.o)
 .debug_info    0x00005bfa      0x11f .\CortexM3\ARM_GCC_541\Debug\Riaszto.a(COL1.o)
 .debug_info    0x00005d19      0x11f .\CortexM3\ARM_GCC_541\Debug\Riaszto.a(COL2.o)
 .debug_info    0x00005e38      0x11f .\CortexM3\ARM_GCC_541\Debug\Riaszto.a(COL3.o)
 .debug_info    0x00005f57      0x11f .\CortexM3\ARM_GCC_541\Debug\Riaszto.a(COL4.o)
 .debug_info    0x00006076      0x4df .\CortexM3\ARM_GCC_541\Debug\Riaszto.a(SPIM.o)
 .debug_info    0x00006555      0x11f .\CortexM3\ARM_GCC_541\Debug\Riaszto.a(SS.o)
 .debug_info    0x00006674      0x60c .\CortexM3\ARM_GCC_541\Debug\Riaszto.a(UART.o)
 .debug_info    0x00006c80      0x5c0 .\CortexM3\ARM_GCC_541\Debug\Riaszto.a(ADC_SAR_RADAR.o)
 .debug_info    0x00007240      0x293 .\CortexM3\ARM_GCC_541\Debug\Riaszto.a(Timer.o)
 .debug_info    0x000074d3      0x2d2 .\CortexM3\ARM_GCC_541\Debug\Riaszto.a(isr_Timer.o)
 .debug_info    0x000077a5      0x11f .\CortexM3\ARM_GCC_541\Debug\Riaszto.a(REED_RELAY.o)
 .debug_info    0x000078c4      0x27f .\CortexM3\ARM_GCC_541\Debug\Riaszto.a(PWM_BACKLIGHT.o)
 .debug_info    0x00007b43      0x27f .\CortexM3\ARM_GCC_541\Debug\Riaszto.a(PWM_BEEPER.o)
 .debug_info    0x00007dc2      0x5c0 .\CortexM3\ARM_GCC_541\Debug\Riaszto.a(ADC_SAR_PR.o)
 .debug_info    0x00008382       0x92 .\CortexM3\ARM_GCC_541\Debug\Riaszto.a(ADC_SAR_PR_INT.o)
 .debug_info    0x00008414      0x630 .\CortexM3\ARM_GCC_541\Debug\Riaszto.a(EEPROM.o)
 .debug_info    0x00008a44      0x60c .\CortexM3\ARM_GCC_541\Debug\Riaszto.a(UART_GSM.o)
 .debug_info    0x00009050      0x1df .\CortexM3\ARM_GCC_541\Debug\Riaszto.a(VDAC8.o)
 .debug_info    0x0000922f      0x283 .\CortexM3\ARM_GCC_541\Debug\Riaszto.a(SPIM_IntClock.o)
 .debug_info    0x000094b2      0x283 .\CortexM3\ARM_GCC_541\Debug\Riaszto.a(UART_IntClock.o)
 .debug_info    0x00009735      0x2d2 .\CortexM3\ARM_GCC_541\Debug\Riaszto.a(ADC_SAR_RADAR_IRQ.o)
 .debug_info    0x00009a07      0x2c4 .\CortexM3\ARM_GCC_541\Debug\Riaszto.a(ADC_SAR_RADAR_theACLK.o)
 .debug_info    0x00009ccb      0x2c4 .\CortexM3\ARM_GCC_541\Debug\Riaszto.a(ADC_SAR_PR_theACLK.o)
 .debug_info    0x00009f8f      0x283 .\CortexM3\ARM_GCC_541\Debug\Riaszto.a(UART_GSM_IntClock.o)
 .debug_info    0x0000a212      0x64d .\CortexM3\ARM_GCC_541\Debug\Riaszto.a(CyFlash.o)
 .debug_info    0x0000a85f     0x1374 .\CortexM3\ARM_GCC_541\Debug\Riaszto.a(CyLib.o)
 .debug_info    0x0000bbd3      0xa2a .\CortexM3\ARM_GCC_541\Debug\Riaszto.a(cyPm.o)
 .debug_info    0x0000c5fd      0x550 .\CortexM3\ARM_GCC_541\Debug\Riaszto.a(CySpc.o)
 .debug_info    0x0000cb4d       0x8d .\CortexM3\ARM_GCC_541\Debug\Riaszto.a(CyBootAsmGnu.o)

.debug_abbrev   0x00000000     0x37e3
 *(.debug_abbrev)
 .debug_abbrev  0x00000000      0x244 .\CortexM3\ARM_GCC_541\Debug\main.o
 .debug_abbrev  0x00000244      0x15b .\CortexM3\ARM_GCC_541\Debug\d1302.o
 .debug_abbrev  0x0000039f      0x1cc .\CortexM3\ARM_GCC_541\Debug\TaskFIFO.o
 .debug_abbrev  0x0000056b      0x1df .\CortexM3\ARM_GCC_541\Debug\PeriodicTask.o
 .debug_abbrev  0x0000074a      0x126 .\CortexM3\ARM_GCC_541\Debug\Keypad.o
 .debug_abbrev  0x00000870      0x14d .\CortexM3\ARM_GCC_541\Debug\hb100movement.o
 .debug_abbrev  0x000009bd      0x12f .\CortexM3\ARM_GCC_541\Debug\EEPROM_Helper.o
 .debug_abbrev  0x00000aec      0x18c .\CortexM3\ARM_GCC_541\Debug\GSMHandler.o
 .debug_abbrev  0x00000c78      0x264 .\CortexM3\ARM_GCC_541\Debug\SettingsHelper.o
 .debug_abbrev  0x00000edc      0x20d .\CortexM3\ARM_GCC_541\Debug\cyfitter_cfg.o
 .debug_abbrev  0x000010e9       0x77 .\CortexM3\ARM_GCC_541\Debug\cymetadata.o
 .debug_abbrev  0x00001160      0x1e8 .\CortexM3\ARM_GCC_541\Debug\Cm3Start.o
 .debug_abbrev  0x00001348      0x157 .\CortexM3\ARM_GCC_541\Debug\Riaszto.a(LCD.o)
 .debug_abbrev  0x0000149f       0x90 .\CortexM3\ARM_GCC_541\Debug\Riaszto.a(ROW1.o)
 .debug_abbrev  0x0000152f       0x90 .\CortexM3\ARM_GCC_541\Debug\Riaszto.a(ROW2.o)
 .debug_abbrev  0x000015bf       0x90 .\CortexM3\ARM_GCC_541\Debug\Riaszto.a(ROW3.o)
 .debug_abbrev  0x0000164f       0x90 .\CortexM3\ARM_GCC_541\Debug\Riaszto.a(ROW4.o)
 .debug_abbrev  0x000016df       0x90 .\CortexM3\ARM_GCC_541\Debug\Riaszto.a(COL1.o)
 .debug_abbrev  0x0000176f       0x90 .\CortexM3\ARM_GCC_541\Debug\Riaszto.a(COL2.o)
 .debug_abbrev  0x000017ff       0x90 .\CortexM3\ARM_GCC_541\Debug\Riaszto.a(COL3.o)
 .debug_abbrev  0x0000188f       0x90 .\CortexM3\ARM_GCC_541\Debug\Riaszto.a(COL4.o)
 .debug_abbrev  0x0000191f      0x146 .\CortexM3\ARM_GCC_541\Debug\Riaszto.a(SPIM.o)
 .debug_abbrev  0x00001a65       0x90 .\CortexM3\ARM_GCC_541\Debug\Riaszto.a(SS.o)
 .debug_abbrev  0x00001af5      0x175 .\CortexM3\ARM_GCC_541\Debug\Riaszto.a(UART.o)
 .debug_abbrev  0x00001c6a      0x1ac .\CortexM3\ARM_GCC_541\Debug\Riaszto.a(ADC_SAR_RADAR.o)
 .debug_abbrev  0x00001e16      0x11a .\CortexM3\ARM_GCC_541\Debug\Riaszto.a(Timer.o)
 .debug_abbrev  0x00001f30      0x173 .\CortexM3\ARM_GCC_541\Debug\Riaszto.a(isr_Timer.o)
 .debug_abbrev  0x000020a3       0x90 .\CortexM3\ARM_GCC_541\Debug\Riaszto.a(REED_RELAY.o)
 .debug_abbrev  0x00002133      0x12d .\CortexM3\ARM_GCC_541\Debug\Riaszto.a(PWM_BACKLIGHT.o)
 .debug_abbrev  0x00002260      0x12d .\CortexM3\ARM_GCC_541\Debug\Riaszto.a(PWM_BEEPER.o)
 .debug_abbrev  0x0000238d      0x1ac .\CortexM3\ARM_GCC_541\Debug\Riaszto.a(ADC_SAR_PR.o)
 .debug_abbrev  0x00002539       0x42 .\CortexM3\ARM_GCC_541\Debug\Riaszto.a(ADC_SAR_PR_INT.o)
 .debug_abbrev  0x0000257b      0x14e .\CortexM3\ARM_GCC_541\Debug\Riaszto.a(EEPROM.o)
 .debug_abbrev  0x000026c9      0x175 .\CortexM3\ARM_GCC_541\Debug\Riaszto.a(UART_GSM.o)
 .debug_abbrev  0x0000283e       0xf7 .\CortexM3\ARM_GCC_541\Debug\Riaszto.a(VDAC8.o)
 .debug_abbrev  0x00002935      0x139 .\CortexM3\ARM_GCC_541\Debug\Riaszto.a(SPIM_IntClock.o)
 .debug_abbrev  0x00002a6e      0x139 .\CortexM3\ARM_GCC_541\Debug\Riaszto.a(UART_IntClock.o)
 .debug_abbrev  0x00002ba7      0x173 .\CortexM3\ARM_GCC_541\Debug\Riaszto.a(ADC_SAR_RADAR_IRQ.o)
 .debug_abbrev  0x00002d1a      0x121 .\CortexM3\ARM_GCC_541\Debug\Riaszto.a(ADC_SAR_RADAR_theACLK.o)
 .debug_abbrev  0x00002e3b      0x121 .\CortexM3\ARM_GCC_541\Debug\Riaszto.a(ADC_SAR_PR_theACLK.o)
 .debug_abbrev  0x00002f5c      0x139 .\CortexM3\ARM_GCC_541\Debug\Riaszto.a(UART_GSM_IntClock.o)
 .debug_abbrev  0x00003095      0x1a7 .\CortexM3\ARM_GCC_541\Debug\Riaszto.a(CyFlash.o)
 .debug_abbrev  0x0000323c      0x254 .\CortexM3\ARM_GCC_541\Debug\Riaszto.a(CyLib.o)
 .debug_abbrev  0x00003490      0x1ab .\CortexM3\ARM_GCC_541\Debug\Riaszto.a(cyPm.o)
 .debug_abbrev  0x0000363b      0x194 .\CortexM3\ARM_GCC_541\Debug\Riaszto.a(CySpc.o)
 .debug_abbrev  0x000037cf       0x14 .\CortexM3\ARM_GCC_541\Debug\Riaszto.a(CyBootAsmGnu.o)

.debug_line     0x00000000     0x5407
 *(.debug_line)
 .debug_line    0x00000000      0x467 .\CortexM3\ARM_GCC_541\Debug\main.o
 .debug_line    0x00000467      0x26c .\CortexM3\ARM_GCC_541\Debug\d1302.o
 .debug_line    0x000006d3      0x21a .\CortexM3\ARM_GCC_541\Debug\TaskFIFO.o
 .debug_line    0x000008ed      0x24e .\CortexM3\ARM_GCC_541\Debug\PeriodicTask.o
 .debug_line    0x00000b3b      0x278 .\CortexM3\ARM_GCC_541\Debug\Keypad.o
 .debug_line    0x00000db3      0x1c7 .\CortexM3\ARM_GCC_541\Debug\hb100movement.o
 .debug_line    0x00000f7a      0x1e4 .\CortexM3\ARM_GCC_541\Debug\EEPROM_Helper.o
 .debug_line    0x0000115e      0x1f6 .\CortexM3\ARM_GCC_541\Debug\GSMHandler.o
 .debug_line    0x00001354      0x576 .\CortexM3\ARM_GCC_541\Debug\SettingsHelper.o
 .debug_line    0x000018ca      0x218 .\CortexM3\ARM_GCC_541\Debug\cyfitter_cfg.o
 .debug_line    0x00001ae2      0x141 .\CortexM3\ARM_GCC_541\Debug\cymetadata.o
 .debug_line    0x00001c23      0x234 .\CortexM3\ARM_GCC_541\Debug\Cm3Start.o
 .debug_line    0x00001e57      0x1dc .\CortexM3\ARM_GCC_541\Debug\Riaszto.a(LCD.o)
 .debug_line    0x00002033       0x91 .\CortexM3\ARM_GCC_541\Debug\Riaszto.a(ROW1.o)
 .debug_line    0x000020c4       0x91 .\CortexM3\ARM_GCC_541\Debug\Riaszto.a(ROW2.o)
 .debug_line    0x00002155       0x91 .\CortexM3\ARM_GCC_541\Debug\Riaszto.a(ROW3.o)
 .debug_line    0x000021e6       0x91 .\CortexM3\ARM_GCC_541\Debug\Riaszto.a(ROW4.o)
 .debug_line    0x00002277       0x91 .\CortexM3\ARM_GCC_541\Debug\Riaszto.a(COL1.o)
 .debug_line    0x00002308       0x91 .\CortexM3\ARM_GCC_541\Debug\Riaszto.a(COL2.o)
 .debug_line    0x00002399       0x91 .\CortexM3\ARM_GCC_541\Debug\Riaszto.a(COL3.o)
 .debug_line    0x0000242a       0x91 .\CortexM3\ARM_GCC_541\Debug\Riaszto.a(COL4.o)
 .debug_line    0x000024bb      0x265 .\CortexM3\ARM_GCC_541\Debug\Riaszto.a(SPIM.o)
 .debug_line    0x00002720       0x8f .\CortexM3\ARM_GCC_541\Debug\Riaszto.a(SS.o)
 .debug_line    0x000027af      0x2bc .\CortexM3\ARM_GCC_541\Debug\Riaszto.a(UART.o)
 .debug_line    0x00002a6b      0x228 .\CortexM3\ARM_GCC_541\Debug\Riaszto.a(ADC_SAR_RADAR.o)
 .debug_line    0x00002c93      0x153 .\CortexM3\ARM_GCC_541\Debug\Riaszto.a(Timer.o)
 .debug_line    0x00002de6      0x136 .\CortexM3\ARM_GCC_541\Debug\Riaszto.a(isr_Timer.o)
 .debug_line    0x00002f1c       0x97 .\CortexM3\ARM_GCC_541\Debug\Riaszto.a(REED_RELAY.o)
 .debug_line    0x00002fb3      0x13b .\CortexM3\ARM_GCC_541\Debug\Riaszto.a(PWM_BACKLIGHT.o)
 .debug_line    0x000030ee      0x138 .\CortexM3\ARM_GCC_541\Debug\Riaszto.a(PWM_BEEPER.o)
 .debug_line    0x00003226      0x222 .\CortexM3\ARM_GCC_541\Debug\Riaszto.a(ADC_SAR_PR.o)
 .debug_line    0x00003448       0x57 .\CortexM3\ARM_GCC_541\Debug\Riaszto.a(ADC_SAR_PR_INT.o)
 .debug_line    0x0000349f      0x264 .\CortexM3\ARM_GCC_541\Debug\Riaszto.a(EEPROM.o)
 .debug_line    0x00003703      0x2c4 .\CortexM3\ARM_GCC_541\Debug\Riaszto.a(UART_GSM.o)
 .debug_line    0x000039c7       0xe2 .\CortexM3\ARM_GCC_541\Debug\Riaszto.a(VDAC8.o)
 .debug_line    0x00003aa9      0x17c .\CortexM3\ARM_GCC_541\Debug\Riaszto.a(SPIM_IntClock.o)
 .debug_line    0x00003c25      0x17c .\CortexM3\ARM_GCC_541\Debug\Riaszto.a(UART_IntClock.o)
 .debug_line    0x00003da1      0x13e .\CortexM3\ARM_GCC_541\Debug\Riaszto.a(ADC_SAR_RADAR_IRQ.o)
 .debug_line    0x00003edf      0x1a7 .\CortexM3\ARM_GCC_541\Debug\Riaszto.a(ADC_SAR_RADAR_theACLK.o)
 .debug_line    0x00004086      0x1a4 .\CortexM3\ARM_GCC_541\Debug\Riaszto.a(ADC_SAR_PR_theACLK.o)
 .debug_line    0x0000422a      0x180 .\CortexM3\ARM_GCC_541\Debug\Riaszto.a(UART_GSM_IntClock.o)
 .debug_line    0x000043aa      0x21a .\CortexM3\ARM_GCC_541\Debug\Riaszto.a(CyFlash.o)
 .debug_line    0x000045c4      0x816 .\CortexM3\ARM_GCC_541\Debug\Riaszto.a(CyLib.o)
 .debug_line    0x00004dda      0x367 .\CortexM3\ARM_GCC_541\Debug\Riaszto.a(cyPm.o)
 .debug_line    0x00005141      0x260 .\CortexM3\ARM_GCC_541\Debug\Riaszto.a(CySpc.o)
 .debug_line    0x000053a1       0x66 .\CortexM3\ARM_GCC_541\Debug\Riaszto.a(CyBootAsmGnu.o)

.debug_frame    0x00000000     0x3790
 *(.debug_frame)
 .debug_frame   0x00000000      0x20c .\CortexM3\ARM_GCC_541\Debug\main.o
 .debug_frame   0x0000020c      0x13c .\CortexM3\ARM_GCC_541\Debug\d1302.o
 .debug_frame   0x00000348       0xb8 .\CortexM3\ARM_GCC_541\Debug\TaskFIFO.o
 .debug_frame   0x00000400       0xe8 .\CortexM3\ARM_GCC_541\Debug\PeriodicTask.o
 .debug_frame   0x000004e8       0x4c .\CortexM3\ARM_GCC_541\Debug\Keypad.o
 .debug_frame   0x00000534       0x5c .\CortexM3\ARM_GCC_541\Debug\hb100movement.o
 .debug_frame   0x00000590       0xcc .\CortexM3\ARM_GCC_541\Debug\EEPROM_Helper.o
 .debug_frame   0x0000065c       0x9c .\CortexM3\ARM_GCC_541\Debug\GSMHandler.o
 .debug_frame   0x000006f8      0x32c .\CortexM3\ARM_GCC_541\Debug\SettingsHelper.o
 .debug_frame   0x00000a24       0xfc .\CortexM3\ARM_GCC_541\Debug\cyfitter_cfg.o
 .debug_frame   0x00000b20       0xb8 .\CortexM3\ARM_GCC_541\Debug\Cm3Start.o
 .debug_frame   0x00000bd8      0x1e8 .\CortexM3\ARM_GCC_541\Debug\Riaszto.a(LCD.o)
 .debug_frame   0x00000dc0       0x50 .\CortexM3\ARM_GCC_541\Debug\Riaszto.a(ROW1.o)
 .debug_frame   0x00000e10       0x50 .\CortexM3\ARM_GCC_541\Debug\Riaszto.a(ROW2.o)
 .debug_frame   0x00000e60       0x50 .\CortexM3\ARM_GCC_541\Debug\Riaszto.a(ROW3.o)
 .debug_frame   0x00000eb0       0x50 .\CortexM3\ARM_GCC_541\Debug\Riaszto.a(ROW4.o)
 .debug_frame   0x00000f00       0x50 .\CortexM3\ARM_GCC_541\Debug\Riaszto.a(COL1.o)
 .debug_frame   0x00000f50       0x50 .\CortexM3\ARM_GCC_541\Debug\Riaszto.a(COL2.o)
 .debug_frame   0x00000fa0       0x50 .\CortexM3\ARM_GCC_541\Debug\Riaszto.a(COL3.o)
 .debug_frame   0x00000ff0       0x50 .\CortexM3\ARM_GCC_541\Debug\Riaszto.a(COL4.o)
 .debug_frame   0x00001040      0x208 .\CortexM3\ARM_GCC_541\Debug\Riaszto.a(SPIM.o)
 .debug_frame   0x00001248       0x50 .\CortexM3\ARM_GCC_541\Debug\Riaszto.a(SS.o)
 .debug_frame   0x00001298      0x250 .\CortexM3\ARM_GCC_541\Debug\Riaszto.a(UART.o)
 .debug_frame   0x000014e8      0x1b4 .\CortexM3\ARM_GCC_541\Debug\Riaszto.a(ADC_SAR_RADAR.o)
 .debug_frame   0x0000169c      0x108 .\CortexM3\ARM_GCC_541\Debug\Riaszto.a(Timer.o)
 .debug_frame   0x000017a4      0x104 .\CortexM3\ARM_GCC_541\Debug\Riaszto.a(isr_Timer.o)
 .debug_frame   0x000018a8       0x50 .\CortexM3\ARM_GCC_541\Debug\Riaszto.a(REED_RELAY.o)
 .debug_frame   0x000018f8       0xe8 .\CortexM3\ARM_GCC_541\Debug\Riaszto.a(PWM_BACKLIGHT.o)
 .debug_frame   0x000019e0       0xe8 .\CortexM3\ARM_GCC_541\Debug\Riaszto.a(PWM_BEEPER.o)
 .debug_frame   0x00001ac8      0x1b0 .\CortexM3\ARM_GCC_541\Debug\Riaszto.a(ADC_SAR_PR.o)
 .debug_frame   0x00001c78       0x20 .\CortexM3\ARM_GCC_541\Debug\Riaszto.a(ADC_SAR_PR_INT.o)
 .debug_frame   0x00001c98      0x17c .\CortexM3\ARM_GCC_541\Debug\Riaszto.a(EEPROM.o)
 .debug_frame   0x00001e14      0x250 .\CortexM3\ARM_GCC_541\Debug\Riaszto.a(UART_GSM.o)
 .debug_frame   0x00002064       0xb4 .\CortexM3\ARM_GCC_541\Debug\Riaszto.a(VDAC8.o)
 .debug_frame   0x00002118       0xe0 .\CortexM3\ARM_GCC_541\Debug\Riaszto.a(SPIM_IntClock.o)
 .debug_frame   0x000021f8       0xe0 .\CortexM3\ARM_GCC_541\Debug\Riaszto.a(UART_IntClock.o)
 .debug_frame   0x000022d8      0x104 .\CortexM3\ARM_GCC_541\Debug\Riaszto.a(ADC_SAR_RADAR_IRQ.o)
 .debug_frame   0x000023dc      0x100 .\CortexM3\ARM_GCC_541\Debug\Riaszto.a(ADC_SAR_RADAR_theACLK.o)
 .debug_frame   0x000024dc      0x100 .\CortexM3\ARM_GCC_541\Debug\Riaszto.a(ADC_SAR_PR_theACLK.o)
 .debug_frame   0x000025dc       0xe0 .\CortexM3\ARM_GCC_541\Debug\Riaszto.a(UART_GSM_IntClock.o)
 .debug_frame   0x000026bc      0x194 .\CortexM3\ARM_GCC_541\Debug\Riaszto.a(CyFlash.o)
 .debug_frame   0x00002850      0x738 .\CortexM3\ARM_GCC_541\Debug\Riaszto.a(CyLib.o)
 .debug_frame   0x00002f88      0x1f8 .\CortexM3\ARM_GCC_541\Debug\Riaszto.a(cyPm.o)
 .debug_frame   0x00003180      0x180 .\CortexM3\ARM_GCC_541\Debug\Riaszto.a(CySpc.o)
 .debug_frame   0x00003300       0x44 c:/program files (x86)/cypress/psoc creator/4.4/psoc creator/import/gnu/arm/5.4.1/bin/../lib/gcc/arm-none-eabi/5.4.1/armv7-m\libgcc.a(_aeabi_ldivmod.o)
 .debug_frame   0x00003344       0x38 c:/program files (x86)/cypress/psoc creator/4.4/psoc creator/import/gnu/arm/5.4.1/bin/../lib/gcc/arm-none-eabi/5.4.1/armv7-m\libgcc.a(_udivmoddi4.o)
 .debug_frame   0x0000337c       0x20 c:/program files (x86)/cypress/psoc creator/4.4/psoc creator/import/gnu/arm/5.4.1/bin/../lib/gcc/arm-none-eabi/5.4.1/../../../../arm-none-eabi/lib/armv7-m\libg_nano.a(lib_a-errno.o)
 .debug_frame   0x0000339c       0x28 c:/program files (x86)/cypress/psoc creator/4.4/psoc creator/import/gnu/arm/5.4.1/bin/../lib/gcc/arm-none-eabi/5.4.1/../../../../arm-none-eabi/lib/armv7-m\libg_nano.a(lib_a-exit.o)
 .debug_frame   0x000033c4       0x2c c:/program files (x86)/cypress/psoc creator/4.4/psoc creator/import/gnu/arm/5.4.1/bin/../lib/gcc/arm-none-eabi/5.4.1/../../../../arm-none-eabi/lib/armv7-m\libg_nano.a(lib_a-init.o)
 .debug_frame   0x000033f0       0x30 c:/program files (x86)/cypress/psoc creator/4.4/psoc creator/import/gnu/arm/5.4.1/bin/../lib/gcc/arm-none-eabi/5.4.1/../../../../arm-none-eabi/lib/armv7-m\libg_nano.a(lib_a-malloc.o)
 .debug_frame   0x00003420       0x28 c:/program files (x86)/cypress/psoc creator/4.4/psoc creator/import/gnu/arm/5.4.1/bin/../lib/gcc/arm-none-eabi/5.4.1/../../../../arm-none-eabi/lib/armv7-m\libg_nano.a(lib_a-memcpy-stub.o)
 .debug_frame   0x00003448       0x20 c:/program files (x86)/cypress/psoc creator/4.4/psoc creator/import/gnu/arm/5.4.1/bin/../lib/gcc/arm-none-eabi/5.4.1/../../../../arm-none-eabi/lib/armv7-m\libg_nano.a(lib_a-memset.o)
 .debug_frame   0x00003468       0x38 c:/program files (x86)/cypress/psoc creator/4.4/psoc creator/import/gnu/arm/5.4.1/bin/../lib/gcc/arm-none-eabi/5.4.1/../../../../arm-none-eabi/lib/armv7-m\libg_nano.a(lib_a-nano-freer.o)
 .debug_frame   0x000034a0       0x2c c:/program files (x86)/cypress/psoc creator/4.4/psoc creator/import/gnu/arm/5.4.1/bin/../lib/gcc/arm-none-eabi/5.4.1/../../../../arm-none-eabi/lib/armv7-m\libg_nano.a(lib_a-nano-mallocr.o)
 .debug_frame   0x000034cc       0x2c c:/program files (x86)/cypress/psoc creator/4.4/psoc creator/import/gnu/arm/5.4.1/bin/../lib/gcc/arm-none-eabi/5.4.1/../../../../arm-none-eabi/lib/armv7-m\libg_nano.a(lib_a-sbrkr.o)
 .debug_frame   0x000034f8       0x70 c:/program files (x86)/cypress/psoc creator/4.4/psoc creator/import/gnu/arm/5.4.1/bin/../lib/gcc/arm-none-eabi/5.4.1/../../../../arm-none-eabi/lib/armv7-m\libg_nano.a(lib_a-sprintf.o)
 .debug_frame   0x00003568       0x30 c:/program files (x86)/cypress/psoc creator/4.4/psoc creator/import/gnu/arm/5.4.1/bin/../lib/gcc/arm-none-eabi/5.4.1/../../../../arm-none-eabi/lib/armv7-m\libg_nano.a(lib_a-mlock.o)
 .debug_frame   0x00003598       0x90 c:/program files (x86)/cypress/psoc creator/4.4/psoc creator/import/gnu/arm/5.4.1/bin/../lib/gcc/arm-none-eabi/5.4.1/../../../../arm-none-eabi/lib/armv7-m\libg_nano.a(lib_a-nano-svfprintf.o)
 .debug_frame   0x00003628       0x60 c:/program files (x86)/cypress/psoc creator/4.4/psoc creator/import/gnu/arm/5.4.1/bin/../lib/gcc/arm-none-eabi/5.4.1/../../../../arm-none-eabi/lib/armv7-m\libg_nano.a(lib_a-nano-vfprintf_i.o)
 .debug_frame   0x00003688       0x5c c:/program files (x86)/cypress/psoc creator/4.4/psoc creator/import/gnu/arm/5.4.1/bin/../lib/gcc/arm-none-eabi/5.4.1/../../../../arm-none-eabi/lib/armv7-m\libg_nano.a(lib_a-reent.o)
 .debug_frame   0x000036e4       0x28 c:/program files (x86)/cypress/psoc creator/4.4/psoc creator/import/gnu/arm/5.4.1/bin/../lib/gcc/arm-none-eabi/5.4.1/../../../../arm-none-eabi/lib/armv7-m\libg_nano.a(lib_a-memchr-stub.o)
 .debug_frame   0x0000370c       0x28 c:/program files (x86)/cypress/psoc creator/4.4/psoc creator/import/gnu/arm/5.4.1/bin/../lib/gcc/arm-none-eabi/5.4.1/../../../../arm-none-eabi/lib/armv7-m\libg_nano.a(lib_a-memmove.o)
 .debug_frame   0x00003734       0x3c c:/program files (x86)/cypress/psoc creator/4.4/psoc creator/import/gnu/arm/5.4.1/bin/../lib/gcc/arm-none-eabi/5.4.1/../../../../arm-none-eabi/lib/armv7-m\libg_nano.a(lib_a-nano-reallocr.o)
 .debug_frame   0x00003770       0x20 c:/program files (x86)/cypress/psoc creator/4.4/psoc creator/import/gnu/arm/5.4.1/bin/../lib/gcc/arm-none-eabi/5.4.1/../../../../arm-none-eabi/lib/armv7-m\libg_nano.a(lib_a-nano-msizer.o)

.debug_str      0x00000000     0x3e73
 *(.debug_str)
 .debug_str     0x00000000      0x84d .\CortexM3\ARM_GCC_541\Debug\main.o
                                0x8f5 (size before relaxing)
 .debug_str     0x0000084d      0x119 .\CortexM3\ARM_GCC_541\Debug\d1302.o
                                0x2f7 (size before relaxing)
 .debug_str     0x00000966       0x6d .\CortexM3\ARM_GCC_541\Debug\TaskFIFO.o
                                0x308 (size before relaxing)
 .debug_str     0x000009d3       0x2f .\CortexM3\ARM_GCC_541\Debug\PeriodicTask.o
                                0x315 (size before relaxing)
 .debug_str     0x00000a02       0x9c .\CortexM3\ARM_GCC_541\Debug\Keypad.o
                                0x256 (size before relaxing)
 .debug_str     0x00000a9e       0x9c .\CortexM3\ARM_GCC_541\Debug\hb100movement.o
                                0x267 (size before relaxing)
 .debug_str     0x00000b3a       0xa7 .\CortexM3\ARM_GCC_541\Debug\EEPROM_Helper.o
                                0x26d (size before relaxing)
 .debug_str     0x00000be1       0x88 .\CortexM3\ARM_GCC_541\Debug\GSMHandler.o
                                0x2f0 (size before relaxing)
 .debug_str     0x00000c69      0x2a0 .\CortexM3\ARM_GCC_541\Debug\SettingsHelper.o
                                0x5dc (size before relaxing)
 .debug_str     0x00000f09      0x193 .\CortexM3\ARM_GCC_541\Debug\cyfitter_cfg.o
                                0x34b (size before relaxing)
 .debug_str     0x0000109c       0x7f .\CortexM3\ARM_GCC_541\Debug\cymetadata.o
                                0x1e1 (size before relaxing)
 .debug_str     0x0000111b      0x13f .\CortexM3\ARM_GCC_541\Debug\Cm3Start.o
                                0x307 (size before relaxing)
 .debug_str     0x0000125a      0x121 .\CortexM3\ARM_GCC_541\Debug\Riaszto.a(LCD.o)
                                0x328 (size before relaxing)
 .debug_str     0x0000137b       0x56 .\CortexM3\ARM_GCC_541\Debug\Riaszto.a(ROW1.o)
                                0x1da (size before relaxing)
 .debug_str     0x000013d1       0x4b .\CortexM3\ARM_GCC_541\Debug\Riaszto.a(ROW2.o)
                                0x1da (size before relaxing)
 .debug_str     0x0000141c       0x4b .\CortexM3\ARM_GCC_541\Debug\Riaszto.a(ROW3.o)
                                0x1da (size before relaxing)
 .debug_str     0x00001467       0x4b .\CortexM3\ARM_GCC_541\Debug\Riaszto.a(ROW4.o)
                                0x1da (size before relaxing)
 .debug_str     0x000014b2       0x4c .\CortexM3\ARM_GCC_541\Debug\Riaszto.a(COL1.o)
                                0x1da (size before relaxing)
 .debug_str     0x000014fe       0x4c .\CortexM3\ARM_GCC_541\Debug\Riaszto.a(COL2.o)
                                0x1da (size before relaxing)
 .debug_str     0x0000154a       0x4c .\CortexM3\ARM_GCC_541\Debug\Riaszto.a(COL3.o)
                                0x1da (size before relaxing)
 .debug_str     0x00001596       0x4c .\CortexM3\ARM_GCC_541\Debug\Riaszto.a(COL4.o)
                                0x1da (size before relaxing)
 .debug_str     0x000015e2      0x21b .\CortexM3\ARM_GCC_541\Debug\Riaszto.a(SPIM.o)
                                0x426 (size before relaxing)
 .debug_str     0x000017fd       0x43 .\CortexM3\ARM_GCC_541\Debug\Riaszto.a(SS.o)
                                0x1d0 (size before relaxing)
 .debug_str     0x00001840      0x21f .\CortexM3\ARM_GCC_541\Debug\Riaszto.a(UART.o)
                                0x472 (size before relaxing)
 .debug_str     0x00001a5f      0x2a4 .\CortexM3\ARM_GCC_541\Debug\Riaszto.a(ADC_SAR_RADAR.o)
                                0x51e (size before relaxing)
 .debug_str     0x00001d03      0x10e .\CortexM3\ARM_GCC_541\Debug\Riaszto.a(Timer.o)
                                0x2f2 (size before relaxing)
 .debug_str     0x00001e11      0x124 .\CortexM3\ARM_GCC_541\Debug\Riaszto.a(isr_Timer.o)
                                0x2db (size before relaxing)
 .debug_str     0x00001f35       0x64 .\CortexM3\ARM_GCC_541\Debug\Riaszto.a(REED_RELAY.o)
                                0x1f8 (size before relaxing)
 .debug_str     0x00001f99      0x157 .\CortexM3\ARM_GCC_541\Debug\Riaszto.a(PWM_BACKLIGHT.o)
                                0x33a (size before relaxing)