Archive member included to satisfy reference by file (symbol)

.\CortexM3\ARM_GCC_541\Debug\Riaszto.a(LCD.o)
                              .\CortexM3\ARM_GCC_541\Debug\main.o (LCD_PrintString)
.\CortexM3\ARM_GCC_541\Debug\Riaszto.a(ROW1.o)
                              .\CortexM3\ARM_GCC_541\Debug\Keypad.o (ROW1_Write)
.\CortexM3\ARM_GCC_541\Debug\Riaszto.a(ROW2.o)
                              .\CortexM3\ARM_GCC_541\Debug\Keypad.o (ROW2_Write)
.\CortexM3\ARM_GCC_541\Debug\Riaszto.a(ROW3.o)
                              .\CortexM3\ARM_GCC_541\Debug\Keypad.o (ROW3_Write)
.\CortexM3\ARM_GCC_541\Debug\Riaszto.a(ROW4.o)
                              .\CortexM3\ARM_GCC_541\Debug\Keypad.o (ROW4_Write)
.\CortexM3\ARM_GCC_541\Debug\Riaszto.a(COL1.o)
                              .\CortexM3\ARM_GCC_541\Debug\Keypad.o (COL1_Read)
.\CortexM3\ARM_GCC_541\Debug\Riaszto.a(COL2.o)
                              .\CortexM3\ARM_GCC_541\Debug\Keypad.o (COL2_Read)
.\CortexM3\ARM_GCC_541\Debug\Riaszto.a(COL3.o)
                              .\CortexM3\ARM_GCC_541\Debug\Keypad.o (COL3_Read)
.\CortexM3\ARM_GCC_541\Debug\Riaszto.a(COL4.o)
                              .\CortexM3\ARM_GCC_541\Debug\Keypad.o (COL4_Read)
.\CortexM3\ARM_GCC_541\Debug\Riaszto.a(SPIM.o)
                              .\CortexM3\ARM_GCC_541\Debug\d1302.o (SPIM_ReadTxStatus)
.\CortexM3\ARM_GCC_541\Debug\Riaszto.a(SS.o)
                              .\CortexM3\ARM_GCC_541\Debug\d1302.o (SS_Write)
.\CortexM3\ARM_GCC_541\Debug\Riaszto.a(UART.o)
                              .\CortexM3\ARM_GCC_541\Debug\main.o (UART_Start)
.\CortexM3\ARM_GCC_541\Debug\Riaszto.a(ADC_SAR_RADAR.o)
                              .\CortexM3\ARM_GCC_541\Debug\main.o (ADC_SAR_RADAR_Start)
.\CortexM3\ARM_GCC_541\Debug\Riaszto.a(Timer.o)
                              .\CortexM3\ARM_GCC_541\Debug\main.o (Timer_ReadStatusRegister)
.\CortexM3\ARM_GCC_541\Debug\Riaszto.a(isr_Timer.o)
                              .\CortexM3\ARM_GCC_541\Debug\main.o (isr_Timer_StartEx)
.\CortexM3\ARM_GCC_541\Debug\Riaszto.a(PWM_BACKLIGHT.o)
                              .\CortexM3\ARM_GCC_541\Debug\main.o (PWM_BACKLIGHT_WriteCompare)
.\CortexM3\ARM_GCC_541\Debug\Riaszto.a(PWM_BEEPER.o)
                              .\CortexM3\ARM_GCC_541\Debug\main.o (PWM_BEEPER_Stop)
.\CortexM3\ARM_GCC_541\Debug\Riaszto.a(ADC_SAR_PR.o)
                              .\CortexM3\ARM_GCC_541\Debug\main.o (ADC_SAR_PR_Start)
.\CortexM3\ARM_GCC_541\Debug\Riaszto.a(ADC_SAR_PR_INT.o)
                              .\CortexM3\ARM_GCC_541\Debug\Riaszto.a(ADC_SAR_PR.o) (ADC_SAR_PR_ISR)
.\CortexM3\ARM_GCC_541\Debug\Riaszto.a(EEPROM.o)
                              .\CortexM3\ARM_GCC_541\Debug\main.o (EEPROM_Start)
.\CortexM3\ARM_GCC_541\Debug\Riaszto.a(UART_GSM.o)
                              .\CortexM3\ARM_GCC_541\Debug\main.o (UART_GSM_Start)
.\CortexM3\ARM_GCC_541\Debug\Riaszto.a(UART_GSM_INT.o)
                              .\CortexM3\ARM_GCC_541\Debug\Riaszto.a(UART_GSM.o) (UART_GSM_RXISR)
.\CortexM3\ARM_GCC_541\Debug\Riaszto.a(VDAC8.o)
                              .\CortexM3\ARM_GCC_541\Debug\main.o (VDAC8_Start)
.\CortexM3\ARM_GCC_541\Debug\Riaszto.a(SPIM_IntClock.o)
                              .\CortexM3\ARM_GCC_541\Debug\Riaszto.a(SPIM.o) (SPIM_IntClock_Start)
.\CortexM3\ARM_GCC_541\Debug\Riaszto.a(UART_IntClock.o)
                              .\CortexM3\ARM_GCC_541\Debug\Riaszto.a(UART.o) (UART_IntClock_Start)
.\CortexM3\ARM_GCC_541\Debug\Riaszto.a(ADC_SAR_RADAR_IRQ.o)
                              .\CortexM3\ARM_GCC_541\Debug\main.o (ADC_SAR_RADAR_IRQ_StartEx)
.\CortexM3\ARM_GCC_541\Debug\Riaszto.a(ADC_SAR_RADAR_theACLK.o)
                              .\CortexM3\ARM_GCC_541\Debug\Riaszto.a(ADC_SAR_RADAR.o) (ADC_SAR_RADAR_theACLK_SetModeRegister)
.\CortexM3\ARM_GCC_541\Debug\Riaszto.a(ADC_SAR_PR_theACLK.o)
                              .\CortexM3\ARM_GCC_541\Debug\Riaszto.a(ADC_SAR_PR.o) (ADC_SAR_PR_theACLK_SetModeRegister)
.\CortexM3\ARM_GCC_541\Debug\Riaszto.a(UART_GSM_IntClock.o)
                              .\CortexM3\ARM_GCC_541\Debug\Riaszto.a(UART_GSM.o) (UART_GSM_IntClock_Start)
.\CortexM3\ARM_GCC_541\Debug\Riaszto.a(CyFlash.o)
                              .\CortexM3\ARM_GCC_541\Debug\Riaszto.a(EEPROM.o) (dieTemperature)
.\CortexM3\ARM_GCC_541\Debug\Riaszto.a(CyLib.o)
                              .\CortexM3\ARM_GCC_541\Debug\Cm3Start.o (CyHalt)
.\CortexM3\ARM_GCC_541\Debug\Riaszto.a(cyPm.o)
                              .\CortexM3\ARM_GCC_541\Debug\Riaszto.a(CyLib.o) (CyPmReadStatus)
.\CortexM3\ARM_GCC_541\Debug\Riaszto.a(CySpc.o)
                              .\CortexM3\ARM_GCC_541\Debug\Riaszto.a(EEPROM.o) (CySpcStart)
.\CortexM3\ARM_GCC_541\Debug\Riaszto.a(CyBootAsmGnu.o)
                              .\CortexM3\ARM_GCC_541\Debug\cyfitter_cfg.o (CyDelayCycles)
[...]
Memory Configuration

Name             Origin             Length             Attributes
rom              0x00000000         0x00040000         xr
ram              0x1fff8000         0x00010000         xrw
*default*        0x00000000         0xffffffff

Linker script and memory map

LOAD c:/program files (x86)/cypress/psoc creator/4.4/psoc creator/import/gnu/arm/5.4.1/bin/../lib/gcc/arm-none-eabi/5.4.1/armv7-m/crti.o
LOAD c:/program files (x86)/cypress/psoc creator/4.4/psoc creator/import/gnu/arm/5.4.1/bin/../lib/gcc/arm-none-eabi/5.4.1/armv7-m/crtbegin.o
LOAD c:/program files (x86)/cypress/psoc creator/4.4/psoc creator/import/gnu/arm/5.4.1/bin/../lib/gcc/arm-none-eabi/5.4.1/../../../../arm-none-eabi/lib/armv7-m/crt0.o
START GROUP
LOAD .\CortexM3\ARM_GCC_541\Debug\main.o
LOAD .\CortexM3\ARM_GCC_541\Debug\d1302.o
LOAD .\CortexM3\ARM_GCC_541\Debug\TaskFIFO.o
LOAD .\CortexM3\ARM_GCC_541\Debug\PeriodicTask.o
LOAD .\CortexM3\ARM_GCC_541\Debug\Keypad.o
LOAD .\CortexM3\ARM_GCC_541\Debug\hb100movement.o
LOAD .\CortexM3\ARM_GCC_541\Debug\EEPROM_Helper.o
LOAD .\CortexM3\ARM_GCC_541\Debug\cyfitter_cfg.o
LOAD .\CortexM3\ARM_GCC_541\Debug\cymetadata.o
LOAD .\CortexM3\ARM_GCC_541\Debug\Cm3Start.o
LOAD .\CortexM3\ARM_GCC_541\Debug\Riaszto.a
LOAD C:\Program Files (x86)\Cypress\PSoC Creator\4.4\PSoC Creator\psoc\content\cycomponentlibrary\CyComponentLibrary.cylib\CortexM3\ARM_GCC_541\Debug\CyComponentLibrary.a
END GROUP
START GROUP
LOAD c:/program files (x86)/cypress/psoc creator/4.4/psoc creator/import/gnu/arm/5.4.1/bin/../lib/gcc/arm-none-eabi/5.4.1/armv7-m\libgcc.a
LOAD c:/program files (x86)/cypress/psoc creator/4.4/psoc creator/import/gnu/arm/5.4.1/bin/../lib/gcc/arm-none-eabi/5.4.1/../../../../arm-none-eabi/lib/armv7-m\libg_nano.a
LOAD c:/program files (x86)/cypress/psoc creator/4.4/psoc creator/import/gnu/arm/5.4.1/bin/../lib/gcc/arm-none-eabi/5.4.1/../../../../arm-none-eabi/lib/armv7-m\libc_nano.a
END GROUP
START GROUP
LOAD c:/program files (x86)/cypress/psoc creator/4.4/psoc creator/import/gnu/arm/5.4.1/bin/../lib/gcc/arm-none-eabi/5.4.1/armv7-m\libgcc.a
LOAD c:/program files (x86)/cypress/psoc creator/4.4/psoc creator/import/gnu/arm/5.4.1/bin/../lib/gcc/arm-none-eabi/5.4.1/../../../../arm-none-eabi/lib/armv7-m\libc_nano.a
END GROUP
LOAD c:/program files (x86)/cypress/psoc creator/4.4/psoc creator/import/gnu/arm/5.4.1/bin/../lib/gcc/arm-none-eabi/5.4.1/armv7-m/crtend.o
LOAD c:/program files (x86)/cypress/psoc creator/4.4/psoc creator/import/gnu/arm/5.4.1/bin/../lib/gcc/arm-none-eabi/5.4.1/armv7-m/crtn.o
START GROUP
LOAD c:/program files (x86)/cypress/psoc creator/4.4/psoc creator/import/gnu/arm/5.4.1/bin/../lib/gcc/arm-none-eabi/5.4.1/armv7-m\libgcc.a
LOAD c:/program files (x86)/cypress/psoc creator/4.4/psoc creator/import/gnu/arm/5.4.1/bin/../lib/gcc/arm-none-eabi/5.4.1/../../../../arm-none-eabi/lib/armv7-m\libc.a
LOAD c:/program files (x86)/cypress/psoc creator/4.4/psoc creator/import/gnu/arm/5.4.1/bin/../lib/gcc/arm-none-eabi/5.4.1/../../../../arm-none-eabi/lib/armv7-m\libnosys.a
END GROUP
                0x00000000                CY_APPL_ORIGIN = 0x0
                0x00000100                CY_FLASH_ROW_SIZE = 0x100
                0x00000020                CY_ECC_ROW_SIZE = 0x20
                0x00000000                CY_EE_IN_BTLDR = 0x0
                0x00000000                CY_APPL_LOADABLE = 0x0
                0x00000800                CY_EE_SIZE = 0x800
                0x00000001                CY_APPL_NUM = 0x1
                0x00000001                CY_APPL_MAX = 0x1
                0x00000040                CY_METADATA_SIZE = 0x40
                0x00000000                CY_APPL_LOADABLE = 0x0
                0x00000000                CY_CHECKSUM_EXCLUDE_SIZE = ALIGN (0x0, CY_FLASH_ROW_SIZE)
                [!provide]                PROVIDE (__cy_heap_start, _end)
                0x00000001                PROVIDE (__cy_region_num, ((__cy_regions_end - __cy_regions) / 0x10))
                0x20008000                PROVIDE (__cy_stack, (ORIGIN (ram) + LENGTH (ram)))
                [!provide]                PROVIDE (__cy_heap_end, (__cy_stack - 0x800))

.cybootloader   0x00000000        0x0
 *(.cybootloader)
                0x00000000                appl1_start = CY_APPL_ORIGIN?CY_APPL_ORIGIN:ALIGN (CY_FLASH_ROW_SIZE)
                0x0001ff00                appl2_start = (appl1_start + ALIGN ((((LENGTH (rom) - appl1_start) - (0x2 * CY_FLASH_ROW_SIZE)) / 0x2), CY_FLASH_ROW_SIZE))
                0x00000000                appl_start = (CY_APPL_NUM == 0x1)?appl1_start:appl2_start
                0x00000000                ecc_offset = ((appl_start / CY_FLASH_ROW_SIZE) * CY_ECC_ROW_SIZE)
                0x00000000                ee_offset = (CY_APPL_LOADABLE && ! (CY_EE_IN_BTLDR))?((CY_EE_SIZE / CY_APPL_MAX) * (CY_APPL_NUM - 0x1)):0x0
                0x00000800                ee_size = (CY_APPL_LOADABLE && ! (CY_EE_IN_BTLDR))?(CY_EE_SIZE / CY_APPL_MAX):CY_EE_SIZE
                [!provide]                PROVIDE (CY_ECC_OFFSET, ecc_offset)

.text           0x00000000     0x1e20
 CREATE_OBJECT_SYMBOLS
                0x00000000                PROVIDE (__cy_interrupt_vector, RomVectors)
 *(.romvectors)
 .romvectors    0x00000000       0x10 .\CortexM3\ARM_GCC_541\Debug\Cm3Start.o
                0x00000000                RomVectors
                0x00000001                ASSERT ((. != __cy_interrupt_vector), No interrupt vector)
                0x00000001                ASSERT (CY_APPL_ORIGIN?(SIZEOF (.cybootloader) <= CY_APPL_ORIGIN):0x1, Wrong image location)
                0x00000010                PROVIDE (__cy_reset, Reset)
 *(.text.Reset)
 .text.Reset    0x00000010       0x18 .\CortexM3\ARM_GCC_541\Debug\Cm3Start.o
                0x00000010                Reset
                0x00000001                ASSERT ((. != __cy_reset), No reset code)
 *(.dma_init)
                0x00000001                ASSERT ((((appl_start + .) <= 0x10000) || 0x1), DMA Init must be within the first 64k of flash)
 *(.text .text.* .gnu.linkonce.t.*)
 .text          0x00000028       0x5c c:/program files (x86)/cypress/psoc creator/4.4/psoc creator/import/gnu/arm/5.4.1/bin/../lib/gcc/arm-none-eabi/5.4.1/armv7-m/crtbegin.o
 .text.start_tone
                0x00000084       0x28 .\CortexM3\ARM_GCC_541\Debug\main.o
                0x00000084                start_tone
 .text.noTone   0x000000ac       0x10 .\CortexM3\ARM_GCC_541\Debug\main.o
                0x000000ac                noTone
 .text.TIMER_ISR
                0x000000bc       0x1c .\CortexM3\ARM_GCC_541\Debug\main.o
                0x000000bc                TIMER_ISR
 .text.init     0x000000d8       0x54 .\CortexM3\ARM_GCC_541\Debug\main.o
                0x000000d8                init
 .text.tone     0x0000012c       0x38 .\CortexM3\ARM_GCC_541\Debug\main.o
                0x0000012c                tone
 .text.play_alert
                0x00000164       0x10 .\CortexM3\ARM_GCC_541\Debug\main.o
                0x00000164                play_alert
 .text.main     0x00000174       0x68 .\CortexM3\ARM_GCC_541\Debug\main.o
                0x00000174                main
 .text.create_new_onetimetask
                0x000001dc       0x38 .\CortexM3\ARM_GCC_541\Debug\TaskFIFO.o
                0x000001dc                create_new_onetimetask
 .text.create_new_noparam_onetimetask
                0x00000214       0x38 .\CortexM3\ARM_GCC_541\Debug\TaskFIFO.o
                0x00000214                create_new_noparam_onetimetask
 .text.pushTask
                0x0000024c       0x14 .\CortexM3\ARM_GCC_541\Debug\TaskFIFO.o
                0x0000024c                pushTask
 .text.get_and_remove_first
                0x00000260       0x18 .\CortexM3\ARM_GCC_541\Debug\TaskFIFO.o
                0x00000260                get_and_remove_first
 .text.check_if_runnable_and_decrement_counter
                0x00000278       0x18 .\CortexM3\ARM_GCC_541\Debug\TaskFIFO.o
                0x00000278                check_if_runnable_and_decrement_counter
 .text.run_next_task_when_available
                0x00000290       0x34 .\CortexM3\ARM_GCC_541\Debug\TaskFIFO.o
                0x00000290                run_next_task_when_available
 .text.create_new_ptask_noparam
                0x000002c4       0x40 .\CortexM3\ARM_GCC_541\Debug\PeriodicTask.o
                0x000002c4                create_new_ptask_noparam
 .text.add_to_ptask_list
                0x00000304       0x14 .\CortexM3\ARM_GCC_541\Debug\PeriodicTask.o
                0x00000304                add_to_ptask_list
 .text.run_permitted_tasks_and_decrement_counters
                0x00000318       0x30 .\CortexM3\ARM_GCC_541\Debug\PeriodicTask.o
                0x00000318                run_permitted_tasks_and_decrement_counters
 .text.get_pressed_key
                0x00000348       0x10 .\CortexM3\ARM_GCC_541\Debug\Keypad.o
                0x00000348                get_pressed_key
 .text.set_result_when_relesed
                0x00000358       0x28 .\CortexM3\ARM_GCC_541\Debug\Keypad.o
                0x00000358                set_result_when_relesed
 .text.readKey  0x00000380       0xf0 .\CortexM3\ARM_GCC_541\Debug\Keypad.o
                0x00000380                readKey
 .text.ADC_SAR_RADAR_ISR
                0x00000470       0x48 .\CortexM3\ARM_GCC_541\Debug\hb100movement.o
                0x00000470                ADC_SAR_RADAR_ISR
 .text.CyClockStartupError
                0x000004b8        0x4 .\CortexM3\ARM_GCC_541\Debug\cyfitter_cfg.o
 .text.cfg_write_bytes32
                0x000004bc       0x34 .\CortexM3\ARM_GCC_541\Debug\cyfitter_cfg.o
 .text.CYMEMZERO
                0x000004f0        0xc .\CortexM3\ARM_GCC_541\Debug\cyfitter_cfg.o
 .text.AnalogSetDefault
                0x000004fc       0xa0 .\CortexM3\ARM_GCC_541\Debug\cyfitter_cfg.o
 .text.CYCONFIGCPY
                0x0000059c        0x8 .\CortexM3\ARM_GCC_541\Debug\cyfitter_cfg.o
 .text.ClockSetup
                0x000005a4      0x128 .\CortexM3\ARM_GCC_541\Debug\cyfitter_cfg.o
 .text.cyfitter_cfg
                0x000006cc      0x148 .\CortexM3\ARM_GCC_541\Debug\cyfitter_cfg.o
                0x000006cc                cyfitter_cfg
 .text.IntDefaultHandler
                0x00000814       0x10 .\CortexM3\ARM_GCC_541\Debug\Cm3Start.o
                0x00000814                IntDefaultHandler
 .text._sbrk    0x00000824       0x30 .\CortexM3\ARM_GCC_541\Debug\Cm3Start.o
                0x00000824                _sbrk
 .text.Start_c  0x00000854       0x4c .\CortexM3\ARM_GCC_541\Debug\Cm3Start.o
                0x00000854                Start_c
 .text.initialize_psoc
                0x000008a0       0x68 .\CortexM3\ARM_GCC_541\Debug\Cm3Start.o
                0x000008a0                initialize_psoc
 .text.LCD_WrCntrlNib
                0x00000908       0x34 .\CortexM3\ARM_GCC_541\Debug\Riaszto.a(LCD.o)
 .text.LCD_WrDatNib
                0x0000093c       0x44 .\CortexM3\ARM_GCC_541\Debug\Riaszto.a(LCD.o)
 .text.LCD_IsReady
                0x00000980       0xe4 .\CortexM3\ARM_GCC_541\Debug\Riaszto.a(LCD.o)
                0x00000980                LCD_IsReady
 .text.LCD_WriteData
                0x00000a64       0x18 .\CortexM3\ARM_GCC_541\Debug\Riaszto.a(LCD.o)
                0x00000a64                LCD_WriteData
 .text.LCD_PrintString
                0x00000a7c       0x1c .\CortexM3\ARM_GCC_541\Debug\Riaszto.a(LCD.o)
                0x00000a7c                LCD_PrintString
 .text.LCD_WriteControl
                0x00000a98       0x18 .\CortexM3\ARM_GCC_541\Debug\Riaszto.a(LCD.o)
                0x00000a98                LCD_WriteControl
 .text.LCD_Init
                0x00000ab0       0x6c .\CortexM3\ARM_GCC_541\Debug\Riaszto.a(LCD.o)
                0x00000ab0                LCD_Init
 .text.LCD_Enable
                0x00000b1c       0x14 .\CortexM3\ARM_GCC_541\Debug\Riaszto.a(LCD.o)
                0x00000b1c                LCD_Enable
 .text.LCD_Start
                0x00000b30       0x1c .\CortexM3\ARM_GCC_541\Debug\Riaszto.a(LCD.o)
                0x00000b30                LCD_Start
 .text.LCD_Position
                0x00000b4c       0x3c .\CortexM3\ARM_GCC_541\Debug\Riaszto.a(LCD.o)
                0x00000b4c                LCD_Position
 .text.ROW1_Write
                0x00000b88       0x18 .\CortexM3\ARM_GCC_541\Debug\Riaszto.a(ROW1.o)
                0x00000b88                ROW1_Write
 .text.ROW2_Write
                0x00000ba0       0x18 .\CortexM3\ARM_GCC_541\Debug\Riaszto.a(ROW2.o)
                0x00000ba0                ROW2_Write
 .text.ROW3_Write
                0x00000bb8       0x18 .\CortexM3\ARM_GCC_541\Debug\Riaszto.a(ROW3.o)
                0x00000bb8                ROW3_Write
 .text.ROW4_Write
                0x00000bd0       0x18 .\CortexM3\ARM_GCC_541\Debug\Riaszto.a(ROW4.o)
                0x00000bd0                ROW4_Write
 .text.COL1_Read
                0x00000be8       0x10 .\CortexM3\ARM_GCC_541\Debug\Riaszto.a(COL1.o)
                0x00000be8                COL1_Read
 .text.COL2_Read
                0x00000bf8       0x10 .\CortexM3\ARM_GCC_541\Debug\Riaszto.a(COL2.o)
                0x00000bf8                COL2_Read
 .text.COL3_Read
                0x00000c08       0x10 .\CortexM3\ARM_GCC_541\Debug\Riaszto.a(COL3.o)
                0x00000c08                COL3_Read
 .text.COL4_Read
                0x00000c18       0x10 .\CortexM3\ARM_GCC_541\Debug\Riaszto.a(COL4.o)
                0x00000c18                COL4_Read
 .text.SPIM_Enable
                0x00000c28       0x34 .\CortexM3\ARM_GCC_541\Debug\Riaszto.a(SPIM.o)
                0x00000c28                SPIM_Enable
 .text.SPIM_ReadTxStatus
                0x00000c5c        0xc .\CortexM3\ARM_GCC_541\Debug\Riaszto.a(SPIM.o)
                0x00000c5c                SPIM_ReadTxStatus
 .text.SPIM_ReadRxStatus
                0x00000c68        0xc .\CortexM3\ARM_GCC_541\Debug\Riaszto.a(SPIM.o)
                0x00000c68                SPIM_ReadRxStatus
 .text.SPIM_TxDisable
                0x00000c74       0x10 .\CortexM3\ARM_GCC_541\Debug\Riaszto.a(SPIM.o)
                0x00000c74                SPIM_TxDisable
 .text.SPIM_ClearFIFO
                0x00000c84       0x3c .\CortexM3\ARM_GCC_541\Debug\Riaszto.a(SPIM.o)
                0x00000c84                SPIM_ClearFIFO
 .text.SPIM_Init
                0x00000cc0       0x28 .\CortexM3\ARM_GCC_541\Debug\Riaszto.a(SPIM.o)
                0x00000cc0                SPIM_Init
 .text.SPIM_Start
                0x00000ce8       0x1c .\CortexM3\ARM_GCC_541\Debug\Riaszto.a(SPIM.o)
                0x00000ce8                SPIM_Start
 .text.UART_Init
                0x00000d04       0x28 .\CortexM3\ARM_GCC_541\Debug\Riaszto.a(UART.o)
                0x00000d04                UART_Init
 .text.UART_Enable
                0x00000d2c       0x38 .\CortexM3\ARM_GCC_541\Debug\Riaszto.a(UART.o)
                0x00000d2c                UART_Enable
 .text.UART_Start
                0x00000d64       0x1c .\CortexM3\ARM_GCC_541\Debug\Riaszto.a(UART.o)
                0x00000d64                UART_Start
 .text.UART_GetChar
                0x00000d80       0x2c .\CortexM3\ARM_GCC_541\Debug\Riaszto.a(UART.o)
                0x00000d80                UART_GetChar
 .text.UART_GetRxBufferSize
                0x00000dac       0x18 .\CortexM3\ARM_GCC_541\Debug\Riaszto.a(UART.o)
                0x00000dac                UART_GetRxBufferSize
 .text.UART_PutChar
                0x00000dc4       0x18 .\CortexM3\ARM_GCC_541\Debug\Riaszto.a(UART.o)
                0x00000dc4                UART_PutChar
 .text.ADC_SAR_RADAR_CalcGain
                0x00000ddc       0x64 .\CortexM3\ARM_GCC_541\Debug\Riaszto.a(ADC_SAR_RADAR.o)
 .text.ADC_SAR_RADAR_Enable
                0x00000e40       0x94 .\CortexM3\ARM_GCC_541\Debug\Riaszto.a(ADC_SAR_RADAR.o)
                0x00000e40                ADC_SAR_RADAR_Enable
 .text.ADC_SAR_RADAR_SetResolution
                0x00000ed4       0x38 .\CortexM3\ARM_GCC_541\Debug\Riaszto.a(ADC_SAR_RADAR.o)
                0x00000ed4                ADC_SAR_RADAR_SetResolution
 .text.ADC_SAR_RADAR_Init
                0x00000f0c       0x3c .\CortexM3\ARM_GCC_541\Debug\Riaszto.a(ADC_SAR_RADAR.o)
                0x00000f0c                ADC_SAR_RADAR_Init
 .text.ADC_SAR_RADAR_Start
                0x00000f48       0x1c .\CortexM3\ARM_GCC_541\Debug\Riaszto.a(ADC_SAR_RADAR.o)
                0x00000f48                ADC_SAR_RADAR_Start
 .text.ADC_SAR_RADAR_StartConvert
                0x00000f64       0x10 .\CortexM3\ARM_GCC_541\Debug\Riaszto.a(ADC_SAR_RADAR.o)
                0x00000f64                ADC_SAR_RADAR_StartConvert
 .text.ADC_SAR_RADAR_GetResult16
                0x00000f74       0x18 .\CortexM3\ARM_GCC_541\Debug\Riaszto.a(ADC_SAR_RADAR.o)
                0x00000f74                ADC_SAR_RADAR_GetResult16
 .text.Timer_Enable
                0x00000f8c       0x28 .\CortexM3\ARM_GCC_541\Debug\Riaszto.a(Timer.o)
                0x00000f8c                Timer_Enable
 .text.Timer_SetInterruptMode
                0x00000fb4        0xc .\CortexM3\ARM_GCC_541\Debug\Riaszto.a(Timer.o)
                0x00000fb4                Timer_SetInterruptMode
 .text.Timer_ReadStatusRegister
                0x00000fc0        0xc .\CortexM3\ARM_GCC_541\Debug\Riaszto.a(Timer.o)
                0x00000fc0                Timer_ReadStatusRegister
 .text.Timer_WritePeriod
                0x00000fcc        0xc .\CortexM3\ARM_GCC_541\Debug\Riaszto.a(Timer.o)
                0x00000fcc                Timer_WritePeriod
 .text.Timer_WriteCounter
                0x00000fd8        0xc .\CortexM3\ARM_GCC_541\Debug\Riaszto.a(Timer.o)
                0x00000fd8                Timer_WriteCounter
 .text.Timer_Init
                0x00000fe4       0x64 .\CortexM3\ARM_GCC_541\Debug\Riaszto.a(Timer.o)
                0x00000fe4                Timer_Init
 .text.Timer_Start
                0x00001048       0x1c .\CortexM3\ARM_GCC_541\Debug\Riaszto.a(Timer.o)
                0x00001048                Timer_Start
 .text.isr_Timer_SetVector
                0x00001064       0x10 .\CortexM3\ARM_GCC_541\Debug\Riaszto.a(isr_Timer.o)
                0x00001064                isr_Timer_SetVector
 .text.isr_Timer_SetPriority
                0x00001074       0x10 .\CortexM3\ARM_GCC_541\Debug\Riaszto.a(isr_Timer.o)
                0x00001074                isr_Timer_SetPriority
 .text.isr_Timer_Enable
                0x00001084       0x10 .\CortexM3\ARM_GCC_541\Debug\Riaszto.a(isr_Timer.o)
                0x00001084                isr_Timer_Enable
 .text.isr_Timer_Disable
                0x00001094       0x10 .\CortexM3\ARM_GCC_541\Debug\Riaszto.a(isr_Timer.o)
                0x00001094                isr_Timer_Disable
 .text.isr_Timer_StartEx
                0x000010a4       0x1c .\CortexM3\ARM_GCC_541\Debug\Riaszto.a(isr_Timer.o)
                0x000010a4                isr_Timer_StartEx
 .text.PWM_BACKLIGHT_Enable
                0x000010c0       0x28 .\CortexM3\ARM_GCC_541\Debug\Riaszto.a(PWM_BACKLIGHT.o)
                0x000010c0                PWM_BACKLIGHT_Enable
 .text.PWM_BACKLIGHT_WritePeriod
                0x000010e8        0xc .\CortexM3\ARM_GCC_541\Debug\Riaszto.a(PWM_BACKLIGHT.o)
                0x000010e8                PWM_BACKLIGHT_WritePeriod
 .text.PWM_BACKLIGHT_WriteCompare
                0x000010f4        0xc .\CortexM3\ARM_GCC_541\Debug\Riaszto.a(PWM_BACKLIGHT.o)
                0x000010f4                PWM_BACKLIGHT_WriteCompare
 .text.PWM_BACKLIGHT_SetInterruptMode
                0x00001100        0xc .\CortexM3\ARM_GCC_541\Debug\Riaszto.a(PWM_BACKLIGHT.o)
                0x00001100                PWM_BACKLIGHT_SetInterruptMode
 .text.PWM_BACKLIGHT_Init
                0x0000110c       0x74 .\CortexM3\ARM_GCC_541\Debug\Riaszto.a(PWM_BACKLIGHT.o)
                0x0000110c                PWM_BACKLIGHT_Init
 .text.PWM_BACKLIGHT_Start
                0x00001180       0x1c .\CortexM3\ARM_GCC_541\Debug\Riaszto.a(PWM_BACKLIGHT.o)
                0x00001180                PWM_BACKLIGHT_Start
 .text.PWM_BEEPER_Enable
                0x0000119c       0x28 .\CortexM3\ARM_GCC_541\Debug\Riaszto.a(PWM_BEEPER.o)
                0x0000119c                PWM_BEEPER_Enable
 .text.PWM_BEEPER_Stop
                0x000011c4       0x28 .\CortexM3\ARM_GCC_541\Debug\Riaszto.a(PWM_BEEPER.o)
                0x000011c4                PWM_BEEPER_Stop
 .text.PWM_BEEPER_WritePeriod
                0x000011ec        0xc .\CortexM3\ARM_GCC_541\Debug\Riaszto.a(PWM_BEEPER.o)
                0x000011ec                PWM_BEEPER_WritePeriod
 .text.PWM_BEEPER_WriteCompare
                0x000011f8        0xc .\CortexM3\ARM_GCC_541\Debug\Riaszto.a(PWM_BEEPER.o)
                0x000011f8                PWM_BEEPER_WriteCompare
 .text.PWM_BEEPER_SetInterruptMode
                0x00001204        0xc .\CortexM3\ARM_GCC_541\Debug\Riaszto.a(PWM_BEEPER.o)
                0x00001204                PWM_BEEPER_SetInterruptMode
 .text.PWM_BEEPER_Init
                0x00001210       0x74 .\CortexM3\ARM_GCC_541\Debug\Riaszto.a(PWM_BEEPER.o)
                0x00001210                PWM_BEEPER_Init
 .text.PWM_BEEPER_Start
                0x00001284       0x1c .\CortexM3\ARM_GCC_541\Debug\Riaszto.a(PWM_BEEPER.o)
                0x00001284                PWM_BEEPER_Start
 .text.ADC_SAR_PR_CalcGain
                0x000012a0       0x64 .\CortexM3\ARM_GCC_541\Debug\Riaszto.a(ADC_SAR_PR.o)
 .text.ADC_SAR_PR_Enable
                0x00001304       0x94 .\CortexM3\ARM_GCC_541\Debug\Riaszto.a(ADC_SAR_PR.o)
                0x00001304                ADC_SAR_PR_Enable
 .text.ADC_SAR_PR_SetResolution
                0x00001398       0x38 .\CortexM3\ARM_GCC_541\Debug\Riaszto.a(ADC_SAR_PR.o)
                0x00001398                ADC_SAR_PR_SetResolution
 .text.ADC_SAR_PR_Init
                0x000013d0       0x3c .\CortexM3\ARM_GCC_541\Debug\Riaszto.a(ADC_SAR_PR.o)
                0x000013d0                ADC_SAR_PR_Init
 .text.ADC_SAR_PR_Start
                0x0000140c       0x1c .\CortexM3\ARM_GCC_541\Debug\Riaszto.a(ADC_SAR_PR.o)
                0x0000140c                ADC_SAR_PR_Start
 .text.ADC_SAR_PR_StartConvert
                0x00001428       0x10 .\CortexM3\ARM_GCC_541\Debug\Riaszto.a(ADC_SAR_PR.o)
                0x00001428                ADC_SAR_PR_StartConvert
 .text.ADC_SAR_PR_ISR
                0x00001438        0x4 .\CortexM3\ARM_GCC_541\Debug\Riaszto.a(ADC_SAR_PR_INT.o)
                0x00001438                ADC_SAR_PR_ISR
 .text.EEPROM_Enable
                0x0000143c        0xc .\CortexM3\ARM_GCC_541\Debug\Riaszto.a(EEPROM.o)
                0x0000143c                EEPROM_Enable
 .text.EEPROM_Start
                0x00001448        0x8 .\CortexM3\ARM_GCC_541\Debug\Riaszto.a(EEPROM.o)
                0x00001448                EEPROM_Start
 .text.UART_GSM_Init
                0x00001450       0x60 .\CortexM3\ARM_GCC_541\Debug\Riaszto.a(UART_GSM.o)
                0x00001450                UART_GSM_Init
 .text.UART_GSM_Enable
                0x000014b0       0x54 .\CortexM3\ARM_GCC_541\Debug\Riaszto.a(UART_GSM.o)
                0x000014b0                UART_GSM_Enable
 .text.UART_GSM_Start
                0x00001504       0x1c .\CortexM3\ARM_GCC_541\Debug\Riaszto.a(UART_GSM.o)
                0x00001504                UART_GSM_Start
 .text.UART_GSM_GetChar
                0x00001520       0x80 .\CortexM3\ARM_GCC_541\Debug\Riaszto.a(UART_GSM.o)
                0x00001520                UART_GSM_GetChar
 .text.UART_GSM_GetRxBufferSize
                0x000015a0       0x60 .\CortexM3\ARM_GCC_541\Debug\Riaszto.a(UART_GSM.o)
                0x000015a0                UART_GSM_GetRxBufferSize
 .text.UART_GSM_PutChar
                0x00001600       0x70 .\CortexM3\ARM_GCC_541\Debug\Riaszto.a(UART_GSM.o)
                0x00001600                UART_GSM_PutChar
 .text.UART_GSM_RXISR
                0x00001670       0x98 .\CortexM3\ARM_GCC_541\Debug\Riaszto.a(UART_GSM_INT.o)
                0x00001670                UART_GSM_RXISR
 .text.UART_GSM_TXISR
                0x00001708       0x58 .\CortexM3\ARM_GCC_541\Debug\Riaszto.a(UART_GSM_INT.o)
                0x00001708                UART_GSM_TXISR
 .text.VDAC8_Enable
                0x00001760       0x1c .\CortexM3\ARM_GCC_541\Debug\Riaszto.a(VDAC8.o)
                0x00001760                VDAC8_Enable
 .text.VDAC8_SetSpeed
                0x0000177c       0x1c .\CortexM3\ARM_GCC_541\Debug\Riaszto.a(VDAC8.o)
                0x0000177c                VDAC8_SetSpeed
 .text.VDAC8_SetValue
                0x00001798        0xc .\CortexM3\ARM_GCC_541\Debug\Riaszto.a(VDAC8.o)
                0x00001798                VDAC8_SetValue
 .text.VDAC8_DacTrim
                0x000017a4       0x24 .\CortexM3\ARM_GCC_541\Debug\Riaszto.a(VDAC8.o)
                0x000017a4                VDAC8_DacTrim
 .text.VDAC8_SetRange
                0x000017c8       0x20 .\CortexM3\ARM_GCC_541\Debug\Riaszto.a(VDAC8.o)
                0x000017c8                VDAC8_SetRange
 .text.VDAC8_Init
                0x000017e8       0x20 .\CortexM3\ARM_GCC_541\Debug\Riaszto.a(VDAC8.o)
                0x000017e8                VDAC8_Init
 .text.VDAC8_Start
                0x00001808       0x24 .\CortexM3\ARM_GCC_541\Debug\Riaszto.a(VDAC8.o)
                0x00001808                VDAC8_Start
 .text.SPIM_IntClock_Start
                0x0000182c       0x1c .\CortexM3\ARM_GCC_541\Debug\Riaszto.a(SPIM_IntClock.o)
                0x0000182c                SPIM_IntClock_Start
 .text.UART_IntClock_Start
                0x00001848       0x1c .\CortexM3\ARM_GCC_541\Debug\Riaszto.a(UART_IntClock.o)
                0x00001848                UART_IntClock_Start
 .text.ADC_SAR_RADAR_IRQ_SetVector
                0x00001864        0xc .\CortexM3\ARM_GCC_541\Debug\Riaszto.a(ADC_SAR_RADAR_IRQ.o)
                0x00001864                ADC_SAR_RADAR_IRQ_SetVector
 .text.ADC_SAR_RADAR_IRQ_SetPriority
                0x00001870       0x10 .\CortexM3\ARM_GCC_541\Debug\Riaszto.a(ADC_SAR_RADAR_IRQ.o)
                0x00001870                ADC_SAR_RADAR_IRQ_SetPriority
 .text.ADC_SAR_RADAR_IRQ_Enable
                0x00001880        0xc .\CortexM3\ARM_GCC_541\Debug\Riaszto.a(ADC_SAR_RADAR_IRQ.o)
                0x00001880                ADC_SAR_RADAR_IRQ_Enable
 .text.ADC_SAR_RADAR_IRQ_Disable
                0x0000188c        0xc .\CortexM3\ARM_GCC_541\Debug\Riaszto.a(ADC_SAR_RADAR_IRQ.o)
                0x0000188c                ADC_SAR_RADAR_IRQ_Disable
 .text.ADC_SAR_RADAR_IRQ_StartEx
                0x00001898       0x1c .\CortexM3\ARM_GCC_541\Debug\Riaszto.a(ADC_SAR_RADAR_IRQ.o)
                0x00001898                ADC_SAR_RADAR_IRQ_StartEx
 .text.ADC_SAR_RADAR_theACLK_SetModeRegister
                0x000018b4       0x14 .\CortexM3\ARM_GCC_541\Debug\Riaszto.a(ADC_SAR_RADAR_theACLK.o)
                0x000018b4                ADC_SAR_RADAR_theACLK_SetModeRegister
 .text.ADC_SAR_PR_theACLK_SetModeRegister
                0x000018c8       0x14 .\CortexM3\ARM_GCC_541\Debug\Riaszto.a(ADC_SAR_PR_theACLK.o)
                0x000018c8                ADC_SAR_PR_theACLK_SetModeRegister
 .text.UART_GSM_IntClock_Start
                0x000018dc       0x1c .\CortexM3\ARM_GCC_541\Debug\Riaszto.a(UART_GSM_IntClock.o)
                0x000018dc                UART_GSM_IntClock_Start
 .text.CySetTempInt
                0x000018f8       0x60 .\CortexM3\ARM_GCC_541\Debug\Riaszto.a(CyFlash.o)
 .text.CyFlashGetSpcAlgorithm
                0x00001958       0x4c .\CortexM3\ARM_GCC_541\Debug\Riaszto.a(CyFlash.o)
                0x00001958                CyFlashGetSpcAlgorithm
 .text.CySetTemp
                0x000019a4       0x14 .\CortexM3\ARM_GCC_541\Debug\Riaszto.a(CyFlash.o)
                0x000019a4                CySetTemp
 .text.CyEEPROM_Start
                0x000019b8       0x54 .\CortexM3\ARM_GCC_541\Debug\Riaszto.a(CyFlash.o)
                0x000019b8                CyEEPROM_Start
 .text.CyHalt   0x00001a0c        0x4 .\CortexM3\ARM_GCC_541\Debug\Riaszto.a(CyLib.o)
                0x00001a0c                CyHalt
 .text.CyDelay  0x00001a10       0x2c .\CortexM3\ARM_GCC_541\Debug\Riaszto.a(CyLib.o)
                0x00001a10                CyDelay
 .text.CyDelayUs
                0x00001a3c       0x14 .\CortexM3\ARM_GCC_541\Debug\Riaszto.a(CyLib.o)
                0x00001a3c                CyDelayUs
 .text.CyIntSetVector
                0x00001a50       0x28 .\CortexM3\ARM_GCC_541\Debug\Riaszto.a(CyLib.o)
                0x00001a50                CyIntSetVector
 .text.CyIntSetPriority
                0x00001a78       0x30 .\CortexM3\ARM_GCC_541\Debug\Riaszto.a(CyLib.o)
                0x00001a78                CyIntSetPriority
 .text.CySpcStart
                0x00001aa8       0x24 .\CortexM3\ARM_GCC_541\Debug\Riaszto.a(CySpc.o)
                0x00001aa8                CySpcStart
 .text.CySpcReadData
                0x00001acc       0x34 .\CortexM3\ARM_GCC_541\Debug\Riaszto.a(CySpc.o)
                0x00001acc                CySpcReadData
 .text.CySpcGetTemp
                0x00001b00       0x3c .\CortexM3\ARM_GCC_541\Debug\Riaszto.a(CySpc.o)
                0x00001b00                CySpcGetTemp
 .text.CySpcLock
                0x00001b3c       0x4c .\CortexM3\ARM_GCC_541\Debug\Riaszto.a(CySpc.o)
                0x00001b3c                CySpcLock
 .text.CySpcUnlock
                0x00001b88       0x38 .\CortexM3\ARM_GCC_541\Debug\Riaszto.a(CySpc.o)
                0x00001b88                CySpcUnlock
 .text.CySpcGetAlgorithm
                0x00001bc0       0x28 .\CortexM3\ARM_GCC_541\Debug\Riaszto.a(CySpc.o)
                0x00001bc0                CySpcGetAlgorithm
 .text          0x00001be8       0x20 .\CortexM3\ARM_GCC_541\Debug\Riaszto.a(CyBootAsmGnu.o)
                0x00001be8                CyDelayCycles
                0x00001bf8                CyEnterCriticalSection
                0x00001c00                CyExitCriticalSection
 .text.__errno  0x00001c08        0xc c:/program files (x86)/cypress/psoc creator/4.4/psoc creator/import/gnu/arm/5.4.1/bin/../lib/gcc/arm-none-eabi/5.4.1/../../../../arm-none-eabi/lib/armv7-m\libg_nano.a(lib_a-errno.o)
                0x00001c08                __errno
 .text.__libc_init_array
                0x00001c14       0x4c c:/program files (x86)/cypress/psoc creator/4.4/psoc creator/import/gnu/arm/5.4.1/bin/../lib/gcc/arm-none-eabi/5.4.1/../../../../arm-none-eabi/lib/armv7-m\libg_nano.a(lib_a-init.o)
                0x00001c14                __libc_init_array
 .text.malloc   0x00001c60       0x10 c:/program files (x86)/cypress/psoc creator/4.4/psoc creator/import/gnu/arm/5.4.1/bin/../lib/gcc/arm-none-eabi/5.4.1/../../../../arm-none-eabi/lib/armv7-m\libg_nano.a(lib_a-malloc.o)
                0x00001c60                malloc
 .text.free     0x00001c70       0x10 c:/program files (x86)/cypress/psoc creator/4.4/psoc creator/import/gnu/arm/5.4.1/bin/../lib/gcc/arm-none-eabi/5.4.1/../../../../arm-none-eabi/lib/armv7-m\libg_nano.a(lib_a-malloc.o)
                0x00001c70                free
 .text.memcpy   0x00001c80       0x16 c:/program files (x86)/cypress/psoc creator/4.4/psoc creator/import/gnu/arm/5.4.1/bin/../lib/gcc/arm-none-eabi/5.4.1/../../../../arm-none-eabi/lib/armv7-m\libg_nano.a(lib_a-memcpy-stub.o)
                0x00001c80                memcpy
 .text.memset   0x00001c96       0x10 c:/program files (x86)/cypress/psoc creator/4.4/psoc creator/import/gnu/arm/5.4.1/bin/../lib/gcc/arm-none-eabi/5.4.1/../../../../arm-none-eabi/lib/armv7-m\libg_nano.a(lib_a-memset.o)
                0x00001c96                memset
 *fill*         0x00001ca6        0x2 
 .text._free_r  0x00001ca8       0x98 c:/program files (x86)/cypress/psoc creator/4.4/psoc creator/import/gnu/arm/5.4.1/bin/../lib/gcc/arm-none-eabi/5.4.1/../../../../arm-none-eabi/lib/armv7-m\libg_nano.a(lib_a-nano-freer.o)
                0x00001ca8                _free_r
 .text._malloc_r
                0x00001d40       0xbc c:/program files (x86)/cypress/psoc creator/4.4/psoc creator/import/gnu/arm/5.4.1/bin/../lib/gcc/arm-none-eabi/5.4.1/../../../../arm-none-eabi/lib/armv7-m\libg_nano.a(lib_a-nano-mallocr.o)
                0x00001d40                _malloc_r
 .text._sbrk_r  0x00001dfc       0x20 c:/program files (x86)/cypress/psoc creator/4.4/psoc creator/import/gnu/arm/5.4.1/bin/../lib/gcc/arm-none-eabi/5.4.1/../../../../arm-none-eabi/lib/armv7-m\libg_nano.a(lib_a-sbrkr.o)
                0x00001dfc                _sbrk_r
 .text.__malloc_lock
                0x00001e1c        0x2 c:/program files (x86)/cypress/psoc creator/4.4/psoc creator/import/gnu/arm/5.4.1/bin/../lib/gcc/arm-none-eabi/5.4.1/../../../../arm-none-eabi/lib/armv7-m\libg_nano.a(lib_a-mlock.o)
                0x00001e1c                __malloc_lock
 .text.__malloc_unlock
                0x00001e1e        0x2 c:/program files (x86)/cypress/psoc creator/4.4/psoc creator/import/gnu/arm/5.4.1/bin/../lib/gcc/arm-none-eabi/5.4.1/../../../../arm-none-eabi/lib/armv7-m\libg_nano.a(lib_a-mlock.o)
                0x00001e1e                __malloc_unlock
 *(.plt)
 *(.gnu.warning)
 *(.glue_7t)
 .glue_7t       0x00001e20        0x0 linker stubs
 *(.glue_7)
 .glue_7        0x00001e20        0x0 linker stubs
 *(.vfp11_veneer)
 .vfp11_veneer  0x00001e20        0x0 linker stubs
 *(.bootloader)
 *(.ARM.extab* .gnu.linkonce.armextab.*)
 *(.gcc_except_table)

.v4_bx          0x00001e20        0x0
 .v4_bx         0x00001e20        0x0 linker stubs

.iplt           0x00001e20        0x0
 .iplt          0x00001e20        0x0 c:/program files (x86)/cypress/psoc creator/4.4/psoc creator/import/gnu/arm/5.4.1/bin/../lib/gcc/arm-none-eabi/5.4.1/armv7-m/crtbegin.o

.eh_frame_hdr
 *(.eh_frame_hdr)

.eh_frame       0x00001e20        0x4
 *(.eh_frame)
 .eh_frame      0x00001e20        0x0 c:/program files (x86)/cypress/psoc creator/4.4/psoc creator/import/gnu/arm/5.4.1/bin/../lib/gcc/arm-none-eabi/5.4.1/armv7-m/crtbegin.o
 .eh_frame      0x00001e20        0x4 c:/program files (x86)/cypress/psoc creator/4.4/psoc creator/import/gnu/arm/5.4.1/bin/../lib/gcc/arm-none-eabi/5.4.1/armv7-m/crtend.o
                [!provide]                PROVIDE (__exidx_start, .)

.ARM.exidx
 *(.ARM.exidx* .gnu.linkonce.armexidx.*)
                0x00001e24                __exidx_end = .

.rodata         0x00001e24       0x9c
 *(.rodata .rodata.* .gnu.linkonce.r.*)
 .rodata.str1.4
                0x00001e24       0x18 .\CortexM3\ARM_GCC_541\Debug\TaskFIFO.o
                                 0x15 (size before relaxing)
 .rodata.str1.4
                0x00001e3c        0xd .\CortexM3\ARM_GCC_541\Debug\PeriodicTask.o
 .rodata        0x00001e3c       0x4c .\CortexM3\ARM_GCC_541\Debug\cyfitter_cfg.o
 .rodata.str1.1
                0x00001e88        0x2 c:/program files (x86)/cypress/psoc creator/4.4/psoc creator/import/gnu/arm/5.4.1/bin/../lib/gcc/arm-none-eabi/5.4.1/../../../../arm-none-eabi/lib/armv7-m\libg_nano.a(lib_a-impure.o)
                0x00001e8c                . = ALIGN (0x4)
 *fill*         0x00001e8a        0x2 
 *(.init)
 .init          0x00001e8c        0x4 c:/program files (x86)/cypress/psoc creator/4.4/psoc creator/import/gnu/arm/5.4.1/bin/../lib/gcc/arm-none-eabi/5.4.1/armv7-m/crti.o
                0x00001e8c                _init
 .init          0x00001e90        0x8 c:/program files (x86)/cypress/psoc creator/4.4/psoc creator/import/gnu/arm/5.4.1/bin/../lib/gcc/arm-none-eabi/5.4.1/armv7-m/crtn.o
                0x00001e98                . = ALIGN (0x4)
                0x00001e98                __preinit_array_start = .
 *(.preinit_array)
                0x00001e98                __preinit_array_end = .
                0x00001e98                . = ALIGN (0x4)
                0x00001e98                __init_array_start = .
 *(SORT(.init_array.*))
 *(.init_array)
 .init_array    0x00001e98        0x4 c:/program files (x86)/cypress/psoc creator/4.4/psoc creator/import/gnu/arm/5.4.1/bin/../lib/gcc/arm-none-eabi/5.4.1/armv7-m/crtbegin.o
 .init_array    0x00001e9c        0x4 .\CortexM3\ARM_GCC_541\Debug\Cm3Start.o
                0x00001ea0                __init_array_end = .
                0x00001ea0                . = ALIGN (0x4)
 *(.fini)
 .fini          0x00001ea0        0x4 c:/program files (x86)/cypress/psoc creator/4.4/psoc creator/import/gnu/arm/5.4.1/bin/../lib/gcc/arm-none-eabi/5.4.1/armv7-m/crti.o
                0x00001ea0                _fini
 .fini          0x00001ea4        0x8 c:/program files (x86)/cypress/psoc creator/4.4/psoc creator/import/gnu/arm/5.4.1/bin/../lib/gcc/arm-none-eabi/5.4.1/armv7-m/crtn.o
                0x00001eac                . = ALIGN (0x4)
                0x00001eac                __fini_array_start = .
 *(.fini_array)
 .fini_array    0x00001eac        0x4 c:/program files (x86)/cypress/psoc creator/4.4/psoc creator/import/gnu/arm/5.4.1/bin/../lib/gcc/arm-none-eabi/5.4.1/armv7-m/crtbegin.o
 *(SORT(.fini_array.*))
                0x00001eb0                __fini_array_end = .
                0x00001eb0                . = ALIGN (0x4)
 *crtbegin.o(.ctors)
 *(EXCLUDE_FILE(*crtend.o) .ctors)
 *(SORT(.ctors.*))
 *crtend.o(.ctors)
                0x00001eb0                . = ALIGN (0x4)
 *crtbegin.o(.dtors)
 *(EXCLUDE_FILE(*crtend.o) .dtors)
 *(SORT(.dtors.*))
 *crtend.o(.dtors)
                0x00001eb0                . = ALIGN (0x4)
                0x00001eb0                __cy_regions = .
                0x00001eb0        0x4 LONG 0x1ec0 __cy_region_init_ram
                0x00001eb4        0x4 LONG 0x1fff80c8 __cy_region_start_data
                0x00001eb8        0x4 LONG 0x80 __cy_region_init_size_ram
                0x00001ebc        0x4 LONG 0xa0 __cy_region_zero_size_ram
                0x00001ec0                __cy_regions_end = .
                0x00001ec0                . = ALIGN (0x8)
                0x00001ec0                _etext = .

.cy_checksum_exclude
                0x00001ec0        0x0
 *(.cy_checksum_exclude)

.ramvectors     0x1fff8000       0xc0
                0x1fff8000                __cy_region_start_ram = .
 *(.ramvectors)
 .ramvectors    0x1fff8000       0xc0 .\CortexM3\ARM_GCC_541\Debug\Cm3Start.o
                0x1fff8000                CyRamVectors

.noinit         0x1fff80c0        0x1
 *(.noinit)
 .noinit        0x1fff80c0        0x1 .\CortexM3\ARM_GCC_541\Debug\Riaszto.a(CyLib.o)
                0x1fff80c0                CyResetStatus

.data           0x1fff80c8       0x80 load address 0x00001ec0
                0x1fff80c8                __cy_region_start_data = .
 *(.jcr)
 .jcr           0x1fff80c8        0x0 c:/program files (x86)/cypress/psoc creator/4.4/psoc creator/import/gnu/arm/5.4.1/bin/../lib/gcc/arm-none-eabi/5.4.1/armv7-m/crtbegin.o
 .jcr           0x1fff80c8        0x4 c:/program files (x86)/cypress/psoc creator/4.4/psoc creator/import/gnu/arm/5.4.1/bin/../lib/gcc/arm-none-eabi/5.4.1/armv7-m/crtend.o
 *(.got.plt)
 *(.got)
 *(.shdata)
 *(.data .data.* .gnu.linkonce.d.*)
 .data          0x1fff80cc        0x2 .\CortexM3\ARM_GCC_541\Debug\hb100movement.o
                0x1fff80cc                minAmp
 *fill*         0x1fff80ce        0x2 
 .data          0x1fff80d0        0x4 .\CortexM3\ARM_GCC_541\Debug\Cm3Start.o
 .data          0x1fff80d4       0x10 .\CortexM3\ARM_GCC_541\Debug\Riaszto.a(CyLib.o)
                0x1fff80d4                cydelay_32k_ms
                0x1fff80d8                cydelay_freq_khz
                0x1fff80dc                cydelay_freq_mhz
                0x1fff80e0                cydelay_freq_hz
 .data.impure_data
                0x1fff80e4       0x60 c:/program files (x86)/cypress/psoc creator/4.4/psoc creator/import/gnu/arm/5.4.1/bin/../lib/gcc/arm-none-eabi/5.4.1/../../../../arm-none-eabi/lib/armv7-m\libg_nano.a(lib_a-impure.o)
 .data._impure_ptr
                0x1fff8144        0x4 c:/program files (x86)/cypress/psoc creator/4.4/psoc creator/import/gnu/arm/5.4.1/bin/../lib/gcc/arm-none-eabi/5.4.1/../../../../arm-none-eabi/lib/armv7-m\libg_nano.a(lib_a-impure.o)
                0x1fff8144                _impure_ptr
                0x1fff8148                . = ALIGN (0x8)
 *(.ram)
                0x1fff8148                _edata = .

.igot.plt       0x1fff8148        0x0 load address 0x00001f40
 .igot.plt      0x1fff8148        0x0 c:/program files (x86)/cypress/psoc creator/4.4/psoc creator/import/gnu/arm/5.4.1/bin/../lib/gcc/arm-none-eabi/5.4.1/armv7-m/crtbegin.o

.bss            0x1fff8148       0xa0 load address 0x00001f40
                0x1fff8148                PROVIDE (__bss_start__, .)
 *(.shbss)
 *(.bss .bss.* .gnu.linkonce.b.*)
 .bss           0x1fff8148       0x1c c:/program files (x86)/cypress/psoc creator/4.4/psoc creator/import/gnu/arm/5.4.1/bin/../lib/gcc/arm-none-eabi/5.4.1/armv7-m/crtbegin.o
 .bss           0x1fff8164        0x2 .\CortexM3\ARM_GCC_541\Debug\Keypad.o
                0x1fff8164                PRESSED_KEY
                0x1fff8165                waiting_for_relese
 *fill*         0x1fff8166        0x2 
 .bss           0x1fff8168        0x8 .\CortexM3\ARM_GCC_541\Debug\hb100movement.o
                0x1fff8168                maxAmp
                0x1fff816c                lastCountRadar
 .bss           0x1fff8170        0x2 .\CortexM3\ARM_GCC_541\Debug\Riaszto.a(LCD.o)
                0x1fff8170                LCD_enableState
                0x1fff8171                LCD_initVar
 .bss           0x1fff8172        0x1 .\CortexM3\ARM_GCC_541\Debug\Riaszto.a(SPIM.o)
                0x1fff8172                SPIM_initVar
 .bss           0x1fff8173        0x2 .\CortexM3\ARM_GCC_541\Debug\Riaszto.a(UART.o)
                0x1fff8173                UART_initVar
 .bss           0x1fff8175        0x1 .\CortexM3\ARM_GCC_541\Debug\Riaszto.a(ADC_SAR_RADAR.o)
                0x1fff8175                ADC_SAR_RADAR_initVar
 .bss           0x1fff8176        0x1 .\CortexM3\ARM_GCC_541\Debug\Riaszto.a(Timer.o)
                0x1fff8176                Timer_initVar
 .bss           0x1fff8177        0x1 .\CortexM3\ARM_GCC_541\Debug\Riaszto.a(PWM_BACKLIGHT.o)
                0x1fff8177                PWM_BACKLIGHT_initVar
 .bss           0x1fff8178        0x1 .\CortexM3\ARM_GCC_541\Debug\Riaszto.a(PWM_BEEPER.o)
                0x1fff8178                PWM_BEEPER_initVar
 .bss           0x1fff8179        0x1 .\CortexM3\ARM_GCC_541\Debug\Riaszto.a(ADC_SAR_PR.o)
                0x1fff8179                ADC_SAR_PR_initVar
 .bss           0x1fff817a        0x9 .\CortexM3\ARM_GCC_541\Debug\Riaszto.a(UART_GSM.o)
                0x1fff817a                UART_GSM_errorStatus
                0x1fff817b                UART_GSM_initVar
                0x1fff817c                UART_GSM_rxBufferRead
                0x1fff817d                UART_GSM_rxBufferWrite
                0x1fff817e                UART_GSM_rxBufferLoopDetect
                0x1fff817f                UART_GSM_rxBufferOverflow
                0x1fff8180                UART_GSM_txBufferRead
                0x1fff8181                UART_GSM_txBufferWrite
 .bss           0x1fff8183        0x1 .\CortexM3\ARM_GCC_541\Debug\Riaszto.a(VDAC8.o)
                0x1fff8183                VDAC8_initVar
 .bss           0x1fff8184        0x8 .\CortexM3\ARM_GCC_541\Debug\Riaszto.a(CySpc.o)
                0x1fff8184                SpcLockState
 .bss.__malloc_sbrk_start
                0x1fff818c        0x4 c:/program files (x86)/cypress/psoc creator/4.4/psoc creator/import/gnu/arm/5.4.1/bin/../lib/gcc/arm-none-eabi/5.4.1/../../../../arm-none-eabi/lib/armv7-m\libg_nano.a(lib_a-nano-mallocr.o)
                0x1fff818c                __malloc_sbrk_start
 .bss.__malloc_free_list
                0x1fff8190        0x4 c:/program files (x86)/cypress/psoc creator/4.4/psoc creator/import/gnu/arm/5.4.1/bin/../lib/gcc/arm-none-eabi/5.4.1/../../../../arm-none-eabi/lib/armv7-m\libg_nano.a(lib_a-nano-mallocr.o)
                0x1fff8190                __malloc_free_list
 *(COMMON)
 COMMON         0x1fff8194       0x24 .\CortexM3\ARM_GCC_541\Debug\main.o
                0x1fff8194                tone_fifo
                0x1fff819c                p_tasks
                0x1fff81a4                alart_reason
                0x1fff81b4                code_buffer
 COMMON         0x1fff81b8        0xc .\CortexM3\ARM_GCC_541\Debug\Riaszto.a(ADC_SAR_RADAR.o)
                0x1fff81b8                ADC_SAR_RADAR_countsPerVolt
                0x1fff81ba                ADC_SAR_RADAR_offset
                0x1fff81bc                ADC_SAR_RADAR_shift
                0x1fff81c0                ADC_SAR_RADAR_countsPer10Volt
 COMMON         0x1fff81c4        0xc .\CortexM3\ARM_GCC_541\Debug\Riaszto.a(ADC_SAR_PR.o)
                0x1fff81c4                ADC_SAR_PR_offset
                0x1fff81c6                ADC_SAR_PR_shift
                0x1fff81c8                ADC_SAR_PR_countsPerVolt
                0x1fff81cc                ADC_SAR_PR_countsPer10Volt
 COMMON         0x1fff81d0       0x10 .\CortexM3\ARM_GCC_541\Debug\Riaszto.a(UART_GSM.o)
                0x1fff81d0                UART_GSM_rxBuffer
                0x1fff81d8                UART_GSM_txBuffer
 COMMON         0x1fff81e0        0x2 .\CortexM3\ARM_GCC_541\Debug\Riaszto.a(CyFlash.o)
                0x1fff81e0                dieTemperature
 *fill*         0x1fff81e2        0x2 
 COMMON         0x1fff81e4        0x4 c:/program files (x86)/cypress/psoc creator/4.4/psoc creator/import/gnu/arm/5.4.1/bin/../lib/gcc/arm-none-eabi/5.4.1/../../../../arm-none-eabi/lib/armv7-m\libg_nano.a(lib_a-reent.o)
                0x1fff81e4                errno
                0x1fff81e8                . = ALIGN (0x8)
 *(.ram.b)
                0x1fff81e8                _end = .
                0x1fff81e8                __end = .
                0x1fff81e8                PROVIDE (end, .)
                0x1fff81e8                PROVIDE (__bss_end__, .)
                0x00001ec0                __cy_region_init_ram = LOADADDR (.data)
                0x00000080                __cy_region_init_size_ram = (_edata - ADDR (.data))
                0x000000a0                __cy_region_zero_size_ram = (_end - _edata)

.heap           0x1fff81e8      0x800 load address 0x00001f40
                0x1fff81e8                . = _end
                0x1fff89e8                . = (. + 0x800)
 *fill*         0x1fff81e8      0x800 
                0x1fff89e8                __cy_heap_limit = .

.stack          0x20007800      0x800
                0x20007800                __cy_stack_limit = .
                0x20008000                . = (. + 0x800)
 *fill*         0x20007800      0x800 
                0x00000001                ASSERT ((__cy_stack_limit >= __cy_heap_limit), region RAM overflowed with stack)
                0x00000000                cy_checksum_exclude_size = (CY_APPL_LOADABLE == 0x1)?SIZEOF (.cy_checksum_exclude):0x0
                0x00000001                ASSERT ((cy_checksum_exclude_size <= CY_CHECKSUM_EXCLUDE_SIZE), CY_BOOT: Section .cy_checksum_exclude size exceedes specified limit.)

.cyloadermeta
 *(.cyloadermeta)

.cyloadablemeta
 *(.cyloadablemeta)

.cyconfigecc    0x80000000      0xa4c
 *(.cyconfigecc)
 .cyconfigecc   0x80000000      0xa4c .\CortexM3\ARM_GCC_541\Debug\cymetadata.o
                0x80000000                cy_meta_configecc

.cycustnvl      0x90000000        0x4
 *(.cycustnvl)
 .cycustnvl     0x90000000        0x4 .\CortexM3\ARM_GCC_541\Debug\cymetadata.o
                0x90000000                cy_meta_custnvl

.cywolatch      0x90100000        0x4
 *(.cywolatch)
 .cywolatch     0x90100000        0x4 .\CortexM3\ARM_GCC_541\Debug\cymetadata.o
                0x90100000                cy_meta_wonvl

.cyeeprom       0x90200000        0x0
 *(.cyeeprom)
                0x00000001                ASSERT ((. <= ((0x90200000 + ee_offset) + ee_size)), .cyeeprom data will not fit in EEPROM)

.cyflashprotect
                0x90400000      0x100
 *(.cyflashprotect)
 .cyflashprotect
                0x90400000      0x100 .\CortexM3\ARM_GCC_541\Debug\cymetadata.o
                0x90400000                cy_meta_flashprotect

.cymeta         0x90500000        0xc
 *(.cymeta)
 .cymeta        0x90500000        0xc .\CortexM3\ARM_GCC_541\Debug\cymetadata.o
                0x90500000                cy_metadata

.rel.dyn        0x00001f40        0x0 load address 0x9050000c
 .rel.iplt      0x00001f40        0x0 c:/program files (x86)/cypress/psoc creator/4.4/psoc creator/import/gnu/arm/5.4.1/bin/../lib/gcc/arm-none-eabi/5.4.1/armv7-m/crtbegin.o

.stab
 *(.stab)

.stabstr
 *(.stabstr)

.debug
 *(.debug)

.line
 *(.line)

.debug_srcinfo
 *(.debug_srcinfo)

.debug_sfnames
 *(.debug_sfnames)

.debug_aranges  0x00000000     0x13c0
 *(.debug_aranges)
 .debug_aranges
                0x00000000       0x68 .\CortexM3\ARM_GCC_541\Debug\main.o
 .debug_aranges
                0x00000068       0x68 .\CortexM3\ARM_GCC_541\Debug\d1302.o
 .debug_aranges
                0x000000d0       0x50 .\CortexM3\ARM_GCC_541\Debug\TaskFIFO.o
 .debug_aranges
                0x00000120       0x58 .\CortexM3\ARM_GCC_541\Debug\PeriodicTask.o
 .debug_aranges
                0x00000178       0x30 .\CortexM3\ARM_GCC_541\Debug\Keypad.o
 .debug_aranges
                0x000001a8       0x30 .\CortexM3\ARM_GCC_541\Debug\hb100movement.o
 .debug_aranges
                0x000001d8       0x48 .\CortexM3\ARM_GCC_541\Debug\EEPROM_Helper.o
 .debug_aranges
                0x00000220       0x58 .\CortexM3\ARM_GCC_541\Debug\cyfitter_cfg.o
 .debug_aranges
                0x00000278       0x18 .\CortexM3\ARM_GCC_541\Debug\cymetadata.o
 .debug_aranges
                0x00000290       0x48 .\CortexM3\ARM_GCC_541\Debug\Cm3Start.o
 .debug_aranges
                0x000002d8       0x98 .\CortexM3\ARM_GCC_541\Debug\Riaszto.a(LCD.o)
 .debug_aranges
                0x00000370       0x38 .\CortexM3\ARM_GCC_541\Debug\Riaszto.a(ROW1.o)
 .debug_aranges
                0x000003a8       0x38 .\CortexM3\ARM_GCC_541\Debug\Riaszto.a(ROW2.o)
 .debug_aranges
                0x000003e0       0x38 .\CortexM3\ARM_GCC_541\Debug\Riaszto.a(ROW3.o)
 .debug_aranges
                0x00000418       0x38 .\CortexM3\ARM_GCC_541\Debug\Riaszto.a(ROW4.o)
 .debug_aranges
                0x00000450       0x38 .\CortexM3\ARM_GCC_541\Debug\Riaszto.a(COL1.o)
 .debug_aranges
                0x00000488       0x38 .\CortexM3\ARM_GCC_541\Debug\Riaszto.a(COL2.o)
 .debug_aranges
                0x000004c0       0x38 .\CortexM3\ARM_GCC_541\Debug\Riaszto.a(COL3.o)
 .debug_aranges
                0x000004f8       0x38 .\CortexM3\ARM_GCC_541\Debug\Riaszto.a(COL4.o)
 .debug_aranges
                0x00000530       0xe8 .\CortexM3\ARM_GCC_541\Debug\Riaszto.a(SPIM.o)
 .debug_aranges
                0x00000618       0x38 .\CortexM3\ARM_GCC_541\Debug\Riaszto.a(SS.o)
 .debug_aranges
                0x00000650       0xf0 .\CortexM3\ARM_GCC_541\Debug\Riaszto.a(UART.o)
 .debug_aranges
                0x00000740       0xa8 .\CortexM3\ARM_GCC_541\Debug\Riaszto.a(ADC_SAR_RADAR.o)
 .debug_aranges
                0x000007e8       0x88 .\CortexM3\ARM_GCC_541\Debug\Riaszto.a(Timer.o)
 .debug_aranges
                0x00000870       0x80 .\CortexM3\ARM_GCC_541\Debug\Riaszto.a(isr_Timer.o)
 .debug_aranges
                0x000008f0       0x78 .\CortexM3\ARM_GCC_541\Debug\Riaszto.a(PWM_BACKLIGHT.o)
 .debug_aranges
                0x00000968       0x78 .\CortexM3\ARM_GCC_541\Debug\Riaszto.a(PWM_BEEPER.o)
 .debug_aranges
                0x000009e0       0xa8 .\CortexM3\ARM_GCC_541\Debug\Riaszto.a(ADC_SAR_PR.o)
 .debug_aranges
                0x00000a88       0x20 .\CortexM3\ARM_GCC_541\Debug\Riaszto.a(ADC_SAR_PR_INT.o)
 .debug_aranges
                0x00000aa8       0x78 .\CortexM3\ARM_GCC_541\Debug\Riaszto.a(EEPROM.o)
 .debug_aranges
                0x00000b20       0xf0 .\CortexM3\ARM_GCC_541\Debug\Riaszto.a(UART_GSM.o)
 .debug_aranges
                0x00000c10       0x28 .\CortexM3\ARM_GCC_541\Debug\Riaszto.a(UART_GSM_INT.o)
 .debug_aranges
                0x00000c38       0x58 .\CortexM3\ARM_GCC_541\Debug\Riaszto.a(VDAC8.o)
 .debug_aranges
                0x00000c90       0x70 .\CortexM3\ARM_GCC_541\Debug\Riaszto.a(SPIM_IntClock.o)
 .debug_aranges
                0x00000d00       0x70 .\CortexM3\ARM_GCC_541\Debug\Riaszto.a(UART_IntClock.o)
 .debug_aranges
                0x00000d70       0x80 .\CortexM3\ARM_GCC_541\Debug\Riaszto.a(ADC_SAR_RADAR_IRQ.o)
 .debug_aranges
                0x00000df0       0x80 .\CortexM3\ARM_GCC_541\Debug\Riaszto.a(ADC_SAR_RADAR_theACLK.o)
 .debug_aranges
                0x00000e70       0x80 .\CortexM3\ARM_GCC_541\Debug\Riaszto.a(ADC_SAR_PR_theACLK.o)
 .debug_aranges
                0x00000ef0       0x70 .\CortexM3\ARM_GCC_541\Debug\Riaszto.a(UART_GSM_IntClock.o)
 .debug_aranges
                0x00000f60       0x88 .\CortexM3\ARM_GCC_541\Debug\Riaszto.a(CyFlash.o)
 .debug_aranges
                0x00000fe8      0x2a0 .\CortexM3\ARM_GCC_541\Debug\Riaszto.a(CyLib.o)
 .debug_aranges
                0x00001288       0x98 .\CortexM3\ARM_GCC_541\Debug\Riaszto.a(cyPm.o)
 .debug_aranges
                0x00001320       0x80 .\CortexM3\ARM_GCC_541\Debug\Riaszto.a(CySpc.o)
 .debug_aranges
                0x000013a0       0x20 .\CortexM3\ARM_GCC_541\Debug\Riaszto.a(CyBootAsmGnu.o)

.debug_pubnames
 *(.debug_pubnames)

.debug_info     0x00000000     0xab5e
 *(.debug_info .gnu.linkonce.wi.*)
 .debug_info    0x00000000      0xad9 .\CortexM3\ARM_GCC_541\Debug\main.o
 .debug_info    0x00000ad9      0x59d .\CortexM3\ARM_GCC_541\Debug\d1302.o
 .debug_info    0x00001076      0x4da .\CortexM3\ARM_GCC_541\Debug\TaskFIFO.o
 .debug_info    0x00001550      0x51c .\CortexM3\ARM_GCC_541\Debug\PeriodicTask.o
 .debug_info    0x00001a6c      0x358 .\CortexM3\ARM_GCC_541\Debug\Keypad.o
 .debug_info    0x00001dc4      0x1a3 .\CortexM3\ARM_GCC_541\Debug\hb100movement.o
 .debug_info    0x00001f67      0x313 .\CortexM3\ARM_GCC_541\Debug\EEPROM_Helper.o
 .debug_info    0x0000227a      0x676 .\CortexM3\ARM_GCC_541\Debug\cyfitter_cfg.o
 .debug_info    0x000028f0      0x139 .\CortexM3\ARM_GCC_541\Debug\cymetadata.o
 .debug_info    0x00002a29      0x3bb .\CortexM3\ARM_GCC_541\Debug\Cm3Start.o
 .debug_info    0x00002de4      0x715 .\CortexM3\ARM_GCC_541\Debug\Riaszto.a(LCD.o)
 .debug_info    0x000034f9      0x11f .\CortexM3\ARM_GCC_541\Debug\Riaszto.a(ROW1.o)
 .debug_info    0x00003618      0x11f .\CortexM3\ARM_GCC_541\Debug\Riaszto.a(ROW2.o)
 .debug_info    0x00003737      0x11f .\CortexM3\ARM_GCC_541\Debug\Riaszto.a(ROW3.o)
 .debug_info    0x00003856      0x11f .\CortexM3\ARM_GCC_541\Debug\Riaszto.a(ROW4.o)
 .debug_info    0x00003975      0x11f .\CortexM3\ARM_GCC_541\Debug\Riaszto.a(COL1.o)
 .debug_info    0x00003a94      0x11f .\CortexM3\ARM_GCC_541\Debug\Riaszto.a(COL2.o)
 .debug_info    0x00003bb3      0x11f .\CortexM3\ARM_GCC_541\Debug\Riaszto.a(COL3.o)
 .debug_info    0x00003cd2      0x11f .\CortexM3\ARM_GCC_541\Debug\Riaszto.a(COL4.o)
 .debug_info    0x00003df1      0x4df .\CortexM3\ARM_GCC_541\Debug\Riaszto.a(SPIM.o)
 .debug_info    0x000042d0      0x11f .\CortexM3\ARM_GCC_541\Debug\Riaszto.a(SS.o)
 .debug_info    0x000043ef      0x60c .\CortexM3\ARM_GCC_541\Debug\Riaszto.a(UART.o)
 .debug_info    0x000049fb      0x5c0 .\CortexM3\ARM_GCC_541\Debug\Riaszto.a(ADC_SAR_RADAR.o)
 .debug_info    0x00004fbb      0x293 .\CortexM3\ARM_GCC_541\Debug\Riaszto.a(Timer.o)
 .debug_info    0x0000524e      0x2d2 .\CortexM3\ARM_GCC_541\Debug\Riaszto.a(isr_Timer.o)
 .debug_info    0x00005520      0x27f .\CortexM3\ARM_GCC_541\Debug\Riaszto.a(PWM_BACKLIGHT.o)
 .debug_info    0x0000579f      0x27f .\CortexM3\ARM_GCC_541\Debug\Riaszto.a(PWM_BEEPER.o)
 .debug_info    0x00005a1e      0x5c0 .\CortexM3\ARM_GCC_541\Debug\Riaszto.a(ADC_SAR_PR.o)
 .debug_info    0x00005fde       0x92 .\CortexM3\ARM_GCC_541\Debug\Riaszto.a(ADC_SAR_PR_INT.o)
 .debug_info    0x00006070      0x630 .\CortexM3\ARM_GCC_541\Debug\Riaszto.a(EEPROM.o)
 .debug_info    0x000066a0      0x7ae .\CortexM3\ARM_GCC_541\Debug\Riaszto.a(UART_GSM.o)
 .debug_info    0x00006e4e      0x186 .\CortexM3\ARM_GCC_541\Debug\Riaszto.a(UART_GSM_INT.o)
 .debug_info    0x00006fd4      0x1df .\CortexM3\ARM_GCC_541\Debug\Riaszto.a(VDAC8.o)
 .debug_info    0x000071b3      0x283 .\CortexM3\ARM_GCC_541\Debug\Riaszto.a(SPIM_IntClock.o)
 .debug_info    0x00007436      0x283 .\CortexM3\ARM_GCC_541\Debug\Riaszto.a(UART_IntClock.o)
 .debug_info    0x000076b9      0x2d2 .\CortexM3\ARM_GCC_541\Debug\Riaszto.a(ADC_SAR_RADAR_IRQ.o)
 .debug_info    0x0000798b      0x2c4 .\CortexM3\ARM_GCC_541\Debug\Riaszto.a(ADC_SAR_RADAR_theACLK.o)
 .debug_info    0x00007c4f      0x2c4 .\CortexM3\ARM_GCC_541\Debug\Riaszto.a(ADC_SAR_PR_theACLK.o)
 .debug_info    0x00007f13      0x283 .\CortexM3\ARM_GCC_541\Debug\Riaszto.a(UART_GSM_IntClock.o)
 .debug_info    0x00008196      0x64d .\CortexM3\ARM_GCC_541\Debug\Riaszto.a(CyFlash.o)
 .debug_info    0x000087e3     0x1374 .\CortexM3\ARM_GCC_541\Debug\Riaszto.a(CyLib.o)
 .debug_info    0x00009b57      0xa2a .\CortexM3\ARM_GCC_541\Debug\Riaszto.a(cyPm.o)
 .debug_info    0x0000a581      0x550 .\CortexM3\ARM_GCC_541\Debug\Riaszto.a(CySpc.o)
 .debug_info    0x0000aad1       0x8d .\CortexM3\ARM_GCC_541\Debug\Riaszto.a(CyBootAsmGnu.o)

.debug_abbrev   0x00000000     0x3365
 *(.debug_abbrev)
 .debug_abbrev  0x00000000      0x208 .\CortexM3\ARM_GCC_541\Debug\main.o
 .debug_abbrev  0x00000208      0x15b .\CortexM3\ARM_GCC_541\Debug\d1302.o
 .debug_abbrev  0x00000363      0x1cc .\CortexM3\ARM_GCC_541\Debug\TaskFIFO.o
 .debug_abbrev  0x0000052f      0x1df .\CortexM3\ARM_GCC_541\Debug\PeriodicTask.o
 .debug_abbrev  0x0000070e      0x126 .\CortexM3\ARM_GCC_541\Debug\Keypad.o
 .debug_abbrev  0x00000834       0xef .\CortexM3\ARM_GCC_541\Debug\hb100movement.o
 .debug_abbrev  0x00000923      0x12f .\CortexM3\ARM_GCC_541\Debug\EEPROM_Helper.o
 .debug_abbrev  0x00000a52      0x20d .\CortexM3\ARM_GCC_541\Debug\cyfitter_cfg.o
 .debug_abbrev  0x00000c5f       0x77 .\CortexM3\ARM_GCC_541\Debug\cymetadata.o
 .debug_abbrev  0x00000cd6      0x1e8 .\CortexM3\ARM_GCC_541\Debug\Cm3Start.o
 .debug_abbrev  0x00000ebe      0x157 .\CortexM3\ARM_GCC_541\Debug\Riaszto.a(LCD.o)
 .debug_abbrev  0x00001015       0x90 .\CortexM3\ARM_GCC_541\Debug\Riaszto.a(ROW1.o)
 .debug_abbrev  0x000010a5       0x90 .\CortexM3\ARM_GCC_541\Debug\Riaszto.a(ROW2.o)
 .debug_abbrev  0x00001135       0x90 .\CortexM3\ARM_GCC_541\Debug\Riaszto.a(ROW3.o)
 .debug_abbrev  0x000011c5       0x90 .\CortexM3\ARM_GCC_541\Debug\Riaszto.a(ROW4.o)
 .debug_abbrev  0x00001255       0x90 .\CortexM3\ARM_GCC_541\Debug\Riaszto.a(COL1.o)
 .debug_abbrev  0x000012e5       0x90 .\CortexM3\ARM_GCC_541\Debug\Riaszto.a(COL2.o)
 .debug_abbrev  0x00001375       0x90 .\CortexM3\ARM_GCC_541\Debug\Riaszto.a(COL3.o)
 .debug_abbrev  0x00001405       0x90 .\CortexM3\ARM_GCC_541\Debug\Riaszto.a(COL4.o)
 .debug_abbrev  0x00001495      0x146 .\CortexM3\ARM_GCC_541\Debug\Riaszto.a(SPIM.o)
 .debug_abbrev  0x000015db       0x90 .\CortexM3\ARM_GCC_541\Debug\Riaszto.a(SS.o)
 .debug_abbrev  0x0000166b      0x175 .\CortexM3\ARM_GCC_541\Debug\Riaszto.a(UART.o)
 .debug_abbrev  0x000017e0      0x1ac .\CortexM3\ARM_GCC_541\Debug\Riaszto.a(ADC_SAR_RADAR.o)
 .debug_abbrev  0x0000198c      0x11a .\CortexM3\ARM_GCC_541\Debug\Riaszto.a(Timer.o)
 .debug_abbrev  0x00001aa6      0x173 .\CortexM3\ARM_GCC_541\Debug\Riaszto.a(isr_Timer.o)
 .debug_abbrev  0x00001c19      0x12d .\CortexM3\ARM_GCC_541\Debug\Riaszto.a(PWM_BACKLIGHT.o)
 .debug_abbrev  0x00001d46      0x12d .\CortexM3\ARM_GCC_541\Debug\Riaszto.a(PWM_BEEPER.o)
 .debug_abbrev  0x00001e73      0x1ac .\CortexM3\ARM_GCC_541\Debug\Riaszto.a(ADC_SAR_PR.o)
 .debug_abbrev  0x0000201f       0x42 .\CortexM3\ARM_GCC_541\Debug\Riaszto.a(ADC_SAR_PR_INT.o)
 .debug_abbrev  0x00002061      0x14e .\CortexM3\ARM_GCC_541\Debug\Riaszto.a(EEPROM.o)
 .debug_abbrev  0x000021af      0x16f .\CortexM3\ARM_GCC_541\Debug\Riaszto.a(UART_GSM.o)
 .debug_abbrev  0x0000231e       0xa2 .\CortexM3\ARM_GCC_541\Debug\Riaszto.a(UART_GSM_INT.o)
 .debug_abbrev  0x000023c0       0xf7 .\CortexM3\ARM_GCC_541\Debug\Riaszto.a(VDAC8.o)
 .debug_abbrev  0x000024b7      0x139 .\CortexM3\ARM_GCC_541\Debug\Riaszto.a(SPIM_IntClock.o)
 .debug_abbrev  0x000025f0      0x139 .\CortexM3\ARM_GCC_541\Debug\Riaszto.a(UART_IntClock.o)
 .debug_abbrev  0x00002729      0x173 .\CortexM3\ARM_GCC_541\Debug\Riaszto.a(ADC_SAR_RADAR_IRQ.o)
 .debug_abbrev  0x0000289c      0x121 .\CortexM3\ARM_GCC_541\Debug\Riaszto.a(ADC_SAR_RADAR_theACLK.o)
 .debug_abbrev  0x000029bd      0x121 .\CortexM3\ARM_GCC_541\Debug\Riaszto.a(ADC_SAR_PR_theACLK.o)
 .debug_abbrev  0x00002ade      0x139 .\CortexM3\ARM_GCC_541\Debug\Riaszto.a(UART_GSM_IntClock.o)
 .debug_abbrev  0x00002c17      0x1a7 .\CortexM3\ARM_GCC_541\Debug\Riaszto.a(CyFlash.o)
 .debug_abbrev  0x00002dbe      0x254 .\CortexM3\ARM_GCC_541\Debug\Riaszto.a(CyLib.o)
 .debug_abbrev  0x00003012      0x1ab .\CortexM3\ARM_GCC_541\Debug\Riaszto.a(cyPm.o)
 .debug_abbrev  0x000031bd      0x194 .\CortexM3\ARM_GCC_541\Debug\Riaszto.a(CySpc.o)
 .debug_abbrev  0x00003351       0x14 .\CortexM3\ARM_GCC_541\Debug\Riaszto.a(CyBootAsmGnu.o)

.debug_line     0x00000000     0x4bfd
 *(.debug_line)
 .debug_line    0x00000000      0x350 .\CortexM3\ARM_GCC_541\Debug\main.o
 .debug_line    0x00000350      0x26c .\CortexM3\ARM_GCC_541\Debug\d1302.o
 .debug_line    0x000005bc      0x218 .\CortexM3\ARM_GCC_541\Debug\TaskFIFO.o
 .debug_line    0x000007d4      0x24e .\CortexM3\ARM_GCC_541\Debug\PeriodicTask.o
 .debug_line    0x00000a22      0x278 .\CortexM3\ARM_GCC_541\Debug\Keypad.o
 .debug_line    0x00000c9a      0x1ad .\CortexM3\ARM_GCC_541\Debug\hb100movement.o
 .debug_line    0x00000e47      0x1e4 .\CortexM3\ARM_GCC_541\Debug\EEPROM_Helper.o
 .debug_line    0x0000102b      0x218 .\CortexM3\ARM_GCC_541\Debug\cyfitter_cfg.o
 .debug_line    0x00001243      0x141 .\CortexM3\ARM_GCC_541\Debug\cymetadata.o
 .debug_line    0x00001384      0x234 .\CortexM3\ARM_GCC_541\Debug\Cm3Start.o
 .debug_line    0x000015b8      0x1dc .\CortexM3\ARM_GCC_541\Debug\Riaszto.a(LCD.o)
 .debug_line    0x00001794       0x91 .\CortexM3\ARM_GCC_541\Debug\Riaszto.a(ROW1.o)
 .debug_line    0x00001825       0x91 .\CortexM3\ARM_GCC_541\Debug\Riaszto.a(ROW2.o)
 .debug_line    0x000018b6       0x91 .\CortexM3\ARM_GCC_541\Debug\Riaszto.a(ROW3.o)
 .debug_line    0x00001947       0x91 .\CortexM3\ARM_GCC_541\Debug\Riaszto.a(ROW4.o)
 .debug_line    0x000019d8       0x91 .\CortexM3\ARM_GCC_541\Debug\Riaszto.a(COL1.o)
 .debug_line    0x00001a69       0x91 .\CortexM3\ARM_GCC_541\Debug\Riaszto.a(COL2.o)
 .debug_line    0x00001afa       0x91 .\CortexM3\ARM_GCC_541\Debug\Riaszto.a(COL3.o)
 .debug_line    0x00001b8b       0x91 .\CortexM3\ARM_GCC_541\Debug\Riaszto.a(COL4.o)
 .debug_line    0x00001c1c      0x265 .\CortexM3\ARM_GCC_541\Debug\Riaszto.a(SPIM.o)
 .debug_line    0x00001e81       0x8f .\CortexM3\ARM_GCC_541\Debug\Riaszto.a(SS.o)
 .debug_line    0x00001f10      0x2bc .\CortexM3\ARM_GCC_541\Debug\Riaszto.a(UART.o)
 .debug_line    0x000021cc      0x228 .\CortexM3\ARM_GCC_541\Debug\Riaszto.a(ADC_SAR_RADAR.o)
 .debug_line    0x000023f4      0x153 .\CortexM3\ARM_GCC_541\Debug\Riaszto.a(Timer.o)
 .debug_line    0x00002547      0x136 .\CortexM3\ARM_GCC_541\Debug\Riaszto.a(isr_Timer.o)
 .debug_line    0x0000267d      0x13b .\CortexM3\ARM_GCC_541\Debug\Riaszto.a(PWM_BACKLIGHT.o)
 .debug_line    0x000027b8      0x138 .\CortexM3\ARM_GCC_541\Debug\Riaszto.a(PWM_BEEPER.o)
 .debug_line    0x000028f0      0x222 .\CortexM3\ARM_GCC_541\Debug\Riaszto.a(ADC_SAR_PR.o)
 .debug_line    0x00002b12       0x57 .\CortexM3\ARM_GCC_541\Debug\Riaszto.a(ADC_SAR_PR_INT.o)
 .debug_line    0x00002b69      0x264 .\CortexM3\ARM_GCC_541\Debug\Riaszto.a(EEPROM.o)
 .debug_line    0x00002dcd      0x343 .\CortexM3\ARM_GCC_541\Debug\Riaszto.a(UART_GSM.o)
 .debug_line    0x00003110       0xad .\CortexM3\ARM_GCC_541\Debug\Riaszto.a(UART_GSM_INT.o)
 .debug_line    0x000031bd       0xe2 .\CortexM3\ARM_GCC_541\Debug\Riaszto.a(VDAC8.o)
 .debug_line    0x0000329f      0x17c .\CortexM3\ARM_GCC_541\Debug\Riaszto.a(SPIM_IntClock.o)
 .debug_line    0x0000341b      0x17c .\CortexM3\ARM_GCC_541\Debug\Riaszto.a(UART_IntClock.o)
 .debug_line    0x00003597      0x13e .\CortexM3\ARM_GCC_541\Debug\Riaszto.a(ADC_SAR_RADAR_IRQ.o)
 .debug_line    0x000036d5      0x1a7 .\CortexM3\ARM_GCC_541\Debug\Riaszto.a(ADC_SAR_RADAR_theACLK.o)
 .debug_line    0x0000387c      0x1a4 .\CortexM3\ARM_GCC_541\Debug\Riaszto.a(ADC_SAR_PR_theACLK.o)
 .debug_line    0x00003a20      0x180 .\CortexM3\ARM_GCC_541\Debug\Riaszto.a(UART_GSM_IntClock.o)
 .debug_line    0x00003ba0      0x21a .\CortexM3\ARM_GCC_541\Debug\Riaszto.a(CyFlash.o)
 .debug_line    0x00003dba      0x816 .\CortexM3\ARM_GCC_541\Debug\Riaszto.a(CyLib.o)
 .debug_line    0x000045d0      0x367 .\CortexM3\ARM_GCC_541\Debug\Riaszto.a(cyPm.o)
 .debug_line    0x00004937      0x260 .\CortexM3\ARM_GCC_541\Debug\Riaszto.a(CySpc.o)
 .debug_line    0x00004b97       0x66 .\CortexM3\ARM_GCC_541\Debug\Riaszto.a(CyBootAsmGnu.o)

.debug_frame    0x00000000     0x32d4
 *(.debug_frame)
 .debug_frame   0x00000000      0x134 .\CortexM3\ARM_GCC_541\Debug\main.o
 .debug_frame   0x00000134      0x13c .\CortexM3\ARM_GCC_541\Debug\d1302.o
 .debug_frame   0x00000270       0xb8 .\CortexM3\ARM_GCC_541\Debug\TaskFIFO.o
 .debug_frame   0x00000328       0xe8 .\CortexM3\ARM_GCC_541\Debug\PeriodicTask.o
 .debug_frame   0x00000410       0x4c .\CortexM3\ARM_GCC_541\Debug\Keypad.o
 .debug_frame   0x0000045c       0x54 .\CortexM3\ARM_GCC_541\Debug\hb100movement.o
 .debug_frame   0x000004b0       0xcc .\CortexM3\ARM_GCC_541\Debug\EEPROM_Helper.o
 .debug_frame   0x0000057c       0xfc .\CortexM3\ARM_GCC_541\Debug\cyfitter_cfg.o
 .debug_frame   0x00000678       0xb8 .\CortexM3\ARM_GCC_541\Debug\Cm3Start.o
 .debug_frame   0x00000730      0x1e8 .\CortexM3\ARM_GCC_541\Debug\Riaszto.a(LCD.o)
 .debug_frame   0x00000918       0x50 .\CortexM3\ARM_GCC_541\Debug\Riaszto.a(ROW1.o)
 .debug_frame   0x00000968       0x50 .\CortexM3\ARM_GCC_541\Debug\Riaszto.a(ROW2.o)
 .debug_frame   0x000009b8       0x50 .\CortexM3\ARM_GCC_541\Debug\Riaszto.a(ROW3.o)
 .debug_frame   0x00000a08       0x50 .\CortexM3\ARM_GCC_541\Debug\Riaszto.a(ROW4.o)
 .debug_frame   0x00000a58       0x50 .\CortexM3\ARM_GCC_541\Debug\Riaszto.a(COL1.o)
 .debug_frame   0x00000aa8       0x50 .\CortexM3\ARM_GCC_541\Debug\Riaszto.a(COL2.o)
 .debug_frame   0x00000af8       0x50 .\CortexM3\ARM_GCC_541\Debug\Riaszto.a(COL3.o)
 .debug_frame   0x00000b48       0x50 .\CortexM3\ARM_GCC_541\Debug\Riaszto.a(COL4.o)
 .debug_frame   0x00000b98      0x208 .\CortexM3\ARM_GCC_541\Debug\Riaszto.a(SPIM.o)
 .debug_frame   0x00000da0       0x50 .\CortexM3\ARM_GCC_541\Debug\Riaszto.a(SS.o)
 .debug_frame   0x00000df0      0x250 .\CortexM3\ARM_GCC_541\Debug\Riaszto.a(UART.o)
 .debug_frame   0x00001040      0x1b4 .\CortexM3\ARM_GCC_541\Debug\Riaszto.a(ADC_SAR_RADAR.o)
 .debug_frame   0x000011f4      0x108 .\CortexM3\ARM_GCC_541\Debug\Riaszto.a(Timer.o)
 .debug_frame   0x000012fc      0x104 .\CortexM3\ARM_GCC_541\Debug\Riaszto.a(isr_Timer.o)
 .debug_frame   0x00001400       0xe8 .\CortexM3\ARM_GCC_541\Debug\Riaszto.a(PWM_BACKLIGHT.o)
 .debug_frame   0x000014e8       0xe8 .\CortexM3\ARM_GCC_541\Debug\Riaszto.a(PWM_BEEPER.o)
 .debug_frame   0x000015d0      0x1b0 .\CortexM3\ARM_GCC_541\Debug\Riaszto.a(ADC_SAR_PR.o)
 .debug_frame   0x00001780       0x20 .\CortexM3\ARM_GCC_541\Debug\Riaszto.a(ADC_SAR_PR_INT.o)
 .debug_frame   0x000017a0      0x17c .\CortexM3\ARM_GCC_541\Debug\Riaszto.a(EEPROM.o)
 .debug_frame   0x0000191c      0x25c .\CortexM3\ARM_GCC_541\Debug\Riaszto.a(UART_GSM.o)
 .debug_frame   0x00001b78       0x30 .\CortexM3\ARM_GCC_541\Debug\Riaszto.a(UART_GSM_INT.o)
 .debug_frame   0x00001ba8       0xb4 .\CortexM3\ARM_GCC_541\Debug\Riaszto.a(VDAC8.o)
 .debug_frame   0x00001c5c       0xe0 .\CortexM3\ARM_GCC_541\Debug\Riaszto.a(SPIM_IntClock.o)
 .debug_frame   0x00001d3c       0xe0 .\CortexM3\ARM_GCC_541\Debug\Riaszto.a(UART_IntClock.o)
 .debug_frame   0x00001e1c      0x104 .\CortexM3\ARM_GCC_541\Debug\Riaszto.a(ADC_SAR_RADAR_IRQ.o)
 .debug_frame   0x00001f20      0x100 .\CortexM3\ARM_GCC_541\Debug\Riaszto.a(ADC_SAR_RADAR_theACLK.o)
 .debug_frame   0x00002020      0x100 .\CortexM3\ARM_GCC_541\Debug\Riaszto.a(ADC_SAR_PR_theACLK.o)
 .debug_frame   0x00002120       0xe0 .\CortexM3\ARM_GCC_541\Debug\Riaszto.a(UART_GSM_IntClock.o)
 .debug_frame   0x00002200      0x194 .\CortexM3\ARM_GCC_541\Debug\Riaszto.a(CyFlash.o)
 .debug_frame   0x00002394      0x738 .\CortexM3\ARM_GCC_541\Debug\Riaszto.a(CyLib.o)
 .debug_frame   0x00002acc      0x1f8 .\CortexM3\ARM_GCC_541\Debug\Riaszto.a(cyPm.o)
 .debug_frame   0x00002cc4      0x180 .\CortexM3\ARM_GCC_541\Debug\Riaszto.a(CySpc.o)
 .debug_frame   0x00002e44       0x44 c:/program files (x86)/cypress/psoc creator/4.4/psoc creator/import/gnu/arm/5.4.1/bin/../lib/gcc/arm-none-eabi/5.4.1/armv7-m\libgcc.a(_aeabi_ldivmod.o)
 .debug_frame   0x00002e88       0x38 c:/program files (x86)/cypress/psoc creator/4.4/psoc creator/import/gnu/arm/5.4.1/bin/../lib/gcc/arm-none-eabi/5.4.1/armv7-m\libgcc.a(_udivmoddi4.o)
 .debug_frame   0x00002ec0       0x20 c:/program files (x86)/cypress/psoc creator/4.4/psoc creator/import/gnu/arm/5.4.1/bin/../lib/gcc/arm-none-eabi/5.4.1/../../../../arm-none-eabi/lib/armv7-m\libg_nano.a(lib_a-errno.o)
 .debug_frame   0x00002ee0       0x28 c:/program files (x86)/cypress/psoc creator/4.4/psoc creator/import/gnu/arm/5.4.1/bin/../lib/gcc/arm-none-eabi/5.4.1/../../../../arm-none-eabi/lib/armv7-m\libg_nano.a(lib_a-exit.o)
 .debug_frame   0x00002f08       0x2c c:/program files (x86)/cypress/psoc creator/4.4/psoc creator/import/gnu/arm/5.4.1/bin/../lib/gcc/arm-none-eabi/5.4.1/../../../../arm-none-eabi/lib/armv7-m\libg_nano.a(lib_a-init.o)
 .debug_frame   0x00002f34       0x30 c:/program files (x86)/cypress/psoc creator/4.4/psoc creator/import/gnu/arm/5.4.1/bin/../lib/gcc/arm-none-eabi/5.4.1/../../../../arm-none-eabi/lib/armv7-m\libg_nano.a(lib_a-malloc.o)
 .debug_frame   0x00002f64       0x28 c:/program files (x86)/cypress/psoc creator/4.4/psoc creator/import/gnu/arm/5.4.1/bin/../lib/gcc/arm-none-eabi/5.4.1/../../../../arm-none-eabi/lib/armv7-m\libg_nano.a(lib_a-memcpy-stub.o)
 .debug_frame   0x00002f8c       0x20 c:/program files (x86)/cypress/psoc creator/4.4/psoc creator/import/gnu/arm/5.4.1/bin/../lib/gcc/arm-none-eabi/5.4.1/../../../../arm-none-eabi/lib/armv7-m\libg_nano.a(lib_a-memset.o)
 .debug_frame   0x00002fac       0x38 c:/program files (x86)/cypress/psoc creator/4.4/psoc creator/import/gnu/arm/5.4.1/bin/../lib/gcc/arm-none-eabi/5.4.1/../../../../arm-none-eabi/lib/armv7-m\libg_nano.a(lib_a-nano-freer.o)
 .debug_frame   0x00002fe4       0x2c c:/program files (x86)/cypress/psoc creator/4.4/psoc creator/import/gnu/arm/5.4.1/bin/../lib/gcc/arm-none-eabi/5.4.1/../../../../arm-none-eabi/lib/armv7-m\libg_nano.a(lib_a-nano-mallocr.o)
 .debug_frame   0x00003010       0x2c c:/program files (x86)/cypress/psoc creator/4.4/psoc creator/import/gnu/arm/5.4.1/bin/../lib/gcc/arm-none-eabi/5.4.1/../../../../arm-none-eabi/lib/armv7-m\libg_nano.a(lib_a-sbrkr.o)
 .debug_frame   0x0000303c       0x70 c:/program files (x86)/cypress/psoc creator/4.4/psoc creator/import/gnu/arm/5.4.1/bin/../lib/gcc/arm-none-eabi/5.4.1/../../../../arm-none-eabi/lib/armv7-m\libg_nano.a(lib_a-sprintf.o)
 .debug_frame   0x000030ac       0x30 c:/program files (x86)/cypress/psoc creator/4.4/psoc creator/import/gnu/arm/5.4.1/bin/../lib/gcc/arm-none-eabi/5.4.1/../../../../arm-none-eabi/lib/armv7-m\libg_nano.a(lib_a-mlock.o)
 .debug_frame   0x000030dc       0x90 c:/program files (x86)/cypress/psoc creator/4.4/psoc creator/import/gnu/arm/5.4.1/bin/../lib/gcc/arm-none-eabi/5.4.1/../../../../arm-none-eabi/lib/armv7-m\libg_nano.a(lib_a-nano-svfprintf.o)
 .debug_frame   0x0000316c       0x60 c:/program files (x86)/cypress/psoc creator/4.4/psoc creator/import/gnu/arm/5.4.1/bin/../lib/gcc/arm-none-eabi/5.4.1/../../../../arm-none-eabi/lib/armv7-m\libg_nano.a(lib_a-nano-vfprintf_i.o)
 .debug_frame   0x000031cc       0x5c c:/program files (x86)/cypress/psoc creator/4.4/psoc creator/import/gnu/arm/5.4.1/bin/../lib/gcc/arm-none-eabi/5.4.1/../../../../arm-none-eabi/lib/armv7-m\libg_nano.a(lib_a-reent.o)
 .debug_frame   0x00003228       0x28 c:/program files (x86)/cypress/psoc creator/4.4/psoc creator/import/gnu/arm/5.4.1/bin/../lib/gcc/arm-none-eabi/5.4.1/../../../../arm-none-eabi/lib/armv7-m\libg_nano.a(lib_a-memchr-stub.o)
 .debug_frame   0x00003250       0x28 c:/program files (x86)/cypress/psoc creator/4.4/psoc creator/import/gnu/arm/5.4.1/bin/../lib/gcc/arm-none-eabi/5.4.1/../../../../arm-none-eabi/lib/armv7-m\libg_nano.a(lib_a-memmove.o)
 .debug_frame   0x00003278       0x3c c:/program files (x86)/cypress/psoc creator/4.4/psoc creator/import/gnu/arm/5.4.1/bin/../lib/gcc/arm-none-eabi/5.4.1/../../../../arm-none-eabi/lib/armv7-m\libg_nano.a(lib_a-nano-reallocr.o)
 .debug_frame   0x000032b4       0x20 c:/program files (x86)/cypress/psoc creator/4.4/psoc creator/import/gnu/arm/5.4.1/bin/../lib/gcc/arm-none-eabi/5.4.1/../../../../arm-none-eabi/lib/armv7-m\libg_nano.a(lib_a-nano-msizer.o)

.debug_str      0x00000000     0x3b5f
 *(.debug_str)
 .debug_str     0x00000000      0x6c8 .\CortexM3\ARM_GCC_541\Debug\main.o
                                0x781 (size before relaxing)
 .debug_str     0x000006c8      0x126 .\CortexM3\ARM_GCC_541\Debug\d1302.o
                                0x2f7 (size before relaxing)
 .debug_str     0x000007ee       0x82 .\CortexM3\ARM_GCC_541\Debug\TaskFIFO.o
                                0x301 (size before relaxing)
 .debug_str     0x00000870       0x65 .\CortexM3\ARM_GCC_541\Debug\PeriodicTask.o
                                0x315 (size before relaxing)
 .debug_str     0x000008d5       0x9c .\CortexM3\ARM_GCC_541\Debug\Keypad.o
                                0x256 (size before relaxing)
 .debug_str     0x00000971       0x8d .\CortexM3\ARM_GCC_541\Debug\hb100movement.o
                                0x250 (size before relaxing)
 .debug_str     0x000009fe       0xb1 .\CortexM3\ARM_GCC_541\Debug\EEPROM_Helper.o
                                0x26d (size before relaxing)
 .debug_str     0x00000aaf      0x19e .\CortexM3\ARM_GCC_541\Debug\cyfitter_cfg.o
                                0x34b (size before relaxing)
 .debug_str     0x00000c4d       0x7f .\CortexM3\ARM_GCC_541\Debug\cymetadata.o
                                0x1e1 (size before relaxing)
 .debug_str     0x00000ccc      0x13f .\CortexM3\ARM_GCC_541\Debug\Cm3Start.o
                                0x307 (size before relaxing)
 .debug_str     0x00000e0b      0x121 .\CortexM3\ARM_GCC_541\Debug\Riaszto.a(LCD.o)
                                0x328 (size before relaxing)
 .debug_str     0x00000f2c       0x56 .\CortexM3\ARM_GCC_541\Debug\Riaszto.a(ROW1.o)
                                0x1da (size before relaxing)
 .debug_str     0x00000f82       0x4b .\CortexM3\ARM_GCC_541\Debug\Riaszto.a(ROW2.o)
                                0x1da (size before relaxing)
 .debug_str     0x00000fcd       0x4b .\CortexM3\ARM_GCC_541\Debug\Riaszto.a(ROW3.o)
                                0x1da (size before relaxing)
 .debug_str     0x00001018       0x4b .\CortexM3\ARM_GCC_541\Debug\Riaszto.a(ROW4.o)
                                0x1da (size before relaxing)
 .debug_str     0x00001063       0x4c .\CortexM3\ARM_GCC_541\Debug\Riaszto.a(COL1.o)
                                0x1da (size before relaxing)
 .debug_str     0x000010af       0x4c .\CortexM3\ARM_GCC_541\Debug\Riaszto.a(COL2.o)
                                0x1da (size before relaxing)
 .debug_str     0x000010fb       0x4c .\CortexM3\ARM_GCC_541\Debug\Riaszto.a(COL3.o)
                                0x1da (size before relaxing)
 .debug_str     0x00001147       0x4c .\CortexM3\ARM_GCC_541\Debug\Riaszto.a(COL4.o)
                                0x1da (size before relaxing)
 .debug_str     0x00001193      0x21b .\CortexM3\ARM_GCC_541\Debug\Riaszto.a(SPIM.o)
                                0x426 (size before relaxing)
 .debug_str     0x000013ae       0x43 .\CortexM3\ARM_GCC_541\Debug\Riaszto.a(SS.o)
                                0x1d0 (size before relaxing)
 .debug_str     0x000013f1      0x22e .\CortexM3\ARM_GCC_541\Debug\Riaszto.a(UART.o)
                                0x472 (size before relaxing)
 .debug_str     0x0000161f      0x2a4 .\CortexM3\ARM_GCC_541\Debug\Riaszto.a(ADC_SAR_RADAR.o)
                                0x51e (size before relaxing)
 .debug_str     0x000018c3      0x10e .\CortexM3\ARM_GCC_541\Debug\Riaszto.a(Timer.o)
                                0x2f2 (size before relaxing)
 .debug_str     0x000019d1      0x124 .\CortexM3\ARM_GCC_541\Debug\Riaszto.a(isr_Timer.o)
                                0x2db (size before relaxing)
 .debug_str     0x00001af5      0x157 .\CortexM3\ARM_GCC_541\Debug\Riaszto.a(PWM_BACKLIGHT.o)
                                0x33a (size before relaxing)
 .debug_str     0x00001c4c       0xff .\CortexM3\ARM_GCC_541\Debug\Riaszto.a(PWM_BEEPER.o)
                                0x310 (size before relaxing)
 .debug_str     0x00001d4b      0x1fd .\CortexM3\ARM_GCC_541\Debug\Riaszto.a(ADC_SAR_PR.o)
                                0x4d3 (size before relaxing)
 .debug_str     0x00001f48       0x37 .\CortexM3\ARM_GCC_541\Debug\Riaszto.a(ADC_SAR_PR_INT.o)
                                0x19a (size before relaxing)
 .debug_str     0x00001f7f      0x1b2 .\CortexM3\ARM_GCC_541\Debug\Riaszto.a(EEPROM.o)
                                0x3bf (size before relaxing)
 .debug_str     0x00002131      0x373 .\CortexM3\ARM_GCC_541\Debug\Riaszto.a(UART_GSM.o)
                                0x635 (size before relaxing)
 .debug_str     0x000024a4       0x6a .\CortexM3\ARM_GCC_541\Debug\Riaszto.a(UART_GSM_INT.o)
                                0x2b6 (size before relaxing)
 .debug_str     0x0000250e       0x97 .\CortexM3\ARM_GCC_541\Debug\Riaszto.a(VDAC8.o)
                                0x21c (size before relaxing)
 .debug_str     0x000025a5      0x183 .\CortexM3\ARM_GCC_541\Debug\Riaszto.a(SPIM_IntClock.o)
                                0x333 (size before relaxing)
 .debug_str     0x00002728      0x138 .\CortexM3\ARM_GCC_541\Debug\Riaszto.a(UART_IntClock.o)
                                0x333 (size before relaxing)
 .debug_str     0x00002860      0x174 .\CortexM3\ARM_GCC_541\Debug\Riaszto.a(ADC_SAR_RADAR_IRQ.o)
                                0x34b (size before relaxing)
 .debug_str     0x000029d4      0x1f0 .\CortexM3\ARM_GCC_541\Debug\Riaszto.a(ADC_SAR_RADAR_theACLK.o)
                                0x3ea (size before relaxing)
 .debug_str     0x00002bc4      0x1c0 .\CortexM3\ARM_GCC_541\Debug\Riaszto.a(ADC_SAR_PR_theACLK.o)
                                0x3c0 (size before relaxing)
 .debug_str     0x00002d84      0x160 .\CortexM3\ARM_GCC_541\Debug\Riaszto.a(UART_GSM_IntClock.o)
                                0x363 (size before relaxing)
 .debug_str     0x00002ee4      0x129 .\CortexM3\ARM_GCC_541\Debug\Riaszto.a(CyFlash.o)
                                0x3bd (size before relaxing)
 .debug_str     0x0000300d      0x795 .\CortexM3\ARM_GCC_541\Debug\Riaszto.a(CyLib.o)
                                0xa44 (size before relaxing)
 .debug_str     0x000037a2      0x34f .\CortexM3\ARM_GCC_541\Debug\Riaszto.a(cyPm.o)
                                0x730 (size before relaxing)
 .debug_str     0x00003af1       0x6e .\CortexM3\ARM_GCC_541\Debug\Riaszto.a(CySpc.o)
                                0x335 (size before relaxing)

.debug_loc      0x00000000     0x422c
 *(.debug_loc)
 .debug_loc     0x00000000      0x11f .\CortexM3\ARM_GCC_541\Debug\main.o
 .debug_loc     0x0000011f      0x1bc .\CortexM3\ARM_GCC_541\Debug\d1302.o
 .debug_loc     0x000002db      0x20b .\CortexM3\ARM_GCC_541\Debug\TaskFIFO.o
 .debug_loc     0x000004e6      0x261 .\CortexM3\ARM_GCC_541\Debug\PeriodicTask.o
 .debug_loc     0x00000747       0x1f .\CortexM3\ARM_GCC_541\Debug\Keypad.o
 .debug_loc     0x00000766      0x1e2 .\CortexM3\ARM_GCC_541\Debug\EEPROM_Helper.o
 .debug_loc     0x00000948      0x2af .\CortexM3\ARM_GCC_541\Debug\cyfitter_cfg.o
 .debug_loc     0x00000bf7      0x144 .\CortexM3\ARM_GCC_541\Debug\Cm3Start.o
 .debug_loc     0x00000d3b      0x3c6 .\CortexM3\ARM_GCC_541\Debug\Riaszto.a(LCD.o)
 .debug_loc     0x00001101       0x42 .\CortexM3\ARM_GCC_541\Debug\Riaszto.a(ROW1.o)
 .debug_loc     0x00001143       0x42 .\CortexM3\ARM_GCC_541\Debug\Riaszto.a(ROW2.o)
 .debug_loc     0x00001185       0x42 .\CortexM3\ARM_GCC_541\Debug\Riaszto.a(ROW3.o)
 .debug_loc     0x000011c7       0x42 .\CortexM3\ARM_GCC_541\Debug\Riaszto.a(ROW4.o)
 .debug_loc     0x00001209       0x42 .\CortexM3\ARM_GCC_541\Debug\Riaszto.a(COL1.o)
 .debug_loc     0x0000124b       0x42 .\CortexM3\ARM_GCC_541\Debug\Riaszto.a(COL2.o)
 .debug_loc     0x0000128d       0x42 .\CortexM3\ARM_GCC_541\Debug\Riaszto.a(COL3.o)
 .debug_loc     0x000012cf       0x42 .\CortexM3\ARM_GCC_541\Debug\Riaszto.a(COL4.o)
 .debug_loc     0x00001311       0xfe .\CortexM3\ARM_GCC_541\Debug\Riaszto.a(SPIM.o)
 .debug_loc     0x0000140f       0x42 .\CortexM3\ARM_GCC_541\Debug\Riaszto.a(SS.o)
 .debug_loc     0x00001451      0x258 .\CortexM3\ARM_GCC_541\Debug\Riaszto.a(UART.o)
 .debug_loc     0x000016a9      0x295 .\CortexM3\ARM_GCC_541\Debug\Riaszto.a(ADC_SAR_RADAR.o)
 .debug_loc     0x0000193e       0x56 .\CortexM3\ARM_GCC_541\Debug\Riaszto.a(isr_Timer.o)
 .debug_loc     0x00001994       0x13 .\CortexM3\ARM_GCC_541\Debug\Riaszto.a(PWM_BACKLIGHT.o)
 .debug_loc     0x000019a7       0x13 .\CortexM3\ARM_GCC_541\Debug\Riaszto.a(PWM_BEEPER.o)
 .debug_loc     0x000019ba      0x295 .\CortexM3\ARM_GCC_541\Debug\Riaszto.a(ADC_SAR_PR.o)
 .debug_loc     0x00001c4f      0x49f .\CortexM3\ARM_GCC_541\Debug\Riaszto.a(EEPROM.o)
 .debug_loc     0x000020ee      0x36c .\CortexM3\ARM_GCC_541\Debug\Riaszto.a(UART_GSM.o)
 .debug_loc     0x0000245a       0x45 .\CortexM3\ARM_GCC_541\Debug\Riaszto.a(UART_GSM_INT.o)
 .debug_loc     0x0000249f       0x79 .\CortexM3\ARM_GCC_541\Debug\Riaszto.a(VDAC8.o)
 .debug_loc     0x00002518      0x12c .\CortexM3\ARM_GCC_541\Debug\Riaszto.a(SPIM_IntClock.o)
 .debug_loc     0x00002644      0x128 .\CortexM3\ARM_GCC_541\Debug\Riaszto.a(UART_IntClock.o)
 .debug_loc     0x0000276c       0x56 .\CortexM3\ARM_GCC_541\Debug\Riaszto.a(ADC_SAR_RADAR_IRQ.o)
 .debug_loc     0x000027c2      0x149 .\CortexM3\ARM_GCC_541\Debug\Riaszto.a(ADC_SAR_RADAR_theACLK.o)
 .debug_loc     0x0000290b      0x14d .\CortexM3\ARM_GCC_541\Debug\Riaszto.a(ADC_SAR_PR_theACLK.o)
 .debug_loc     0x00002a58      0x128 .\CortexM3\ARM_GCC_541\Debug\Riaszto.a(UART_GSM_IntClock.o)
 .debug_loc     0x00002b80      0x3b2 .\CortexM3\ARM_GCC_541\Debug\Riaszto.a(CyFlash.o)
 .debug_loc     0x00002f32      0xa11 .\CortexM3\ARM_GCC_541\Debug\Riaszto.a(CyLib.o)
 .debug_loc     0x00003943      0x1e4 .\CortexM3\ARM_GCC_541\Debug\Riaszto.a(cyPm.o)
 .debug_loc     0x00003b27      0x705 .\CortexM3\ARM_GCC_541\Debug\Riaszto.a(CySpc.o)

.debug_macinfo
 *(.debug_macinfo)

.debug_ranges   0x00000000     0x1128
 *(.debug_ranges)
 .debug_ranges  0x00000000       0x98 .\CortexM3\ARM_GCC_541\Debug\main.o
 .debug_ranges  0x00000098       0x58 .\CortexM3\ARM_GCC_541\Debug\d1302.o
 .debug_ranges  0x000000f0       0x40 .\CortexM3\ARM_GCC_541\Debug\TaskFIFO.o
 .debug_ranges  0x00000130       0x48 .\CortexM3\ARM_GCC_541\Debug\PeriodicTask.o
 .debug_ranges  0x00000178       0x20 .\CortexM3\ARM_GCC_541\Debug\Keypad.o
 .debug_ranges  0x00000198       0x20 .\CortexM3\ARM_GCC_541\Debug\hb100movement.o
 .debug_ranges  0x000001b8       0x38 .\CortexM3\ARM_GCC_541\Debug\EEPROM_Helper.o
 .debug_ranges  0x000001f0       0x48 .\CortexM3\ARM_GCC_541\Debug\cyfitter_cfg.o
 .debug_ranges  0x00000238       0x38 .\CortexM3\ARM_GCC_541\Debug\Cm3Start.o
 .debug_ranges  0x00000270       0x88 .\CortexM3\ARM_GCC_541\Debug\Riaszto.a(LCD.o)
 .debug_ranges  0x000002f8       0x28 .\CortexM3\ARM_GCC_541\Debug\Riaszto.a(ROW1.o)
 .debug_ranges  0x00000320       0x28 .\CortexM3\ARM_GCC_541\Debug\Riaszto.a(ROW2.o)
 .debug_ranges  0x00000348       0x28 .\CortexM3\ARM_GCC_541\Debug\Riaszto.a(ROW3.o)
 .debug_ranges  0x00000370       0x28 .\CortexM3\ARM_GCC_541\Debug\Riaszto.a(ROW4.o)
 .debug_ranges  0x00000398       0x28 .\CortexM3\ARM_GCC_541\Debug\Riaszto.a(COL1.o)
 .debug_ranges  0x000003c0       0x28 .\CortexM3\ARM_GCC_541\Debug\Riaszto.a(COL2.o)
 .debug_ranges  0x000003e8       0x28 .\CortexM3\ARM_GCC_541\Debug\Riaszto.a(COL3.o)
 .debug_ranges  0x00000410       0x28 .\CortexM3\ARM_GCC_541\Debug\Riaszto.a(COL4.o)
 .debug_ranges  0x00000438       0xd8 .\CortexM3\ARM_GCC_541\Debug\Riaszto.a(SPIM.o)
 .debug_ranges  0x00000510       0x28 .\CortexM3\ARM_GCC_541\Debug\Riaszto.a(SS.o)
 .debug_ranges  0x00000538       0xe0 .\CortexM3\ARM_GCC_541\Debug\Riaszto.a(UART.o)
 .debug_ranges  0x00000618       0x98 .\CortexM3\ARM_GCC_541\Debug\Riaszto.a(ADC_SAR_RADAR.o)
 .debug_ranges  0x000006b0       0x78 .\CortexM3\ARM_GCC_541\Debug\Riaszto.a(Timer.o)
 .debug_ranges  0x00000728       0x70 .\CortexM3\ARM_GCC_541\Debug\Riaszto.a(isr_Timer.o)
 .debug_ranges  0x00000798       0x68 .\CortexM3\ARM_GCC_541\Debug\Riaszto.a(PWM_BACKLIGHT.o)
 .debug_ranges  0x00000800       0x68 .\CortexM3\ARM_GCC_541\Debug\Riaszto.a(PWM_BEEPER.o)
 .debug_ranges  0x00000868       0x98 .\CortexM3\ARM_GCC_541\Debug\Riaszto.a(ADC_SAR_PR.o)
 .debug_ranges  0x00000900       0x10 .\CortexM3\ARM_GCC_541\Debug\Riaszto.a(ADC_SAR_PR_INT.o)
 .debug_ranges  0x00000910       0x68 .\CortexM3\ARM_GCC_541\Debug\Riaszto.a(EEPROM.o)
 .debug_ranges  0x00000978       0xe0 .\CortexM3\ARM_GCC_541\Debug\Riaszto.a(UART_GSM.o)
 .debug_ranges  0x00000a58       0x18 .\CortexM3\ARM_GCC_541\Debug\Riaszto.a(UART_GSM_INT.o)
 .debug_ranges  0x00000a70       0x48 .\CortexM3\ARM_GCC_541\Debug\Riaszto.a(VDAC8.o)
 .debug_ranges  0x00000ab8       0x60 .\CortexM3\ARM_GCC_541\Debug\Riaszto.a(SPIM_IntClock.o)
 .debug_ranges  0x00000b18       0x60 .\CortexM3\ARM_GCC_541\Debug\Riaszto.a(UART_IntClock.o)
 .debug_ranges  0x00000b78       0x70 .\CortexM3\ARM_GCC_541\Debug\Riaszto.a(ADC_SAR_RADAR_IRQ.o)
 .debug_ranges  0x00000be8       0x70 .\CortexM3\ARM_GCC_541\Debug\Riaszto.a(ADC_SAR_RADAR_theACLK.o)
 .debug_ranges  0x00000c58       0x70 .\CortexM3\ARM_GCC_541\Debug\Riaszto.a(ADC_SAR_PR_theACLK.o)
 .debug_ranges  0x00000cc8       0x60 .\CortexM3\ARM_GCC_541\Debug\Riaszto.a(UART_GSM_IntClock.o)
 .debug_ranges  0x00000d28       0x78 .\CortexM3\ARM_GCC_541\Debug\Riaszto.a(CyFlash.o)
 .debug_ranges  0x00000da0      0x290 .\CortexM3\ARM_GCC_541\Debug\Riaszto.a(CyLib.o)
 .debug_ranges  0x00001030       0x88 .\CortexM3\ARM_GCC_541\Debug\Riaszto.a(cyPm.o)
 .debug_ranges  0x000010b8       0x70 .\CortexM3\ARM_GCC_541\Debug\Riaszto.a(CySpc.o)

.comment        0x00000000       0x6e
 .comment       0x00000000       0x6e .\CortexM3\ARM_GCC_541\Debug\main.o
                                 0x6f (size before relaxing)
 .comment       0x0000006e       0x6f .\CortexM3\ARM_GCC_541\Debug\d1302.o
 .comment       0x0000006e       0x6f .\CortexM3\ARM_GCC_541\Debug\TaskFIFO.o
 .comment       0x0000006e       0x6f .\CortexM3\ARM_GCC_541\Debug\PeriodicTask.o
 .comment       0x0000006e       0x6f .\CortexM3\ARM_GCC_541\Debug\Keypad.o
 .comment       0x0000006e       0x6f .\CortexM3\ARM_GCC_541\Debug\hb100movement.o
 .comment       0x0000006e       0x6f .\CortexM3\ARM_GCC_541\Debug\EEPROM_Helper.o
 .comment       0x0000006e       0x6f .\CortexM3\ARM_GCC_541\Debug\cyfitter_cfg.o
 .comment       0x0000006e       0x6f .\CortexM3\ARM_GCC_541\Debug\cymetadata.o
 .comment       0x0000006e       0x6f .\CortexM3\ARM_GCC_541\Debug\Cm3Start.o
 .comment       0x0000006e       0x6f .\CortexM3\ARM_GCC_541\Debug\Riaszto.a(LCD.o)
 .comment       0x0000006e       0x6f .\CortexM3\ARM_GCC_541\Debug\Riaszto.a(ROW1.o)
 .comment       0x0000006e       0x6f .\CortexM3\ARM_GCC_541\Debug\Riaszto.a(ROW2.o)
 .comment       0x0000006e       0x6f .\CortexM3\ARM_GCC_541\Debug\Riaszto.a(ROW3.o)
 .comment       0x0000006e       0x6f .\CortexM3\ARM_GCC_541\Debug\Riaszto.a(ROW4.o)
 .comment       0x0000006e       0x6f .\CortexM3\ARM_GCC_541\Debug\Riaszto.a(COL1.o)
 .comment       0x0000006e       0x6f .\CortexM3\ARM_GCC_541\Debug\Riaszto.a(COL2.o)
 .comment       0x0000006e       0x6f .\CortexM3\ARM_GCC_541\Debug\Riaszto.a(COL3.o)
 .comment       0x0000006e       0x6f .\CortexM3\ARM_GCC_541\Debug\Riaszto.a(COL4.o)
 .comment       0x0000006e       0x6f .\CortexM3\ARM_GCC_541\Debug\Riaszto.a(SPIM.o)
 .comment       0x0000006e       0x6f .\CortexM3\ARM_GCC_541\Debug\Riaszto.a(SS.o)
 .comment       0x0000006e       0x6f .\CortexM3\ARM_GCC_541\Debug\Riaszto.a(UART.o)
 .comment       0x0000006e       0x6f .\CortexM3\ARM_GCC_541\Debug\Riaszto.a(ADC_SAR_RADAR.o)
 .comment       0x0000006e       0x6f .\CortexM3\ARM_GCC_541\Debug\Riaszto.a(Timer.o)
 .comment       0x0000006e       0x6f .\CortexM3\ARM_GCC_541\Debug\Riaszto.a(isr_Timer.o)
 .comment       0x0000006e       0x6f .\CortexM3\ARM_GCC_541\Debug\Riaszto.a(PWM_BACKLIGHT.o)
 .comment       0x0000006e       0x6f .\CortexM3\ARM_GCC_541\Debug\Riaszto.a(PWM_BEEPER.o)
 .comment       0x0000006e       0x6f .\CortexM3\ARM_GCC_541\Debug\Riaszto.a(ADC_SAR_PR.o)
 .comment       0x0000006e       0x6f .\CortexM3\ARM_GCC_541\Debug\Riaszto.a(ADC_SAR_PR_INT.o)
 .comment       0x0000006e       0x6f .\CortexM3\ARM_GCC_541\Debug\Riaszto.a(EEPROM.o)
 .comment       0x0000006e       0x6f .\CortexM3\ARM_GCC_541\Debug\Riaszto.a(UART_GSM.o)
 .comment       0x0000006e       0x6f .\CortexM3\ARM_GCC_541\Debug\Riaszto.a(UART_GSM_INT.o)
 .comment       0x0000006e       0x6f .\CortexM3\ARM_GCC_541\Debug\Riaszto.a(VDAC8.o)
 .comment       0x0000006e       0x6f .\CortexM3\ARM_GCC_541\Debug\Riaszto.a(SPIM_IntClock.o)
 .comment       0x0000006e       0x6f .\CortexM3\ARM_GCC_541\Debug\Riaszto.a(UART_IntClock.o)
 .comment       0x0000006e       0x6f .\CortexM3\ARM_GCC_541\Debug\Riaszto.a(ADC_SAR_RADAR_IRQ.o)
 .comment       0x0000006e       0x6f .\CortexM3\ARM_GCC_541\Debug\Riaszto.a(ADC_SAR_RADAR_theACLK.o)
 .comment       0x0000006e       0x6f .\CortexM3\ARM_GCC_541\Debug\Riaszto.a(ADC_SAR_PR_theACLK.o)
 .comment       0x0000006e       0x6f .\CortexM3\ARM_GCC_541\Debug\Riaszto.a(UART_GSM_IntClock.o)
 .comment       0x0000006e       0x6f .\CortexM3\ARM_GCC_541\Debug\Riaszto.a(CyFlash.o)
 .comment       0x0000006e       0x6f .\CortexM3\ARM_GCC_541\Debug\Riaszto.a(CyLib.o)
 .comment       0x0000006e       0x6f .\CortexM3\ARM_GCC_541\Debug\Riaszto.a(cyPm.o)
 .comment       0x0000006e       0x6f .\CortexM3\ARM_GCC_541\Debug\Riaszto.a(CySpc.o)

.debug_weaknames
 *(.debug_weaknames)

.debug_funcnames
 *(.debug_funcnames)

.debug_typenames
 *(.debug_typenames)

.debug_varnames
 *(.debug_varnames)

.note.gnu.arm.ident
 *(.note.gnu.arm.ident)

.ARM.attributes
                0x00000000       0x29
 *(.ARM.attributes)
 .ARM.attributes
                0x00000000       0x1d c:/program files (x86)/cypress/psoc creator/4.4/psoc creator/import/gnu/arm/5.4.1/bin/../lib/gcc/arm-none-eabi/5.4.1/armv7-m/crti.o
 .ARM.attributes
                0x0000001d       0x2d c:/program files (x86)/cypress/psoc creator/4.4/psoc creator/import/gnu/arm/5.4.1/bin/../lib/gcc/arm-none-eabi/5.4.1/armv7-m/crtbegin.o
 .ARM.attributes
                0x0000004a       0x1b c:/program files (x86)/cypress/psoc creator/4.4/psoc creator/import/gnu/arm/5.4.1/bin/../lib/gcc/arm-none-eabi/5.4.1/../../../../arm-none-eabi/lib/armv7-m/crt0.o
 .ARM.attributes
                0x00000065       0x33 .\CortexM3\ARM_GCC_541\Debug\main.o
 .ARM.attributes
                0x00000098       0x33 .\CortexM3\ARM_GCC_541\Debug\d1302.o
 .ARM.attributes
                0x000000cb       0x33 .\CortexM3\ARM_GCC_541\Debug\TaskFIFO.o
 .ARM.attributes
                0x000000fe       0x33 .\CortexM3\ARM_GCC_541\Debug\PeriodicTask.o
 .ARM.attributes
                0x00000131       0x33 .\CortexM3\ARM_GCC_541\Debug\Keypad.o
 .ARM.attributes
                0x00000164       0x33 .\CortexM3\ARM_GCC_541\Debug\hb100movement.o
 .ARM.attributes
                0x00000197       0x33 .\CortexM3\ARM_GCC_541\Debug\EEPROM_Helper.o
 .ARM.attributes
                0x000001ca       0x33 .\CortexM3\ARM_GCC_541\Debug\cyfitter_cfg.o
 .ARM.attributes
                0x000001fd       0x33 .\CortexM3\ARM_GCC_541\Debug\cymetadata.o
 .ARM.attributes
                0x00000230       0x33 .\CortexM3\ARM_GCC_541\Debug\Cm3Start.o
 .ARM.attributes
                0x00000263       0x33 .\CortexM3\ARM_GCC_541\Debug\Riaszto.a(LCD.o)
 .ARM.attributes
                0x00000296       0x33 .\CortexM3\ARM_GCC_541\Debug\Riaszto.a(ROW1.o)
 .ARM.attributes
                0x000002c9       0x33 .\CortexM3\ARM_GCC_541\Debug\Riaszto.a(ROW2.o)
 .ARM.attributes
                0x000002fc       0x33 .\CortexM3\ARM_GCC_541\Debug\Riaszto.a(ROW3.o)
 .ARM.attributes
                0x0000032f       0x33 .\CortexM3\ARM_GCC_541\Debug\Riaszto.a(ROW4.o)
 .ARM.attributes
                0x00000362       0x33 .\CortexM3\ARM_GCC_541\Debug\Riaszto.a(COL1.o)
 .ARM.attributes
                0x00000395       0x33 .\CortexM3\ARM_GCC_541\Debug\Riaszto.a(COL2.o)
 .ARM.attributes
                0x000003c8       0x33 .\CortexM3\ARM_GCC_541\Debug\Riaszto.a(COL3.o)
 .ARM.attributes
                0x000003fb       0x33 .\CortexM3\ARM_GCC_541\Debug\Riaszto.a(COL4.o)
 .ARM.attributes
                0x0000042e       0x33 .\CortexM3\ARM_GCC_541\Debug\Riaszto.a(SPIM.o)
 .ARM.attributes
                0x00000461       0x33 .\CortexM3\ARM_GCC_541\Debug\Riaszto.a(SS.o)
 .ARM.attributes
                0x00000494       0x33 .\CortexM3\ARM_GCC_541\Debug\Riaszto.a(UART.o)
 .ARM.attributes
                0x000004c7       0x33 .\CortexM3\ARM_GCC_541\Debug\Riaszto.a(ADC_SAR_RADAR.o)
 .ARM.attributes
                0x000004fa       0x33 .\CortexM3\ARM_GCC_541\Debug\Riaszto.a(Timer.o)
 .ARM.attributes
                0x0000052d       0x33 .\CortexM3\ARM_GCC_541\Debug\Riaszto.a(isr_Timer.o)
 .ARM.attributes
                0x00000560       0x33 .\CortexM3\ARM_GCC_541\Debug\Riaszto.a(PWM_BACKLIGHT.o)
 .ARM.attributes
                0x00000593       0x33 .\CortexM3\ARM_GCC_541\Debug\Riaszto.a(PWM_BEEPER.o)
 .ARM.attributes
                0x000005c6       0x33 .\CortexM3\ARM_GCC_541\Debug\Riaszto.a(ADC_SAR_PR.o)
 .ARM.attributes
                0x000005f9       0x33 .\CortexM3\ARM_GCC_541\Debug\Riaszto.a(ADC_SAR_PR_INT.o)
 .ARM.attributes
                0x0000062c       0x33 .\CortexM3\ARM_GCC_541\Debug\Riaszto.a(EEPROM.o)
 .ARM.attributes
                0x0000065f       0x33 .\CortexM3\ARM_GCC_541\Debug\Riaszto.a(UART_GSM.o)
 .ARM.attributes
                0x00000692       0x33 .\CortexM3\ARM_GCC_541\Debug\Riaszto.a(UART_GSM_INT.o)
 .ARM.attributes
                0x000006c5       0x33 .\CortexM3\ARM_GCC_541\Debug\Riaszto.a(VDAC8.o)
 .ARM.attributes
                0x000006f8       0x33 .\CortexM3\ARM_GCC_541\Debug\Riaszto.a(SPIM_IntClock.o)
 .ARM.attributes