Archive member included to satisfy reference by file (symbol)

.\CortexM3\ARM_GCC_541\Debug\Riaszto.a(LCD.o)
                              .\CortexM3\ARM_GCC_541\Debug\main.o (LCD_PrintString)
.\CortexM3\ARM_GCC_541\Debug\Riaszto.a(CyLib.o)
                              .\CortexM3\ARM_GCC_541\Debug\Cm3Start.o (CyHalt)
.\CortexM3\ARM_GCC_541\Debug\Riaszto.a(cyPm.o)
                              .\CortexM3\ARM_GCC_541\Debug\Riaszto.a(CyLib.o) (CyPmReadStatus)
.\CortexM3\ARM_GCC_541\Debug\Riaszto.a(ROW1.o)
                              .\CortexM3\ARM_GCC_541\Debug\Keypad.o (ROW1_Write)
.\CortexM3\ARM_GCC_541\Debug\Riaszto.a(ROW2.o)
                              .\CortexM3\ARM_GCC_541\Debug\Keypad.o (ROW2_Write)
.\CortexM3\ARM_GCC_541\Debug\Riaszto.a(ROW3.o)
                              .\CortexM3\ARM_GCC_541\Debug\Keypad.o (ROW3_Write)
.\CortexM3\ARM_GCC_541\Debug\Riaszto.a(ROW4.o)
                              .\CortexM3\ARM_GCC_541\Debug\Keypad.o (ROW4_Write)
.\CortexM3\ARM_GCC_541\Debug\Riaszto.a(COL1.o)
                              .\CortexM3\ARM_GCC_541\Debug\Keypad.o (COL1_Read)
.\CortexM3\ARM_GCC_541\Debug\Riaszto.a(COL2.o)
                              .\CortexM3\ARM_GCC_541\Debug\Keypad.o (COL2_Read)
.\CortexM3\ARM_GCC_541\Debug\Riaszto.a(COL3.o)
                              .\CortexM3\ARM_GCC_541\Debug\Keypad.o (COL3_Read)
.\CortexM3\ARM_GCC_541\Debug\Riaszto.a(COL4.o)
                              .\CortexM3\ARM_GCC_541\Debug\Keypad.o (COL4_Read)
.\CortexM3\ARM_GCC_541\Debug\Riaszto.a(SPIM.o)
                              .\CortexM3\ARM_GCC_541\Debug\d1302.o (SPIM_ReadTxStatus)
.\CortexM3\ARM_GCC_541\Debug\Riaszto.a(SS.o)
                              .\CortexM3\ARM_GCC_541\Debug\d1302.o (SS_Write)
.\CortexM3\ARM_GCC_541\Debug\Riaszto.a(SPIM_IntClock.o)
                              .\CortexM3\ARM_GCC_541\Debug\Riaszto.a(SPIM.o) (SPIM_IntClock_Start)
.\CortexM3\ARM_GCC_541\Debug\Riaszto.a(UART.o)
                              .\CortexM3\ARM_GCC_541\Debug\main.o (UART_Start)
.\CortexM3\ARM_GCC_541\Debug\Riaszto.a(UART_IntClock.o)
                              .\CortexM3\ARM_GCC_541\Debug\Riaszto.a(UART.o) (UART_IntClock_Start)
.\CortexM3\ARM_GCC_541\Debug\Riaszto.a(Timer.o)
                              .\CortexM3\ARM_GCC_541\Debug\main.o (Timer_ReadStatusRegister)
.\CortexM3\ARM_GCC_541\Debug\Riaszto.a(isr_Timer.o)
                              .\CortexM3\ARM_GCC_541\Debug\main.o (isr_Timer_StartEx)
.\CortexM3\ARM_GCC_541\Debug\Riaszto.a(PWM_BACKLIGHT.o)
                              .\CortexM3\ARM_GCC_541\Debug\main.o (PWM_BACKLIGHT_WriteCompare)
.\CortexM3\ARM_GCC_541\Debug\Riaszto.a(PWM_BEEPER.o)
                              .\CortexM3\ARM_GCC_541\Debug\main.o (PWM_BEEPER_Stop)
.\CortexM3\ARM_GCC_541\Debug\Riaszto.a(ADC_SAR_PR.o)
                              .\CortexM3\ARM_GCC_541\Debug\main.o (ADC_SAR_PR_Start)
.\CortexM3\ARM_GCC_541\Debug\Riaszto.a(ADC_SAR_PR_INT.o)
                              .\CortexM3\ARM_GCC_541\Debug\Riaszto.a(ADC_SAR_PR.o) (ADC_SAR_PR_ISR)
.\CortexM3\ARM_GCC_541\Debug\Riaszto.a(ADC_SAR_PR_theACLK.o)
                              .\CortexM3\ARM_GCC_541\Debug\Riaszto.a(ADC_SAR_PR.o) (ADC_SAR_PR_theACLK_SetModeRegister)
.\CortexM3\ARM_GCC_541\Debug\Riaszto.a(ADC_SAR_RADAR.o)
                              .\CortexM3\ARM_GCC_541\Debug\main.o (ADC_SAR_RADAR_Start)
.\CortexM3\ARM_GCC_541\Debug\Riaszto.a(ADC_SAR_RADAR_IRQ.o)
                              .\CortexM3\ARM_GCC_541\Debug\main.o (ADC_SAR_RADAR_IRQ_StartEx)
.\CortexM3\ARM_GCC_541\Debug\Riaszto.a(ADC_SAR_RADAR_theACLK.o)
                              .\CortexM3\ARM_GCC_541\Debug\Riaszto.a(ADC_SAR_RADAR.o) (ADC_SAR_RADAR_theACLK_SetModeRegister)
.\CortexM3\ARM_GCC_541\Debug\Riaszto.a(EEPROM.o)
                              .\CortexM3\ARM_GCC_541\Debug\main.o (EEPROM_Start)
.\CortexM3\ARM_GCC_541\Debug\Riaszto.a(CyBootAsmGnu.o)
                              .\CortexM3\ARM_GCC_541\Debug\cyfitter_cfg.o (CyDelayCycles)
.\CortexM3\ARM_GCC_541\Debug\Riaszto.a(CyFlash.o)
                              .\CortexM3\ARM_GCC_541\Debug\Riaszto.a(EEPROM.o) (dieTemperature)
.\CortexM3\ARM_GCC_541\Debug\Riaszto.a(CySpc.o)
                              .\CortexM3\ARM_GCC_541\Debug\Riaszto.a(EEPROM.o) (CySpcStart)
c:/program files (x86)/cypress/psoc creator/4.4/psoc creator/import/gnu/arm/5.4.1/bin/../lib/gcc/arm-none-eabi/5.4.1/armv7-m\libgcc.a(_arm_addsubsf3.o)
                              .\CortexM3\ARM_GCC_541\Debug\Riaszto.a(ADC_SAR_PR.o) (__aeabi_i2f)
c:/program files (x86)/cypress/psoc creator/4.4/psoc creator/import/gnu/arm/5.4.1/bin/../lib/gcc/arm-none-eabi/5.4.1/armv7-m\libgcc.a(_arm_muldivsf3.o)
                              .\CortexM3\ARM_GCC_541\Debug\Riaszto.a(ADC_SAR_PR.o) (__aeabi_fmul)
c:/program files (x86)/cypress/psoc creator/4.4/psoc creator/import/gnu/arm/5.4.1/bin/../lib/gcc/arm-none-eabi/5.4.1/armv7-m\libgcc.a(_aeabi_ldivmod.o)
[...]
Memory Configuration

Name             Origin             Length             Attributes
rom              0x00000000         0x00040000         xr
ram              0x1fff8000         0x00010000         xrw
*default*        0x00000000         0xffffffff

Linker script and memory map

LOAD c:/program files (x86)/cypress/psoc creator/4.4/psoc creator/import/gnu/arm/5.4.1/bin/../lib/gcc/arm-none-eabi/5.4.1/armv7-m/crti.o
LOAD c:/program files (x86)/cypress/psoc creator/4.4/psoc creator/import/gnu/arm/5.4.1/bin/../lib/gcc/arm-none-eabi/5.4.1/armv7-m/crtbegin.o
LOAD c:/program files (x86)/cypress/psoc creator/4.4/psoc creator/import/gnu/arm/5.4.1/bin/../lib/gcc/arm-none-eabi/5.4.1/../../../../arm-none-eabi/lib/armv7-m/crt0.o
START GROUP
LOAD .\CortexM3\ARM_GCC_541\Debug\main.o
LOAD .\CortexM3\ARM_GCC_541\Debug\d1302.o
LOAD .\CortexM3\ARM_GCC_541\Debug\TaskFIFO.o
LOAD .\CortexM3\ARM_GCC_541\Debug\PeriodicTask.o
LOAD .\CortexM3\ARM_GCC_541\Debug\Keypad.o
LOAD .\CortexM3\ARM_GCC_541\Debug\hb100movement.o
LOAD .\CortexM3\ARM_GCC_541\Debug\EEPROM_Helper.o
LOAD .\CortexM3\ARM_GCC_541\Debug\cyfitter_cfg.o
LOAD .\CortexM3\ARM_GCC_541\Debug\cymetadata.o
LOAD .\CortexM3\ARM_GCC_541\Debug\Cm3Start.o
LOAD .\CortexM3\ARM_GCC_541\Debug\Riaszto.a
LOAD C:\Program Files (x86)\Cypress\PSoC Creator\4.4\PSoC Creator\psoc\content\cycomponentlibrary\CyComponentLibrary.cylib\CortexM3\ARM_GCC_541\Debug\CyComponentLibrary.a
END GROUP
START GROUP
LOAD c:/program files (x86)/cypress/psoc creator/4.4/psoc creator/import/gnu/arm/5.4.1/bin/../lib/gcc/arm-none-eabi/5.4.1/armv7-m\libgcc.a
LOAD c:/program files (x86)/cypress/psoc creator/4.4/psoc creator/import/gnu/arm/5.4.1/bin/../lib/gcc/arm-none-eabi/5.4.1/../../../../arm-none-eabi/lib/armv7-m\libg_nano.a
LOAD c:/program files (x86)/cypress/psoc creator/4.4/psoc creator/import/gnu/arm/5.4.1/bin/../lib/gcc/arm-none-eabi/5.4.1/../../../../arm-none-eabi/lib/armv7-m\libc_nano.a
END GROUP
START GROUP
LOAD c:/program files (x86)/cypress/psoc creator/4.4/psoc creator/import/gnu/arm/5.4.1/bin/../lib/gcc/arm-none-eabi/5.4.1/armv7-m\libgcc.a
LOAD c:/program files (x86)/cypress/psoc creator/4.4/psoc creator/import/gnu/arm/5.4.1/bin/../lib/gcc/arm-none-eabi/5.4.1/../../../../arm-none-eabi/lib/armv7-m\libc_nano.a
END GROUP
LOAD c:/program files (x86)/cypress/psoc creator/4.4/psoc creator/import/gnu/arm/5.4.1/bin/../lib/gcc/arm-none-eabi/5.4.1/armv7-m/crtend.o
LOAD c:/program files (x86)/cypress/psoc creator/4.4/psoc creator/import/gnu/arm/5.4.1/bin/../lib/gcc/arm-none-eabi/5.4.1/armv7-m/crtn.o
START GROUP
LOAD c:/program files (x86)/cypress/psoc creator/4.4/psoc creator/import/gnu/arm/5.4.1/bin/../lib/gcc/arm-none-eabi/5.4.1/armv7-m\libgcc.a
LOAD c:/program files (x86)/cypress/psoc creator/4.4/psoc creator/import/gnu/arm/5.4.1/bin/../lib/gcc/arm-none-eabi/5.4.1/../../../../arm-none-eabi/lib/armv7-m\libc.a
LOAD c:/program files (x86)/cypress/psoc creator/4.4/psoc creator/import/gnu/arm/5.4.1/bin/../lib/gcc/arm-none-eabi/5.4.1/../../../../arm-none-eabi/lib/armv7-m\libnosys.a
END GROUP
                0x00000000                CY_APPL_ORIGIN = 0x0
                0x00000100                CY_FLASH_ROW_SIZE = 0x100
                0x00000020                CY_ECC_ROW_SIZE = 0x20
                0x00000000                CY_EE_IN_BTLDR = 0x0
                0x00000000                CY_APPL_LOADABLE = 0x0
                0x00000800                CY_EE_SIZE = 0x800
                0x00000001                CY_APPL_NUM = 0x1
                0x00000001                CY_APPL_MAX = 0x1
                0x00000040                CY_METADATA_SIZE = 0x40
                0x00000000                CY_APPL_LOADABLE = 0x0
                0x00000000                CY_CHECKSUM_EXCLUDE_SIZE = ALIGN (0x0, CY_FLASH_ROW_SIZE)
                [!provide]                PROVIDE (__cy_heap_start, _end)
                0x00000001                PROVIDE (__cy_region_num, ((__cy_regions_end - __cy_regions) / 0x10))
                0x20008000                PROVIDE (__cy_stack, (ORIGIN (ram) + LENGTH (ram)))
                [!provide]                PROVIDE (__cy_heap_end, (__cy_stack - 0x800))

.cybootloader   0x00000000        0x0
 *(.cybootloader)
                0x00000000                appl1_start = CY_APPL_ORIGIN?CY_APPL_ORIGIN:ALIGN (CY_FLASH_ROW_SIZE)
                0x0001ff00                appl2_start = (appl1_start + ALIGN ((((LENGTH (rom) - appl1_start) - (0x2 * CY_FLASH_ROW_SIZE)) / 0x2), CY_FLASH_ROW_SIZE))
                0x00000000                appl_start = (CY_APPL_NUM == 0x1)?appl1_start:appl2_start
                0x00000000                ecc_offset = ((appl_start / CY_FLASH_ROW_SIZE) * CY_ECC_ROW_SIZE)
                0x00000000                ee_offset = (CY_APPL_LOADABLE && ! (CY_EE_IN_BTLDR))?((CY_EE_SIZE / CY_APPL_MAX) * (CY_APPL_NUM - 0x1)):0x0
                0x00000800                ee_size = (CY_APPL_LOADABLE && ! (CY_EE_IN_BTLDR))?(CY_EE_SIZE / CY_APPL_MAX):CY_EE_SIZE
                [!provide]                PROVIDE (CY_ECC_OFFSET, ecc_offset)

.text           0x00000000     0x1a44
 CREATE_OBJECT_SYMBOLS
                0x00000000                PROVIDE (__cy_interrupt_vector, RomVectors)
 *(.romvectors)
 .romvectors    0x00000000       0x10 .\CortexM3\ARM_GCC_541\Debug\Cm3Start.o
                0x00000000                RomVectors
                0x00000001                ASSERT ((. != __cy_interrupt_vector), No interrupt vector)
                0x00000001                ASSERT (CY_APPL_ORIGIN?(SIZEOF (.cybootloader) <= CY_APPL_ORIGIN):0x1, Wrong image location)
                0x00000010                PROVIDE (__cy_reset, Reset)
 *(.text.Reset)
 .text.Reset    0x00000010       0x18 .\CortexM3\ARM_GCC_541\Debug\Cm3Start.o
                0x00000010                Reset
                0x00000001                ASSERT ((. != __cy_reset), No reset code)
 *(.dma_init)
                0x00000001                ASSERT ((((appl_start + .) <= 0x10000) || 0x1), DMA Init must be within the first 64k of flash)
 *(.text .text.* .gnu.linkonce.t.*)
 .text          0x00000028       0x5c c:/program files (x86)/cypress/psoc creator/4.4/psoc creator/import/gnu/arm/5.4.1/bin/../lib/gcc/arm-none-eabi/5.4.1/armv7-m/crtbegin.o
 .text.TIMER_ISR
                0x00000084       0x1c .\CortexM3\ARM_GCC_541\Debug\main.o
                0x00000084                TIMER_ISR
 .text.check_photoresistor
                0x000000a0       0xa4 .\CortexM3\ARM_GCC_541\Debug\main.o
                0x000000a0                check_photoresistor
 .text.init     0x00000144       0x4c .\CortexM3\ARM_GCC_541\Debug\main.o
                0x00000144                init
 .text.main     0x00000190       0x8c .\CortexM3\ARM_GCC_541\Debug\main.o
                0x00000190                main
 .text.SPIM_IO_RD_Addr
                0x0000021c       0x48 .\CortexM3\ARM_GCC_541\Debug\d1302.o
                0x0000021c                SPIM_IO_RD_Addr
 .text.SPIM_IO_RD_Data
                0x00000264       0x54 .\CortexM3\ARM_GCC_541\Debug\d1302.o
                0x00000264                SPIM_IO_RD_Data
 .text.get_hour
                0x000002b8       0x20 .\CortexM3\ARM_GCC_541\Debug\d1302.o
                0x000002b8                get_hour
 .text.get_and_remove_first
                0x000002d8       0x18 .\CortexM3\ARM_GCC_541\Debug\TaskFIFO.o
                0x000002d8                get_and_remove_first
 .text.check_if_runnable_and_decrement_counter
                0x000002f0       0x18 .\CortexM3\ARM_GCC_541\Debug\TaskFIFO.o
                0x000002f0                check_if_runnable_and_decrement_counter
 .text.run_next_task_when_available
                0x00000308       0x34 .\CortexM3\ARM_GCC_541\Debug\TaskFIFO.o
                0x00000308                run_next_task_when_available
 .text.create_new_ptask_parametered
                0x0000033c       0x44 .\CortexM3\ARM_GCC_541\Debug\PeriodicTask.o
                0x0000033c                create_new_ptask_parametered
 .text.create_new_ptask_noparam
                0x00000380       0x40 .\CortexM3\ARM_GCC_541\Debug\PeriodicTask.o
                0x00000380                create_new_ptask_noparam
 .text.add_to_ptask_list
                0x000003c0       0x14 .\CortexM3\ARM_GCC_541\Debug\PeriodicTask.o
                0x000003c0                add_to_ptask_list
 .text.run_permitted_tasks_and_decrement_counters
                0x000003d4       0x30 .\CortexM3\ARM_GCC_541\Debug\PeriodicTask.o
                0x000003d4                run_permitted_tasks_and_decrement_counters
 .text.set_result_when_relesed
                0x00000404       0x28 .\CortexM3\ARM_GCC_541\Debug\Keypad.o
                0x00000404                set_result_when_relesed
 .text.readKey  0x0000042c       0xf0 .\CortexM3\ARM_GCC_541\Debug\Keypad.o
                0x0000042c                readKey
 .text.ADC_SAR_RADAR_ISR
                0x0000051c       0x48 .\CortexM3\ARM_GCC_541\Debug\hb100movement.o
                0x0000051c                ADC_SAR_RADAR_ISR
 .text.check_movement
                0x00000564       0x40 .\CortexM3\ARM_GCC_541\Debug\hb100movement.o
                0x00000564                check_movement
 .text.CyClockStartupError
                0x000005a4        0x4 .\CortexM3\ARM_GCC_541\Debug\cyfitter_cfg.o
 .text.cfg_write_bytes32
                0x000005a8       0x34 .\CortexM3\ARM_GCC_541\Debug\cyfitter_cfg.o
 .text.CYMEMZERO
                0x000005dc        0xc .\CortexM3\ARM_GCC_541\Debug\cyfitter_cfg.o
 .text.AnalogSetDefault
                0x000005e8       0x88 .\CortexM3\ARM_GCC_541\Debug\cyfitter_cfg.o
 .text.CYCONFIGCPY
                0x00000670        0x8 .\CortexM3\ARM_GCC_541\Debug\cyfitter_cfg.o
 .text.ClockSetup
                0x00000678      0x128 .\CortexM3\ARM_GCC_541\Debug\cyfitter_cfg.o
 .text.cyfitter_cfg
                0x000007a0      0x144 .\CortexM3\ARM_GCC_541\Debug\cyfitter_cfg.o
                0x000007a0                cyfitter_cfg
 .text.IntDefaultHandler
                0x000008e4       0x10 .\CortexM3\ARM_GCC_541\Debug\Cm3Start.o
                0x000008e4                IntDefaultHandler
 .text._sbrk    0x000008f4       0x30 .\CortexM3\ARM_GCC_541\Debug\Cm3Start.o
                0x000008f4                _sbrk
 .text.Start_c  0x00000924       0x4c .\CortexM3\ARM_GCC_541\Debug\Cm3Start.o
                0x00000924                Start_c
 .text.initialize_psoc
                0x00000970       0x68 .\CortexM3\ARM_GCC_541\Debug\Cm3Start.o
                0x00000970                initialize_psoc
 .text.LCD_WrCntrlNib
                0x000009d8       0x34 .\CortexM3\ARM_GCC_541\Debug\Riaszto.a(LCD.o)
 .text.LCD_WrDatNib
                0x00000a0c       0x44 .\CortexM3\ARM_GCC_541\Debug\Riaszto.a(LCD.o)
 .text.LCD_IsReady
                0x00000a50       0xe4 .\CortexM3\ARM_GCC_541\Debug\Riaszto.a(LCD.o)
                0x00000a50                LCD_IsReady
 .text.LCD_WriteData
                0x00000b34       0x18 .\CortexM3\ARM_GCC_541\Debug\Riaszto.a(LCD.o)
                0x00000b34                LCD_WriteData
 .text.LCD_PrintString
                0x00000b4c       0x1c .\CortexM3\ARM_GCC_541\Debug\Riaszto.a(LCD.o)
                0x00000b4c                LCD_PrintString
 .text.LCD_WriteControl
                0x00000b68       0x18 .\CortexM3\ARM_GCC_541\Debug\Riaszto.a(LCD.o)
                0x00000b68                LCD_WriteControl
 .text.LCD_Init
                0x00000b80       0x6c .\CortexM3\ARM_GCC_541\Debug\Riaszto.a(LCD.o)
                0x00000b80                LCD_Init
 .text.LCD_Enable
                0x00000bec       0x14 .\CortexM3\ARM_GCC_541\Debug\Riaszto.a(LCD.o)
                0x00000bec                LCD_Enable
 .text.LCD_Start
                0x00000c00       0x1c .\CortexM3\ARM_GCC_541\Debug\Riaszto.a(LCD.o)
                0x00000c00                LCD_Start
 .text.LCD_Position
                0x00000c1c       0x3c .\CortexM3\ARM_GCC_541\Debug\Riaszto.a(LCD.o)
                0x00000c1c                LCD_Position
 .text.CyHalt   0x00000c58        0x4 .\CortexM3\ARM_GCC_541\Debug\Riaszto.a(CyLib.o)
                0x00000c58                CyHalt
 .text.CyDelay  0x00000c5c       0x2c .\CortexM3\ARM_GCC_541\Debug\Riaszto.a(CyLib.o)
                0x00000c5c                CyDelay
 .text.CyDelayUs
                0x00000c88       0x14 .\CortexM3\ARM_GCC_541\Debug\Riaszto.a(CyLib.o)
                0x00000c88                CyDelayUs
 .text.CyIntSetVector
                0x00000c9c       0x28 .\CortexM3\ARM_GCC_541\Debug\Riaszto.a(CyLib.o)
                0x00000c9c                CyIntSetVector
 .text.CyIntSetPriority
                0x00000cc4       0x30 .\CortexM3\ARM_GCC_541\Debug\Riaszto.a(CyLib.o)
                0x00000cc4                CyIntSetPriority
 .text.ROW1_Write
                0x00000cf4       0x18 .\CortexM3\ARM_GCC_541\Debug\Riaszto.a(ROW1.o)
                0x00000cf4                ROW1_Write
 .text.ROW2_Write
                0x00000d0c       0x18 .\CortexM3\ARM_GCC_541\Debug\Riaszto.a(ROW2.o)
                0x00000d0c                ROW2_Write
 .text.ROW3_Write
                0x00000d24       0x18 .\CortexM3\ARM_GCC_541\Debug\Riaszto.a(ROW3.o)
                0x00000d24                ROW3_Write
 .text.ROW4_Write
                0x00000d3c       0x18 .\CortexM3\ARM_GCC_541\Debug\Riaszto.a(ROW4.o)
                0x00000d3c                ROW4_Write
 .text.COL1_Read
                0x00000d54       0x10 .\CortexM3\ARM_GCC_541\Debug\Riaszto.a(COL1.o)
                0x00000d54                COL1_Read
 .text.COL2_Read
                0x00000d64       0x10 .\CortexM3\ARM_GCC_541\Debug\Riaszto.a(COL2.o)
                0x00000d64                COL2_Read
 .text.COL3_Read
                0x00000d74       0x10 .\CortexM3\ARM_GCC_541\Debug\Riaszto.a(COL3.o)
                0x00000d74                COL3_Read
 .text.COL4_Read
                0x00000d84       0x10 .\CortexM3\ARM_GCC_541\Debug\Riaszto.a(COL4.o)
                0x00000d84                COL4_Read
 .text.SPIM_Enable
                0x00000d94       0x38 .\CortexM3\ARM_GCC_541\Debug\Riaszto.a(SPIM.o)
                0x00000d94                SPIM_Enable
 .text.SPIM_ReadTxStatus
                0x00000dcc        0xc .\CortexM3\ARM_GCC_541\Debug\Riaszto.a(SPIM.o)
                0x00000dcc                SPIM_ReadTxStatus
 .text.SPIM_ReadRxStatus
                0x00000dd8        0xc .\CortexM3\ARM_GCC_541\Debug\Riaszto.a(SPIM.o)
                0x00000dd8                SPIM_ReadRxStatus
 .text.SPIM_WriteTxData
                0x00000de4       0x18 .\CortexM3\ARM_GCC_541\Debug\Riaszto.a(SPIM.o)
                0x00000de4                SPIM_WriteTxData
 .text.SPIM_ReadRxData
                0x00000dfc        0xc .\CortexM3\ARM_GCC_541\Debug\Riaszto.a(SPIM.o)
                0x00000dfc                SPIM_ReadRxData
 .text.SPIM_TxEnable
                0x00000e08       0x10 .\CortexM3\ARM_GCC_541\Debug\Riaszto.a(SPIM.o)
                0x00000e08                SPIM_TxEnable
 .text.SPIM_TxDisable
                0x00000e18       0x10 .\CortexM3\ARM_GCC_541\Debug\Riaszto.a(SPIM.o)
                0x00000e18                SPIM_TxDisable
 .text.SPIM_ClearFIFO
                0x00000e28       0x3c .\CortexM3\ARM_GCC_541\Debug\Riaszto.a(SPIM.o)
                0x00000e28                SPIM_ClearFIFO
 .text.SPIM_Init
                0x00000e64       0x2c .\CortexM3\ARM_GCC_541\Debug\Riaszto.a(SPIM.o)
                0x00000e64                SPIM_Init
 .text.SPIM_Start
                0x00000e90       0x1c .\CortexM3\ARM_GCC_541\Debug\Riaszto.a(SPIM.o)
                0x00000e90                SPIM_Start
 .text.SS_Write
                0x00000eac       0x18 .\CortexM3\ARM_GCC_541\Debug\Riaszto.a(SS.o)
                0x00000eac                SS_Write
 .text.SPIM_IntClock_Start
                0x00000ec4       0x1c .\CortexM3\ARM_GCC_541\Debug\Riaszto.a(SPIM_IntClock.o)
                0x00000ec4                SPIM_IntClock_Start
 .text.UART_Init
                0x00000ee0       0x28 .\CortexM3\ARM_GCC_541\Debug\Riaszto.a(UART.o)
                0x00000ee0                UART_Init
 .text.UART_Enable
                0x00000f08       0x3c .\CortexM3\ARM_GCC_541\Debug\Riaszto.a(UART.o)
                0x00000f08                UART_Enable
 .text.UART_Start
                0x00000f44       0x1c .\CortexM3\ARM_GCC_541\Debug\Riaszto.a(UART.o)
                0x00000f44                UART_Start
 .text.UART_PutChar
                0x00000f60       0x18 .\CortexM3\ARM_GCC_541\Debug\Riaszto.a(UART.o)
                0x00000f60                UART_PutChar
 .text.UART_PutString
                0x00000f78       0x24 .\CortexM3\ARM_GCC_541\Debug\Riaszto.a(UART.o)
                0x00000f78                UART_PutString
 .text.UART_IntClock_Start
                0x00000f9c       0x1c .\CortexM3\ARM_GCC_541\Debug\Riaszto.a(UART_IntClock.o)
                0x00000f9c                UART_IntClock_Start
 .text.Timer_Enable
                0x00000fb8       0x28 .\CortexM3\ARM_GCC_541\Debug\Riaszto.a(Timer.o)
                0x00000fb8                Timer_Enable
 .text.Timer_SetInterruptMode
                0x00000fe0        0xc .\CortexM3\ARM_GCC_541\Debug\Riaszto.a(Timer.o)
                0x00000fe0                Timer_SetInterruptMode
 .text.Timer_ReadStatusRegister
                0x00000fec        0xc .\CortexM3\ARM_GCC_541\Debug\Riaszto.a(Timer.o)
                0x00000fec                Timer_ReadStatusRegister
 .text.Timer_WritePeriod
                0x00000ff8        0xc .\CortexM3\ARM_GCC_541\Debug\Riaszto.a(Timer.o)
                0x00000ff8                Timer_WritePeriod
 .text.Timer_WriteCounter
                0x00001004        0xc .\CortexM3\ARM_GCC_541\Debug\Riaszto.a(Timer.o)
                0x00001004                Timer_WriteCounter
 .text.Timer_Init
                0x00001010       0x64 .\CortexM3\ARM_GCC_541\Debug\Riaszto.a(Timer.o)
                0x00001010                Timer_Init
 .text.Timer_Start
                0x00001074       0x1c .\CortexM3\ARM_GCC_541\Debug\Riaszto.a(Timer.o)
                0x00001074                Timer_Start
 .text.isr_Timer_SetVector
                0x00001090       0x10 .\CortexM3\ARM_GCC_541\Debug\Riaszto.a(isr_Timer.o)
                0x00001090                isr_Timer_SetVector
 .text.isr_Timer_SetPriority
                0x000010a0       0x10 .\CortexM3\ARM_GCC_541\Debug\Riaszto.a(isr_Timer.o)
                0x000010a0                isr_Timer_SetPriority
 .text.isr_Timer_Enable
                0x000010b0       0x10 .\CortexM3\ARM_GCC_541\Debug\Riaszto.a(isr_Timer.o)
                0x000010b0                isr_Timer_Enable
 .text.isr_Timer_Disable
                0x000010c0       0x10 .\CortexM3\ARM_GCC_541\Debug\Riaszto.a(isr_Timer.o)
                0x000010c0                isr_Timer_Disable
 .text.isr_Timer_StartEx
                0x000010d0       0x1c .\CortexM3\ARM_GCC_541\Debug\Riaszto.a(isr_Timer.o)
                0x000010d0                isr_Timer_StartEx
 .text.PWM_BACKLIGHT_Enable
                0x000010ec       0x28 .\CortexM3\ARM_GCC_541\Debug\Riaszto.a(PWM_BACKLIGHT.o)
                0x000010ec                PWM_BACKLIGHT_Enable
 .text.PWM_BACKLIGHT_WritePeriod
                0x00001114        0xc .\CortexM3\ARM_GCC_541\Debug\Riaszto.a(PWM_BACKLIGHT.o)
                0x00001114                PWM_BACKLIGHT_WritePeriod
 .text.PWM_BACKLIGHT_WriteCompare
                0x00001120        0xc .\CortexM3\ARM_GCC_541\Debug\Riaszto.a(PWM_BACKLIGHT.o)
                0x00001120                PWM_BACKLIGHT_WriteCompare
 .text.PWM_BACKLIGHT_SetInterruptMode
                0x0000112c        0xc .\CortexM3\ARM_GCC_541\Debug\Riaszto.a(PWM_BACKLIGHT.o)
                0x0000112c                PWM_BACKLIGHT_SetInterruptMode
 .text.PWM_BACKLIGHT_Init
                0x00001138       0x74 .\CortexM3\ARM_GCC_541\Debug\Riaszto.a(PWM_BACKLIGHT.o)
                0x00001138                PWM_BACKLIGHT_Init
 .text.PWM_BACKLIGHT_Start
                0x000011ac       0x1c .\CortexM3\ARM_GCC_541\Debug\Riaszto.a(PWM_BACKLIGHT.o)
                0x000011ac                PWM_BACKLIGHT_Start
 .text.ADC_SAR_PR_CalcGain
                0x000011c8       0x64 .\CortexM3\ARM_GCC_541\Debug\Riaszto.a(ADC_SAR_PR.o)
 .text.ADC_SAR_PR_Enable
                0x0000122c       0x94 .\CortexM3\ARM_GCC_541\Debug\Riaszto.a(ADC_SAR_PR.o)
                0x0000122c                ADC_SAR_PR_Enable
 .text.ADC_SAR_PR_SetResolution
                0x000012c0       0x38 .\CortexM3\ARM_GCC_541\Debug\Riaszto.a(ADC_SAR_PR.o)
                0x000012c0                ADC_SAR_PR_SetResolution
 .text.ADC_SAR_PR_Init
                0x000012f8       0x3c .\CortexM3\ARM_GCC_541\Debug\Riaszto.a(ADC_SAR_PR.o)
                0x000012f8                ADC_SAR_PR_Init
 .text.ADC_SAR_PR_Start
                0x00001334       0x1c .\CortexM3\ARM_GCC_541\Debug\Riaszto.a(ADC_SAR_PR.o)
                0x00001334                ADC_SAR_PR_Start
 .text.ADC_SAR_PR_StartConvert
                0x00001350       0x10 .\CortexM3\ARM_GCC_541\Debug\Riaszto.a(ADC_SAR_PR.o)
                0x00001350                ADC_SAR_PR_StartConvert
 .text.ADC_SAR_PR_GetResult16
                0x00001360       0x18 .\CortexM3\ARM_GCC_541\Debug\Riaszto.a(ADC_SAR_PR.o)
                0x00001360                ADC_SAR_PR_GetResult16
 .text.ADC_SAR_PR_ISR
                0x00001378        0x4 .\CortexM3\ARM_GCC_541\Debug\Riaszto.a(ADC_SAR_PR_INT.o)
                0x00001378                ADC_SAR_PR_ISR
 .text.ADC_SAR_PR_theACLK_SetModeRegister
                0x0000137c       0x14 .\CortexM3\ARM_GCC_541\Debug\Riaszto.a(ADC_SAR_PR_theACLK.o)
                0x0000137c                ADC_SAR_PR_theACLK_SetModeRegister
 .text.ADC_SAR_RADAR_CalcGain
                0x00001390       0x64 .\CortexM3\ARM_GCC_541\Debug\Riaszto.a(ADC_SAR_RADAR.o)
 .text.ADC_SAR_RADAR_Enable
                0x000013f4       0x94 .\CortexM3\ARM_GCC_541\Debug\Riaszto.a(ADC_SAR_RADAR.o)
                0x000013f4                ADC_SAR_RADAR_Enable
 .text.ADC_SAR_RADAR_SetResolution
                0x00001488       0x38 .\CortexM3\ARM_GCC_541\Debug\Riaszto.a(ADC_SAR_RADAR.o)
                0x00001488                ADC_SAR_RADAR_SetResolution
 .text.ADC_SAR_RADAR_Init
                0x000014c0       0x3c .\CortexM3\ARM_GCC_541\Debug\Riaszto.a(ADC_SAR_RADAR.o)
                0x000014c0                ADC_SAR_RADAR_Init
 .text.ADC_SAR_RADAR_Start
                0x000014fc       0x1c .\CortexM3\ARM_GCC_541\Debug\Riaszto.a(ADC_SAR_RADAR.o)
                0x000014fc                ADC_SAR_RADAR_Start
 .text.ADC_SAR_RADAR_StartConvert
                0x00001518       0x10 .\CortexM3\ARM_GCC_541\Debug\Riaszto.a(ADC_SAR_RADAR.o)
                0x00001518                ADC_SAR_RADAR_StartConvert
 .text.ADC_SAR_RADAR_GetResult16
                0x00001528       0x18 .\CortexM3\ARM_GCC_541\Debug\Riaszto.a(ADC_SAR_RADAR.o)
                0x00001528                ADC_SAR_RADAR_GetResult16
 .text.ADC_SAR_RADAR_IRQ_SetVector
                0x00001540        0xc .\CortexM3\ARM_GCC_541\Debug\Riaszto.a(ADC_SAR_RADAR_IRQ.o)
                0x00001540                ADC_SAR_RADAR_IRQ_SetVector
 .text.ADC_SAR_RADAR_IRQ_SetPriority
                0x0000154c       0x10 .\CortexM3\ARM_GCC_541\Debug\Riaszto.a(ADC_SAR_RADAR_IRQ.o)
                0x0000154c                ADC_SAR_RADAR_IRQ_SetPriority
 .text.ADC_SAR_RADAR_IRQ_Enable
                0x0000155c        0xc .\CortexM3\ARM_GCC_541\Debug\Riaszto.a(ADC_SAR_RADAR_IRQ.o)
                0x0000155c                ADC_SAR_RADAR_IRQ_Enable
 .text.ADC_SAR_RADAR_IRQ_Disable
                0x00001568        0xc .\CortexM3\ARM_GCC_541\Debug\Riaszto.a(ADC_SAR_RADAR_IRQ.o)
                0x00001568                ADC_SAR_RADAR_IRQ_Disable
 .text.ADC_SAR_RADAR_IRQ_StartEx
                0x00001574       0x1c .\CortexM3\ARM_GCC_541\Debug\Riaszto.a(ADC_SAR_RADAR_IRQ.o)
                0x00001574                ADC_SAR_RADAR_IRQ_StartEx
 .text.ADC_SAR_RADAR_theACLK_SetModeRegister
                0x00001590       0x14 .\CortexM3\ARM_GCC_541\Debug\Riaszto.a(ADC_SAR_RADAR_theACLK.o)
                0x00001590                ADC_SAR_RADAR_theACLK_SetModeRegister
 .text.EEPROM_Enable
                0x000015a4        0xc .\CortexM3\ARM_GCC_541\Debug\Riaszto.a(EEPROM.o)
                0x000015a4                EEPROM_Enable
 .text.EEPROM_Start
                0x000015b0        0x8 .\CortexM3\ARM_GCC_541\Debug\Riaszto.a(EEPROM.o)
                0x000015b0                EEPROM_Start
 .text          0x000015b8       0x20 .\CortexM3\ARM_GCC_541\Debug\Riaszto.a(CyBootAsmGnu.o)
                0x000015b8                CyDelayCycles
                0x000015c8                CyEnterCriticalSection
                0x000015d0                CyExitCriticalSection
 .text.CySetTempInt
                0x000015d8       0x60 .\CortexM3\ARM_GCC_541\Debug\Riaszto.a(CyFlash.o)
 .text.CyFlashGetSpcAlgorithm
                0x00001638       0x4c .\CortexM3\ARM_GCC_541\Debug\Riaszto.a(CyFlash.o)
                0x00001638                CyFlashGetSpcAlgorithm
 .text.CySetTemp
                0x00001684       0x14 .\CortexM3\ARM_GCC_541\Debug\Riaszto.a(CyFlash.o)
                0x00001684                CySetTemp
 .text.CyEEPROM_Start
                0x00001698       0x54 .\CortexM3\ARM_GCC_541\Debug\Riaszto.a(CyFlash.o)
                0x00001698                CyEEPROM_Start
 .text.CySpcStart
                0x000016ec       0x24 .\CortexM3\ARM_GCC_541\Debug\Riaszto.a(CySpc.o)
                0x000016ec                CySpcStart
 .text.CySpcReadData
                0x00001710       0x34 .\CortexM3\ARM_GCC_541\Debug\Riaszto.a(CySpc.o)
                0x00001710                CySpcReadData
 .text.CySpcGetTemp
                0x00001744       0x3c .\CortexM3\ARM_GCC_541\Debug\Riaszto.a(CySpc.o)
                0x00001744                CySpcGetTemp
 .text.CySpcLock
                0x00001780       0x4c .\CortexM3\ARM_GCC_541\Debug\Riaszto.a(CySpc.o)
                0x00001780                CySpcLock
 .text.CySpcUnlock
                0x000017cc       0x38 .\CortexM3\ARM_GCC_541\Debug\Riaszto.a(CySpc.o)
                0x000017cc                CySpcUnlock
 .text.CySpcGetAlgorithm
                0x00001804       0x28 .\CortexM3\ARM_GCC_541\Debug\Riaszto.a(CySpc.o)
                0x00001804                CySpcGetAlgorithm
 .text.__errno  0x0000182c        0xc c:/program files (x86)/cypress/psoc creator/4.4/psoc creator/import/gnu/arm/5.4.1/bin/../lib/gcc/arm-none-eabi/5.4.1/../../../../arm-none-eabi/lib/armv7-m\libg_nano.a(lib_a-errno.o)
                0x0000182c                __errno
 .text.__libc_init_array
                0x00001838       0x4c c:/program files (x86)/cypress/psoc creator/4.4/psoc creator/import/gnu/arm/5.4.1/bin/../lib/gcc/arm-none-eabi/5.4.1/../../../../arm-none-eabi/lib/armv7-m\libg_nano.a(lib_a-init.o)
                0x00001838                __libc_init_array
 .text.malloc   0x00001884       0x10 c:/program files (x86)/cypress/psoc creator/4.4/psoc creator/import/gnu/arm/5.4.1/bin/../lib/gcc/arm-none-eabi/5.4.1/../../../../arm-none-eabi/lib/armv7-m\libg_nano.a(lib_a-malloc.o)
                0x00001884                malloc
 .text.free     0x00001894       0x10 c:/program files (x86)/cypress/psoc creator/4.4/psoc creator/import/gnu/arm/5.4.1/bin/../lib/gcc/arm-none-eabi/5.4.1/../../../../arm-none-eabi/lib/armv7-m\libg_nano.a(lib_a-malloc.o)
                0x00001894                free
 .text.memcpy   0x000018a4       0x16 c:/program files (x86)/cypress/psoc creator/4.4/psoc creator/import/gnu/arm/5.4.1/bin/../lib/gcc/arm-none-eabi/5.4.1/../../../../arm-none-eabi/lib/armv7-m\libg_nano.a(lib_a-memcpy-stub.o)
                0x000018a4                memcpy
 .text.memset   0x000018ba       0x10 c:/program files (x86)/cypress/psoc creator/4.4/psoc creator/import/gnu/arm/5.4.1/bin/../lib/gcc/arm-none-eabi/5.4.1/../../../../arm-none-eabi/lib/armv7-m\libg_nano.a(lib_a-memset.o)
                0x000018ba                memset
 *fill*         0x000018ca        0x2 
 .text._free_r  0x000018cc       0x98 c:/program files (x86)/cypress/psoc creator/4.4/psoc creator/import/gnu/arm/5.4.1/bin/../lib/gcc/arm-none-eabi/5.4.1/../../../../arm-none-eabi/lib/armv7-m\libg_nano.a(lib_a-nano-freer.o)
                0x000018cc                _free_r
 .text._malloc_r
                0x00001964       0xbc c:/program files (x86)/cypress/psoc creator/4.4/psoc creator/import/gnu/arm/5.4.1/bin/../lib/gcc/arm-none-eabi/5.4.1/../../../../arm-none-eabi/lib/armv7-m\libg_nano.a(lib_a-nano-mallocr.o)
                0x00001964                _malloc_r
 .text._sbrk_r  0x00001a20       0x20 c:/program files (x86)/cypress/psoc creator/4.4/psoc creator/import/gnu/arm/5.4.1/bin/../lib/gcc/arm-none-eabi/5.4.1/../../../../arm-none-eabi/lib/armv7-m\libg_nano.a(lib_a-sbrkr.o)
                0x00001a20                _sbrk_r
 .text.__malloc_lock
                0x00001a40        0x2 c:/program files (x86)/cypress/psoc creator/4.4/psoc creator/import/gnu/arm/5.4.1/bin/../lib/gcc/arm-none-eabi/5.4.1/../../../../arm-none-eabi/lib/armv7-m\libg_nano.a(lib_a-mlock.o)
                0x00001a40                __malloc_lock
 .text.__malloc_unlock
                0x00001a42        0x2 c:/program files (x86)/cypress/psoc creator/4.4/psoc creator/import/gnu/arm/5.4.1/bin/../lib/gcc/arm-none-eabi/5.4.1/../../../../arm-none-eabi/lib/armv7-m\libg_nano.a(lib_a-mlock.o)
                0x00001a42                __malloc_unlock
 *(.plt)
 *(.gnu.warning)
 *(.glue_7t)
 .glue_7t       0x00001a44        0x0 linker stubs
 *(.glue_7)
 .glue_7        0x00001a44        0x0 linker stubs
 *(.vfp11_veneer)
 .vfp11_veneer  0x00001a44        0x0 linker stubs
 *(.bootloader)
 *(.ARM.extab* .gnu.linkonce.armextab.*)
 *(.gcc_except_table)

.v4_bx          0x00001a44        0x0
 .v4_bx         0x00001a44        0x0 linker stubs

.iplt           0x00001a44        0x0
 .iplt          0x00001a44        0x0 c:/program files (x86)/cypress/psoc creator/4.4/psoc creator/import/gnu/arm/5.4.1/bin/../lib/gcc/arm-none-eabi/5.4.1/armv7-m/crtbegin.o

.eh_frame_hdr
 *(.eh_frame_hdr)

.eh_frame       0x00001a44        0x4
 *(.eh_frame)
 .eh_frame      0x00001a44        0x0 c:/program files (x86)/cypress/psoc creator/4.4/psoc creator/import/gnu/arm/5.4.1/bin/../lib/gcc/arm-none-eabi/5.4.1/armv7-m/crtbegin.o
 .eh_frame      0x00001a44        0x4 c:/program files (x86)/cypress/psoc creator/4.4/psoc creator/import/gnu/arm/5.4.1/bin/../lib/gcc/arm-none-eabi/5.4.1/armv7-m/crtend.o
                [!provide]                PROVIDE (__exidx_start, .)

.ARM.exidx
 *(.ARM.exidx* .gnu.linkonce.armexidx.*)
                0x00001a48                __exidx_end = .

.rodata         0x00001a48       0xa8
 *(.rodata .rodata.* .gnu.linkonce.r.*)
 .rodata.str1.4
                0x00001a48       0x29 .\CortexM3\ARM_GCC_541\Debug\main.o
 *fill*         0x00001a71        0x3 
 .rodata.str1.4
                0x00001a74       0x10 .\CortexM3\ARM_GCC_541\Debug\PeriodicTask.o
                                  0xd (size before relaxing)
 .rodata        0x00001a84       0x36 .\CortexM3\ARM_GCC_541\Debug\cyfitter_cfg.o
 .rodata.str1.1
                0x00001aba        0x2 c:/program files (x86)/cypress/psoc creator/4.4/psoc creator/import/gnu/arm/5.4.1/bin/../lib/gcc/arm-none-eabi/5.4.1/../../../../arm-none-eabi/lib/armv7-m\libg_nano.a(lib_a-impure.o)
                0x00001abc                . = ALIGN (0x4)
 *(.init)
 .init          0x00001abc        0x4 c:/program files (x86)/cypress/psoc creator/4.4/psoc creator/import/gnu/arm/5.4.1/bin/../lib/gcc/arm-none-eabi/5.4.1/armv7-m/crti.o
                0x00001abc                _init
 .init          0x00001ac0        0x8 c:/program files (x86)/cypress/psoc creator/4.4/psoc creator/import/gnu/arm/5.4.1/bin/../lib/gcc/arm-none-eabi/5.4.1/armv7-m/crtn.o
                0x00001ac8                . = ALIGN (0x4)
                0x00001ac8                __preinit_array_start = .
 *(.preinit_array)
                0x00001ac8                __preinit_array_end = .
                0x00001ac8                . = ALIGN (0x4)
                0x00001ac8                __init_array_start = .
 *(SORT(.init_array.*))
 *(.init_array)
 .init_array    0x00001ac8        0x4 c:/program files (x86)/cypress/psoc creator/4.4/psoc creator/import/gnu/arm/5.4.1/bin/../lib/gcc/arm-none-eabi/5.4.1/armv7-m/crtbegin.o
 .init_array    0x00001acc        0x4 .\CortexM3\ARM_GCC_541\Debug\Cm3Start.o
                0x00001ad0                __init_array_end = .
                0x00001ad0                . = ALIGN (0x4)
 *(.fini)
 .fini          0x00001ad0        0x4 c:/program files (x86)/cypress/psoc creator/4.4/psoc creator/import/gnu/arm/5.4.1/bin/../lib/gcc/arm-none-eabi/5.4.1/armv7-m/crti.o
                0x00001ad0                _fini
 .fini          0x00001ad4        0x8 c:/program files (x86)/cypress/psoc creator/4.4/psoc creator/import/gnu/arm/5.4.1/bin/../lib/gcc/arm-none-eabi/5.4.1/armv7-m/crtn.o
                0x00001adc                . = ALIGN (0x4)
                0x00001adc                __fini_array_start = .
 *(.fini_array)
 .fini_array    0x00001adc        0x4 c:/program files (x86)/cypress/psoc creator/4.4/psoc creator/import/gnu/arm/5.4.1/bin/../lib/gcc/arm-none-eabi/5.4.1/armv7-m/crtbegin.o
 *(SORT(.fini_array.*))
                0x00001ae0                __fini_array_end = .
                0x00001ae0                . = ALIGN (0x4)
 *crtbegin.o(.ctors)
 *(EXCLUDE_FILE(*crtend.o) .ctors)
 *(SORT(.ctors.*))
 *crtend.o(.ctors)
                0x00001ae0                . = ALIGN (0x4)
 *crtbegin.o(.dtors)
 *(EXCLUDE_FILE(*crtend.o) .dtors)
 *(SORT(.dtors.*))
 *crtend.o(.dtors)
                0x00001ae0                . = ALIGN (0x4)
                0x00001ae0                __cy_regions = .
                0x00001ae0        0x4 LONG 0x1af0 __cy_region_init_ram
                0x00001ae4        0x4 LONG 0x1fff80c8 __cy_region_start_data
                0x00001ae8        0x4 LONG 0x90 __cy_region_init_size_ram
                0x00001aec        0x4 LONG 0x98 __cy_region_zero_size_ram
                0x00001af0                __cy_regions_end = .
                0x00001af0                . = ALIGN (0x8)
                0x00001af0                _etext = .

.cy_checksum_exclude
                0x00001af0        0x0
 *(.cy_checksum_exclude)

.ramvectors     0x1fff8000       0xc0
                0x1fff8000                __cy_region_start_ram = .
 *(.ramvectors)
 .ramvectors    0x1fff8000       0xc0 .\CortexM3\ARM_GCC_541\Debug\Cm3Start.o
                0x1fff8000                CyRamVectors

.noinit         0x1fff80c0        0x1
 *(.noinit)
 .noinit        0x1fff80c0        0x1 .\CortexM3\ARM_GCC_541\Debug\Riaszto.a(CyLib.o)
                0x1fff80c0                CyResetStatus

.data           0x1fff80c8       0x90 load address 0x00001af0
                0x1fff80c8                __cy_region_start_data = .
 *(.jcr)
 .jcr           0x1fff80c8        0x0 c:/program files (x86)/cypress/psoc creator/4.4/psoc creator/import/gnu/arm/5.4.1/bin/../lib/gcc/arm-none-eabi/5.4.1/armv7-m/crtbegin.o
 .jcr           0x1fff80c8        0x4 c:/program files (x86)/cypress/psoc creator/4.4/psoc creator/import/gnu/arm/5.4.1/bin/../lib/gcc/arm-none-eabi/5.4.1/armv7-m/crtend.o
 *(.got.plt)
 *(.got)
 *(.shdata)
 *(.data .data.* .gnu.linkonce.d.*)
 .data          0x1fff80cc        0xb .\CortexM3\ARM_GCC_541\Debug\main.o
                0x1fff80cc                NIGHT_TO
                0x1fff80d0                CODE
                0x1fff80d4                TIMER_IT_MS
                0x1fff80d5                actual_substate
                0x1fff80d6                actual_state
 *fill*         0x1fff80d7        0x1 
 .data          0x1fff80d8        0x2 .\CortexM3\ARM_GCC_541\Debug\hb100movement.o
                0x1fff80d8                minAmp
 *fill*         0x1fff80da        0x2 
 .data          0x1fff80dc        0x4 .\CortexM3\ARM_GCC_541\Debug\Cm3Start.o
 .data          0x1fff80e0       0x10 .\CortexM3\ARM_GCC_541\Debug\Riaszto.a(CyLib.o)
                0x1fff80e0                cydelay_32k_ms
                0x1fff80e4                cydelay_freq_khz
                0x1fff80e8                cydelay_freq_mhz
                0x1fff80ec                cydelay_freq_hz
 .data.impure_data
                0x1fff80f0       0x60 c:/program files (x86)/cypress/psoc creator/4.4/psoc creator/import/gnu/arm/5.4.1/bin/../lib/gcc/arm-none-eabi/5.4.1/../../../../arm-none-eabi/lib/armv7-m\libg_nano.a(lib_a-impure.o)
 .data._impure_ptr
                0x1fff8150        0x4 c:/program files (x86)/cypress/psoc creator/4.4/psoc creator/import/gnu/arm/5.4.1/bin/../lib/gcc/arm-none-eabi/5.4.1/../../../../arm-none-eabi/lib/armv7-m\libg_nano.a(lib_a-impure.o)
                0x1fff8150                _impure_ptr
                0x1fff8158                . = ALIGN (0x8)
 *fill*         0x1fff8154        0x4 
 *(.ram)
                0x1fff8158                _edata = .

.igot.plt       0x1fff8158        0x0 load address 0x00001b80
 .igot.plt      0x1fff8158        0x0 c:/program files (x86)/cypress/psoc creator/4.4/psoc creator/import/gnu/arm/5.4.1/bin/../lib/gcc/arm-none-eabi/5.4.1/armv7-m/crtbegin.o

.bss            0x1fff8158       0x98 load address 0x00001b80
                0x1fff8158                PROVIDE (__bss_start__, .)
 *(.shbss)
 *(.bss .bss.* .gnu.linkonce.b.*)
 .bss           0x1fff8158       0x1c c:/program files (x86)/cypress/psoc creator/4.4/psoc creator/import/gnu/arm/5.4.1/bin/../lib/gcc/arm-none-eabi/5.4.1/armv7-m/crtbegin.o
 .bss           0x1fff8174        0xc .\CortexM3\ARM_GCC_541\Debug\main.o
                0x1fff8174                NIGHT_FROM
                0x1fff8175                code_buffer_ind
                0x1fff8178                alarm_until
                0x1fff817c                alarm_beep_mode
                0x1fff817d                beep_mode
                0x1fff817e                tone_deadline
 .bss           0x1fff8180        0x2 .\CortexM3\ARM_GCC_541\Debug\Keypad.o
                0x1fff8180                PRESSED_KEY
                0x1fff8181                waiting_for_relese
 *fill*         0x1fff8182        0x2 
 .bss           0x1fff8184        0x8 .\CortexM3\ARM_GCC_541\Debug\hb100movement.o
                0x1fff8184                maxAmp
                0x1fff8188                lastCountRadar
 .bss           0x1fff818c        0x2 .\CortexM3\ARM_GCC_541\Debug\Riaszto.a(LCD.o)
                0x1fff818c                LCD_enableState
                0x1fff818d                LCD_initVar
 .bss           0x1fff818e        0x1 .\CortexM3\ARM_GCC_541\Debug\Riaszto.a(SPIM.o)
                0x1fff818e                SPIM_initVar
 .bss           0x1fff818f        0x2 .\CortexM3\ARM_GCC_541\Debug\Riaszto.a(UART.o)
                0x1fff818f                UART_initVar
 .bss           0x1fff8191        0x1 .\CortexM3\ARM_GCC_541\Debug\Riaszto.a(Timer.o)
                0x1fff8191                Timer_initVar
 .bss           0x1fff8192        0x1 .\CortexM3\ARM_GCC_541\Debug\Riaszto.a(PWM_BACKLIGHT.o)
                0x1fff8192                PWM_BACKLIGHT_initVar
 .bss           0x1fff8193        0x1 .\CortexM3\ARM_GCC_541\Debug\Riaszto.a(ADC_SAR_PR.o)
                0x1fff8193                ADC_SAR_PR_initVar
 .bss           0x1fff8194        0x1 .\CortexM3\ARM_GCC_541\Debug\Riaszto.a(ADC_SAR_RADAR.o)
                0x1fff8194                ADC_SAR_RADAR_initVar
 *fill*         0x1fff8195        0x3 
 .bss           0x1fff8198        0x8 .\CortexM3\ARM_GCC_541\Debug\Riaszto.a(CySpc.o)
                0x1fff8198                SpcLockState
 .bss.__malloc_sbrk_start
                0x1fff81a0        0x4 c:/program files (x86)/cypress/psoc creator/4.4/psoc creator/import/gnu/arm/5.4.1/bin/../lib/gcc/arm-none-eabi/5.4.1/../../../../arm-none-eabi/lib/armv7-m\libg_nano.a(lib_a-nano-mallocr.o)
                0x1fff81a0                __malloc_sbrk_start
 .bss.__malloc_free_list
                0x1fff81a4        0x4 c:/program files (x86)/cypress/psoc creator/4.4/psoc creator/import/gnu/arm/5.4.1/bin/../lib/gcc/arm-none-eabi/5.4.1/../../../../arm-none-eabi/lib/armv7-m\libg_nano.a(lib_a-nano-mallocr.o)
                0x1fff81a4                __malloc_free_list
 *(COMMON)
 COMMON         0x1fff81a8       0x24 .\CortexM3\ARM_GCC_541\Debug\main.o
                0x1fff81a8                tone_fifo
                0x1fff81b0                p_tasks
                0x1fff81b8                alart_reason
                0x1fff81c8                code_buffer
 COMMON         0x1fff81cc        0xc .\CortexM3\ARM_GCC_541\Debug\Riaszto.a(ADC_SAR_PR.o)
                0x1fff81cc                ADC_SAR_PR_offset
                0x1fff81ce                ADC_SAR_PR_shift
                0x1fff81d0                ADC_SAR_PR_countsPerVolt
                0x1fff81d4                ADC_SAR_PR_countsPer10Volt
 COMMON         0x1fff81d8        0xc .\CortexM3\ARM_GCC_541\Debug\Riaszto.a(ADC_SAR_RADAR.o)
                0x1fff81d8                ADC_SAR_RADAR_countsPerVolt
                0x1fff81da                ADC_SAR_RADAR_offset
                0x1fff81dc                ADC_SAR_RADAR_shift
                0x1fff81e0                ADC_SAR_RADAR_countsPer10Volt
 COMMON         0x1fff81e4        0x2 .\CortexM3\ARM_GCC_541\Debug\Riaszto.a(CyFlash.o)
                0x1fff81e4                dieTemperature
 *fill*         0x1fff81e6        0x2 
 COMMON         0x1fff81e8        0x4 c:/program files (x86)/cypress/psoc creator/4.4/psoc creator/import/gnu/arm/5.4.1/bin/../lib/gcc/arm-none-eabi/5.4.1/../../../../arm-none-eabi/lib/armv7-m\libg_nano.a(lib_a-reent.o)
                0x1fff81e8                errno
                0x1fff81f0                . = ALIGN (0x8)
 *fill*         0x1fff81ec        0x4 
 *(.ram.b)
                0x1fff81f0                _end = .
                0x1fff81f0                __end = .
                0x1fff81f0                PROVIDE (end, .)
                0x1fff81f0                PROVIDE (__bss_end__, .)
                0x00001af0                __cy_region_init_ram = LOADADDR (.data)
                0x00000090                __cy_region_init_size_ram = (_edata - ADDR (.data))
                0x00000098                __cy_region_zero_size_ram = (_end - _edata)

.heap           0x1fff81f0      0x800 load address 0x00001b80
                0x1fff81f0                . = _end
                0x1fff89f0                . = (. + 0x800)
 *fill*         0x1fff81f0      0x800 
                0x1fff89f0                __cy_heap_limit = .

.stack          0x20007800      0x800
                0x20007800                __cy_stack_limit = .
                0x20008000                . = (. + 0x800)
 *fill*         0x20007800      0x800 
                0x00000001                ASSERT ((__cy_stack_limit >= __cy_heap_limit), region RAM overflowed with stack)
                0x00000000                cy_checksum_exclude_size = (CY_APPL_LOADABLE == 0x1)?SIZEOF (.cy_checksum_exclude):0x0
                0x00000001                ASSERT ((cy_checksum_exclude_size <= CY_CHECKSUM_EXCLUDE_SIZE), CY_BOOT: Section .cy_checksum_exclude size exceedes specified limit.)

.cyloadermeta
 *(.cyloadermeta)

.cyloadablemeta
 *(.cyloadablemeta)

.cyconfigecc    0x80000000      0x914
 *(.cyconfigecc)
 .cyconfigecc   0x80000000      0x914 .\CortexM3\ARM_GCC_541\Debug\cymetadata.o
                0x80000000                cy_meta_configecc

.cycustnvl      0x90000000        0x4
 *(.cycustnvl)
 .cycustnvl     0x90000000        0x4 .\CortexM3\ARM_GCC_541\Debug\cymetadata.o
                0x90000000                cy_meta_custnvl

.cywolatch      0x90100000        0x4
 *(.cywolatch)
 .cywolatch     0x90100000        0x4 .\CortexM3\ARM_GCC_541\Debug\cymetadata.o
                0x90100000                cy_meta_wonvl

.cyeeprom       0x90200000        0x0
 *(.cyeeprom)
                0x00000001                ASSERT ((. <= ((0x90200000 + ee_offset) + ee_size)), .cyeeprom data will not fit in EEPROM)

.cyflashprotect
                0x90400000      0x100
 *(.cyflashprotect)
 .cyflashprotect
                0x90400000      0x100 .\CortexM3\ARM_GCC_541\Debug\cymetadata.o
                0x90400000                cy_meta_flashprotect

.cymeta         0x90500000        0xc
 *(.cymeta)
 .cymeta        0x90500000        0xc .\CortexM3\ARM_GCC_541\Debug\cymetadata.o
                0x90500000                cy_metadata

.rel.dyn        0x00001b80        0x0 load address 0x9050000c
 .rel.iplt      0x00001b80        0x0 c:/program files (x86)/cypress/psoc creator/4.4/psoc creator/import/gnu/arm/5.4.1/bin/../lib/gcc/arm-none-eabi/5.4.1/armv7-m/crtbegin.o

.stab
 *(.stab)

.stabstr
 *(.stabstr)

.debug
 *(.debug)

.line
 *(.line)

.debug_srcinfo
 *(.debug_srcinfo)

.debug_sfnames
 *(.debug_sfnames)

.debug_aranges  0x00000000     0x11e0
 *(.debug_aranges)
 .debug_aranges
                0x00000000       0x68 .\CortexM3\ARM_GCC_541\Debug\main.o
 .debug_aranges
                0x00000068       0x68 .\CortexM3\ARM_GCC_541\Debug\d1302.o
 .debug_aranges
                0x000000d0       0x50 .\CortexM3\ARM_GCC_541\Debug\TaskFIFO.o
 .debug_aranges
                0x00000120       0x58 .\CortexM3\ARM_GCC_541\Debug\PeriodicTask.o
 .debug_aranges
                0x00000178       0x30 .\CortexM3\ARM_GCC_541\Debug\Keypad.o
 .debug_aranges
                0x000001a8       0x30 .\CortexM3\ARM_GCC_541\Debug\hb100movement.o
 .debug_aranges
                0x000001d8       0x48 .\CortexM3\ARM_GCC_541\Debug\EEPROM_Helper.o
 .debug_aranges
                0x00000220       0x58 .\CortexM3\ARM_GCC_541\Debug\cyfitter_cfg.o
 .debug_aranges
                0x00000278       0x18 .\CortexM3\ARM_GCC_541\Debug\cymetadata.o
 .debug_aranges
                0x00000290       0x48 .\CortexM3\ARM_GCC_541\Debug\Cm3Start.o
 .debug_aranges
                0x000002d8       0x98 .\CortexM3\ARM_GCC_541\Debug\Riaszto.a(LCD.o)
 .debug_aranges
                0x00000370      0x2a0 .\CortexM3\ARM_GCC_541\Debug\Riaszto.a(CyLib.o)
 .debug_aranges
                0x00000610       0x98 .\CortexM3\ARM_GCC_541\Debug\Riaszto.a(cyPm.o)
 .debug_aranges
                0x000006a8       0x38 .\CortexM3\ARM_GCC_541\Debug\Riaszto.a(ROW1.o)
 .debug_aranges
                0x000006e0       0x38 .\CortexM3\ARM_GCC_541\Debug\Riaszto.a(ROW2.o)
 .debug_aranges
                0x00000718       0x38 .\CortexM3\ARM_GCC_541\Debug\Riaszto.a(ROW3.o)
 .debug_aranges
                0x00000750       0x38 .\CortexM3\ARM_GCC_541\Debug\Riaszto.a(ROW4.o)
 .debug_aranges
                0x00000788       0x38 .\CortexM3\ARM_GCC_541\Debug\Riaszto.a(COL1.o)
 .debug_aranges
                0x000007c0       0x38 .\CortexM3\ARM_GCC_541\Debug\Riaszto.a(COL2.o)
 .debug_aranges
                0x000007f8       0x38 .\CortexM3\ARM_GCC_541\Debug\Riaszto.a(COL3.o)
 .debug_aranges
                0x00000830       0x38 .\CortexM3\ARM_GCC_541\Debug\Riaszto.a(COL4.o)
 .debug_aranges
                0x00000868       0xe8 .\CortexM3\ARM_GCC_541\Debug\Riaszto.a(SPIM.o)
 .debug_aranges
                0x00000950       0x38 .\CortexM3\ARM_GCC_541\Debug\Riaszto.a(SS.o)
 .debug_aranges
                0x00000988       0x70 .\CortexM3\ARM_GCC_541\Debug\Riaszto.a(SPIM_IntClock.o)
 .debug_aranges
                0x000009f8       0xf0 .\CortexM3\ARM_GCC_541\Debug\Riaszto.a(UART.o)
 .debug_aranges
                0x00000ae8       0x70 .\CortexM3\ARM_GCC_541\Debug\Riaszto.a(UART_IntClock.o)
 .debug_aranges
                0x00000b58       0x88 .\CortexM3\ARM_GCC_541\Debug\Riaszto.a(Timer.o)
 .debug_aranges
                0x00000be0       0x80 .\CortexM3\ARM_GCC_541\Debug\Riaszto.a(isr_Timer.o)
 .debug_aranges
                0x00000c60       0x78 .\CortexM3\ARM_GCC_541\Debug\Riaszto.a(PWM_BACKLIGHT.o)
 .debug_aranges
                0x00000cd8       0x78 .\CortexM3\ARM_GCC_541\Debug\Riaszto.a(PWM_BEEPER.o)
 .debug_aranges
                0x00000d50       0xa8 .\CortexM3\ARM_GCC_541\Debug\Riaszto.a(ADC_SAR_PR.o)
 .debug_aranges
                0x00000df8       0x20 .\CortexM3\ARM_GCC_541\Debug\Riaszto.a(ADC_SAR_PR_INT.o)
 .debug_aranges
                0x00000e18       0x80 .\CortexM3\ARM_GCC_541\Debug\Riaszto.a(ADC_SAR_PR_theACLK.o)
 .debug_aranges
                0x00000e98       0xa8 .\CortexM3\ARM_GCC_541\Debug\Riaszto.a(ADC_SAR_RADAR.o)
 .debug_aranges
                0x00000f40       0x80 .\CortexM3\ARM_GCC_541\Debug\Riaszto.a(ADC_SAR_RADAR_IRQ.o)
 .debug_aranges
                0x00000fc0       0x80 .\CortexM3\ARM_GCC_541\Debug\Riaszto.a(ADC_SAR_RADAR_theACLK.o)
 .debug_aranges
                0x00001040       0x78 .\CortexM3\ARM_GCC_541\Debug\Riaszto.a(EEPROM.o)
 .debug_aranges
                0x000010b8       0x20 .\CortexM3\ARM_GCC_541\Debug\Riaszto.a(CyBootAsmGnu.o)
 .debug_aranges
                0x000010d8       0x88 .\CortexM3\ARM_GCC_541\Debug\Riaszto.a(CyFlash.o)
 .debug_aranges
                0x00001160       0x80 .\CortexM3\ARM_GCC_541\Debug\Riaszto.a(CySpc.o)

.debug_pubnames
 *(.debug_pubnames)

.debug_info     0x00000000     0x9eb5
 *(.debug_info .gnu.linkonce.wi.*)
 .debug_info    0x00000000      0xbda .\CortexM3\ARM_GCC_541\Debug\main.o
 .debug_info    0x00000bda      0x59d .\CortexM3\ARM_GCC_541\Debug\d1302.o
 .debug_info    0x00001177      0x4da .\CortexM3\ARM_GCC_541\Debug\TaskFIFO.o
 .debug_info    0x00001651      0x51c .\CortexM3\ARM_GCC_541\Debug\PeriodicTask.o
 .debug_info    0x00001b6d      0x358 .\CortexM3\ARM_GCC_541\Debug\Keypad.o
 .debug_info    0x00001ec5      0x1a3 .\CortexM3\ARM_GCC_541\Debug\hb100movement.o
 .debug_info    0x00002068      0x313 .\CortexM3\ARM_GCC_541\Debug\EEPROM_Helper.o
 .debug_info    0x0000237b      0x662 .\CortexM3\ARM_GCC_541\Debug\cyfitter_cfg.o
 .debug_info    0x000029dd      0x139 .\CortexM3\ARM_GCC_541\Debug\cymetadata.o
 .debug_info    0x00002b16      0x3bb .\CortexM3\ARM_GCC_541\Debug\Cm3Start.o
 .debug_info    0x00002ed1      0x715 .\CortexM3\ARM_GCC_541\Debug\Riaszto.a(LCD.o)
 .debug_info    0x000035e6     0x1374 .\CortexM3\ARM_GCC_541\Debug\Riaszto.a(CyLib.o)
 .debug_info    0x0000495a      0xa2a .\CortexM3\ARM_GCC_541\Debug\Riaszto.a(cyPm.o)
 .debug_info    0x00005384      0x11f .\CortexM3\ARM_GCC_541\Debug\Riaszto.a(ROW1.o)
 .debug_info    0x000054a3      0x11f .\CortexM3\ARM_GCC_541\Debug\Riaszto.a(ROW2.o)
 .debug_info    0x000055c2      0x11f .\CortexM3\ARM_GCC_541\Debug\Riaszto.a(ROW3.o)
 .debug_info    0x000056e1      0x11f .\CortexM3\ARM_GCC_541\Debug\Riaszto.a(ROW4.o)
 .debug_info    0x00005800      0x11f .\CortexM3\ARM_GCC_541\Debug\Riaszto.a(COL1.o)
 .debug_info    0x0000591f      0x11f .\CortexM3\ARM_GCC_541\Debug\Riaszto.a(COL2.o)
 .debug_info    0x00005a3e      0x11f .\CortexM3\ARM_GCC_541\Debug\Riaszto.a(COL3.o)
 .debug_info    0x00005b5d      0x11f .\CortexM3\ARM_GCC_541\Debug\Riaszto.a(COL4.o)
 .debug_info    0x00005c7c      0x4df .\CortexM3\ARM_GCC_541\Debug\Riaszto.a(SPIM.o)
 .debug_info    0x0000615b      0x11f .\CortexM3\ARM_GCC_541\Debug\Riaszto.a(SS.o)
 .debug_info    0x0000627a      0x283 .\CortexM3\ARM_GCC_541\Debug\Riaszto.a(SPIM_IntClock.o)
 .debug_info    0x000064fd      0x60c .\CortexM3\ARM_GCC_541\Debug\Riaszto.a(UART.o)
 .debug_info    0x00006b09      0x283 .\CortexM3\ARM_GCC_541\Debug\Riaszto.a(UART_IntClock.o)
 .debug_info    0x00006d8c      0x293 .\CortexM3\ARM_GCC_541\Debug\Riaszto.a(Timer.o)
 .debug_info    0x0000701f      0x2d2 .\CortexM3\ARM_GCC_541\Debug\Riaszto.a(isr_Timer.o)
 .debug_info    0x000072f1      0x27f .\CortexM3\ARM_GCC_541\Debug\Riaszto.a(PWM_BACKLIGHT.o)
 .debug_info    0x00007570      0x27f .\CortexM3\ARM_GCC_541\Debug\Riaszto.a(PWM_BEEPER.o)
 .debug_info    0x000077ef      0x5c0 .\CortexM3\ARM_GCC_541\Debug\Riaszto.a(ADC_SAR_PR.o)
 .debug_info    0x00007daf       0x92 .\CortexM3\ARM_GCC_541\Debug\Riaszto.a(ADC_SAR_PR_INT.o)
 .debug_info    0x00007e41      0x2c4 .\CortexM3\ARM_GCC_541\Debug\Riaszto.a(ADC_SAR_PR_theACLK.o)
 .debug_info    0x00008105      0x5c0 .\CortexM3\ARM_GCC_541\Debug\Riaszto.a(ADC_SAR_RADAR.o)
 .debug_info    0x000086c5      0x2d2 .\CortexM3\ARM_GCC_541\Debug\Riaszto.a(ADC_SAR_RADAR_IRQ.o)
 .debug_info    0x00008997      0x2c4 .\CortexM3\ARM_GCC_541\Debug\Riaszto.a(ADC_SAR_RADAR_theACLK.o)
 .debug_info    0x00008c5b      0x630 .\CortexM3\ARM_GCC_541\Debug\Riaszto.a(EEPROM.o)
 .debug_info    0x0000928b       0x8d .\CortexM3\ARM_GCC_541\Debug\Riaszto.a(CyBootAsmGnu.o)
 .debug_info    0x00009318      0x64d .\CortexM3\ARM_GCC_541\Debug\Riaszto.a(CyFlash.o)
 .debug_info    0x00009965      0x550 .\CortexM3\ARM_GCC_541\Debug\Riaszto.a(CySpc.o)

.debug_abbrev   0x00000000     0x2f2f
 *(.debug_abbrev)
 .debug_abbrev  0x00000000      0x213 .\CortexM3\ARM_GCC_541\Debug\main.o
 .debug_abbrev  0x00000213      0x15b .\CortexM3\ARM_GCC_541\Debug\d1302.o
 .debug_abbrev  0x0000036e      0x1cc .\CortexM3\ARM_GCC_541\Debug\TaskFIFO.o
 .debug_abbrev  0x0000053a      0x1df .\CortexM3\ARM_GCC_541\Debug\PeriodicTask.o
 .debug_abbrev  0x00000719      0x126 .\CortexM3\ARM_GCC_541\Debug\Keypad.o
 .debug_abbrev  0x0000083f       0xef .\CortexM3\ARM_GCC_541\Debug\hb100movement.o
 .debug_abbrev  0x0000092e      0x12f .\CortexM3\ARM_GCC_541\Debug\EEPROM_Helper.o
 .debug_abbrev  0x00000a5d      0x20d .\CortexM3\ARM_GCC_541\Debug\cyfitter_cfg.o
 .debug_abbrev  0x00000c6a       0x77 .\CortexM3\ARM_GCC_541\Debug\cymetadata.o
 .debug_abbrev  0x00000ce1      0x1e8 .\CortexM3\ARM_GCC_541\Debug\Cm3Start.o
 .debug_abbrev  0x00000ec9      0x157 .\CortexM3\ARM_GCC_541\Debug\Riaszto.a(LCD.o)
 .debug_abbrev  0x00001020      0x254 .\CortexM3\ARM_GCC_541\Debug\Riaszto.a(CyLib.o)
 .debug_abbrev  0x00001274      0x1ab .\CortexM3\ARM_GCC_541\Debug\Riaszto.a(cyPm.o)
 .debug_abbrev  0x0000141f       0x90 .\CortexM3\ARM_GCC_541\Debug\Riaszto.a(ROW1.o)
 .debug_abbrev  0x000014af       0x90 .\CortexM3\ARM_GCC_541\Debug\Riaszto.a(ROW2.o)
 .debug_abbrev  0x0000153f       0x90 .\CortexM3\ARM_GCC_541\Debug\Riaszto.a(ROW3.o)
 .debug_abbrev  0x000015cf       0x90 .\CortexM3\ARM_GCC_541\Debug\Riaszto.a(ROW4.o)
 .debug_abbrev  0x0000165f       0x90 .\CortexM3\ARM_GCC_541\Debug\Riaszto.a(COL1.o)
 .debug_abbrev  0x000016ef       0x90 .\CortexM3\ARM_GCC_541\Debug\Riaszto.a(COL2.o)
 .debug_abbrev  0x0000177f       0x90 .\CortexM3\ARM_GCC_541\Debug\Riaszto.a(COL3.o)
 .debug_abbrev  0x0000180f       0x90 .\CortexM3\ARM_GCC_541\Debug\Riaszto.a(COL4.o)
 .debug_abbrev  0x0000189f      0x146 .\CortexM3\ARM_GCC_541\Debug\Riaszto.a(SPIM.o)
 .debug_abbrev  0x000019e5       0x90 .\CortexM3\ARM_GCC_541\Debug\Riaszto.a(SS.o)
 .debug_abbrev  0x00001a75      0x139 .\CortexM3\ARM_GCC_541\Debug\Riaszto.a(SPIM_IntClock.o)
 .debug_abbrev  0x00001bae      0x175 .\CortexM3\ARM_GCC_541\Debug\Riaszto.a(UART.o)
 .debug_abbrev  0x00001d23      0x139 .\CortexM3\ARM_GCC_541\Debug\Riaszto.a(UART_IntClock.o)
 .debug_abbrev  0x00001e5c      0x11a .\CortexM3\ARM_GCC_541\Debug\Riaszto.a(Timer.o)
 .debug_abbrev  0x00001f76      0x173 .\CortexM3\ARM_GCC_541\Debug\Riaszto.a(isr_Timer.o)
 .debug_abbrev  0x000020e9      0x12d .\CortexM3\ARM_GCC_541\Debug\Riaszto.a(PWM_BACKLIGHT.o)
 .debug_abbrev  0x00002216      0x12d .\CortexM3\ARM_GCC_541\Debug\Riaszto.a(PWM_BEEPER.o)
 .debug_abbrev  0x00002343      0x1ac .\CortexM3\ARM_GCC_541\Debug\Riaszto.a(ADC_SAR_PR.o)
 .debug_abbrev  0x000024ef       0x42 .\CortexM3\ARM_GCC_541\Debug\Riaszto.a(ADC_SAR_PR_INT.o)
 .debug_abbrev  0x00002531      0x121 .\CortexM3\ARM_GCC_541\Debug\Riaszto.a(ADC_SAR_PR_theACLK.o)
 .debug_abbrev  0x00002652      0x1ac .\CortexM3\ARM_GCC_541\Debug\Riaszto.a(ADC_SAR_RADAR.o)
 .debug_abbrev  0x000027fe      0x173 .\CortexM3\ARM_GCC_541\Debug\Riaszto.a(ADC_SAR_RADAR_IRQ.o)
 .debug_abbrev  0x00002971      0x121 .\CortexM3\ARM_GCC_541\Debug\Riaszto.a(ADC_SAR_RADAR_theACLK.o)
 .debug_abbrev  0x00002a92      0x14e .\CortexM3\ARM_GCC_541\Debug\Riaszto.a(EEPROM.o)
 .debug_abbrev  0x00002be0       0x14 .\CortexM3\ARM_GCC_541\Debug\Riaszto.a(CyBootAsmGnu.o)
 .debug_abbrev  0x00002bf4      0x1a7 .\CortexM3\ARM_GCC_541\Debug\Riaszto.a(CyFlash.o)
 .debug_abbrev  0x00002d9b      0x194 .\CortexM3\ARM_GCC_541\Debug\Riaszto.a(CySpc.o)

.debug_line     0x00000000     0x45aa
 *(.debug_line)
 .debug_line    0x00000000      0x351 .\CortexM3\ARM_GCC_541\Debug\main.o
 .debug_line    0x00000351      0x26c .\CortexM3\ARM_GCC_541\Debug\d1302.o
 .debug_line    0x000005bd      0x218 .\CortexM3\ARM_GCC_541\Debug\TaskFIFO.o
 .debug_line    0x000007d5      0x24e .\CortexM3\ARM_GCC_541\Debug\PeriodicTask.o
 .debug_line    0x00000a23      0x278 .\CortexM3\ARM_GCC_541\Debug\Keypad.o
 .debug_line    0x00000c9b      0x1ad .\CortexM3\ARM_GCC_541\Debug\hb100movement.o
 .debug_line    0x00000e48      0x1e4 .\CortexM3\ARM_GCC_541\Debug\EEPROM_Helper.o
 .debug_line    0x0000102c      0x216 .\CortexM3\ARM_GCC_541\Debug\cyfitter_cfg.o
 .debug_line    0x00001242      0x141 .\CortexM3\ARM_GCC_541\Debug\cymetadata.o
 .debug_line    0x00001383      0x234 .\CortexM3\ARM_GCC_541\Debug\Cm3Start.o
 .debug_line    0x000015b7      0x1dc .\CortexM3\ARM_GCC_541\Debug\Riaszto.a(LCD.o)
 .debug_line    0x00001793      0x816 .\CortexM3\ARM_GCC_541\Debug\Riaszto.a(CyLib.o)
 .debug_line    0x00001fa9      0x367 .\CortexM3\ARM_GCC_541\Debug\Riaszto.a(cyPm.o)
 .debug_line    0x00002310       0x91 .\CortexM3\ARM_GCC_541\Debug\Riaszto.a(ROW1.o)
 .debug_line    0x000023a1       0x91 .\CortexM3\ARM_GCC_541\Debug\Riaszto.a(ROW2.o)
 .debug_line    0x00002432       0x91 .\CortexM3\ARM_GCC_541\Debug\Riaszto.a(ROW3.o)
 .debug_line    0x000024c3       0x91 .\CortexM3\ARM_GCC_541\Debug\Riaszto.a(ROW4.o)
 .debug_line    0x00002554       0x91 .\CortexM3\ARM_GCC_541\Debug\Riaszto.a(COL1.o)
 .debug_line    0x000025e5       0x91 .\CortexM3\ARM_GCC_541\Debug\Riaszto.a(COL2.o)
 .debug_line    0x00002676       0x91 .\CortexM3\ARM_GCC_541\Debug\Riaszto.a(COL3.o)
 .debug_line    0x00002707       0x91 .\CortexM3\ARM_GCC_541\Debug\Riaszto.a(COL4.o)
 .debug_line    0x00002798      0x265 .\CortexM3\ARM_GCC_541\Debug\Riaszto.a(SPIM.o)
 .debug_line    0x000029fd       0x8f .\CortexM3\ARM_GCC_541\Debug\Riaszto.a(SS.o)
 .debug_line    0x00002a8c      0x17c .\CortexM3\ARM_GCC_541\Debug\Riaszto.a(SPIM_IntClock.o)
 .debug_line    0x00002c08      0x2bc .\CortexM3\ARM_GCC_541\Debug\Riaszto.a(UART.o)
 .debug_line    0x00002ec4      0x17c .\CortexM3\ARM_GCC_541\Debug\Riaszto.a(UART_IntClock.o)
 .debug_line    0x00003040      0x153 .\CortexM3\ARM_GCC_541\Debug\Riaszto.a(Timer.o)
 .debug_line    0x00003193      0x136 .\CortexM3\ARM_GCC_541\Debug\Riaszto.a(isr_Timer.o)
 .debug_line    0x000032c9      0x13b .\CortexM3\ARM_GCC_541\Debug\Riaszto.a(PWM_BACKLIGHT.o)
 .debug_line    0x00003404      0x138 .\CortexM3\ARM_GCC_541\Debug\Riaszto.a(PWM_BEEPER.o)
 .debug_line    0x0000353c      0x222 .\CortexM3\ARM_GCC_541\Debug\Riaszto.a(ADC_SAR_PR.o)
 .debug_line    0x0000375e       0x57 .\CortexM3\ARM_GCC_541\Debug\Riaszto.a(ADC_SAR_PR_INT.o)
 .debug_line    0x000037b5      0x1a4 .\CortexM3\ARM_GCC_541\Debug\Riaszto.a(ADC_SAR_PR_theACLK.o)
 .debug_line    0x00003959      0x228 .\CortexM3\ARM_GCC_541\Debug\Riaszto.a(ADC_SAR_RADAR.o)
 .debug_line    0x00003b81      0x13e .\CortexM3\ARM_GCC_541\Debug\Riaszto.a(ADC_SAR_RADAR_IRQ.o)
 .debug_line    0x00003cbf      0x1a7 .\CortexM3\ARM_GCC_541\Debug\Riaszto.a(ADC_SAR_RADAR_theACLK.o)
 .debug_line    0x00003e66      0x264 .\CortexM3\ARM_GCC_541\Debug\Riaszto.a(EEPROM.o)
 .debug_line    0x000040ca       0x66 .\CortexM3\ARM_GCC_541\Debug\Riaszto.a(CyBootAsmGnu.o)
 .debug_line    0x00004130      0x21a .\CortexM3\ARM_GCC_541\Debug\Riaszto.a(CyFlash.o)
 .debug_line    0x0000434a      0x260 .\CortexM3\ARM_GCC_541\Debug\Riaszto.a(CySpc.o)

.debug_frame    0x00000000     0x2eb4
 *(.debug_frame)
 .debug_frame   0x00000000      0x134 .\CortexM3\ARM_GCC_541\Debug\main.o
 .debug_frame   0x00000134      0x13c .\CortexM3\ARM_GCC_541\Debug\d1302.o
 .debug_frame   0x00000270       0xb8 .\CortexM3\ARM_GCC_541\Debug\TaskFIFO.o
 .debug_frame   0x00000328       0xe8 .\CortexM3\ARM_GCC_541\Debug\PeriodicTask.o
 .debug_frame   0x00000410       0x4c .\CortexM3\ARM_GCC_541\Debug\Keypad.o
 .debug_frame   0x0000045c       0x54 .\CortexM3\ARM_GCC_541\Debug\hb100movement.o
 .debug_frame   0x000004b0       0xcc .\CortexM3\ARM_GCC_541\Debug\EEPROM_Helper.o
 .debug_frame   0x0000057c       0xfc .\CortexM3\ARM_GCC_541\Debug\cyfitter_cfg.o
 .debug_frame   0x00000678       0xb8 .\CortexM3\ARM_GCC_541\Debug\Cm3Start.o
 .debug_frame   0x00000730      0x1e8 .\CortexM3\ARM_GCC_541\Debug\Riaszto.a(LCD.o)
 .debug_frame   0x00000918      0x738 .\CortexM3\ARM_GCC_541\Debug\Riaszto.a(CyLib.o)
 .debug_frame   0x00001050      0x1f8 .\CortexM3\ARM_GCC_541\Debug\Riaszto.a(cyPm.o)
 .debug_frame   0x00001248       0x50 .\CortexM3\ARM_GCC_541\Debug\Riaszto.a(ROW1.o)
 .debug_frame   0x00001298       0x50 .\CortexM3\ARM_GCC_541\Debug\Riaszto.a(ROW2.o)
 .debug_frame   0x000012e8       0x50 .\CortexM3\ARM_GCC_541\Debug\Riaszto.a(ROW3.o)
 .debug_frame   0x00001338       0x50 .\CortexM3\ARM_GCC_541\Debug\Riaszto.a(ROW4.o)
 .debug_frame   0x00001388       0x50 .\CortexM3\ARM_GCC_541\Debug\Riaszto.a(COL1.o)
 .debug_frame   0x000013d8       0x50 .\CortexM3\ARM_GCC_541\Debug\Riaszto.a(COL2.o)
 .debug_frame   0x00001428       0x50 .\CortexM3\ARM_GCC_541\Debug\Riaszto.a(COL3.o)
 .debug_frame   0x00001478       0x50 .\CortexM3\ARM_GCC_541\Debug\Riaszto.a(COL4.o)
 .debug_frame   0x000014c8      0x208 .\CortexM3\ARM_GCC_541\Debug\Riaszto.a(SPIM.o)
 .debug_frame   0x000016d0       0x50 .\CortexM3\ARM_GCC_541\Debug\Riaszto.a(SS.o)
 .debug_frame   0x00001720       0xe0 .\CortexM3\ARM_GCC_541\Debug\Riaszto.a(SPIM_IntClock.o)
 .debug_frame   0x00001800      0x250 .\CortexM3\ARM_GCC_541\Debug\Riaszto.a(UART.o)
 .debug_frame   0x00001a50       0xe0 .\CortexM3\ARM_GCC_541\Debug\Riaszto.a(UART_IntClock.o)
 .debug_frame   0x00001b30      0x108 .\CortexM3\ARM_GCC_541\Debug\Riaszto.a(Timer.o)
 .debug_frame   0x00001c38      0x104 .\CortexM3\ARM_GCC_541\Debug\Riaszto.a(isr_Timer.o)
 .debug_frame   0x00001d3c       0xe8 .\CortexM3\ARM_GCC_541\Debug\Riaszto.a(PWM_BACKLIGHT.o)
 .debug_frame   0x00001e24       0xe8 .\CortexM3\ARM_GCC_541\Debug\Riaszto.a(PWM_BEEPER.o)
 .debug_frame   0x00001f0c      0x1b0 .\CortexM3\ARM_GCC_541\Debug\Riaszto.a(ADC_SAR_PR.o)
 .debug_frame   0x000020bc       0x20 .\CortexM3\ARM_GCC_541\Debug\Riaszto.a(ADC_SAR_PR_INT.o)
 .debug_frame   0x000020dc      0x100 .\CortexM3\ARM_GCC_541\Debug\Riaszto.a(ADC_SAR_PR_theACLK.o)
 .debug_frame   0x000021dc      0x1b4 .\CortexM3\ARM_GCC_541\Debug\Riaszto.a(ADC_SAR_RADAR.o)
 .debug_frame   0x00002390      0x104 .\CortexM3\ARM_GCC_541\Debug\Riaszto.a(ADC_SAR_RADAR_IRQ.o)
 .debug_frame   0x00002494      0x100 .\CortexM3\ARM_GCC_541\Debug\Riaszto.a(ADC_SAR_RADAR_theACLK.o)
 .debug_frame   0x00002594      0x17c .\CortexM3\ARM_GCC_541\Debug\Riaszto.a(EEPROM.o)
 .debug_frame   0x00002710      0x194 .\CortexM3\ARM_GCC_541\Debug\Riaszto.a(CyFlash.o)
 .debug_frame   0x000028a4      0x180 .\CortexM3\ARM_GCC_541\Debug\Riaszto.a(CySpc.o)
 .debug_frame   0x00002a24       0x44 c:/program files (x86)/cypress/psoc creator/4.4/psoc creator/import/gnu/arm/5.4.1/bin/../lib/gcc/arm-none-eabi/5.4.1/armv7-m\libgcc.a(_aeabi_ldivmod.o)
 .debug_frame   0x00002a68       0x38 c:/program files (x86)/cypress/psoc creator/4.4/psoc creator/import/gnu/arm/5.4.1/bin/../lib/gcc/arm-none-eabi/5.4.1/armv7-m\libgcc.a(_udivmoddi4.o)
 .debug_frame   0x00002aa0       0x20 c:/program files (x86)/cypress/psoc creator/4.4/psoc creator/import/gnu/arm/5.4.1/bin/../lib/gcc/arm-none-eabi/5.4.1/../../../../arm-none-eabi/lib/armv7-m\libg_nano.a(lib_a-errno.o)
 .debug_frame   0x00002ac0       0x28 c:/program files (x86)/cypress/psoc creator/4.4/psoc creator/import/gnu/arm/5.4.1/bin/../lib/gcc/arm-none-eabi/5.4.1/../../../../arm-none-eabi/lib/armv7-m\libg_nano.a(lib_a-exit.o)
 .debug_frame   0x00002ae8       0x2c c:/program files (x86)/cypress/psoc creator/4.4/psoc creator/import/gnu/arm/5.4.1/bin/../lib/gcc/arm-none-eabi/5.4.1/../../../../arm-none-eabi/lib/armv7-m\libg_nano.a(lib_a-init.o)
 .debug_frame   0x00002b14       0x30 c:/program files (x86)/cypress/psoc creator/4.4/psoc creator/import/gnu/arm/5.4.1/bin/../lib/gcc/arm-none-eabi/5.4.1/../../../../arm-none-eabi/lib/armv7-m\libg_nano.a(lib_a-malloc.o)
 .debug_frame   0x00002b44       0x28 c:/program files (x86)/cypress/psoc creator/4.4/psoc creator/import/gnu/arm/5.4.1/bin/../lib/gcc/arm-none-eabi/5.4.1/../../../../arm-none-eabi/lib/armv7-m\libg_nano.a(lib_a-memcpy-stub.o)
 .debug_frame   0x00002b6c       0x20 c:/program files (x86)/cypress/psoc creator/4.4/psoc creator/import/gnu/arm/5.4.1/bin/../lib/gcc/arm-none-eabi/5.4.1/../../../../arm-none-eabi/lib/armv7-m\libg_nano.a(lib_a-memset.o)
 .debug_frame   0x00002b8c       0x38 c:/program files (x86)/cypress/psoc creator/4.4/psoc creator/import/gnu/arm/5.4.1/bin/../lib/gcc/arm-none-eabi/5.4.1/../../../../arm-none-eabi/lib/armv7-m\libg_nano.a(lib_a-nano-freer.o)
 .debug_frame   0x00002bc4       0x2c c:/program files (x86)/cypress/psoc creator/4.4/psoc creator/import/gnu/arm/5.4.1/bin/../lib/gcc/arm-none-eabi/5.4.1/../../../../arm-none-eabi/lib/armv7-m\libg_nano.a(lib_a-nano-mallocr.o)
 .debug_frame   0x00002bf0       0x2c c:/program files (x86)/cypress/psoc creator/4.4/psoc creator/import/gnu/arm/5.4.1/bin/../lib/gcc/arm-none-eabi/5.4.1/../../../../arm-none-eabi/lib/armv7-m\libg_nano.a(lib_a-sbrkr.o)
 .debug_frame   0x00002c1c       0x70 c:/program files (x86)/cypress/psoc creator/4.4/psoc creator/import/gnu/arm/5.4.1/bin/../lib/gcc/arm-none-eabi/5.4.1/../../../../arm-none-eabi/lib/armv7-m\libg_nano.a(lib_a-sprintf.o)
 .debug_frame   0x00002c8c       0x30 c:/program files (x86)/cypress/psoc creator/4.4/psoc creator/import/gnu/arm/5.4.1/bin/../lib/gcc/arm-none-eabi/5.4.1/../../../../arm-none-eabi/lib/armv7-m\libg_nano.a(lib_a-mlock.o)
 .debug_frame   0x00002cbc       0x90 c:/program files (x86)/cypress/psoc creator/4.4/psoc creator/import/gnu/arm/5.4.1/bin/../lib/gcc/arm-none-eabi/5.4.1/../../../../arm-none-eabi/lib/armv7-m\libg_nano.a(lib_a-nano-svfprintf.o)
 .debug_frame   0x00002d4c       0x60 c:/program files (x86)/cypress/psoc creator/4.4/psoc creator/import/gnu/arm/5.4.1/bin/../lib/gcc/arm-none-eabi/5.4.1/../../../../arm-none-eabi/lib/armv7-m\libg_nano.a(lib_a-nano-vfprintf_i.o)
 .debug_frame   0x00002dac       0x5c c:/program files (x86)/cypress/psoc creator/4.4/psoc creator/import/gnu/arm/5.4.1/bin/../lib/gcc/arm-none-eabi/5.4.1/../../../../arm-none-eabi/lib/armv7-m\libg_nano.a(lib_a-reent.o)
 .debug_frame   0x00002e08       0x28 c:/program files (x86)/cypress/psoc creator/4.4/psoc creator/import/gnu/arm/5.4.1/bin/../lib/gcc/arm-none-eabi/5.4.1/../../../../arm-none-eabi/lib/armv7-m\libg_nano.a(lib_a-memchr-stub.o)
 .debug_frame   0x00002e30       0x28 c:/program files (x86)/cypress/psoc creator/4.4/psoc creator/import/gnu/arm/5.4.1/bin/../lib/gcc/arm-none-eabi/5.4.1/../../../../arm-none-eabi/lib/armv7-m\libg_nano.a(lib_a-memmove.o)
 .debug_frame   0x00002e58       0x3c c:/program files (x86)/cypress/psoc creator/4.4/psoc creator/import/gnu/arm/5.4.1/bin/../lib/gcc/arm-none-eabi/5.4.1/../../../../arm-none-eabi/lib/armv7-m\libg_nano.a(lib_a-nano-reallocr.o)
 .debug_frame   0x00002e94       0x20 c:/program files (x86)/cypress/psoc creator/4.4/psoc creator/import/gnu/arm/5.4.1/bin/../lib/gcc/arm-none-eabi/5.4.1/../../../../arm-none-eabi/lib/armv7-m\libg_nano.a(lib_a-nano-msizer.o)

.debug_str      0x00000000     0x3542
 *(.debug_str)
 .debug_str     0x00000000      0x684 .\CortexM3\ARM_GCC_541\Debug\main.o
                                0x73d (size before relaxing)
 .debug_str     0x00000684      0x126 .\CortexM3\ARM_GCC_541\Debug\d1302.o
                                0x2f7 (size before relaxing)
 .debug_str     0x000007aa       0x82 .\CortexM3\ARM_GCC_541\Debug\TaskFIFO.o
                                0x301 (size before relaxing)
 .debug_str     0x0000082c       0x48 .\CortexM3\ARM_GCC_541\Debug\PeriodicTask.o
                                0x315 (size before relaxing)
 .debug_str     0x00000874       0x9c .\CortexM3\ARM_GCC_541\Debug\Keypad.o
                                0x256 (size before relaxing)
 .debug_str     0x00000910       0x8d .\CortexM3\ARM_GCC_541\Debug\hb100movement.o
                                0x250 (size before relaxing)
 .debug_str     0x0000099d       0xb1 .\CortexM3\ARM_GCC_541\Debug\EEPROM_Helper.o
                                0x26d (size before relaxing)
 .debug_str     0x00000a4e      0x19e .\CortexM3\ARM_GCC_541\Debug\cyfitter_cfg.o
                                0x34b (size before relaxing)
 .debug_str     0x00000bec       0x7f .\CortexM3\ARM_GCC_541\Debug\cymetadata.o
                                0x1e1 (size before relaxing)
 .debug_str     0x00000c6b      0x13f .\CortexM3\ARM_GCC_541\Debug\Cm3Start.o
                                0x307 (size before relaxing)
 .debug_str     0x00000daa      0x119 .\CortexM3\ARM_GCC_541\Debug\Riaszto.a(LCD.o)
                                0x328 (size before relaxing)
 .debug_str     0x00000ec3      0x81c .\CortexM3\ARM_GCC_541\Debug\Riaszto.a(CyLib.o)
                                0xa44 (size before relaxing)
 .debug_str     0x000016df      0x365 .\CortexM3\ARM_GCC_541\Debug\Riaszto.a(cyPm.o)
                                0x730 (size before relaxing)
 .debug_str     0x00001a44       0x56 .\CortexM3\ARM_GCC_541\Debug\Riaszto.a(ROW1.o)
                                0x1da (size before relaxing)
 .debug_str     0x00001a9a       0x4b .\CortexM3\ARM_GCC_541\Debug\Riaszto.a(ROW2.o)
                                0x1da (size before relaxing)
 .debug_str     0x00001ae5       0x4b .\CortexM3\ARM_GCC_541\Debug\Riaszto.a(ROW3.o)
                                0x1da (size before relaxing)
 .debug_str     0x00001b30       0x4b .\CortexM3\ARM_GCC_541\Debug\Riaszto.a(ROW4.o)
                                0x1da (size before relaxing)
 .debug_str     0x00001b7b       0x4c .\CortexM3\ARM_GCC_541\Debug\Riaszto.a(COL1.o)
                                0x1da (size before relaxing)
 .debug_str     0x00001bc7       0x4c .\CortexM3\ARM_GCC_541\Debug\Riaszto.a(COL2.o)
                                0x1da (size before relaxing)
 .debug_str     0x00001c13       0x4c .\CortexM3\ARM_GCC_541\Debug\Riaszto.a(COL3.o)
                                0x1da (size before relaxing)
 .debug_str     0x00001c5f       0x4c .\CortexM3\ARM_GCC_541\Debug\Riaszto.a(COL4.o)
                                0x1da (size before relaxing)
 .debug_str     0x00001cab      0x1e4 .\CortexM3\ARM_GCC_541\Debug\Riaszto.a(SPIM.o)
                                0x426 (size before relaxing)
 .debug_str     0x00001e8f       0x43 .\CortexM3\ARM_GCC_541\Debug\Riaszto.a(SS.o)
                                0x1d0 (size before relaxing)
 .debug_str     0x00001ed2      0x183 .\CortexM3\ARM_GCC_541\Debug\Riaszto.a(SPIM_IntClock.o)
                                0x333 (size before relaxing)
 .debug_str     0x00002055      0x24e .\CortexM3\ARM_GCC_541\Debug\Riaszto.a(UART.o)
                                0x472 (size before relaxing)
 .debug_str     0x000022a3      0x138 .\CortexM3\ARM_GCC_541\Debug\Riaszto.a(UART_IntClock.o)
                                0x333 (size before relaxing)
 .debug_str     0x000023db      0x10e .\CortexM3\ARM_GCC_541\Debug\Riaszto.a(Timer.o)
                                0x2f2 (size before relaxing)
 .debug_str     0x000024e9      0x10c .\CortexM3\ARM_GCC_541\Debug\Riaszto.a(isr_Timer.o)
                                0x2db (size before relaxing)
 .debug_str     0x000025f5      0x157 .\CortexM3\ARM_GCC_541\Debug\Riaszto.a(PWM_BACKLIGHT.o)
                                0x33a (size before relaxing)
 .debug_str     0x0000274c       0xff .\CortexM3\ARM_GCC_541\Debug\Riaszto.a(PWM_BEEPER.o)
                                0x310 (size before relaxing)
 .debug_str     0x0000284b      0x242 .\CortexM3\ARM_GCC_541\Debug\Riaszto.a(ADC_SAR_PR.o)
                                0x4d3 (size before relaxing)
 .debug_str     0x00002a8d       0x37 .\CortexM3\ARM_GCC_541\Debug\Riaszto.a(ADC_SAR_PR_INT.o)
                                0x19a (size before relaxing)
 .debug_str     0x00002ac4      0x1c9 .\CortexM3\ARM_GCC_541\Debug\Riaszto.a(ADC_SAR_PR_theACLK.o)
                                0x3c0 (size before relaxing)
 .debug_str     0x00002c8d      0x23f .\CortexM3\ARM_GCC_541\Debug\Riaszto.a(ADC_SAR_RADAR.o)
                                0x51e (size before relaxing)
 .debug_str     0x00002ecc      0x174 .\CortexM3\ARM_GCC_541\Debug\Riaszto.a(ADC_SAR_RADAR_IRQ.o)
                                0x34b (size before relaxing)
 .debug_str     0x00003040      0x1e7 .\CortexM3\ARM_GCC_541\Debug\Riaszto.a(ADC_SAR_RADAR_theACLK.o)
                                0x3ea (size before relaxing)
 .debug_str     0x00003227      0x19a .\CortexM3\ARM_GCC_541\Debug\Riaszto.a(EEPROM.o)
                                0x3bf (size before relaxing)
 .debug_str     0x000033c1      0x113 .\CortexM3\ARM_GCC_541\Debug\Riaszto.a(CyFlash.o)
                                0x3bd (size before relaxing)
 .debug_str     0x000034d4       0x6e .\CortexM3\ARM_GCC_541\Debug\Riaszto.a(CySpc.o)
                                0x335 (size before relaxing)

.debug_loc      0x00000000     0x3cd0
 *(.debug_loc)
 .debug_loc     0x00000000      0x145 .\CortexM3\ARM_GCC_541\Debug\main.o
 .debug_loc     0x00000145      0x1bc .\CortexM3\ARM_GCC_541\Debug\d1302.o
 .debug_loc     0x00000301      0x20b .\CortexM3\ARM_GCC_541\Debug\TaskFIFO.o
 .debug_loc     0x0000050c      0x261 .\CortexM3\ARM_GCC_541\Debug\PeriodicTask.o
 .debug_loc     0x0000076d       0x1f .\CortexM3\ARM_GCC_541\Debug\Keypad.o
 .debug_loc     0x0000078c      0x1e2 .\CortexM3\ARM_GCC_541\Debug\EEPROM_Helper.o
 .debug_loc     0x0000096e      0x27f .\CortexM3\ARM_GCC_541\Debug\cyfitter_cfg.o
 .debug_loc     0x00000bed      0x144 .\CortexM3\ARM_GCC_541\Debug\Cm3Start.o
 .debug_loc     0x00000d31      0x3c6 .\CortexM3\ARM_GCC_541\Debug\Riaszto.a(LCD.o)
 .debug_loc     0x000010f7      0xa11 .\CortexM3\ARM_GCC_541\Debug\Riaszto.a(CyLib.o)
 .debug_loc     0x00001b08      0x1e4 .\CortexM3\ARM_GCC_541\Debug\Riaszto.a(cyPm.o)
 .debug_loc     0x00001cec       0x42 .\CortexM3\ARM_GCC_541\Debug\Riaszto.a(ROW1.o)
 .debug_loc     0x00001d2e       0x42 .\CortexM3\ARM_GCC_541\Debug\Riaszto.a(ROW2.o)
 .debug_loc     0x00001d70       0x42 .\CortexM3\ARM_GCC_541\Debug\Riaszto.a(ROW3.o)
 .debug_loc     0x00001db2       0x42 .\CortexM3\ARM_GCC_541\Debug\Riaszto.a(ROW4.o)
 .debug_loc     0x00001df4       0x42 .\CortexM3\ARM_GCC_541\Debug\Riaszto.a(COL1.o)
 .debug_loc     0x00001e36       0x42 .\CortexM3\ARM_GCC_541\Debug\Riaszto.a(COL2.o)
 .debug_loc     0x00001e78       0x42 .\CortexM3\ARM_GCC_541\Debug\Riaszto.a(COL3.o)
 .debug_loc     0x00001eba       0x42 .\CortexM3\ARM_GCC_541\Debug\Riaszto.a(COL4.o)
 .debug_loc     0x00001efc       0xfe .\CortexM3\ARM_GCC_541\Debug\Riaszto.a(SPIM.o)
 .debug_loc     0x00001ffa       0x42 .\CortexM3\ARM_GCC_541\Debug\Riaszto.a(SS.o)
 .debug_loc     0x0000203c      0x12c .\CortexM3\ARM_GCC_541\Debug\Riaszto.a(SPIM_IntClock.o)
 .debug_loc     0x00002168      0x258 .\CortexM3\ARM_GCC_541\Debug\Riaszto.a(UART.o)
 .debug_loc     0x000023c0      0x128 .\CortexM3\ARM_GCC_541\Debug\Riaszto.a(UART_IntClock.o)
 .debug_loc     0x000024e8       0x56 .\CortexM3\ARM_GCC_541\Debug\Riaszto.a(isr_Timer.o)
 .debug_loc     0x0000253e       0x13 .\CortexM3\ARM_GCC_541\Debug\Riaszto.a(PWM_BACKLIGHT.o)
 .debug_loc     0x00002551       0x13 .\CortexM3\ARM_GCC_541\Debug\Riaszto.a(PWM_BEEPER.o)
 .debug_loc     0x00002564      0x295 .\CortexM3\ARM_GCC_541\Debug\Riaszto.a(ADC_SAR_PR.o)
 .debug_loc     0x000027f9      0x14d .\CortexM3\ARM_GCC_541\Debug\Riaszto.a(ADC_SAR_PR_theACLK.o)
 .debug_loc     0x00002946      0x295 .\CortexM3\ARM_GCC_541\Debug\Riaszto.a(ADC_SAR_RADAR.o)
 .debug_loc     0x00002bdb       0x56 .\CortexM3\ARM_GCC_541\Debug\Riaszto.a(ADC_SAR_RADAR_IRQ.o)
 .debug_loc     0x00002c31      0x149 .\CortexM3\ARM_GCC_541\Debug\Riaszto.a(ADC_SAR_RADAR_theACLK.o)
 .debug_loc     0x00002d7a      0x49f .\CortexM3\ARM_GCC_541\Debug\Riaszto.a(EEPROM.o)
 .debug_loc     0x00003219      0x3b2 .\CortexM3\ARM_GCC_541\Debug\Riaszto.a(CyFlash.o)
 .debug_loc     0x000035cb      0x705 .\CortexM3\ARM_GCC_541\Debug\Riaszto.a(CySpc.o)

.debug_macinfo
 *(.debug_macinfo)

.debug_ranges   0x00000000      0xf88
 *(.debug_ranges)
 .debug_ranges  0x00000000       0x98 .\CortexM3\ARM_GCC_541\Debug\main.o
 .debug_ranges  0x00000098       0x58 .\CortexM3\ARM_GCC_541\Debug\d1302.o
 .debug_ranges  0x000000f0       0x40 .\CortexM3\ARM_GCC_541\Debug\TaskFIFO.o
 .debug_ranges  0x00000130       0x48 .\CortexM3\ARM_GCC_541\Debug\PeriodicTask.o
 .debug_ranges  0x00000178       0x20 .\CortexM3\ARM_GCC_541\Debug\Keypad.o
 .debug_ranges  0x00000198       0x20 .\CortexM3\ARM_GCC_541\Debug\hb100movement.o
 .debug_ranges  0x000001b8       0x38 .\CortexM3\ARM_GCC_541\Debug\EEPROM_Helper.o
 .debug_ranges  0x000001f0       0x48 .\CortexM3\ARM_GCC_541\Debug\cyfitter_cfg.o
 .debug_ranges  0x00000238       0x38 .\CortexM3\ARM_GCC_541\Debug\Cm3Start.o
 .debug_ranges  0x00000270       0x88 .\CortexM3\ARM_GCC_541\Debug\Riaszto.a(LCD.o)
 .debug_ranges  0x000002f8      0x290 .\CortexM3\ARM_GCC_541\Debug\Riaszto.a(CyLib.o)
 .debug_ranges  0x00000588       0x88 .\CortexM3\ARM_GCC_541\Debug\Riaszto.a(cyPm.o)
 .debug_ranges  0x00000610       0x28 .\CortexM3\ARM_GCC_541\Debug\Riaszto.a(ROW1.o)
 .debug_ranges  0x00000638       0x28 .\CortexM3\ARM_GCC_541\Debug\Riaszto.a(ROW2.o)
 .debug_ranges  0x00000660       0x28 .\CortexM3\ARM_GCC_541\Debug\Riaszto.a(ROW3.o)
 .debug_ranges  0x00000688       0x28 .\CortexM3\ARM_GCC_541\Debug\Riaszto.a(ROW4.o)
 .debug_ranges  0x000006b0       0x28 .\CortexM3\ARM_GCC_541\Debug\Riaszto.a(COL1.o)
 .debug_ranges  0x000006d8       0x28 .\CortexM3\ARM_GCC_541\Debug\Riaszto.a(COL2.o)
 .debug_ranges  0x00000700       0x28 .\CortexM3\ARM_GCC_541\Debug\Riaszto.a(COL3.o)
 .debug_ranges  0x00000728       0x28 .\CortexM3\ARM_GCC_541\Debug\Riaszto.a(COL4.o)
 .debug_ranges  0x00000750       0xd8 .\CortexM3\ARM_GCC_541\Debug\Riaszto.a(SPIM.o)
 .debug_ranges  0x00000828       0x28 .\CortexM3\ARM_GCC_541\Debug\Riaszto.a(SS.o)
 .debug_ranges  0x00000850       0x60 .\CortexM3\ARM_GCC_541\Debug\Riaszto.a(SPIM_IntClock.o)
 .debug_ranges  0x000008b0       0xe0 .\CortexM3\ARM_GCC_541\Debug\Riaszto.a(UART.o)
 .debug_ranges  0x00000990       0x60 .\CortexM3\ARM_GCC_541\Debug\Riaszto.a(UART_IntClock.o)
 .debug_ranges  0x000009f0       0x78 .\CortexM3\ARM_GCC_541\Debug\Riaszto.a(Timer.o)
 .debug_ranges  0x00000a68       0x70 .\CortexM3\ARM_GCC_541\Debug\Riaszto.a(isr_Timer.o)
 .debug_ranges  0x00000ad8       0x68 .\CortexM3\ARM_GCC_541\Debug\Riaszto.a(PWM_BACKLIGHT.o)
 .debug_ranges  0x00000b40       0x68 .\CortexM3\ARM_GCC_541\Debug\Riaszto.a(PWM_BEEPER.o)
 .debug_ranges  0x00000ba8       0x98 .\CortexM3\ARM_GCC_541\Debug\Riaszto.a(ADC_SAR_PR.o)
 .debug_ranges  0x00000c40       0x10 .\CortexM3\ARM_GCC_541\Debug\Riaszto.a(ADC_SAR_PR_INT.o)
 .debug_ranges  0x00000c50       0x70 .\CortexM3\ARM_GCC_541\Debug\Riaszto.a(ADC_SAR_PR_theACLK.o)
 .debug_ranges  0x00000cc0       0x98 .\CortexM3\ARM_GCC_541\Debug\Riaszto.a(ADC_SAR_RADAR.o)
 .debug_ranges  0x00000d58       0x70 .\CortexM3\ARM_GCC_541\Debug\Riaszto.a(ADC_SAR_RADAR_IRQ.o)
 .debug_ranges  0x00000dc8       0x70 .\CortexM3\ARM_GCC_541\Debug\Riaszto.a(ADC_SAR_RADAR_theACLK.o)
 .debug_ranges  0x00000e38       0x68 .\CortexM3\ARM_GCC_541\Debug\Riaszto.a(EEPROM.o)
 .debug_ranges  0x00000ea0       0x78 .\CortexM3\ARM_GCC_541\Debug\Riaszto.a(CyFlash.o)
 .debug_ranges  0x00000f18       0x70 .\CortexM3\ARM_GCC_541\Debug\Riaszto.a(CySpc.o)

.comment        0x00000000       0x6e
 .comment       0x00000000       0x6e .\CortexM3\ARM_GCC_541\Debug\main.o
                                 0x6f (size before relaxing)
 .comment       0x0000006e       0x6f .\CortexM3\ARM_GCC_541\Debug\d1302.o
 .comment       0x0000006e       0x6f .\CortexM3\ARM_GCC_541\Debug\TaskFIFO.o
 .comment       0x0000006e       0x6f .\CortexM3\ARM_GCC_541\Debug\PeriodicTask.o
 .comment       0x0000006e       0x6f .\CortexM3\ARM_GCC_541\Debug\Keypad.o
 .comment       0x0000006e       0x6f .\CortexM3\ARM_GCC_541\Debug\hb100movement.o
 .comment       0x0000006e       0x6f .\CortexM3\ARM_GCC_541\Debug\EEPROM_Helper.o
 .comment       0x0000006e       0x6f .\CortexM3\ARM_GCC_541\Debug\cyfitter_cfg.o
 .comment       0x0000006e       0x6f .\CortexM3\ARM_GCC_541\Debug\cymetadata.o
 .comment       0x0000006e       0x6f .\CortexM3\ARM_GCC_541\Debug\Cm3Start.o
 .comment       0x0000006e       0x6f .\CortexM3\ARM_GCC_541\Debug\Riaszto.a(LCD.o)
 .comment       0x0000006e       0x6f .\CortexM3\ARM_GCC_541\Debug\Riaszto.a(CyLib.o)
 .comment       0x0000006e       0x6f .\CortexM3\ARM_GCC_541\Debug\Riaszto.a(cyPm.o)
 .comment       0x0000006e       0x6f .\CortexM3\ARM_GCC_541\Debug\Riaszto.a(ROW1.o)
 .comment       0x0000006e       0x6f .\CortexM3\ARM_GCC_541\Debug\Riaszto.a(ROW2.o)
 .comment       0x0000006e       0x6f .\CortexM3\ARM_GCC_541\Debug\Riaszto.a(ROW3.o)
 .comment       0x0000006e       0x6f .\CortexM3\ARM_GCC_541\Debug\Riaszto.a(ROW4.o)
 .comment       0x0000006e       0x6f .\CortexM3\ARM_GCC_541\Debug\Riaszto.a(COL1.o)
 .comment       0x0000006e       0x6f .\CortexM3\ARM_GCC_541\Debug\Riaszto.a(COL2.o)
 .comment       0x0000006e       0x6f .\CortexM3\ARM_GCC_541\Debug\Riaszto.a(COL3.o)
 .comment       0x0000006e       0x6f .\CortexM3\ARM_GCC_541\Debug\Riaszto.a(COL4.o)
 .comment       0x0000006e       0x6f .\CortexM3\ARM_GCC_541\Debug\Riaszto.a(SPIM.o)
 .comment       0x0000006e       0x6f .\CortexM3\ARM_GCC_541\Debug\Riaszto.a(SS.o)
 .comment       0x0000006e       0x6f .\CortexM3\ARM_GCC_541\Debug\Riaszto.a(SPIM_IntClock.o)
 .comment       0x0000006e       0x6f .\CortexM3\ARM_GCC_541\Debug\Riaszto.a(UART.o)
 .comment       0x0000006e       0x6f .\CortexM3\ARM_GCC_541\Debug\Riaszto.a(UART_IntClock.o)
 .comment       0x0000006e       0x6f .\CortexM3\ARM_GCC_541\Debug\Riaszto.a(Timer.o)
 .comment       0x0000006e       0x6f .\CortexM3\ARM_GCC_541\Debug\Riaszto.a(isr_Timer.o)
 .comment       0x0000006e       0x6f .\CortexM3\ARM_GCC_541\Debug\Riaszto.a(PWM_BACKLIGHT.o)
 .comment       0x0000006e       0x6f .\CortexM3\ARM_GCC_541\Debug\Riaszto.a(PWM_BEEPER.o)
 .comment       0x0000006e       0x6f .\CortexM3\ARM_GCC_541\Debug\Riaszto.a(ADC_SAR_PR.o)
 .comment       0x0000006e       0x6f .\CortexM3\ARM_GCC_541\Debug\Riaszto.a(ADC_SAR_PR_INT.o)
 .comment       0x0000006e       0x6f .\CortexM3\ARM_GCC_541\Debug\Riaszto.a(ADC_SAR_PR_theACLK.o)
 .comment       0x0000006e       0x6f .\CortexM3\ARM_GCC_541\Debug\Riaszto.a(ADC_SAR_RADAR.o)
 .comment       0x0000006e       0x6f .\CortexM3\ARM_GCC_541\Debug\Riaszto.a(ADC_SAR_RADAR_IRQ.o)
 .comment       0x0000006e       0x6f .\CortexM3\ARM_GCC_541\Debug\Riaszto.a(ADC_SAR_RADAR_theACLK.o)
 .comment       0x0000006e       0x6f .\CortexM3\ARM_GCC_541\Debug\Riaszto.a(EEPROM.o)
 .comment       0x0000006e       0x6f .\CortexM3\ARM_GCC_541\Debug\Riaszto.a(CyFlash.o)
 .comment       0x0000006e       0x6f .\CortexM3\ARM_GCC_541\Debug\Riaszto.a(CySpc.o)

.debug_weaknames
 *(.debug_weaknames)

.debug_funcnames
 *(.debug_funcnames)

.debug_typenames
 *(.debug_typenames)

.debug_varnames
 *(.debug_varnames)

.note.gnu.arm.ident
 *(.note.gnu.arm.ident)

.ARM.attributes
                0x00000000       0x29
 *(.ARM.attributes)
 .ARM.attributes
                0x00000000       0x1d c:/program files (x86)/cypress/psoc creator/4.4/psoc creator/import/gnu/arm/5.4.1/bin/../lib/gcc/arm-none-eabi/5.4.1/armv7-m/crti.o
 .ARM.attributes
                0x0000001d       0x2d c:/program files (x86)/cypress/psoc creator/4.4/psoc creator/import/gnu/arm/5.4.1/bin/../lib/gcc/arm-none-eabi/5.4.1/armv7-m/crtbegin.o
 .ARM.attributes
                0x0000004a       0x1b c:/program files (x86)/cypress/psoc creator/4.4/psoc creator/import/gnu/arm/5.4.1/bin/../lib/gcc/arm-none-eabi/5.4.1/../../../../arm-none-eabi/lib/armv7-m/crt0.o
 .ARM.attributes
                0x00000065       0x33 .\CortexM3\ARM_GCC_541\Debug\main.o
 .ARM.attributes
                0x00000098       0x33 .\CortexM3\ARM_GCC_541\Debug\d1302.o
 .ARM.attributes
                0x000000cb       0x33 .\CortexM3\ARM_GCC_541\Debug\TaskFIFO.o
 .ARM.attributes
                0x000000fe       0x33 .\CortexM3\ARM_GCC_541\Debug\PeriodicTask.o
 .ARM.attributes
                0x00000131       0x33 .\CortexM3\ARM_GCC_541\Debug\Keypad.o
 .ARM.attributes
                0x00000164       0x33 .\CortexM3\ARM_GCC_541\Debug\hb100movement.o
 .ARM.attributes
                0x00000197       0x33 .\CortexM3\ARM_GCC_541\Debug\EEPROM_Helper.o
 .ARM.attributes
                0x000001ca       0x33 .\CortexM3\ARM_GCC_541\Debug\cyfitter_cfg.o
 .ARM.attributes
                0x000001fd       0x33 .\CortexM3\ARM_GCC_541\Debug\cymetadata.o
 .ARM.attributes
                0x00000230       0x33 .\CortexM3\ARM_GCC_541\Debug\Cm3Start.o
 .ARM.attributes
                0x00000263       0x33 .\CortexM3\ARM_GCC_541\Debug\Riaszto.a(LCD.o)
 .ARM.attributes
                0x00000296       0x33 .\CortexM3\ARM_GCC_541\Debug\Riaszto.a(CyLib.o)
 .ARM.attributes
                0x000002c9       0x33 .\CortexM3\ARM_GCC_541\Debug\Riaszto.a(cyPm.o)
 .ARM.attributes
                0x000002fc       0x33 .\CortexM3\ARM_GCC_541\Debug\Riaszto.a(ROW1.o)
 .ARM.attributes
                0x0000032f       0x33 .\CortexM3\ARM_GCC_541\Debug\Riaszto.a(ROW2.o)
 .ARM.attributes
                0x00000362       0x33 .\CortexM3\ARM_GCC_541\Debug\Riaszto.a(ROW3.o)
 .ARM.attributes
                0x00000395       0x33 .\CortexM3\ARM_GCC_541\Debug\Riaszto.a(ROW4.o)
 .ARM.attributes
                0x000003c8       0x33 .\CortexM3\ARM_GCC_541\Debug\Riaszto.a(COL1.o)
 .ARM.attributes
                0x000003fb       0x33 .\CortexM3\ARM_GCC_541\Debug\Riaszto.a(COL2.o)
 .ARM.attributes
                0x0000042e       0x33 .\CortexM3\ARM_GCC_541\Debug\Riaszto.a(COL3.o)
 .ARM.attributes
                0x00000461       0x33 .\CortexM3\ARM_GCC_541\Debug\Riaszto.a(COL4.o)
 .ARM.attributes
                0x00000494       0x33 .\CortexM3\ARM_GCC_541\Debug\Riaszto.a(SPIM.o)
 .ARM.attributes
                0x000004c7       0x33 .\CortexM3\ARM_GCC_541\Debug\Riaszto.a(SS.o)
 .ARM.attributes
                0x000004fa       0x33 .\CortexM3\ARM_GCC_541\Debug\Riaszto.a(SPIM_IntClock.o)
 .ARM.attributes
                0x0000052d       0x33 .\CortexM3\ARM_GCC_541\Debug\Riaszto.a(UART.o)
 .ARM.attributes
                0x00000560       0x33 .\CortexM3\ARM_GCC_541\Debug\Riaszto.a(UART_IntClock.o)
 .ARM.attributes
                0x00000593       0x33 .\CortexM3\ARM_GCC_541\Debug\Riaszto.a(Timer.o)
 .ARM.attributes
                0x000005c6       0x33 .\CortexM3\ARM_GCC_541\Debug\Riaszto.a(isr_Timer.o)
 .ARM.attributes
                0x000005f9       0x33 .\CortexM3\ARM_GCC_541\Debug\Riaszto.a(PWM_BACKLIGHT.o)
 .ARM.attributes
                0x0000062c       0x33 .\CortexM3\ARM_GCC_541\Debug\Riaszto.a(PWM_BEEPER.o)
 .ARM.attributes
                0x0000065f       0x33 .\CortexM3\ARM_GCC_541\Debug\Riaszto.a(ADC_SAR_PR.o)
 .ARM.attributes
                0x00000692       0x33 .\CortexM3\ARM_GCC_541\Debug\Riaszto.a(ADC_SAR_PR_INT.o)
 .ARM.attributes
                0x000006c5       0x33 .\CortexM3\ARM_GCC_541\Debug\Riaszto.a(ADC_SAR_PR_theACLK.o)
 .ARM.attributes
                0x000006f8       0x33 .\CortexM3\ARM_GCC_541\Debug\Riaszto.a(ADC_SAR_RADAR.o)
 .ARM.attributes
                0x0000072b       0x33 .\CortexM3\ARM_GCC_541\Debug\Riaszto.a(ADC_SAR_RADAR_IRQ.o)
 .ARM.attributes
                0x0000075e       0x33 .\CortexM3\ARM_GCC_541\Debug\Riaszto.a(ADC_SAR_RADAR_theACLK.o)
 .ARM.attributes
                0x00000791       0x33 .\CortexM3\ARM_GCC_541\Debug\Riaszto.a(EEPROM.o)
 .ARM.attributes
                0x000007c4       0x21 .\CortexM3\ARM_GCC_541\Debug\Riaszto.a(CyBootAsmGnu.o)
 .ARM.attributes
                0x000007e5       0x33 .\CortexM3\ARM_GCC_541\Debug\Riaszto.a(CyFlash.o)
 .ARM.attributes
                0x00000818       0x33 .\CortexM3\ARM_GCC_541\Debug\Riaszto.a(CySpc.o)
 .ARM.attributes
                0x0000084b       0x1d c:/program files (x86)/cypress/psoc creator/4.4/psoc creator/import/gnu/arm/5.4.1/bin/../lib/gcc/arm-none-eabi/5.4.1/armv7-m\libgcc.a(_arm_addsubsf3.o)
 .ARM.attributes
                0x00000868       0x1d c:/program files (x86)/cypress/psoc creator/4.4/psoc creator/import/gnu/arm/5.4.1/bin/../lib/gcc/arm-none-eabi/5.4.1/armv7-m\libgcc.a(_arm_muldivsf3.o)
 .ARM.attributes
                0x00000885       0x1d c:/program files (x86)/cypress/psoc creator/4.4/psoc creator/import/gnu/arm/5.4.1/bin/../lib/gcc/arm-none-eabi/5.4.1/armv7-m\libgcc.a(_aeabi_ldivmod.o)
 .ARM.attributes
                0x000008a2       0x2d c:/program files (x86)/cypress/psoc creator/4.4/psoc creator/import/gnu/arm/5.4.1/bin/../lib/gcc/arm-none-eabi/5.4.1/armv7-m\libgcc.a(_udivmoddi4.o)
 .ARM.attributes
                0x000008cf       0x1d c:/program files (x86)/cypress/psoc creator/4.4/psoc creator/import/gnu/arm/5.4.1/bin/../lib/gcc/arm-none-eabi/5.4.1/armv7-m\libgcc.a(_dvmd_tls.o)
 .ARM.attributes
                0x000008ec       0x2d c:/program files (x86)/cypress/psoc creator/4.4/psoc creator/import/gnu/arm/5.4.1/bin/../lib/gcc/arm-none-eabi/5.4.1/../../../../arm-none-eabi/lib/armv7-m\libg_nano.a(lib_a-errno.o)
 .ARM.attributes
                0x00000919       0x2d c:/program files (x86)/cypress/psoc creator/4.4/psoc creator/import/gnu/arm/5.4.1/bin/../lib/gcc/arm-none-eabi/5.4.1/../../../../arm-none-eabi/lib/armv7-m\libg_nano.a(lib_a-exit.o)
 .ARM.attributes
                0x00000946       0x2d c:/program files (x86)/cypress/psoc creator/4.4/psoc creator/import/gnu/arm/5.4.1/bin/../lib/gcc/arm-none-eabi/5.4.1/../../../../arm-none-eabi/lib/armv7-m\libg_nano.a(lib_a-impure.o)
 .ARM.attributes
                0x00000973       0x2d c:/program files (x86)/cypress/psoc creator/4.4/psoc creator/import/gnu/arm/5.4.1/bin/../lib/gcc/arm-none-eabi/5.4.1/../../../../arm-none-eabi/lib/armv7-m\libg_nano.a(lib_a-init.o)
 .ARM.attributes
                0x000009a0       0x2d c:/program files (x86)/cypress/psoc creator/4.4/psoc creator/import/gnu/arm/5.4.1/bin/../lib/gcc/arm-none-eabi/5.4.1/../../../../arm-none-eabi/lib/armv7-m\libg_nano.a(lib_a-malloc.o)
 .ARM.attributes
                0x000009cd       0x2d c:/program files (x86)/cypress/psoc creator/4.4/psoc creator/import/gnu/arm/5.4.1/bin/../lib/gcc/arm-none-eabi/5.4.1/../../../../arm-none-eabi/lib/armv7-m\libg_nano.a(lib_a-memcpy-stub.o)
 .ARM.attributes
                0x000009fa       0x2d c:/program files (x86)/cypress/psoc creator/4.4/psoc creator/import/gnu/arm/5.4.1/bin/../lib/gcc/arm-none-eabi/5.4.1/../../../../arm-none-eabi/lib/armv7-m\libg_nano.a(lib_a-memset.o)
 .ARM.attributes
                0x00000a27       0x2d c:/program files (x86)/cypress/psoc creator/4.4/psoc creator/import/gnu/arm/5.4.1/bin/../lib/gcc/arm-none-eabi/5.4.1/../../../../arm-none-eabi/lib/armv7-m\libg_nano.a(lib_a-nano-freer.o)
 .ARM.attributes
                0x00000a54       0x2d c:/program files (x86)/cypress/psoc creator/4.4/psoc creator/import/gnu/arm/5.4.1/bin/../lib/gcc/arm-none-eabi/5.4.1/../../../../arm-none-eabi/lib/armv7-m\libg_nano.a(lib_a-nano-mallocr.o)
 .ARM.attributes
                0x00000a81       0x2d c:/program files (x86)/cypress/psoc creator/4.4/psoc creator/import/gnu/arm/5.4.1/bin/../lib/gcc/arm-none-eabi/5.4.1/../../../../arm-none-eabi/lib/armv7-m\libg_nano.a(lib_a-sbrkr.o)
 .ARM.attributes
                0x00000aae       0x2d c:/program files (x86)/cypress/psoc creator/4.4/psoc creator/import/gnu/arm/5.4.1/bin/../lib/gcc/arm-none-eabi/5.4.1/../../../../arm-none-eabi/lib/armv7-m\libg_nano.a(lib_a-sprintf.o)
 .ARM.attributes
                0x00000adb       0x2d c:/program files (x86)/cypress/psoc creator/4.4/psoc creator/import/gnu/arm/5.4.1/bin/../lib/gcc/arm-none-eabi/5.4.1/../../../../arm-none-eabi/lib/armv7-m\libg_nano.a(lib_a-mlock.o)
 .ARM.attributes
                0x00000b08       0x2d c:/program files (x86)/cypress/psoc creator/4.4/psoc creator/import/gnu/arm/5.4.1/bin/../lib/gcc/arm-none-eabi/5.4.1/../../../../arm-none-eabi/lib/armv7-m\libg_nano.a(lib_a-nano-svfprintf.o)
 .ARM.attributes
                0x00000b35       0x2d c:/program files (x86)/cypress/psoc creator/4.4/psoc creator/import/gnu/arm/5.4.1/bin/../lib/gcc/arm-none-eabi/5.4.1/../../../../arm-none-eabi/lib/armv7-m\libg_nano.a(lib_a-nano-vfprintf_i.o)
 .ARM.attributes
                0x00000b62       0x2d c:/program files (x86)/cypress/psoc creator/4.4/psoc creator/import/gnu/arm/5.4.1/bin/../lib/gcc/arm-none-eabi/5.4.1/../../../../arm-none-eabi/lib/armv7-m\libg_nano.a(lib_a-reent.o)
 .ARM.attributes
                0x00000b8f       0x2d c:/program files (x86)/cypress/psoc creator/4.4/psoc creator/import/gnu/arm/5.4.1/bin/../lib/gcc/arm-none-eabi/5.4.1/../../../../arm-none-eabi/lib/armv7-m\libg_nano.a(lib_a-memchr-stub.o)
 .ARM.attributes
                0x00000bbc       0x2d c:/program files (x86)/cypress/psoc creator/4.4/psoc creator/import/gnu/arm/5.4.1/bin/../lib/gcc/arm-none-eabi/5.4.1/../../../../arm-none-eabi/lib/armv7-m\libg_nano.a(lib_a-memmove.o)
 .ARM.attributes
                0x00000be9       0x2d c:/program files (x86)/cypress/psoc creator/4.4/psoc creator/import/gnu/arm/5.4.1/bin/../lib/gcc/arm-none-eabi/5.4.1/../../../../arm-none-eabi/lib/armv7-m\libg_nano.a(lib_a-nano-reallocr.o)
 .ARM.attributes
                0x00000c16       0x2d c:/program files (x86)/cypress/psoc creator/4.4/psoc creator/import/gnu/arm/5.4.1/bin/../lib/gcc/arm-none-eabi/5.4.1/../../../../arm-none-eabi/lib/armv7-m\libg_nano.a(lib_a-nano-msizer.o)
 .ARM.attributes
                0x00000c43       0x2d c:/program files (x86)/cypress/psoc creator/4.4/psoc creator/import/gnu/arm/5.4.1/bin/../lib/gcc/arm-none-eabi/5.4.1/armv7-m/crtend.o
 .ARM.attributes
                0x00000c70       0x1d c:/program files (x86)/cypress/psoc creator/4.4/psoc creator/import/gnu/arm/5.4.1/bin/../lib/gcc/arm-none-eabi/5.4.1/armv7-m/crtn.o

/DISCARD/
 *(.note.GNU-stack)
OUTPUT(C:\Users\David\Documents\PSoC Creator\Keypadtest\Riaszto.cydsn\CortexM3\ARM_GCC_541\Debug\Riaszto.elf elf32-littlearm)