Archive member included to satisfy reference by file (symbol)

.\CortexM3\ARM_GCC_541\Debug\Riaszto.a(LCD.o)
                              .\CortexM3\ARM_GCC_541\Debug\main.o (LCD_PrintString)
.\CortexM3\ARM_GCC_541\Debug\Riaszto.a(ROW1.o)
                              .\CortexM3\ARM_GCC_541\Debug\Keypad.o (ROW1_Write)
.\CortexM3\ARM_GCC_541\Debug\Riaszto.a(ROW2.o)
                              .\CortexM3\ARM_GCC_541\Debug\Keypad.o (ROW2_Write)
.\CortexM3\ARM_GCC_541\Debug\Riaszto.a(ROW3.o)
                              .\CortexM3\ARM_GCC_541\Debug\Keypad.o (ROW3_Write)
.\CortexM3\ARM_GCC_541\Debug\Riaszto.a(ROW4.o)
                              .\CortexM3\ARM_GCC_541\Debug\Keypad.o (ROW4_Write)
.\CortexM3\ARM_GCC_541\Debug\Riaszto.a(COL1.o)
                              .\CortexM3\ARM_GCC_541\Debug\Keypad.o (COL1_Read)
.\CortexM3\ARM_GCC_541\Debug\Riaszto.a(COL2.o)
                              .\CortexM3\ARM_GCC_541\Debug\Keypad.o (COL2_Read)
.\CortexM3\ARM_GCC_541\Debug\Riaszto.a(COL3.o)
                              .\CortexM3\ARM_GCC_541\Debug\Keypad.o (COL3_Read)
.\CortexM3\ARM_GCC_541\Debug\Riaszto.a(COL4.o)
                              .\CortexM3\ARM_GCC_541\Debug\Keypad.o (COL4_Read)
.\CortexM3\ARM_GCC_541\Debug\Riaszto.a(SPIM.o)
                              .\CortexM3\ARM_GCC_541\Debug\d1302.o (SPIM_ReadTxStatus)
.\CortexM3\ARM_GCC_541\Debug\Riaszto.a(SS.o)
                              .\CortexM3\ARM_GCC_541\Debug\d1302.o (SS_Write)
.\CortexM3\ARM_GCC_541\Debug\Riaszto.a(UART.o)
                              .\CortexM3\ARM_GCC_541\Debug\main.o (UART_Start)
.\CortexM3\ARM_GCC_541\Debug\Riaszto.a(ADC_SAR_RADAR.o)
                              .\CortexM3\ARM_GCC_541\Debug\main.o (ADC_SAR_RADAR_Start)
.\CortexM3\ARM_GCC_541\Debug\Riaszto.a(Timer.o)
                              .\CortexM3\ARM_GCC_541\Debug\main.o (Timer_ReadStatusRegister)
.\CortexM3\ARM_GCC_541\Debug\Riaszto.a(isr_Timer.o)
                              .\CortexM3\ARM_GCC_541\Debug\main.o (isr_Timer_StartEx)
.\CortexM3\ARM_GCC_541\Debug\Riaszto.a(REED_RELAY.o)
                              .\CortexM3\ARM_GCC_541\Debug\main.o (REED_RELAY_Read)
.\CortexM3\ARM_GCC_541\Debug\Riaszto.a(PWM_BACKLIGHT.o)
                              .\CortexM3\ARM_GCC_541\Debug\main.o (PWM_BACKLIGHT_WriteCompare)
.\CortexM3\ARM_GCC_541\Debug\Riaszto.a(PWM_BEEPER.o)
                              .\CortexM3\ARM_GCC_541\Debug\main.o (PWM_BEEPER_Stop)
.\CortexM3\ARM_GCC_541\Debug\Riaszto.a(ADC_SAR_PR.o)
                              .\CortexM3\ARM_GCC_541\Debug\main.o (ADC_SAR_PR_Start)
.\CortexM3\ARM_GCC_541\Debug\Riaszto.a(ADC_SAR_PR_INT.o)
                              .\CortexM3\ARM_GCC_541\Debug\Riaszto.a(ADC_SAR_PR.o) (ADC_SAR_PR_ISR)
.\CortexM3\ARM_GCC_541\Debug\Riaszto.a(EEPROM.o)
                              .\CortexM3\ARM_GCC_541\Debug\main.o (EEPROM_Start)
.\CortexM3\ARM_GCC_541\Debug\Riaszto.a(UART_GSM.o)
                              .\CortexM3\ARM_GCC_541\Debug\main.o (UART_GSM_Start)
.\CortexM3\ARM_GCC_541\Debug\Riaszto.a(VDAC8.o)
                              .\CortexM3\ARM_GCC_541\Debug\main.o (VDAC8_Start)
.\CortexM3\ARM_GCC_541\Debug\Riaszto.a(SPIM_IntClock.o)
                              .\CortexM3\ARM_GCC_541\Debug\Riaszto.a(SPIM.o) (SPIM_IntClock_Start)
.\CortexM3\ARM_GCC_541\Debug\Riaszto.a(UART_IntClock.o)
                              .\CortexM3\ARM_GCC_541\Debug\Riaszto.a(UART.o) (UART_IntClock_Start)
.\CortexM3\ARM_GCC_541\Debug\Riaszto.a(ADC_SAR_RADAR_IRQ.o)
                              .\CortexM3\ARM_GCC_541\Debug\main.o (ADC_SAR_RADAR_IRQ_StartEx)
.\CortexM3\ARM_GCC_541\Debug\Riaszto.a(ADC_SAR_RADAR_theACLK.o)
                              .\CortexM3\ARM_GCC_541\Debug\Riaszto.a(ADC_SAR_RADAR.o) (ADC_SAR_RADAR_theACLK_SetModeRegister)
.\CortexM3\ARM_GCC_541\Debug\Riaszto.a(ADC_SAR_PR_theACLK.o)
                              .\CortexM3\ARM_GCC_541\Debug\Riaszto.a(ADC_SAR_PR.o) (ADC_SAR_PR_theACLK_SetModeRegister)
.\CortexM3\ARM_GCC_541\Debug\Riaszto.a(UART_GSM_IntClock.o)
                              .\CortexM3\ARM_GCC_541\Debug\Riaszto.a(UART_GSM.o) (UART_GSM_IntClock_Start)
.\CortexM3\ARM_GCC_541\Debug\Riaszto.a(CyFlash.o)
                              .\CortexM3\ARM_GCC_541\Debug\Riaszto.a(EEPROM.o) (dieTemperature)
.\CortexM3\ARM_GCC_541\Debug\Riaszto.a(CyLib.o)
                              .\CortexM3\ARM_GCC_541\Debug\Cm3Start.o (CyHalt)
.\CortexM3\ARM_GCC_541\Debug\Riaszto.a(cyPm.o)
                              .\CortexM3\ARM_GCC_541\Debug\Riaszto.a(CyLib.o) (CyPmReadStatus)
.\CortexM3\ARM_GCC_541\Debug\Riaszto.a(CySpc.o)
                              .\CortexM3\ARM_GCC_541\Debug\Riaszto.a(EEPROM.o) (CySpcStart)
.\CortexM3\ARM_GCC_541\Debug\Riaszto.a(GSM_DTR.o)
                              .\CortexM3\ARM_GCC_541\Debug\GSMHandler.o (GSM_DTR_Write)
.\CortexM3\ARM_GCC_541\Debug\Riaszto.a(CyBootAsmGnu.o)
                              .\CortexM3\ARM_GCC_541\Debug\cyfitter_cfg.o (CyDelayCycles)
[...]
Memory Configuration

Name             Origin             Length             Attributes
rom              0x00000000         0x00040000         xr
ram              0x1fff8000         0x00010000         xrw
*default*        0x00000000         0xffffffff

Linker script and memory map

LOAD c:/program files (x86)/cypress/psoc creator/4.4/psoc creator/import/gnu/arm/5.4.1/bin/../lib/gcc/arm-none-eabi/5.4.1/armv7-m/crti.o
LOAD c:/program files (x86)/cypress/psoc creator/4.4/psoc creator/import/gnu/arm/5.4.1/bin/../lib/gcc/arm-none-eabi/5.4.1/armv7-m/crtbegin.o
LOAD c:/program files (x86)/cypress/psoc creator/4.4/psoc creator/import/gnu/arm/5.4.1/bin/../lib/gcc/arm-none-eabi/5.4.1/../../../../arm-none-eabi/lib/armv7-m/crt0.o
START GROUP
LOAD .\CortexM3\ARM_GCC_541\Debug\main.o
LOAD .\CortexM3\ARM_GCC_541\Debug\d1302.o
LOAD .\CortexM3\ARM_GCC_541\Debug\TaskFIFO.o
LOAD .\CortexM3\ARM_GCC_541\Debug\PeriodicTask.o
LOAD .\CortexM3\ARM_GCC_541\Debug\Keypad.o
LOAD .\CortexM3\ARM_GCC_541\Debug\hb100movement.o
LOAD .\CortexM3\ARM_GCC_541\Debug\EEPROM_Helper.o
LOAD .\CortexM3\ARM_GCC_541\Debug\GSMHandler.o
LOAD .\CortexM3\ARM_GCC_541\Debug\SettingsHelper.o
LOAD .\CortexM3\ARM_GCC_541\Debug\cyfitter_cfg.o
LOAD .\CortexM3\ARM_GCC_541\Debug\cymetadata.o
LOAD .\CortexM3\ARM_GCC_541\Debug\Cm3Start.o
LOAD .\CortexM3\ARM_GCC_541\Debug\Riaszto.a
LOAD C:\Program Files (x86)\Cypress\PSoC Creator\4.4\PSoC Creator\psoc\content\cycomponentlibrary\CyComponentLibrary.cylib\CortexM3\ARM_GCC_541\Debug\CyComponentLibrary.a
END GROUP
START GROUP
LOAD c:/program files (x86)/cypress/psoc creator/4.4/psoc creator/import/gnu/arm/5.4.1/bin/../lib/gcc/arm-none-eabi/5.4.1/armv7-m\libgcc.a
LOAD c:/program files (x86)/cypress/psoc creator/4.4/psoc creator/import/gnu/arm/5.4.1/bin/../lib/gcc/arm-none-eabi/5.4.1/../../../../arm-none-eabi/lib/armv7-m\libg_nano.a
LOAD c:/program files (x86)/cypress/psoc creator/4.4/psoc creator/import/gnu/arm/5.4.1/bin/../lib/gcc/arm-none-eabi/5.4.1/../../../../arm-none-eabi/lib/armv7-m\libc_nano.a
END GROUP
START GROUP
LOAD c:/program files (x86)/cypress/psoc creator/4.4/psoc creator/import/gnu/arm/5.4.1/bin/../lib/gcc/arm-none-eabi/5.4.1/armv7-m\libgcc.a
LOAD c:/program files (x86)/cypress/psoc creator/4.4/psoc creator/import/gnu/arm/5.4.1/bin/../lib/gcc/arm-none-eabi/5.4.1/../../../../arm-none-eabi/lib/armv7-m\libc_nano.a
END GROUP
LOAD c:/program files (x86)/cypress/psoc creator/4.4/psoc creator/import/gnu/arm/5.4.1/bin/../lib/gcc/arm-none-eabi/5.4.1/armv7-m/crtend.o
LOAD c:/program files (x86)/cypress/psoc creator/4.4/psoc creator/import/gnu/arm/5.4.1/bin/../lib/gcc/arm-none-eabi/5.4.1/armv7-m/crtn.o
START GROUP
LOAD c:/program files (x86)/cypress/psoc creator/4.4/psoc creator/import/gnu/arm/5.4.1/bin/../lib/gcc/arm-none-eabi/5.4.1/armv7-m\libgcc.a
LOAD c:/program files (x86)/cypress/psoc creator/4.4/psoc creator/import/gnu/arm/5.4.1/bin/../lib/gcc/arm-none-eabi/5.4.1/../../../../arm-none-eabi/lib/armv7-m\libc.a
LOAD c:/program files (x86)/cypress/psoc creator/4.4/psoc creator/import/gnu/arm/5.4.1/bin/../lib/gcc/arm-none-eabi/5.4.1/../../../../arm-none-eabi/lib/armv7-m\libnosys.a
END GROUP
                0x00000000                CY_APPL_ORIGIN = 0x0
                0x00000100                CY_FLASH_ROW_SIZE = 0x100
                0x00000020                CY_ECC_ROW_SIZE = 0x20
                0x00000000                CY_EE_IN_BTLDR = 0x0
                0x00000000                CY_APPL_LOADABLE = 0x0
                0x00000800                CY_EE_SIZE = 0x800
                0x00000001                CY_APPL_NUM = 0x1
                0x00000001                CY_APPL_MAX = 0x1
                0x00000040                CY_METADATA_SIZE = 0x40
                0x00000000                CY_APPL_LOADABLE = 0x0
                0x00000000                CY_CHECKSUM_EXCLUDE_SIZE = ALIGN (0x0, CY_FLASH_ROW_SIZE)
                [!provide]                PROVIDE (__cy_heap_start, _end)
                0x00000001                PROVIDE (__cy_region_num, ((__cy_regions_end - __cy_regions) / 0x10))
                0x20008000                PROVIDE (__cy_stack, (ORIGIN (ram) + LENGTH (ram)))
                [!provide]                PROVIDE (__cy_heap_end, (__cy_stack - 0x1000))

.cybootloader   0x00000000        0x0
 *(.cybootloader)
                0x00000000                appl1_start = CY_APPL_ORIGIN?CY_APPL_ORIGIN:ALIGN (CY_FLASH_ROW_SIZE)
                0x0001ff00                appl2_start = (appl1_start + ALIGN ((((LENGTH (rom) - appl1_start) - (0x2 * CY_FLASH_ROW_SIZE)) / 0x2), CY_FLASH_ROW_SIZE))
                0x00000000                appl_start = (CY_APPL_NUM == 0x1)?appl1_start:appl2_start
                0x00000000                ecc_offset = ((appl_start / CY_FLASH_ROW_SIZE) * CY_ECC_ROW_SIZE)
                0x00000000                ee_offset = (CY_APPL_LOADABLE && ! (CY_EE_IN_BTLDR))?((CY_EE_SIZE / CY_APPL_MAX) * (CY_APPL_NUM - 0x1)):0x0
                0x00000800                ee_size = (CY_APPL_LOADABLE && ! (CY_EE_IN_BTLDR))?(CY_EE_SIZE / CY_APPL_MAX):CY_EE_SIZE
                [!provide]                PROVIDE (CY_ECC_OFFSET, ecc_offset)

.text           0x00000000     0x37ce
 CREATE_OBJECT_SYMBOLS
                0x00000000                PROVIDE (__cy_interrupt_vector, RomVectors)
 *(.romvectors)
 .romvectors    0x00000000       0x10 .\CortexM3\ARM_GCC_541\Debug\Cm3Start.o
                0x00000000                RomVectors
                0x00000001                ASSERT ((. != __cy_interrupt_vector), No interrupt vector)
                0x00000001                ASSERT (CY_APPL_ORIGIN?(SIZEOF (.cybootloader) <= CY_APPL_ORIGIN):0x1, Wrong image location)
                0x00000010                PROVIDE (__cy_reset, Reset)
 *(.text.Reset)
 .text.Reset    0x00000010       0x18 .\CortexM3\ARM_GCC_541\Debug\Cm3Start.o
                0x00000010                Reset
                0x00000001                ASSERT ((. != __cy_reset), No reset code)
 *(.dma_init)
                0x00000001                ASSERT ((((appl_start + .) <= 0x10000) || 0x1), DMA Init must be within the first 64k of flash)
 *(.text .text.* .gnu.linkonce.t.*)
 .text          0x00000028       0x5c c:/program files (x86)/cypress/psoc creator/4.4/psoc creator/import/gnu/arm/5.4.1/bin/../lib/gcc/arm-none-eabi/5.4.1/armv7-m/crtbegin.o
 .text.start_tone
                0x00000084       0x28 .\CortexM3\ARM_GCC_541\Debug\main.o
                0x00000084                start_tone
 .text.noTone   0x000000ac       0x10 .\CortexM3\ARM_GCC_541\Debug\main.o
                0x000000ac                noTone
 .text.TIMER_ISR
                0x000000bc       0x30 .\CortexM3\ARM_GCC_541\Debug\main.o
                0x000000bc                TIMER_ISR
 .text.check_photoresistor
                0x000000ec       0x54 .\CortexM3\ARM_GCC_541\Debug\main.o
                0x000000ec                check_photoresistor
 .text.change_backlight_with_light
                0x00000140       0x68 .\CortexM3\ARM_GCC_541\Debug\main.o
                0x00000140                change_backlight_with_light
 .text.print_time_to_lcd
                0x000001a8       0x24 .\CortexM3\ARM_GCC_541\Debug\main.o
                0x000001a8                print_time_to_lcd
 .text.visualized_counter
                0x000001cc       0x44 .\CortexM3\ARM_GCC_541\Debug\main.o
                0x000001cc                visualized_counter
 .text.finish_counting
                0x00000210       0x10 .\CortexM3\ARM_GCC_541\Debug\main.o
                0x00000210                finish_counting
 .text.go_to_alarm_idle
                0x00000220       0x34 .\CortexM3\ARM_GCC_541\Debug\main.o
                0x00000220                go_to_alarm_idle
 .text.create_alarm
                0x00000254       0x98 .\CortexM3\ARM_GCC_541\Debug\main.o
                0x00000254                create_alarm
 .text.to_passiv_move
                0x000002ec       0x60 .\CortexM3\ARM_GCC_541\Debug\main.o
                0x000002ec                to_passiv_move
 .text.is_reed_alert
                0x0000034c       0x18 .\CortexM3\ARM_GCC_541\Debug\main.o
                0x0000034c                is_reed_alert
 .text.init     0x00000364       0x54 .\CortexM3\ARM_GCC_541\Debug\main.o
                0x00000364                init
 .text.tone     0x000003b8       0x38 .\CortexM3\ARM_GCC_541\Debug\main.o
                0x000003b8                tone
 .text.play_alert
                0x000003f0       0x34 .\CortexM3\ARM_GCC_541\Debug\main.o
                0x000003f0                play_alert
 .text.switch_to_watching_mode
                0x00000424       0x84 .\CortexM3\ARM_GCC_541\Debug\main.o
                0x00000424                switch_to_watching_mode
 .text.main     0x000004a8      0x38c .\CortexM3\ARM_GCC_541\Debug\main.o
                0x000004a8                main
 .text.SPIM_IO_RD_Addr
                0x00000834       0x48 .\CortexM3\ARM_GCC_541\Debug\d1302.o
                0x00000834                SPIM_IO_RD_Addr
 .text.SPIM_IO_RD_Data
                0x0000087c       0x54 .\CortexM3\ARM_GCC_541\Debug\d1302.o
                0x0000087c                SPIM_IO_RD_Data
 .text.get_hour
                0x000008d0       0x20 .\CortexM3\ARM_GCC_541\Debug\d1302.o
                0x000008d0                get_hour
 .text.get_minute
                0x000008f0       0x20 .\CortexM3\ARM_GCC_541\Debug\d1302.o
                0x000008f0                get_minute
 .text.print_time_string
                0x00000910       0x20 .\CortexM3\ARM_GCC_541\Debug\d1302.o
                0x00000910                print_time_string
 .text.create_new_onetimetask
                0x00000930       0x3c .\CortexM3\ARM_GCC_541\Debug\TaskFIFO.o
                0x00000930                create_new_onetimetask
 .text.create_new_noparam_onetimetask
                0x0000096c       0x3c .\CortexM3\ARM_GCC_541\Debug\TaskFIFO.o
                0x0000096c                create_new_noparam_onetimetask
 .text.pushTask
                0x000009a8       0x14 .\CortexM3\ARM_GCC_541\Debug\TaskFIFO.o
                0x000009a8                pushTask
 .text.get_and_remove_first
                0x000009bc       0x18 .\CortexM3\ARM_GCC_541\Debug\TaskFIFO.o
                0x000009bc                get_and_remove_first
 .text.check_if_runnable_and_decrement_counter
                0x000009d4       0x18 .\CortexM3\ARM_GCC_541\Debug\TaskFIFO.o
                0x000009d4                check_if_runnable_and_decrement_counter
 .text.run_next_task_when_available
                0x000009ec       0x34 .\CortexM3\ARM_GCC_541\Debug\TaskFIFO.o
                0x000009ec                run_next_task_when_available
 .text.create_new_ptask_parametered
                0x00000a20       0x44 .\CortexM3\ARM_GCC_541\Debug\PeriodicTask.o
                0x00000a20                create_new_ptask_parametered
 .text.create_new_ptask_noparam
                0x00000a64       0x40 .\CortexM3\ARM_GCC_541\Debug\PeriodicTask.o
                0x00000a64                create_new_ptask_noparam
 .text.add_to_ptask_list
                0x00000aa4       0x14 .\CortexM3\ARM_GCC_541\Debug\PeriodicTask.o
                0x00000aa4                add_to_ptask_list
 .text.find_task
                0x00000ab8       0x14 .\CortexM3\ARM_GCC_541\Debug\PeriodicTask.o
                0x00000ab8                find_task
 .text.enable_task
                0x00000acc       0x10 .\CortexM3\ARM_GCC_541\Debug\PeriodicTask.o
                0x00000acc                enable_task
 .text.disable_task
                0x00000adc       0x14 .\CortexM3\ARM_GCC_541\Debug\PeriodicTask.o
                0x00000adc                disable_task
 .text.run_permitted_tasks_and_decrement_counters
                0x00000af0       0x30 .\CortexM3\ARM_GCC_541\Debug\PeriodicTask.o
                0x00000af0                run_permitted_tasks_and_decrement_counters
 .text.get_pressed_key
                0x00000b20       0x4c .\CortexM3\ARM_GCC_541\Debug\Keypad.o
                0x00000b20                get_pressed_key
 .text.set_result_when_relesed
                0x00000b6c       0x28 .\CortexM3\ARM_GCC_541\Debug\Keypad.o
                0x00000b6c                set_result_when_relesed
 .text.readKey  0x00000b94       0xf0 .\CortexM3\ARM_GCC_541\Debug\Keypad.o
                0x00000b94                readKey
 .text.ADC_SAR_RADAR_ISR
                0x00000c84       0x48 .\CortexM3\ARM_GCC_541\Debug\hb100movement.o
                0x00000c84                ADC_SAR_RADAR_ISR
 .text.check_movement
                0x00000ccc       0x40 .\CortexM3\ARM_GCC_541\Debug\hb100movement.o
                0x00000ccc                check_movement
 .text.StoreInt8
                0x00000d0c        0x8 .\CortexM3\ARM_GCC_541\Debug\EEPROM_Helper.o
                0x00000d0c                StoreInt8
 .text.ReadInt8
                0x00000d14        0x8 .\CortexM3\ARM_GCC_541\Debug\EEPROM_Helper.o
                0x00000d14                ReadInt8
 .text.StoreInt16
                0x00000d1c       0x18 .\CortexM3\ARM_GCC_541\Debug\EEPROM_Helper.o
                0x00000d1c                StoreInt16
 .text.ReadInt16
                0x00000d34       0x1c .\CortexM3\ARM_GCC_541\Debug\EEPROM_Helper.o
                0x00000d34                ReadInt16
 .text.ReadInt8ArrayFromRow
                0x00000d50       0x28 .\CortexM3\ARM_GCC_541\Debug\EEPROM_Helper.o
                0x00000d50                ReadInt8ArrayFromRow
 .text.StoreInt8ArrayToRow
                0x00000d78        0xc .\CortexM3\ARM_GCC_541\Debug\EEPROM_Helper.o
                0x00000d78                StoreInt8ArrayToRow
 .text.toInt    0x00000d84       0x2c .\CortexM3\ARM_GCC_541\Debug\SettingsHelper.o
                0x00000d84                toInt
 .text.printChar
                0x00000db0       0x1c .\CortexM3\ARM_GCC_541\Debug\SettingsHelper.o
                0x00000db0                printChar
 .text.printString
                0x00000dcc       0x28 .\CortexM3\ARM_GCC_541\Debug\SettingsHelper.o
                0x00000dcc                printString
 .text.try_to_read_code_from_keyboard
                0x00000df4       0x94 .\CortexM3\ARM_GCC_541\Debug\SettingsHelper.o
                0x00000df4                try_to_read_code_from_keyboard
 .text.read_num_from_keypad
                0x00000e88       0x84 .\CortexM3\ARM_GCC_541\Debug\SettingsHelper.o
                0x00000e88                read_num_from_keypad
 .text.print_lines_to_lcd
                0x00000f0c       0x2c .\CortexM3\ARM_GCC_541\Debug\SettingsHelper.o
                0x00000f0c                print_lines_to_lcd
 .text.print_page
                0x00000f38        0xc .\CortexM3\ARM_GCC_541\Debug\SettingsHelper.o
                0x00000f38                print_page
 .text.change_page
                0x00000f44       0x18 .\CortexM3\ARM_GCC_541\Debug\SettingsHelper.o
                0x00000f44                change_page
 .text.vertify_code
                0x00000f5c       0x14 .\CortexM3\ARM_GCC_541\Debug\SettingsHelper.o
                0x00000f5c                vertify_code
 .text.handle_main_menu_page
                0x00000f70       0x6c .\CortexM3\ARM_GCC_541\Debug\SettingsHelper.o
                0x00000f70                handle_main_menu_page
 .text.choose_param_page1
                0x00000fdc       0x70 .\CortexM3\ARM_GCC_541\Debug\SettingsHelper.o
                0x00000fdc                choose_param_page1
 .text.choose_param_page2
                0x0000104c       0x70 .\CortexM3\ARM_GCC_541\Debug\SettingsHelper.o
                0x0000104c                choose_param_page2
 .text.choose_param_page3
                0x000010bc       0x88 .\CortexM3\ARM_GCC_541\Debug\SettingsHelper.o
                0x000010bc                choose_param_page3
 .text.choose_param_page4
                0x00001144       0x70 .\CortexM3\ARM_GCC_541\Debug\SettingsHelper.o
                0x00001144                choose_param_page4
 .text.choose_param_page5
                0x000011b4       0x78 .\CortexM3\ARM_GCC_541\Debug\SettingsHelper.o
                0x000011b4                choose_param_page5
 .text.choose_param_page6
                0x0000122c       0x78 .\CortexM3\ARM_GCC_541\Debug\SettingsHelper.o
                0x0000122c                choose_param_page6
 .text.choose_param_page7
                0x000012a4       0x88 .\CortexM3\ARM_GCC_541\Debug\SettingsHelper.o
                0x000012a4                choose_param_page7
 .text.read_new_code
                0x0000132c       0x40 .\CortexM3\ARM_GCC_541\Debug\SettingsHelper.o
                0x0000132c                read_new_code
 .text.init_constants
                0x0000136c       0x54 .\CortexM3\ARM_GCC_541\Debug\SettingsHelper.o
                0x0000136c                init_constants
 .text.change_16_num
                0x000013c0       0x48 .\CortexM3\ARM_GCC_541\Debug\SettingsHelper.o
                0x000013c0                change_16_num
 .text.change_8_num
                0x00001408       0x48 .\CortexM3\ARM_GCC_541\Debug\SettingsHelper.o
                0x00001408                change_8_num
 .text.ask_bool
                0x00001450       0x50 .\CortexM3\ARM_GCC_541\Debug\SettingsHelper.o
                0x00001450                ask_bool
 .text.init_code
                0x000014a0       0x14 .\CortexM3\ARM_GCC_541\Debug\SettingsHelper.o
                0x000014a0                init_code
 .text.select_new_code
                0x000014b4       0xac .\CortexM3\ARM_GCC_541\Debug\SettingsHelper.o
                0x000014b4                select_new_code
 .text.init_phone_num
                0x00001560       0x38 .\CortexM3\ARM_GCC_541\Debug\SettingsHelper.o
                0x00001560                init_phone_num
 .text.init_settings
                0x00001598       0x18 .\CortexM3\ARM_GCC_541\Debug\SettingsHelper.o
                0x00001598                init_settings
 .text.read_phone_num
                0x000015b0       0x80 .\CortexM3\ARM_GCC_541\Debug\SettingsHelper.o
                0x000015b0                read_phone_num
 .text.edit_phone_number
                0x00001630       0x44 .\CortexM3\ARM_GCC_541\Debug\SettingsHelper.o
                0x00001630                edit_phone_number
 .text.process_settings
                0x00001674       0x10 .\CortexM3\ARM_GCC_541\Debug\SettingsHelper.o
                0x00001674                process_settings
 .text.CyClockStartupError
                0x00001684        0x4 .\CortexM3\ARM_GCC_541\Debug\cyfitter_cfg.o
 .text.cfg_write_bytes32
                0x00001688       0x34 .\CortexM3\ARM_GCC_541\Debug\cyfitter_cfg.o
 .text.CYMEMZERO
                0x000016bc        0xc .\CortexM3\ARM_GCC_541\Debug\cyfitter_cfg.o
 .text.AnalogSetDefault
                0x000016c8       0xa0 .\CortexM3\ARM_GCC_541\Debug\cyfitter_cfg.o
 .text.CYCONFIGCPY
                0x00001768        0x8 .\CortexM3\ARM_GCC_541\Debug\cyfitter_cfg.o
 .text.ClockSetup
                0x00001770      0x128 .\CortexM3\ARM_GCC_541\Debug\cyfitter_cfg.o
 .text.cyfitter_cfg
                0x00001898      0x148 .\CortexM3\ARM_GCC_541\Debug\cyfitter_cfg.o
                0x00001898                cyfitter_cfg
 .text.IntDefaultHandler
                0x000019e0       0x10 .\CortexM3\ARM_GCC_541\Debug\Cm3Start.o
                0x000019e0                IntDefaultHandler
 .text._sbrk    0x000019f0       0x30 .\CortexM3\ARM_GCC_541\Debug\Cm3Start.o
                0x000019f0                _sbrk
 .text.Start_c  0x00001a20       0x4c .\CortexM3\ARM_GCC_541\Debug\Cm3Start.o
                0x00001a20                Start_c
 .text.initialize_psoc
                0x00001a6c       0x68 .\CortexM3\ARM_GCC_541\Debug\Cm3Start.o
                0x00001a6c                initialize_psoc
 .text.LCD_WrCntrlNib
                0x00001ad4       0x34 .\CortexM3\ARM_GCC_541\Debug\Riaszto.a(LCD.o)
 .text.LCD_WrDatNib
                0x00001b08       0x44 .\CortexM3\ARM_GCC_541\Debug\Riaszto.a(LCD.o)
 .text.LCD_IsReady
                0x00001b4c       0xe4 .\CortexM3\ARM_GCC_541\Debug\Riaszto.a(LCD.o)
                0x00001b4c                LCD_IsReady
 .text.LCD_WriteData
                0x00001c30       0x18 .\CortexM3\ARM_GCC_541\Debug\Riaszto.a(LCD.o)
                0x00001c30                LCD_WriteData
 .text.LCD_PrintString
                0x00001c48       0x1c .\CortexM3\ARM_GCC_541\Debug\Riaszto.a(LCD.o)
                0x00001c48                LCD_PrintString
 .text.LCD_PutChar
                0x00001c64        0x8 .\CortexM3\ARM_GCC_541\Debug\Riaszto.a(LCD.o)
                0x00001c64                LCD_PutChar
 .text.LCD_WriteControl
                0x00001c6c       0x18 .\CortexM3\ARM_GCC_541\Debug\Riaszto.a(LCD.o)
                0x00001c6c                LCD_WriteControl
 .text.LCD_Init
                0x00001c84       0x6c .\CortexM3\ARM_GCC_541\Debug\Riaszto.a(LCD.o)
                0x00001c84                LCD_Init
 .text.LCD_Enable
                0x00001cf0       0x14 .\CortexM3\ARM_GCC_541\Debug\Riaszto.a(LCD.o)
                0x00001cf0                LCD_Enable
 .text.LCD_Start
                0x00001d04       0x1c .\CortexM3\ARM_GCC_541\Debug\Riaszto.a(LCD.o)
                0x00001d04                LCD_Start
 .text.LCD_Position
                0x00001d20       0x3c .\CortexM3\ARM_GCC_541\Debug\Riaszto.a(LCD.o)
                0x00001d20                LCD_Position
 .text.ROW1_Write
                0x00001d5c       0x18 .\CortexM3\ARM_GCC_541\Debug\Riaszto.a(ROW1.o)
                0x00001d5c                ROW1_Write
 .text.ROW2_Write
                0x00001d74       0x18 .\CortexM3\ARM_GCC_541\Debug\Riaszto.a(ROW2.o)
                0x00001d74                ROW2_Write
 .text.ROW3_Write
                0x00001d8c       0x18 .\CortexM3\ARM_GCC_541\Debug\Riaszto.a(ROW3.o)
                0x00001d8c                ROW3_Write
 .text.ROW4_Write
                0x00001da4       0x18 .\CortexM3\ARM_GCC_541\Debug\Riaszto.a(ROW4.o)
                0x00001da4                ROW4_Write
 .text.COL1_Read
                0x00001dbc       0x10 .\CortexM3\ARM_GCC_541\Debug\Riaszto.a(COL1.o)
                0x00001dbc                COL1_Read
 .text.COL2_Read
                0x00001dcc       0x10 .\CortexM3\ARM_GCC_541\Debug\Riaszto.a(COL2.o)
                0x00001dcc                COL2_Read
 .text.COL3_Read
                0x00001ddc       0x10 .\CortexM3\ARM_GCC_541\Debug\Riaszto.a(COL3.o)
                0x00001ddc                COL3_Read
 .text.COL4_Read
                0x00001dec       0x10 .\CortexM3\ARM_GCC_541\Debug\Riaszto.a(COL4.o)
                0x00001dec                COL4_Read
 .text.SPIM_Enable
                0x00001dfc       0x38 .\CortexM3\ARM_GCC_541\Debug\Riaszto.a(SPIM.o)
                0x00001dfc                SPIM_Enable
 .text.SPIM_ReadTxStatus
                0x00001e34        0xc .\CortexM3\ARM_GCC_541\Debug\Riaszto.a(SPIM.o)
                0x00001e34                SPIM_ReadTxStatus
 .text.SPIM_ReadRxStatus
                0x00001e40        0xc .\CortexM3\ARM_GCC_541\Debug\Riaszto.a(SPIM.o)
                0x00001e40                SPIM_ReadRxStatus
 .text.SPIM_WriteTxData
                0x00001e4c       0x18 .\CortexM3\ARM_GCC_541\Debug\Riaszto.a(SPIM.o)
                0x00001e4c                SPIM_WriteTxData
 .text.SPIM_ReadRxData
                0x00001e64        0xc .\CortexM3\ARM_GCC_541\Debug\Riaszto.a(SPIM.o)
                0x00001e64                SPIM_ReadRxData
 .text.SPIM_TxEnable
                0x00001e70       0x10 .\CortexM3\ARM_GCC_541\Debug\Riaszto.a(SPIM.o)
                0x00001e70                SPIM_TxEnable
 .text.SPIM_TxDisable
                0x00001e80       0x10 .\CortexM3\ARM_GCC_541\Debug\Riaszto.a(SPIM.o)
                0x00001e80                SPIM_TxDisable
 .text.SPIM_ClearFIFO
                0x00001e90       0x3c .\CortexM3\ARM_GCC_541\Debug\Riaszto.a(SPIM.o)
                0x00001e90                SPIM_ClearFIFO
 .text.SPIM_Init
                0x00001ecc       0x2c .\CortexM3\ARM_GCC_541\Debug\Riaszto.a(SPIM.o)
                0x00001ecc                SPIM_Init
 .text.SPIM_Start
                0x00001ef8       0x1c .\CortexM3\ARM_GCC_541\Debug\Riaszto.a(SPIM.o)
                0x00001ef8                SPIM_Start
 .text.SS_Write
                0x00001f14       0x18 .\CortexM3\ARM_GCC_541\Debug\Riaszto.a(SS.o)
                0x00001f14                SS_Write
 .text.UART_Init
                0x00001f2c       0x28 .\CortexM3\ARM_GCC_541\Debug\Riaszto.a(UART.o)
                0x00001f2c                UART_Init
 .text.UART_Enable
                0x00001f54       0x38 .\CortexM3\ARM_GCC_541\Debug\Riaszto.a(UART.o)
                0x00001f54                UART_Enable
 .text.UART_Start
                0x00001f8c       0x1c .\CortexM3\ARM_GCC_541\Debug\Riaszto.a(UART.o)
                0x00001f8c                UART_Start
 .text.UART_GetChar
                0x00001fa8       0x2c .\CortexM3\ARM_GCC_541\Debug\Riaszto.a(UART.o)
                0x00001fa8                UART_GetChar
 .text.UART_GetRxBufferSize
                0x00001fd4       0x18 .\CortexM3\ARM_GCC_541\Debug\Riaszto.a(UART.o)
                0x00001fd4                UART_GetRxBufferSize
 .text.UART_PutChar
                0x00001fec       0x18 .\CortexM3\ARM_GCC_541\Debug\Riaszto.a(UART.o)
                0x00001fec                UART_PutChar
 .text.UART_PutString
                0x00002004       0x24 .\CortexM3\ARM_GCC_541\Debug\Riaszto.a(UART.o)
                0x00002004                UART_PutString
 .text.ADC_SAR_RADAR_CalcGain
                0x00002028       0x64 .\CortexM3\ARM_GCC_541\Debug\Riaszto.a(ADC_SAR_RADAR.o)
 .text.ADC_SAR_RADAR_Enable
                0x0000208c       0x94 .\CortexM3\ARM_GCC_541\Debug\Riaszto.a(ADC_SAR_RADAR.o)
                0x0000208c                ADC_SAR_RADAR_Enable
 .text.ADC_SAR_RADAR_SetResolution
                0x00002120       0x38 .\CortexM3\ARM_GCC_541\Debug\Riaszto.a(ADC_SAR_RADAR.o)
                0x00002120                ADC_SAR_RADAR_SetResolution
 .text.ADC_SAR_RADAR_Init
                0x00002158       0x3c .\CortexM3\ARM_GCC_541\Debug\Riaszto.a(ADC_SAR_RADAR.o)
                0x00002158                ADC_SAR_RADAR_Init
 .text.ADC_SAR_RADAR_Start
                0x00002194       0x1c .\CortexM3\ARM_GCC_541\Debug\Riaszto.a(ADC_SAR_RADAR.o)
                0x00002194                ADC_SAR_RADAR_Start
 .text.ADC_SAR_RADAR_StartConvert
                0x000021b0       0x10 .\CortexM3\ARM_GCC_541\Debug\Riaszto.a(ADC_SAR_RADAR.o)
                0x000021b0                ADC_SAR_RADAR_StartConvert
 .text.ADC_SAR_RADAR_GetResult16
                0x000021c0       0x18 .\CortexM3\ARM_GCC_541\Debug\Riaszto.a(ADC_SAR_RADAR.o)
                0x000021c0                ADC_SAR_RADAR_GetResult16
 .text.Timer_Enable
                0x000021d8       0x28 .\CortexM3\ARM_GCC_541\Debug\Riaszto.a(Timer.o)
                0x000021d8                Timer_Enable
 .text.Timer_SetInterruptMode
                0x00002200        0xc .\CortexM3\ARM_GCC_541\Debug\Riaszto.a(Timer.o)
                0x00002200                Timer_SetInterruptMode
 .text.Timer_ReadStatusRegister
                0x0000220c        0xc .\CortexM3\ARM_GCC_541\Debug\Riaszto.a(Timer.o)
                0x0000220c                Timer_ReadStatusRegister
 .text.Timer_WritePeriod
                0x00002218        0xc .\CortexM3\ARM_GCC_541\Debug\Riaszto.a(Timer.o)
                0x00002218                Timer_WritePeriod
 .text.Timer_WriteCounter
                0x00002224        0xc .\CortexM3\ARM_GCC_541\Debug\Riaszto.a(Timer.o)
                0x00002224                Timer_WriteCounter
 .text.Timer_Init
                0x00002230       0x64 .\CortexM3\ARM_GCC_541\Debug\Riaszto.a(Timer.o)
                0x00002230                Timer_Init
 .text.Timer_Start
                0x00002294       0x1c .\CortexM3\ARM_GCC_541\Debug\Riaszto.a(Timer.o)
                0x00002294                Timer_Start
 .text.isr_Timer_SetVector
                0x000022b0       0x10 .\CortexM3\ARM_GCC_541\Debug\Riaszto.a(isr_Timer.o)
                0x000022b0                isr_Timer_SetVector
 .text.isr_Timer_SetPriority
                0x000022c0       0x10 .\CortexM3\ARM_GCC_541\Debug\Riaszto.a(isr_Timer.o)
                0x000022c0                isr_Timer_SetPriority
 .text.isr_Timer_Enable
                0x000022d0       0x10 .\CortexM3\ARM_GCC_541\Debug\Riaszto.a(isr_Timer.o)
                0x000022d0                isr_Timer_Enable
 .text.isr_Timer_Disable
                0x000022e0       0x10 .\CortexM3\ARM_GCC_541\Debug\Riaszto.a(isr_Timer.o)
                0x000022e0                isr_Timer_Disable
 .text.isr_Timer_StartEx
                0x000022f0       0x1c .\CortexM3\ARM_GCC_541\Debug\Riaszto.a(isr_Timer.o)
                0x000022f0                isr_Timer_StartEx
 .text.REED_RELAY_Read
                0x0000230c       0x10 .\CortexM3\ARM_GCC_541\Debug\Riaszto.a(REED_RELAY.o)
                0x0000230c                REED_RELAY_Read
 .text.PWM_BACKLIGHT_Enable
                0x0000231c       0x28 .\CortexM3\ARM_GCC_541\Debug\Riaszto.a(PWM_BACKLIGHT.o)
                0x0000231c                PWM_BACKLIGHT_Enable
 .text.PWM_BACKLIGHT_WritePeriod
                0x00002344        0xc .\CortexM3\ARM_GCC_541\Debug\Riaszto.a(PWM_BACKLIGHT.o)
                0x00002344                PWM_BACKLIGHT_WritePeriod
 .text.PWM_BACKLIGHT_WriteCompare
                0x00002350        0xc .\CortexM3\ARM_GCC_541\Debug\Riaszto.a(PWM_BACKLIGHT.o)
                0x00002350                PWM_BACKLIGHT_WriteCompare
 .text.PWM_BACKLIGHT_SetInterruptMode
                0x0000235c        0xc .\CortexM3\ARM_GCC_541\Debug\Riaszto.a(PWM_BACKLIGHT.o)
                0x0000235c                PWM_BACKLIGHT_SetInterruptMode
 .text.PWM_BACKLIGHT_Init
                0x00002368       0x74 .\CortexM3\ARM_GCC_541\Debug\Riaszto.a(PWM_BACKLIGHT.o)
                0x00002368                PWM_BACKLIGHT_Init
 .text.PWM_BACKLIGHT_Start
                0x000023dc       0x1c .\CortexM3\ARM_GCC_541\Debug\Riaszto.a(PWM_BACKLIGHT.o)
                0x000023dc                PWM_BACKLIGHT_Start
 .text.PWM_BEEPER_Enable
                0x000023f8       0x28 .\CortexM3\ARM_GCC_541\Debug\Riaszto.a(PWM_BEEPER.o)
                0x000023f8                PWM_BEEPER_Enable
 .text.PWM_BEEPER_Stop
                0x00002420       0x28 .\CortexM3\ARM_GCC_541\Debug\Riaszto.a(PWM_BEEPER.o)
                0x00002420                PWM_BEEPER_Stop
 .text.PWM_BEEPER_WritePeriod
                0x00002448        0xc .\CortexM3\ARM_GCC_541\Debug\Riaszto.a(PWM_BEEPER.o)
                0x00002448                PWM_BEEPER_WritePeriod
 .text.PWM_BEEPER_WriteCompare
                0x00002454        0xc .\CortexM3\ARM_GCC_541\Debug\Riaszto.a(PWM_BEEPER.o)
                0x00002454                PWM_BEEPER_WriteCompare
 .text.PWM_BEEPER_SetInterruptMode
                0x00002460        0xc .\CortexM3\ARM_GCC_541\Debug\Riaszto.a(PWM_BEEPER.o)
                0x00002460                PWM_BEEPER_SetInterruptMode
 .text.PWM_BEEPER_Init
                0x0000246c       0x74 .\CortexM3\ARM_GCC_541\Debug\Riaszto.a(PWM_BEEPER.o)
                0x0000246c                PWM_BEEPER_Init
 .text.PWM_BEEPER_Start
                0x000024e0       0x1c .\CortexM3\ARM_GCC_541\Debug\Riaszto.a(PWM_BEEPER.o)
                0x000024e0                PWM_BEEPER_Start
 .text.ADC_SAR_PR_CalcGain
                0x000024fc       0x64 .\CortexM3\ARM_GCC_541\Debug\Riaszto.a(ADC_SAR_PR.o)
 .text.ADC_SAR_PR_Enable
                0x00002560       0x94 .\CortexM3\ARM_GCC_541\Debug\Riaszto.a(ADC_SAR_PR.o)
                0x00002560                ADC_SAR_PR_Enable
 .text.ADC_SAR_PR_SetResolution
                0x000025f4       0x38 .\CortexM3\ARM_GCC_541\Debug\Riaszto.a(ADC_SAR_PR.o)
                0x000025f4                ADC_SAR_PR_SetResolution
 .text.ADC_SAR_PR_Init
                0x0000262c       0x3c .\CortexM3\ARM_GCC_541\Debug\Riaszto.a(ADC_SAR_PR.o)
                0x0000262c                ADC_SAR_PR_Init
 .text.ADC_SAR_PR_Start
                0x00002668       0x1c .\CortexM3\ARM_GCC_541\Debug\Riaszto.a(ADC_SAR_PR.o)
                0x00002668                ADC_SAR_PR_Start
 .text.ADC_SAR_PR_StartConvert
                0x00002684       0x10 .\CortexM3\ARM_GCC_541\Debug\Riaszto.a(ADC_SAR_PR.o)
                0x00002684                ADC_SAR_PR_StartConvert
 .text.ADC_SAR_PR_GetResult16
                0x00002694       0x18 .\CortexM3\ARM_GCC_541\Debug\Riaszto.a(ADC_SAR_PR.o)
                0x00002694                ADC_SAR_PR_GetResult16
 .text.ADC_SAR_PR_ISR
                0x000026ac        0x4 .\CortexM3\ARM_GCC_541\Debug\Riaszto.a(ADC_SAR_PR_INT.o)
                0x000026ac                ADC_SAR_PR_ISR
 .text.EEPROM_Enable
                0x000026b0        0xc .\CortexM3\ARM_GCC_541\Debug\Riaszto.a(EEPROM.o)
                0x000026b0                EEPROM_Enable
 .text.EEPROM_Start
                0x000026bc        0x8 .\CortexM3\ARM_GCC_541\Debug\Riaszto.a(EEPROM.o)
                0x000026bc                EEPROM_Start
 .text.EEPROM_WriteByte
                0x000026c4       0xd0 .\CortexM3\ARM_GCC_541\Debug\Riaszto.a(EEPROM.o)
                0x000026c4                EEPROM_WriteByte
 .text.EEPROM_ReadByte
                0x00002794       0x28 .\CortexM3\ARM_GCC_541\Debug\Riaszto.a(EEPROM.o)
                0x00002794                EEPROM_ReadByte
 .text.EEPROM_Write
                0x000027bc       0xb4 .\CortexM3\ARM_GCC_541\Debug\Riaszto.a(EEPROM.o)
                0x000027bc                EEPROM_Write
 .text.UART_GSM_Init
                0x00002870       0x28 .\CortexM3\ARM_GCC_541\Debug\Riaszto.a(UART_GSM.o)
                0x00002870                UART_GSM_Init
 .text.UART_GSM_Enable
                0x00002898       0x38 .\CortexM3\ARM_GCC_541\Debug\Riaszto.a(UART_GSM.o)
                0x00002898                UART_GSM_Enable
 .text.UART_GSM_Start
                0x000028d0       0x1c .\CortexM3\ARM_GCC_541\Debug\Riaszto.a(UART_GSM.o)
                0x000028d0                UART_GSM_Start
 .text.VDAC8_Enable
                0x000028ec       0x1c .\CortexM3\ARM_GCC_541\Debug\Riaszto.a(VDAC8.o)
                0x000028ec                VDAC8_Enable
 .text.VDAC8_SetSpeed
                0x00002908       0x1c .\CortexM3\ARM_GCC_541\Debug\Riaszto.a(VDAC8.o)
                0x00002908                VDAC8_SetSpeed
 .text.VDAC8_SetValue
                0x00002924        0xc .\CortexM3\ARM_GCC_541\Debug\Riaszto.a(VDAC8.o)
                0x00002924                VDAC8_SetValue
 .text.VDAC8_DacTrim
                0x00002930       0x24 .\CortexM3\ARM_GCC_541\Debug\Riaszto.a(VDAC8.o)
                0x00002930                VDAC8_DacTrim
 .text.VDAC8_SetRange
                0x00002954       0x20 .\CortexM3\ARM_GCC_541\Debug\Riaszto.a(VDAC8.o)
                0x00002954                VDAC8_SetRange
 .text.VDAC8_Init
                0x00002974       0x20 .\CortexM3\ARM_GCC_541\Debug\Riaszto.a(VDAC8.o)
                0x00002974                VDAC8_Init
 .text.VDAC8_Start
                0x00002994       0x24 .\CortexM3\ARM_GCC_541\Debug\Riaszto.a(VDAC8.o)
                0x00002994                VDAC8_Start
 .text.SPIM_IntClock_Start
                0x000029b8       0x1c .\CortexM3\ARM_GCC_541\Debug\Riaszto.a(SPIM_IntClock.o)
                0x000029b8                SPIM_IntClock_Start
 .text.UART_IntClock_Start
                0x000029d4       0x1c .\CortexM3\ARM_GCC_541\Debug\Riaszto.a(UART_IntClock.o)
                0x000029d4                UART_IntClock_Start
 .text.ADC_SAR_RADAR_IRQ_SetVector
                0x000029f0        0xc .\CortexM3\ARM_GCC_541\Debug\Riaszto.a(ADC_SAR_RADAR_IRQ.o)
                0x000029f0                ADC_SAR_RADAR_IRQ_SetVector
 .text.ADC_SAR_RADAR_IRQ_SetPriority
                0x000029fc       0x10 .\CortexM3\ARM_GCC_541\Debug\Riaszto.a(ADC_SAR_RADAR_IRQ.o)
                0x000029fc                ADC_SAR_RADAR_IRQ_SetPriority
 .text.ADC_SAR_RADAR_IRQ_Enable
                0x00002a0c        0xc .\CortexM3\ARM_GCC_541\Debug\Riaszto.a(ADC_SAR_RADAR_IRQ.o)
                0x00002a0c                ADC_SAR_RADAR_IRQ_Enable
 .text.ADC_SAR_RADAR_IRQ_Disable
                0x00002a18        0xc .\CortexM3\ARM_GCC_541\Debug\Riaszto.a(ADC_SAR_RADAR_IRQ.o)
                0x00002a18                ADC_SAR_RADAR_IRQ_Disable
 .text.ADC_SAR_RADAR_IRQ_StartEx
                0x00002a24       0x1c .\CortexM3\ARM_GCC_541\Debug\Riaszto.a(ADC_SAR_RADAR_IRQ.o)
                0x00002a24                ADC_SAR_RADAR_IRQ_StartEx
 .text.ADC_SAR_RADAR_theACLK_SetModeRegister
                0x00002a40       0x14 .\CortexM3\ARM_GCC_541\Debug\Riaszto.a(ADC_SAR_RADAR_theACLK.o)
                0x00002a40                ADC_SAR_RADAR_theACLK_SetModeRegister
 .text.ADC_SAR_PR_theACLK_SetModeRegister
                0x00002a54       0x14 .\CortexM3\ARM_GCC_541\Debug\Riaszto.a(ADC_SAR_PR_theACLK.o)
                0x00002a54                ADC_SAR_PR_theACLK_SetModeRegister
 .text.UART_GSM_IntClock_Start
                0x00002a68       0x1c .\CortexM3\ARM_GCC_541\Debug\Riaszto.a(UART_GSM_IntClock.o)
                0x00002a68                UART_GSM_IntClock_Start
 .text.CySetTempInt
                0x00002a84       0x60 .\CortexM3\ARM_GCC_541\Debug\Riaszto.a(CyFlash.o)
 .text.CyFlashGetSpcAlgorithm
                0x00002ae4       0x4c .\CortexM3\ARM_GCC_541\Debug\Riaszto.a(CyFlash.o)
                0x00002ae4                CyFlashGetSpcAlgorithm
 .text.CySetTemp
                0x00002b30       0x14 .\CortexM3\ARM_GCC_541\Debug\Riaszto.a(CyFlash.o)
                0x00002b30                CySetTemp
 .text.CyEEPROM_Start
                0x00002b44       0x54 .\CortexM3\ARM_GCC_541\Debug\Riaszto.a(CyFlash.o)
                0x00002b44                CyEEPROM_Start
 .text.CyEEPROM_ReadReserve
                0x00002b98       0x1c .\CortexM3\ARM_GCC_541\Debug\Riaszto.a(CyFlash.o)
                0x00002b98                CyEEPROM_ReadReserve
 .text.CyEEPROM_ReadRelease
                0x00002bb4       0x10 .\CortexM3\ARM_GCC_541\Debug\Riaszto.a(CyFlash.o)
                0x00002bb4                CyEEPROM_ReadRelease
 .text.CyHalt   0x00002bc4        0x4 .\CortexM3\ARM_GCC_541\Debug\Riaszto.a(CyLib.o)
                0x00002bc4                CyHalt
 .text.CyDelay  0x00002bc8       0x2c .\CortexM3\ARM_GCC_541\Debug\Riaszto.a(CyLib.o)
                0x00002bc8                CyDelay
 .text.CyDelayUs
                0x00002bf4       0x14 .\CortexM3\ARM_GCC_541\Debug\Riaszto.a(CyLib.o)
                0x00002bf4                CyDelayUs
 .text.CyIntSetVector
                0x00002c08       0x28 .\CortexM3\ARM_GCC_541\Debug\Riaszto.a(CyLib.o)
                0x00002c08                CyIntSetVector
 .text.CyIntSetPriority
                0x00002c30       0x30 .\CortexM3\ARM_GCC_541\Debug\Riaszto.a(CyLib.o)
                0x00002c30                CyIntSetPriority
 .text.CySpcStart
                0x00002c60       0x24 .\CortexM3\ARM_GCC_541\Debug\Riaszto.a(CySpc.o)
                0x00002c60                CySpcStart
 .text.CySpcReadData
                0x00002c84       0x34 .\CortexM3\ARM_GCC_541\Debug\Riaszto.a(CySpc.o)
                0x00002c84                CySpcReadData
 .text.CySpcLoadMultiByte
                0x00002cb8       0x78 .\CortexM3\ARM_GCC_541\Debug\Riaszto.a(CySpc.o)
                0x00002cb8                CySpcLoadMultiByte
 .text.CySpcLoadRow
                0x00002d30       0x50 .\CortexM3\ARM_GCC_541\Debug\Riaszto.a(CySpc.o)
                0x00002d30                CySpcLoadRow
 .text.CySpcWriteRow
                0x00002d80       0x4c .\CortexM3\ARM_GCC_541\Debug\Riaszto.a(CySpc.o)
                0x00002d80                CySpcWriteRow
 .text.CySpcGetTemp
                0x00002dcc       0x3c .\CortexM3\ARM_GCC_541\Debug\Riaszto.a(CySpc.o)
                0x00002dcc                CySpcGetTemp
 .text.CySpcLock
                0x00002e08       0x4c .\CortexM3\ARM_GCC_541\Debug\Riaszto.a(CySpc.o)
                0x00002e08                CySpcLock
 .text.CySpcUnlock
                0x00002e54       0x38 .\CortexM3\ARM_GCC_541\Debug\Riaszto.a(CySpc.o)
                0x00002e54                CySpcUnlock
 .text.CySpcGetAlgorithm
                0x00002e8c       0x28 .\CortexM3\ARM_GCC_541\Debug\Riaszto.a(CySpc.o)
                0x00002e8c                CySpcGetAlgorithm
 *fill*         0x00002eb4        0x4 
 .text          0x00002eb8       0x20 .\CortexM3\ARM_GCC_541\Debug\Riaszto.a(CyBootAsmGnu.o)
                0x00002eb8                CyDelayCycles
                0x00002ec8                CyEnterCriticalSection
                0x00002ed0                CyExitCriticalSection
 .text.__errno  0x00002ed8        0xc c:/program files (x86)/cypress/psoc creator/4.4/psoc creator/import/gnu/arm/5.4.1/bin/../lib/gcc/arm-none-eabi/5.4.1/../../../../arm-none-eabi/lib/armv7-m\libg_nano.a(lib_a-errno.o)
                0x00002ed8                __errno
 .text.__libc_init_array
                0x00002ee4       0x4c c:/program files (x86)/cypress/psoc creator/4.4/psoc creator/import/gnu/arm/5.4.1/bin/../lib/gcc/arm-none-eabi/5.4.1/../../../../arm-none-eabi/lib/armv7-m\libg_nano.a(lib_a-init.o)
                0x00002ee4                __libc_init_array
 .text.malloc   0x00002f30       0x10 c:/program files (x86)/cypress/psoc creator/4.4/psoc creator/import/gnu/arm/5.4.1/bin/../lib/gcc/arm-none-eabi/5.4.1/../../../../arm-none-eabi/lib/armv7-m\libg_nano.a(lib_a-malloc.o)
                0x00002f30                malloc
 .text.free     0x00002f40       0x10 c:/program files (x86)/cypress/psoc creator/4.4/psoc creator/import/gnu/arm/5.4.1/bin/../lib/gcc/arm-none-eabi/5.4.1/../../../../arm-none-eabi/lib/armv7-m\libg_nano.a(lib_a-malloc.o)
                0x00002f40                free
 .text.memcpy   0x00002f50       0x16 c:/program files (x86)/cypress/psoc creator/4.4/psoc creator/import/gnu/arm/5.4.1/bin/../lib/gcc/arm-none-eabi/5.4.1/../../../../arm-none-eabi/lib/armv7-m\libg_nano.a(lib_a-memcpy-stub.o)
                0x00002f50                memcpy
 .text.memset   0x00002f66       0x10 c:/program files (x86)/cypress/psoc creator/4.4/psoc creator/import/gnu/arm/5.4.1/bin/../lib/gcc/arm-none-eabi/5.4.1/../../../../arm-none-eabi/lib/armv7-m\libg_nano.a(lib_a-memset.o)
                0x00002f66                memset
 *fill*         0x00002f76        0x2 
 .text._free_r  0x00002f78       0x98 c:/program files (x86)/cypress/psoc creator/4.4/psoc creator/import/gnu/arm/5.4.1/bin/../lib/gcc/arm-none-eabi/5.4.1/../../../../arm-none-eabi/lib/armv7-m\libg_nano.a(lib_a-nano-freer.o)
                0x00002f78                _free_r
 .text._malloc_r
                0x00003010       0xbc c:/program files (x86)/cypress/psoc creator/4.4/psoc creator/import/gnu/arm/5.4.1/bin/../lib/gcc/arm-none-eabi/5.4.1/../../../../arm-none-eabi/lib/armv7-m\libg_nano.a(lib_a-nano-mallocr.o)
                0x00003010                _malloc_r
 .text._sbrk_r  0x000030cc       0x20 c:/program files (x86)/cypress/psoc creator/4.4/psoc creator/import/gnu/arm/5.4.1/bin/../lib/gcc/arm-none-eabi/5.4.1/../../../../arm-none-eabi/lib/armv7-m\libg_nano.a(lib_a-sbrkr.o)
                0x000030cc                _sbrk_r
 .text.sprintf  0x000030ec       0x48 c:/program files (x86)/cypress/psoc creator/4.4/psoc creator/import/gnu/arm/5.4.1/bin/../lib/gcc/arm-none-eabi/5.4.1/../../../../arm-none-eabi/lib/armv7-m\libg_nano.a(lib_a-sprintf.o)
                0x000030ec                siprintf
                0x000030ec                sprintf
 .text          0x00003134       0x10 c:/program files (x86)/cypress/psoc creator/4.4/psoc creator/import/gnu/arm/5.4.1/bin/../lib/gcc/arm-none-eabi/5.4.1/../../../../arm-none-eabi/lib/armv7-m\libg_nano.a(lib_a-strlen.o)
                0x00003134                strlen
 .text.__malloc_lock
                0x00003144        0x2 c:/program files (x86)/cypress/psoc creator/4.4/psoc creator/import/gnu/arm/5.4.1/bin/../lib/gcc/arm-none-eabi/5.4.1/../../../../arm-none-eabi/lib/armv7-m\libg_nano.a(lib_a-mlock.o)
                0x00003144                __malloc_lock
 .text.__malloc_unlock
                0x00003146        0x2 c:/program files (x86)/cypress/psoc creator/4.4/psoc creator/import/gnu/arm/5.4.1/bin/../lib/gcc/arm-none-eabi/5.4.1/../../../../arm-none-eabi/lib/armv7-m\libg_nano.a(lib_a-mlock.o)
                0x00003146                __malloc_unlock
 .text.__ssputs_r
                0x00003148       0xb2 c:/program files (x86)/cypress/psoc creator/4.4/psoc creator/import/gnu/arm/5.4.1/bin/../lib/gcc/arm-none-eabi/5.4.1/../../../../arm-none-eabi/lib/armv7-m\libg_nano.a(lib_a-nano-svfprintf.o)
                0x00003148                __ssputs_r
 *fill*         0x000031fa        0x2 
 .text._svfprintf_r
                0x000031fc      0x1e8 c:/program files (x86)/cypress/psoc creator/4.4/psoc creator/import/gnu/arm/5.4.1/bin/../lib/gcc/arm-none-eabi/5.4.1/../../../../arm-none-eabi/lib/armv7-m\libg_nano.a(lib_a-nano-svfprintf.o)
                0x000031fc                _svfiprintf_r
                0x000031fc                _svfprintf_r
 .text._printf_common
                0x000033e4       0xec c:/program files (x86)/cypress/psoc creator/4.4/psoc creator/import/gnu/arm/5.4.1/bin/../lib/gcc/arm-none-eabi/5.4.1/../../../../arm-none-eabi/lib/armv7-m\libg_nano.a(lib_a-nano-vfprintf_i.o)
                0x000033e4                _printf_common
 .text._printf_i
                0x000034d0      0x24c c:/program files (x86)/cypress/psoc creator/4.4/psoc creator/import/gnu/arm/5.4.1/bin/../lib/gcc/arm-none-eabi/5.4.1/../../../../arm-none-eabi/lib/armv7-m\libg_nano.a(lib_a-nano-vfprintf_i.o)
                0x000034d0                _printf_i
 .text.memchr   0x0000371c       0x1c c:/program files (x86)/cypress/psoc creator/4.4/psoc creator/import/gnu/arm/5.4.1/bin/../lib/gcc/arm-none-eabi/5.4.1/../../../../arm-none-eabi/lib/armv7-m\libg_nano.a(lib_a-memchr-stub.o)
                0x0000371c                memchr
 .text.memmove  0x00003738       0x36 c:/program files (x86)/cypress/psoc creator/4.4/psoc creator/import/gnu/arm/5.4.1/bin/../lib/gcc/arm-none-eabi/5.4.1/../../../../arm-none-eabi/lib/armv7-m\libg_nano.a(lib_a-memmove.o)
                0x00003738                memmove
 .text._realloc_r
                0x0000376e       0x4c c:/program files (x86)/cypress/psoc creator/4.4/psoc creator/import/gnu/arm/5.4.1/bin/../lib/gcc/arm-none-eabi/5.4.1/../../../../arm-none-eabi/lib/armv7-m\libg_nano.a(lib_a-nano-reallocr.o)
                0x0000376e                _realloc_r
 .text._malloc_usable_size_r
                0x000037ba       0x14 c:/program files (x86)/cypress/psoc creator/4.4/psoc creator/import/gnu/arm/5.4.1/bin/../lib/gcc/arm-none-eabi/5.4.1/../../../../arm-none-eabi/lib/armv7-m\libg_nano.a(lib_a-nano-msizer.o)
                0x000037ba                _malloc_usable_size_r
 *(.plt)
 *(.gnu.warning)
 *(.glue_7t)
 .glue_7t       0x000037ce        0x0 linker stubs
 *(.glue_7)
 .glue_7        0x000037ce        0x0 linker stubs
 *(.vfp11_veneer)
 .vfp11_veneer  0x000037ce        0x0 linker stubs
 *(.bootloader)
 *(.ARM.extab* .gnu.linkonce.armextab.*)
 *(.gcc_except_table)

.v4_bx          0x000037d0        0x0
 .v4_bx         0x000037d0        0x0 linker stubs

.iplt           0x000037d0        0x0
 .iplt          0x000037d0        0x0 c:/program files (x86)/cypress/psoc creator/4.4/psoc creator/import/gnu/arm/5.4.1/bin/../lib/gcc/arm-none-eabi/5.4.1/armv7-m/crtbegin.o

.eh_frame_hdr
 *(.eh_frame_hdr)

.eh_frame       0x000037d0        0x4
 *(.eh_frame)
 .eh_frame      0x000037d0        0x0 c:/program files (x86)/cypress/psoc creator/4.4/psoc creator/import/gnu/arm/5.4.1/bin/../lib/gcc/arm-none-eabi/5.4.1/armv7-m/crtbegin.o
 .eh_frame      0x000037d0        0x4 c:/program files (x86)/cypress/psoc creator/4.4/psoc creator/import/gnu/arm/5.4.1/bin/../lib/gcc/arm-none-eabi/5.4.1/armv7-m/crtend.o
                [!provide]                PROVIDE (__exidx_start, .)

.ARM.exidx
 *(.ARM.exidx* .gnu.linkonce.armexidx.*)
                0x000037d4                __exidx_end = .

.rodata         0x000037d4      0x3ec
 *(.rodata .rodata.* .gnu.linkonce.r.*)
 .rodata.str1.4
                0x000037d4      0x158 .\CortexM3\ARM_GCC_541\Debug\main.o
                                0x164 (size before relaxing)
 .rodata.str1.4
                0x0000392c       0x1d .\CortexM3\ARM_GCC_541\Debug\d1302.o
 *fill*         0x00003949        0x3 
 .rodata.str1.4
                0x0000394c       0x15 .\CortexM3\ARM_GCC_541\Debug\TaskFIFO.o
 .rodata.str1.4
                0x00003961        0xd .\CortexM3\ARM_GCC_541\Debug\PeriodicTask.o
 *fill*         0x00003961        0x3 
 .rodata.str1.4
                0x00003964       0x22 .\CortexM3\ARM_GCC_541\Debug\Keypad.o
 *fill*         0x00003986        0x2 
 .rodata.str1.4
                0x00003988      0x180 .\CortexM3\ARM_GCC_541\Debug\SettingsHelper.o
                                0x188 (size before relaxing)
 .rodata        0x00003b08       0x4c .\CortexM3\ARM_GCC_541\Debug\cyfitter_cfg.o
 .rodata.str1.1
                0x00003b54        0x2 c:/program files (x86)/cypress/psoc creator/4.4/psoc creator/import/gnu/arm/5.4.1/bin/../lib/gcc/arm-none-eabi/5.4.1/../../../../arm-none-eabi/lib/armv7-m\libg_nano.a(lib_a-impure.o)
 .rodata.str1.1
                0x00003b56       0x11 c:/program files (x86)/cypress/psoc creator/4.4/psoc creator/import/gnu/arm/5.4.1/bin/../lib/gcc/arm-none-eabi/5.4.1/../../../../arm-none-eabi/lib/armv7-m\libg_nano.a(lib_a-nano-svfprintf.o)
 .rodata.str1.1
                0x00003b67       0x22 c:/program files (x86)/cypress/psoc creator/4.4/psoc creator/import/gnu/arm/5.4.1/bin/../lib/gcc/arm-none-eabi/5.4.1/../../../../arm-none-eabi/lib/armv7-m\libg_nano.a(lib_a-nano-vfprintf_i.o)
                0x00003b8c                . = ALIGN (0x4)
 *fill*         0x00003b89        0x3 
 *(.init)
 .init          0x00003b8c        0x4 c:/program files (x86)/cypress/psoc creator/4.4/psoc creator/import/gnu/arm/5.4.1/bin/../lib/gcc/arm-none-eabi/5.4.1/armv7-m/crti.o
                0x00003b8c                _init
 .init          0x00003b90        0x8 c:/program files (x86)/cypress/psoc creator/4.4/psoc creator/import/gnu/arm/5.4.1/bin/../lib/gcc/arm-none-eabi/5.4.1/armv7-m/crtn.o
                0x00003b98                . = ALIGN (0x4)
                0x00003b98                __preinit_array_start = .
 *(.preinit_array)
                0x00003b98                __preinit_array_end = .
                0x00003b98                . = ALIGN (0x4)
                0x00003b98                __init_array_start = .
 *(SORT(.init_array.*))
 *(.init_array)
 .init_array    0x00003b98        0x4 c:/program files (x86)/cypress/psoc creator/4.4/psoc creator/import/gnu/arm/5.4.1/bin/../lib/gcc/arm-none-eabi/5.4.1/armv7-m/crtbegin.o
 .init_array    0x00003b9c        0x4 .\CortexM3\ARM_GCC_541\Debug\Cm3Start.o
                0x00003ba0                __init_array_end = .
                0x00003ba0                . = ALIGN (0x4)
 *(.fini)
 .fini          0x00003ba0        0x4 c:/program files (x86)/cypress/psoc creator/4.4/psoc creator/import/gnu/arm/5.4.1/bin/../lib/gcc/arm-none-eabi/5.4.1/armv7-m/crti.o
                0x00003ba0                _fini
 .fini          0x00003ba4        0x8 c:/program files (x86)/cypress/psoc creator/4.4/psoc creator/import/gnu/arm/5.4.1/bin/../lib/gcc/arm-none-eabi/5.4.1/armv7-m/crtn.o
                0x00003bac                . = ALIGN (0x4)
                0x00003bac                __fini_array_start = .
 *(.fini_array)
 .fini_array    0x00003bac        0x4 c:/program files (x86)/cypress/psoc creator/4.4/psoc creator/import/gnu/arm/5.4.1/bin/../lib/gcc/arm-none-eabi/5.4.1/armv7-m/crtbegin.o
 *(SORT(.fini_array.*))
                0x00003bb0                __fini_array_end = .
                0x00003bb0                . = ALIGN (0x4)
 *crtbegin.o(.ctors)
 *(EXCLUDE_FILE(*crtend.o) .ctors)
 *(SORT(.ctors.*))
 *crtend.o(.ctors)
                0x00003bb0                . = ALIGN (0x4)
 *crtbegin.o(.dtors)
 *(EXCLUDE_FILE(*crtend.o) .dtors)
 *(SORT(.dtors.*))
 *crtend.o(.dtors)
                0x00003bb0                . = ALIGN (0x4)
                0x00003bb0                __cy_regions = .
                0x00003bb0        0x4 LONG 0x3bc0 __cy_region_init_ram
                0x00003bb4        0x4 LONG 0x1fff80c8 __cy_region_start_data
                0x00003bb8        0x4 LONG 0x148 __cy_region_init_size_ram
                0x00003bbc        0x4 LONG 0x128 __cy_region_zero_size_ram
                0x00003bc0                __cy_regions_end = .
                0x00003bc0                . = ALIGN (0x8)
                0x00003bc0                _etext = .

.cy_checksum_exclude
                0x00003bc0        0x0
 *(.cy_checksum_exclude)

.ramvectors     0x1fff8000       0xc0
                0x1fff8000                __cy_region_start_ram = .
 *(.ramvectors)
 .ramvectors    0x1fff8000       0xc0 .\CortexM3\ARM_GCC_541\Debug\Cm3Start.o
                0x1fff8000                CyRamVectors

.noinit         0x1fff80c0        0x1
 *(.noinit)
 .noinit        0x1fff80c0        0x1 .\CortexM3\ARM_GCC_541\Debug\Riaszto.a(CyLib.o)
                0x1fff80c0                CyResetStatus

.data           0x1fff80c8      0x148 load address 0x00003bc0
                0x1fff80c8                __cy_region_start_data = .
 *(.jcr)
 .jcr           0x1fff80c8        0x0 c:/program files (x86)/cypress/psoc creator/4.4/psoc creator/import/gnu/arm/5.4.1/bin/../lib/gcc/arm-none-eabi/5.4.1/armv7-m/crtbegin.o
 .jcr           0x1fff80c8        0x4 c:/program files (x86)/cypress/psoc creator/4.4/psoc creator/import/gnu/arm/5.4.1/bin/../lib/gcc/arm-none-eabi/5.4.1/armv7-m/crtend.o
 *(.got.plt)
 *(.got)
 *(.shdata)
 *(.data .data.* .gnu.linkonce.d.*)
 .data          0x1fff80cc        0x4 .\CortexM3\ARM_GCC_541\Debug\main.o
                0x1fff80cc                visual_counter_value
                0x1fff80ce                actual_substate
                0x1fff80cf                current_state
 .data          0x1fff80d0        0x2 .\CortexM3\ARM_GCC_541\Debug\hb100movement.o
                0x1fff80d0                minAmp
 *fill*         0x1fff80d2        0x2 
 .data          0x1fff80d4       0xc4 .\CortexM3\ARM_GCC_541\Debug\SettingsHelper.o
                0x1fff80d4                CODE
                0x1fff80d8                menu_system
                0x1fff8180                actual_eeprom_addr
                0x1fff8184                PHONE_NUM
                0x1fff818e                NIGHT_TO
                0x1fff818f                PH_RES_ON
                0x1fff8190                AUTO_POWERON
                0x1fff8192                WATCH_DELAY
                0x1fff8194                DEACT_DELAY
                0x1fff8196                BEEPING_DELAY
 .data          0x1fff8198        0x4 .\CortexM3\ARM_GCC_541\Debug\Cm3Start.o
 .data          0x1fff819c       0x10 .\CortexM3\ARM_GCC_541\Debug\Riaszto.a(CyLib.o)
                0x1fff819c                cydelay_32k_ms
                0x1fff81a0                cydelay_freq_khz
                0x1fff81a4                cydelay_freq_mhz
                0x1fff81a8                cydelay_freq_hz
 .data.impure_data
                0x1fff81ac       0x60 c:/program files (x86)/cypress/psoc creator/4.4/psoc creator/import/gnu/arm/5.4.1/bin/../lib/gcc/arm-none-eabi/5.4.1/../../../../arm-none-eabi/lib/armv7-m\libg_nano.a(lib_a-impure.o)
 .data._impure_ptr
                0x1fff820c        0x4 c:/program files (x86)/cypress/psoc creator/4.4/psoc creator/import/gnu/arm/5.4.1/bin/../lib/gcc/arm-none-eabi/5.4.1/../../../../arm-none-eabi/lib/armv7-m\libg_nano.a(lib_a-impure.o)
                0x1fff820c                _impure_ptr
                0x1fff8210                . = ALIGN (0x8)
 *(.ram)
                0x1fff8210                _edata = .

.igot.plt       0x1fff8210        0x0 load address 0x00003d08
 .igot.plt      0x1fff8210        0x0 c:/program files (x86)/cypress/psoc creator/4.4/psoc creator/import/gnu/arm/5.4.1/bin/../lib/gcc/arm-none-eabi/5.4.1/armv7-m/crtbegin.o

.bss            0x1fff8210      0x128 load address 0x00003d08
                0x1fff8210                PROVIDE (__bss_start__, .)
 *(.shbss)
 *(.bss .bss.* .gnu.linkonce.b.*)
 .bss           0x1fff8210       0x1c c:/program files (x86)/cypress/psoc creator/4.4/psoc creator/import/gnu/arm/5.4.1/bin/../lib/gcc/arm-none-eabi/5.4.1/armv7-m/crtbegin.o
 .bss           0x1fff822c        0x3 .\CortexM3\ARM_GCC_541\Debug\main.o
                0x1fff822c                is_light_alert
                0x1fff822d                is_movement_alert
                0x1fff822e                is_reed_relay_alert
 .bss           0x1fff822f        0x2 .\CortexM3\ARM_GCC_541\Debug\Keypad.o
                0x1fff822f                PRESSED_KEY
                0x1fff8230                waiting_for_relese
 *fill*         0x1fff8231        0x3 
 .bss           0x1fff8234        0x8 .\CortexM3\ARM_GCC_541\Debug\hb100movement.o
                0x1fff8234                maxAmp
                0x1fff8238                lastCountRadar
 .bss           0x1fff823c        0xc .\CortexM3\ARM_GCC_541\Debug\SettingsHelper.o
                0x1fff823c                COMPUTER_COMMUNICATION
                0x1fff823d                code_buffer_ind
                0x1fff823e                num_ind
                0x1fff823f                OUT_FROM_MENU
                0x1fff8240                new_code_buffer_ind
                0x1fff8241                NIGHT_FROM
                0x1fff8242                first_entered
                0x1fff8244                phone_num_buffer_ind
 .bss           0x1fff8248        0x2 .\CortexM3\ARM_GCC_541\Debug\Riaszto.a(LCD.o)
                0x1fff8248                LCD_enableState
                0x1fff8249                LCD_initVar
 .bss           0x1fff824a        0x1 .\CortexM3\ARM_GCC_541\Debug\Riaszto.a(SPIM.o)
                0x1fff824a                SPIM_initVar
 .bss           0x1fff824b        0x2 .\CortexM3\ARM_GCC_541\Debug\Riaszto.a(UART.o)
                0x1fff824b                UART_initVar
 .bss           0x1fff824d        0x1 .\CortexM3\ARM_GCC_541\Debug\Riaszto.a(ADC_SAR_RADAR.o)
                0x1fff824d                ADC_SAR_RADAR_initVar
 .bss           0x1fff824e        0x1 .\CortexM3\ARM_GCC_541\Debug\Riaszto.a(Timer.o)
                0x1fff824e                Timer_initVar
 .bss           0x1fff824f        0x1 .\CortexM3\ARM_GCC_541\Debug\Riaszto.a(PWM_BACKLIGHT.o)
                0x1fff824f                PWM_BACKLIGHT_initVar
 .bss           0x1fff8250        0x1 .\CortexM3\ARM_GCC_541\Debug\Riaszto.a(PWM_BEEPER.o)
                0x1fff8250                PWM_BEEPER_initVar
 .bss           0x1fff8251        0x1 .\CortexM3\ARM_GCC_541\Debug\Riaszto.a(ADC_SAR_PR.o)
                0x1fff8251                ADC_SAR_PR_initVar
 .bss           0x1fff8252        0x2 .\CortexM3\ARM_GCC_541\Debug\Riaszto.a(UART_GSM.o)
                0x1fff8252                UART_GSM_initVar
 .bss           0x1fff8254        0x1 .\CortexM3\ARM_GCC_541\Debug\Riaszto.a(VDAC8.o)
                0x1fff8254                VDAC8_initVar
 *fill*         0x1fff8255        0x3 
 .bss           0x1fff8258        0x8 .\CortexM3\ARM_GCC_541\Debug\Riaszto.a(CySpc.o)
                0x1fff8258                SpcLockState
 .bss.__malloc_sbrk_start
                0x1fff8260        0x4 c:/program files (x86)/cypress/psoc creator/4.4/psoc creator/import/gnu/arm/5.4.1/bin/../lib/gcc/arm-none-eabi/5.4.1/../../../../arm-none-eabi/lib/armv7-m\libg_nano.a(lib_a-nano-mallocr.o)
                0x1fff8260                __malloc_sbrk_start
 .bss.__malloc_free_list
                0x1fff8264        0x4 c:/program files (x86)/cypress/psoc creator/4.4/psoc creator/import/gnu/arm/5.4.1/bin/../lib/gcc/arm-none-eabi/5.4.1/../../../../arm-none-eabi/lib/armv7-m\libg_nano.a(lib_a-nano-mallocr.o)
                0x1fff8264                __malloc_free_list
 *(COMMON)
 COMMON         0x1fff8268       0x64 .\CortexM3\ARM_GCC_541\Debug\main.o
                0x1fff8268                timing_fifo
                0x1fff8270                tone_fifo
                0x1fff8278                full_phone_num
                0x1fff8288                p_tasks
                0x1fff8290                alert_sms
                0x1fff82b4                gsm_fifo
                0x1fff82bc                alert_message
 COMMON         0x1fff82cc       0x48 .\CortexM3\ARM_GCC_541\Debug\SettingsHelper.o
                0x1fff82cc                phone_num_temp_buffer
                0x1fff82d8                variable_to_be_displayed
                0x1fff82e8                actual_menu_item
                0x1fff82f4                new_code_buffer
                0x1fff82f8                num_buffer
                0x1fff8300                entered_code
                0x1fff8304                phone_num_buffer
                0x1fff8310                code_buffer
 COMMON         0x1fff8314        0xc .\CortexM3\ARM_GCC_541\Debug\Riaszto.a(ADC_SAR_RADAR.o)
                0x1fff8314                ADC_SAR_RADAR_countsPerVolt
                0x1fff8316                ADC_SAR_RADAR_offset
                0x1fff8318                ADC_SAR_RADAR_shift
                0x1fff831c                ADC_SAR_RADAR_countsPer10Volt
 COMMON         0x1fff8320        0xc .\CortexM3\ARM_GCC_541\Debug\Riaszto.a(ADC_SAR_PR.o)
                0x1fff8320                ADC_SAR_PR_offset
                0x1fff8322                ADC_SAR_PR_shift
                0x1fff8324                ADC_SAR_PR_countsPerVolt
                0x1fff8328                ADC_SAR_PR_countsPer10Volt
 COMMON         0x1fff832c        0x2 .\CortexM3\ARM_GCC_541\Debug\Riaszto.a(CyFlash.o)
                0x1fff832c                dieTemperature
 *fill*         0x1fff832e        0x2 
 COMMON         0x1fff8330        0x4 c:/program files (x86)/cypress/psoc creator/4.4/psoc creator/import/gnu/arm/5.4.1/bin/../lib/gcc/arm-none-eabi/5.4.1/../../../../arm-none-eabi/lib/armv7-m\libg_nano.a(lib_a-reent.o)
                0x1fff8330                errno
                0x1fff8338                . = ALIGN (0x8)
 *fill*         0x1fff8334        0x4 
 *(.ram.b)
                0x1fff8338                _end = .
                0x1fff8338                __end = .
                0x1fff8338                PROVIDE (end, .)
                0x1fff8338                PROVIDE (__bss_end__, .)
                0x00003bc0                __cy_region_init_ram = LOADADDR (.data)
                0x00000148                __cy_region_init_size_ram = (_edata - ADDR (.data))
                0x00000128                __cy_region_zero_size_ram = (_end - _edata)

.heap           0x1fff8338      0x900 load address 0x00003d08
                0x1fff8338                . = _end
                0x1fff8c38                . = (. + 0x900)
 *fill*         0x1fff8338      0x900 
                0x1fff8c38                __cy_heap_limit = .

.stack          0x20007000     0x1000
                0x20007000                __cy_stack_limit = .
                0x20008000                . = (. + 0x1000)
 *fill*         0x20007000     0x1000 
                0x00000001                ASSERT ((__cy_stack_limit >= __cy_heap_limit), region RAM overflowed with stack)
                0x00000000                cy_checksum_exclude_size = (CY_APPL_LOADABLE == 0x1)?SIZEOF (.cy_checksum_exclude):0x0
                0x00000001                ASSERT ((cy_checksum_exclude_size <= CY_CHECKSUM_EXCLUDE_SIZE), CY_BOOT: Section .cy_checksum_exclude size exceedes specified limit.)

.cyloadermeta
 *(.cyloadermeta)

.cyloadablemeta
 *(.cyloadablemeta)

.cyconfigecc    0x80000000      0xa34
 *(.cyconfigecc)
 .cyconfigecc   0x80000000      0xa34 .\CortexM3\ARM_GCC_541\Debug\cymetadata.o
                0x80000000                cy_meta_configecc

.cycustnvl      0x90000000        0x4
 *(.cycustnvl)
 .cycustnvl     0x90000000        0x4 .\CortexM3\ARM_GCC_541\Debug\cymetadata.o
                0x90000000                cy_meta_custnvl

.cywolatch      0x90100000        0x4
 *(.cywolatch)
 .cywolatch     0x90100000        0x4 .\CortexM3\ARM_GCC_541\Debug\cymetadata.o
                0x90100000                cy_meta_wonvl

.cyeeprom       0x90200000        0x0
 *(.cyeeprom)
                0x00000001                ASSERT ((. <= ((0x90200000 + ee_offset) + ee_size)), .cyeeprom data will not fit in EEPROM)

.cyflashprotect
                0x90400000      0x100
 *(.cyflashprotect)
 .cyflashprotect
                0x90400000      0x100 .\CortexM3\ARM_GCC_541\Debug\cymetadata.o
                0x90400000                cy_meta_flashprotect

.cymeta         0x90500000        0xc
 *(.cymeta)
 .cymeta        0x90500000        0xc .\CortexM3\ARM_GCC_541\Debug\cymetadata.o
                0x90500000                cy_metadata

.rel.dyn        0x00003d08        0x0 load address 0x9050000c
 .rel.iplt      0x00003d08        0x0 c:/program files (x86)/cypress/psoc creator/4.4/psoc creator/import/gnu/arm/5.4.1/bin/../lib/gcc/arm-none-eabi/5.4.1/armv7-m/crtbegin.o

.stab
 *(.stab)

.stabstr
 *(.stabstr)

.debug
 *(.debug)

.line
 *(.line)

.debug_srcinfo
 *(.debug_srcinfo)

.debug_sfnames
 *(.debug_sfnames)

.debug_aranges  0x00000000     0x1598
 *(.debug_aranges)
 .debug_aranges
                0x00000000       0xa0 .\CortexM3\ARM_GCC_541\Debug\main.o
 .debug_aranges
                0x000000a0       0x68 .\CortexM3\ARM_GCC_541\Debug\d1302.o
 .debug_aranges
                0x00000108       0x50 .\CortexM3\ARM_GCC_541\Debug\TaskFIFO.o
 .debug_aranges
                0x00000158       0x58 .\CortexM3\ARM_GCC_541\Debug\PeriodicTask.o
 .debug_aranges
                0x000001b0       0x30 .\CortexM3\ARM_GCC_541\Debug\Keypad.o
 .debug_aranges
                0x000001e0       0x30 .\CortexM3\ARM_GCC_541\Debug\hb100movement.o
 .debug_aranges
                0x00000210       0x48 .\CortexM3\ARM_GCC_541\Debug\EEPROM_Helper.o
 .debug_aranges
                0x00000258       0x58 .\CortexM3\ARM_GCC_541\Debug\GSMHandler.o
 .debug_aranges
                0x000002b0      0x100 .\CortexM3\ARM_GCC_541\Debug\SettingsHelper.o
 .debug_aranges
                0x000003b0       0x58 .\CortexM3\ARM_GCC_541\Debug\cyfitter_cfg.o
 .debug_aranges
                0x00000408       0x18 .\CortexM3\ARM_GCC_541\Debug\cymetadata.o
 .debug_aranges
                0x00000420       0x48 .\CortexM3\ARM_GCC_541\Debug\Cm3Start.o
 .debug_aranges
                0x00000468       0x98 .\CortexM3\ARM_GCC_541\Debug\Riaszto.a(LCD.o)
 .debug_aranges
                0x00000500       0x38 .\CortexM3\ARM_GCC_541\Debug\Riaszto.a(ROW1.o)
 .debug_aranges
                0x00000538       0x38 .\CortexM3\ARM_GCC_541\Debug\Riaszto.a(ROW2.o)
 .debug_aranges
                0x00000570       0x38 .\CortexM3\ARM_GCC_541\Debug\Riaszto.a(ROW3.o)
 .debug_aranges
                0x000005a8       0x38 .\CortexM3\ARM_GCC_541\Debug\Riaszto.a(ROW4.o)
 .debug_aranges
                0x000005e0       0x38 .\CortexM3\ARM_GCC_541\Debug\Riaszto.a(COL1.o)
 .debug_aranges
                0x00000618       0x38 .\CortexM3\ARM_GCC_541\Debug\Riaszto.a(COL2.o)
 .debug_aranges
                0x00000650       0x38 .\CortexM3\ARM_GCC_541\Debug\Riaszto.a(COL3.o)
 .debug_aranges
                0x00000688       0x38 .\CortexM3\ARM_GCC_541\Debug\Riaszto.a(COL4.o)
 .debug_aranges
                0x000006c0       0xe8 .\CortexM3\ARM_GCC_541\Debug\Riaszto.a(SPIM.o)
 .debug_aranges
                0x000007a8       0x38 .\CortexM3\ARM_GCC_541\Debug\Riaszto.a(SS.o)
 .debug_aranges
                0x000007e0       0xf0 .\CortexM3\ARM_GCC_541\Debug\Riaszto.a(UART.o)
 .debug_aranges
                0x000008d0       0xa8 .\CortexM3\ARM_GCC_541\Debug\Riaszto.a(ADC_SAR_RADAR.o)
 .debug_aranges
                0x00000978       0x88 .\CortexM3\ARM_GCC_541\Debug\Riaszto.a(Timer.o)
 .debug_aranges
                0x00000a00       0x80 .\CortexM3\ARM_GCC_541\Debug\Riaszto.a(isr_Timer.o)
 .debug_aranges
                0x00000a80       0x38 .\CortexM3\ARM_GCC_541\Debug\Riaszto.a(REED_RELAY.o)
 .debug_aranges
                0x00000ab8       0x78 .\CortexM3\ARM_GCC_541\Debug\Riaszto.a(PWM_BACKLIGHT.o)
 .debug_aranges
                0x00000b30       0x78 .\CortexM3\ARM_GCC_541\Debug\Riaszto.a(PWM_BEEPER.o)
 .debug_aranges
                0x00000ba8       0xa8 .\CortexM3\ARM_GCC_541\Debug\Riaszto.a(ADC_SAR_PR.o)
 .debug_aranges
                0x00000c50       0x20 .\CortexM3\ARM_GCC_541\Debug\Riaszto.a(ADC_SAR_PR_INT.o)
 .debug_aranges
                0x00000c70       0x78 .\CortexM3\ARM_GCC_541\Debug\Riaszto.a(EEPROM.o)
 .debug_aranges
                0x00000ce8       0xf0 .\CortexM3\ARM_GCC_541\Debug\Riaszto.a(UART_GSM.o)
 .debug_aranges
                0x00000dd8       0x58 .\CortexM3\ARM_GCC_541\Debug\Riaszto.a(VDAC8.o)
 .debug_aranges
                0x00000e30       0x70 .\CortexM3\ARM_GCC_541\Debug\Riaszto.a(SPIM_IntClock.o)
 .debug_aranges
                0x00000ea0       0x70 .\CortexM3\ARM_GCC_541\Debug\Riaszto.a(UART_IntClock.o)
 .debug_aranges
                0x00000f10       0x80 .\CortexM3\ARM_GCC_541\Debug\Riaszto.a(ADC_SAR_RADAR_IRQ.o)
 .debug_aranges
                0x00000f90       0x80 .\CortexM3\ARM_GCC_541\Debug\Riaszto.a(ADC_SAR_RADAR_theACLK.o)
 .debug_aranges
                0x00001010       0x80 .\CortexM3\ARM_GCC_541\Debug\Riaszto.a(ADC_SAR_PR_theACLK.o)
 .debug_aranges
                0x00001090       0x70 .\CortexM3\ARM_GCC_541\Debug\Riaszto.a(UART_GSM_IntClock.o)
 .debug_aranges
                0x00001100       0x88 .\CortexM3\ARM_GCC_541\Debug\Riaszto.a(CyFlash.o)
 .debug_aranges
                0x00001188      0x2a0 .\CortexM3\ARM_GCC_541\Debug\Riaszto.a(CyLib.o)
 .debug_aranges
                0x00001428       0x98 .\CortexM3\ARM_GCC_541\Debug\Riaszto.a(cyPm.o)
 .debug_aranges
                0x000014c0       0x80 .\CortexM3\ARM_GCC_541\Debug\Riaszto.a(CySpc.o)
 .debug_aranges
                0x00001540       0x38 .\CortexM3\ARM_GCC_541\Debug\Riaszto.a(GSM_DTR.o)
 .debug_aranges
                0x00001578       0x20 .\CortexM3\ARM_GCC_541\Debug\Riaszto.a(CyBootAsmGnu.o)

.debug_pubnames
 *(.debug_pubnames)

.debug_info     0x00000000     0xd08b
 *(.debug_info .gnu.linkonce.wi.*)
 .debug_info    0x00000000     0x148a .\CortexM3\ARM_GCC_541\Debug\main.o
 .debug_info    0x0000148a      0x59d .\CortexM3\ARM_GCC_541\Debug\d1302.o
 .debug_info    0x00001a27      0x4e6 .\CortexM3\ARM_GCC_541\Debug\TaskFIFO.o
 .debug_info    0x00001f0d      0x51c .\CortexM3\ARM_GCC_541\Debug\PeriodicTask.o
 .debug_info    0x00002429      0x3ac .\CortexM3\ARM_GCC_541\Debug\Keypad.o
 .debug_info    0x000027d5      0x1a3 .\CortexM3\ARM_GCC_541\Debug\hb100movement.o
 .debug_info    0x00002978      0x313 .\CortexM3\ARM_GCC_541\Debug\EEPROM_Helper.o
 .debug_info    0x00002c8b      0x768 .\CortexM3\ARM_GCC_541\Debug\GSMHandler.o
 .debug_info    0x000033f3     0x149e .\CortexM3\ARM_GCC_541\Debug\SettingsHelper.o
 .debug_info    0x00004891      0x676 .\CortexM3\ARM_GCC_541\Debug\cyfitter_cfg.o
 .debug_info    0x00004f07      0x139 .\CortexM3\ARM_GCC_541\Debug\cymetadata.o
 .debug_info    0x00005040      0x3bb .\CortexM3\ARM_GCC_541\Debug\Cm3Start.o
 .debug_info    0x000053fb      0x715 .\CortexM3\ARM_GCC_541\Debug\Riaszto.a(LCD.o)
 .debug_info    0x00005b10      0x11f .\CortexM3\ARM_GCC_541\Debug\Riaszto.a(ROW1.o)
 .debug_info    0x00005c2f      0x11f .\CortexM3\ARM_GCC_541\Debug\Riaszto.a(ROW2.o)
 .debug_info    0x00005d4e      0x11f .\CortexM3\ARM_GCC_541\Debug\Riaszto.a(ROW3.o)
 .debug_info    0x00005e6d      0x11f .\CortexM3\ARM_GCC_541\Debug\Riaszto.a(ROW4.o)
 .debug_info    0x00005f8c      0x11f .\CortexM3\ARM_GCC_541\Debug\Riaszto.a(COL1.o)
 .debug_info    0x000060ab      0x11f .\CortexM3\ARM_GCC_541\Debug\Riaszto.a(COL2.o)
 .debug_info    0x000061ca      0x11f .\CortexM3\ARM_GCC_541\Debug\Riaszto.a(COL3.o)
 .debug_info    0x000062e9      0x11f .\CortexM3\ARM_GCC_541\Debug\Riaszto.a(COL4.o)
 .debug_info    0x00006408      0x4df .\CortexM3\ARM_GCC_541\Debug\Riaszto.a(SPIM.o)
 .debug_info    0x000068e7      0x11f .\CortexM3\ARM_GCC_541\Debug\Riaszto.a(SS.o)
 .debug_info    0x00006a06      0x60c .\CortexM3\ARM_GCC_541\Debug\Riaszto.a(UART.o)
 .debug_info    0x00007012      0x5c0 .\CortexM3\ARM_GCC_541\Debug\Riaszto.a(ADC_SAR_RADAR.o)
 .debug_info    0x000075d2      0x293 .\CortexM3\ARM_GCC_541\Debug\Riaszto.a(Timer.o)
 .debug_info    0x00007865      0x2d2 .\CortexM3\ARM_GCC_541\Debug\Riaszto.a(isr_Timer.o)
 .debug_info    0x00007b37      0x11f .\CortexM3\ARM_GCC_541\Debug\Riaszto.a(REED_RELAY.o)
 .debug_info    0x00007c56      0x27f .\CortexM3\ARM_GCC_541\Debug\Riaszto.a(PWM_BACKLIGHT.o)
 .debug_info    0x00007ed5      0x27f .\CortexM3\ARM_GCC_541\Debug\Riaszto.a(PWM_BEEPER.o)
 .debug_info    0x00008154      0x5c0 .\CortexM3\ARM_GCC_541\Debug\Riaszto.a(ADC_SAR_PR.o)
 .debug_info    0x00008714       0x92 .\CortexM3\ARM_GCC_541\Debug\Riaszto.a(ADC_SAR_PR_INT.o)
 .debug_info    0x000087a6      0x630 .\CortexM3\ARM_GCC_541\Debug\Riaszto.a(EEPROM.o)
 .debug_info    0x00008dd6      0x60c .\CortexM3\ARM_GCC_541\Debug\Riaszto.a(UART_GSM.o)
 .debug_info    0x000093e2      0x1df .\CortexM3\ARM_GCC_541\Debug\Riaszto.a(VDAC8.o)
 .debug_info    0x000095c1      0x283 .\CortexM3\ARM_GCC_541\Debug\Riaszto.a(SPIM_IntClock.o)
 .debug_info    0x00009844      0x283 .\CortexM3\ARM_GCC_541\Debug\Riaszto.a(UART_IntClock.o)
 .debug_info    0x00009ac7      0x2d2 .\CortexM3\ARM_GCC_541\Debug\Riaszto.a(ADC_SAR_RADAR_IRQ.o)
 .debug_info    0x00009d99      0x2c4 .\CortexM3\ARM_GCC_541\Debug\Riaszto.a(ADC_SAR_RADAR_theACLK.o)
 .debug_info    0x0000a05d      0x2c4 .\CortexM3\ARM_GCC_541\Debug\Riaszto.a(ADC_SAR_PR_theACLK.o)
 .debug_info    0x0000a321      0x283 .\CortexM3\ARM_GCC_541\Debug\Riaszto.a(UART_GSM_IntClock.o)
 .debug_info    0x0000a5a4      0x64d .\CortexM3\ARM_GCC_541\Debug\Riaszto.a(CyFlash.o)
 .debug_info    0x0000abf1     0x1374 .\CortexM3\ARM_GCC_541\Debug\Riaszto.a(CyLib.o)
 .debug_info    0x0000bf65      0xa2a .\CortexM3\ARM_GCC_541\Debug\Riaszto.a(cyPm.o)
 .debug_info    0x0000c98f      0x550 .\CortexM3\ARM_GCC_541\Debug\Riaszto.a(CySpc.o)
 .debug_info    0x0000cedf      0x11f .\CortexM3\ARM_GCC_541\Debug\Riaszto.a(GSM_DTR.o)
 .debug_info    0x0000cffe       0x8d .\CortexM3\ARM_GCC_541\Debug\Riaszto.a(CyBootAsmGnu.o)

.debug_abbrev   0x00000000     0x381c
 *(.debug_abbrev)
 .debug_abbrev  0x00000000      0x242 .\CortexM3\ARM_GCC_541\Debug\main.o
 .debug_abbrev  0x00000242      0x15b .\CortexM3\ARM_GCC_541\Debug\d1302.o
 .debug_abbrev  0x0000039d      0x1cc .\CortexM3\ARM_GCC_541\Debug\TaskFIFO.o
 .debug_abbrev  0x00000569      0x1df .\CortexM3\ARM_GCC_541\Debug\PeriodicTask.o
 .debug_abbrev  0x00000748      0x12f .\CortexM3\ARM_GCC_541\Debug\Keypad.o
 .debug_abbrev  0x00000877       0xef .\CortexM3\ARM_GCC_541\Debug\hb100movement.o
 .debug_abbrev  0x00000966      0x12f .\CortexM3\ARM_GCC_541\Debug\EEPROM_Helper.o
 .debug_abbrev  0x00000a95      0x18c .\CortexM3\ARM_GCC_541\Debug\GSMHandler.o
 .debug_abbrev  0x00000c21      0x264 .\CortexM3\ARM_GCC_541\Debug\SettingsHelper.o
 .debug_abbrev  0x00000e85      0x20d .\CortexM3\ARM_GCC_541\Debug\cyfitter_cfg.o
 .debug_abbrev  0x00001092       0x77 .\CortexM3\ARM_GCC_541\Debug\cymetadata.o
 .debug_abbrev  0x00001109      0x1e8 .\CortexM3\ARM_GCC_541\Debug\Cm3Start.o
 .debug_abbrev  0x000012f1      0x157 .\CortexM3\ARM_GCC_541\Debug\Riaszto.a(LCD.o)
 .debug_abbrev  0x00001448       0x90 .\CortexM3\ARM_GCC_541\Debug\Riaszto.a(ROW1.o)
 .debug_abbrev  0x000014d8       0x90 .\CortexM3\ARM_GCC_541\Debug\Riaszto.a(ROW2.o)
 .debug_abbrev  0x00001568       0x90 .\CortexM3\ARM_GCC_541\Debug\Riaszto.a(ROW3.o)
 .debug_abbrev  0x000015f8       0x90 .\CortexM3\ARM_GCC_541\Debug\Riaszto.a(ROW4.o)
 .debug_abbrev  0x00001688       0x90 .\CortexM3\ARM_GCC_541\Debug\Riaszto.a(COL1.o)
 .debug_abbrev  0x00001718       0x90 .\CortexM3\ARM_GCC_541\Debug\Riaszto.a(COL2.o)
 .debug_abbrev  0x000017a8       0x90 .\CortexM3\ARM_GCC_541\Debug\Riaszto.a(COL3.o)
 .debug_abbrev  0x00001838       0x90 .\CortexM3\ARM_GCC_541\Debug\Riaszto.a(COL4.o)
 .debug_abbrev  0x000018c8      0x146 .\CortexM3\ARM_GCC_541\Debug\Riaszto.a(SPIM.o)
 .debug_abbrev  0x00001a0e       0x90 .\CortexM3\ARM_GCC_541\Debug\Riaszto.a(SS.o)
 .debug_abbrev  0x00001a9e      0x175 .\CortexM3\ARM_GCC_541\Debug\Riaszto.a(UART.o)
 .debug_abbrev  0x00001c13      0x1ac .\CortexM3\ARM_GCC_541\Debug\Riaszto.a(ADC_SAR_RADAR.o)
 .debug_abbrev  0x00001dbf      0x11a .\CortexM3\ARM_GCC_541\Debug\Riaszto.a(Timer.o)
 .debug_abbrev  0x00001ed9      0x173 .\CortexM3\ARM_GCC_541\Debug\Riaszto.a(isr_Timer.o)
 .debug_abbrev  0x0000204c       0x90 .\CortexM3\ARM_GCC_541\Debug\Riaszto.a(REED_RELAY.o)
 .debug_abbrev  0x000020dc      0x12d .\CortexM3\ARM_GCC_541\Debug\Riaszto.a(PWM_BACKLIGHT.o)
 .debug_abbrev  0x00002209      0x12d .\CortexM3\ARM_GCC_541\Debug\Riaszto.a(PWM_BEEPER.o)
 .debug_abbrev  0x00002336      0x1ac .\CortexM3\ARM_GCC_541\Debug\Riaszto.a(ADC_SAR_PR.o)
 .debug_abbrev  0x000024e2       0x42 .\CortexM3\ARM_GCC_541\Debug\Riaszto.a(ADC_SAR_PR_INT.o)
 .debug_abbrev  0x00002524      0x14e .\CortexM3\ARM_GCC_541\Debug\Riaszto.a(EEPROM.o)
 .debug_abbrev  0x00002672      0x175 .\CortexM3\ARM_GCC_541\Debug\Riaszto.a(UART_GSM.o)
 .debug_abbrev  0x000027e7       0xf7 .\CortexM3\ARM_GCC_541\Debug\Riaszto.a(VDAC8.o)
 .debug_abbrev  0x000028de      0x139 .\CortexM3\ARM_GCC_541\Debug\Riaszto.a(SPIM_IntClock.o)
 .debug_abbrev  0x00002a17      0x139 .\CortexM3\ARM_GCC_541\Debug\Riaszto.a(UART_IntClock.o)
 .debug_abbrev  0x00002b50      0x173 .\CortexM3\ARM_GCC_541\Debug\Riaszto.a(ADC_SAR_RADAR_IRQ.o)
 .debug_abbrev  0x00002cc3      0x121 .\CortexM3\ARM_GCC_541\Debug\Riaszto.a(ADC_SAR_RADAR_theACLK.o)
 .debug_abbrev  0x00002de4      0x121 .\CortexM3\ARM_GCC_541\Debug\Riaszto.a(ADC_SAR_PR_theACLK.o)
 .debug_abbrev  0x00002f05      0x139 .\CortexM3\ARM_GCC_541\Debug\Riaszto.a(UART_GSM_IntClock.o)
 .debug_abbrev  0x0000303e      0x1a7 .\CortexM3\ARM_GCC_541\Debug\Riaszto.a(CyFlash.o)
 .debug_abbrev  0x000031e5      0x254 .\CortexM3\ARM_GCC_541\Debug\Riaszto.a(CyLib.o)
 .debug_abbrev  0x00003439      0x1ab .\CortexM3\ARM_GCC_541\Debug\Riaszto.a(cyPm.o)
 .debug_abbrev  0x000035e4      0x194 .\CortexM3\ARM_GCC_541\Debug\Riaszto.a(CySpc.o)
 .debug_abbrev  0x00003778       0x90 .\CortexM3\ARM_GCC_541\Debug\Riaszto.a(GSM_DTR.o)
 .debug_abbrev  0x00003808       0x14 .\CortexM3\ARM_GCC_541\Debug\Riaszto.a(CyBootAsmGnu.o)

.debug_line     0x00000000     0x553d
 *(.debug_line)
 .debug_line    0x00000000      0x46d .\CortexM3\ARM_GCC_541\Debug\main.o
 .debug_line    0x0000046d      0x26c .\CortexM3\ARM_GCC_541\Debug\d1302.o
 .debug_line    0x000006d9      0x21a .\CortexM3\ARM_GCC_541\Debug\TaskFIFO.o
 .debug_line    0x000008f3      0x24e .\CortexM3\ARM_GCC_541\Debug\PeriodicTask.o
 .debug_line    0x00000b41      0x2aa .\CortexM3\ARM_GCC_541\Debug\Keypad.o
 .debug_line    0x00000deb      0x1ad .\CortexM3\ARM_GCC_541\Debug\hb100movement.o
 .debug_line    0x00000f98      0x1e4 .\CortexM3\ARM_GCC_541\Debug\EEPROM_Helper.o
 .debug_line    0x0000117c      0x244 .\CortexM3\ARM_GCC_541\Debug\GSMHandler.o
 .debug_line    0x000013c0      0x5ac .\CortexM3\ARM_GCC_541\Debug\SettingsHelper.o
 .debug_line    0x0000196c      0x218 .\CortexM3\ARM_GCC_541\Debug\cyfitter_cfg.o
 .debug_line    0x00001b84      0x141 .\CortexM3\ARM_GCC_541\Debug\cymetadata.o
 .debug_line    0x00001cc5      0x234 .\CortexM3\ARM_GCC_541\Debug\Cm3Start.o
 .debug_line    0x00001ef9      0x1dc .\CortexM3\ARM_GCC_541\Debug\Riaszto.a(LCD.o)
 .debug_line    0x000020d5       0x91 .\CortexM3\ARM_GCC_541\Debug\Riaszto.a(ROW1.o)
 .debug_line    0x00002166       0x91 .\CortexM3\ARM_GCC_541\Debug\Riaszto.a(ROW2.o)
 .debug_line    0x000021f7       0x91 .\CortexM3\ARM_GCC_541\Debug\Riaszto.a(ROW3.o)
 .debug_line    0x00002288       0x91 .\CortexM3\ARM_GCC_541\Debug\Riaszto.a(ROW4.o)
 .debug_line    0x00002319       0x91 .\CortexM3\ARM_GCC_541\Debug\Riaszto.a(COL1.o)
 .debug_line    0x000023aa       0x91 .\CortexM3\ARM_GCC_541\Debug\Riaszto.a(COL2.o)
 .debug_line    0x0000243b       0x91 .\CortexM3\ARM_GCC_541\Debug\Riaszto.a(COL3.o)
 .debug_line    0x000024cc       0x91 .\CortexM3\ARM_GCC_541\Debug\Riaszto.a(COL4.o)
 .debug_line    0x0000255d      0x265 .\CortexM3\ARM_GCC_541\Debug\Riaszto.a(SPIM.o)
 .debug_line    0x000027c2       0x8f .\CortexM3\ARM_GCC_541\Debug\Riaszto.a(SS.o)
 .debug_line    0x00002851      0x2bc .\CortexM3\ARM_GCC_541\Debug\Riaszto.a(UART.o)
 .debug_line    0x00002b0d      0x228 .\CortexM3\ARM_GCC_541\Debug\Riaszto.a(ADC_SAR_RADAR.o)
 .debug_line    0x00002d35      0x153 .\CortexM3\ARM_GCC_541\Debug\Riaszto.a(Timer.o)
 .debug_line    0x00002e88      0x136 .\CortexM3\ARM_GCC_541\Debug\Riaszto.a(isr_Timer.o)
 .debug_line    0x00002fbe       0x97 .\CortexM3\ARM_GCC_541\Debug\Riaszto.a(REED_RELAY.o)
 .debug_line    0x00003055      0x13b .\CortexM3\ARM_GCC_541\Debug\Riaszto.a(PWM_BACKLIGHT.o)
 .debug_line    0x00003190      0x138 .\CortexM3\ARM_GCC_541\Debug\Riaszto.a(PWM_BEEPER.o)
 .debug_line    0x000032c8      0x222 .\CortexM3\ARM_GCC_541\Debug\Riaszto.a(ADC_SAR_PR.o)
 .debug_line    0x000034ea       0x57 .\CortexM3\ARM_GCC_541\Debug\Riaszto.a(ADC_SAR_PR_INT.o)
 .debug_line    0x00003541      0x264 .\CortexM3\ARM_GCC_541\Debug\Riaszto.a(EEPROM.o)
 .debug_line    0x000037a5      0x2c4 .\CortexM3\ARM_GCC_541\Debug\Riaszto.a(UART_GSM.o)
 .debug_line    0x00003a69       0xe2 .\CortexM3\ARM_GCC_541\Debug\Riaszto.a(VDAC8.o)
 .debug_line    0x00003b4b      0x17c .\CortexM3\ARM_GCC_541\Debug\Riaszto.a(SPIM_IntClock.o)
 .debug_line    0x00003cc7      0x17c .\CortexM3\ARM_GCC_541\Debug\Riaszto.a(UART_IntClock.o)
 .debug_line    0x00003e43      0x13e .\CortexM3\ARM_GCC_541\Debug\Riaszto.a(ADC_SAR_RADAR_IRQ.o)
 .debug_line    0x00003f81      0x1a7 .\CortexM3\ARM_GCC_541\Debug\Riaszto.a(ADC_SAR_RADAR_theACLK.o)
 .debug_line    0x00004128      0x1a4 .\CortexM3\ARM_GCC_541\Debug\Riaszto.a(ADC_SAR_PR_theACLK.o)
 .debug_line    0x000042cc      0x180 .\CortexM3\ARM_GCC_541\Debug\Riaszto.a(UART_GSM_IntClock.o)
 .debug_line    0x0000444c      0x21a .\CortexM3\ARM_GCC_541\Debug\Riaszto.a(CyFlash.o)
 .debug_line    0x00004666      0x816 .\CortexM3\ARM_GCC_541\Debug\Riaszto.a(CyLib.o)
 .debug_line    0x00004e7c      0x367 .\CortexM3\ARM_GCC_541\Debug\Riaszto.a(cyPm.o)
 .debug_line    0x000051e3      0x260 .\CortexM3\ARM_GCC_541\Debug\Riaszto.a(CySpc.o)
 .debug_line    0x00005443       0x94 .\CortexM3\ARM_GCC_541\Debug\Riaszto.a(GSM_DTR.o)
 .debug_line    0x000054d7       0x66 .\CortexM3\ARM_GCC_541\Debug\Riaszto.a(CyBootAsmGnu.o)

.debug_frame    0x00000000     0x387c
 *(.debug_frame)
 .debug_frame   0x00000000      0x208 .\CortexM3\ARM_GCC_541\Debug\main.o
 .debug_frame   0x00000208      0x13c .\CortexM3\ARM_GCC_541\Debug\d1302.o
 .debug_frame   0x00000344       0xb8 .\CortexM3\ARM_GCC_541\Debug\TaskFIFO.o
 .debug_frame   0x000003fc       0xe8 .\CortexM3\ARM_GCC_541\Debug\PeriodicTask.o
 .debug_frame   0x000004e4       0x68 .\CortexM3\ARM_GCC_541\Debug\Keypad.o
 .debug_frame   0x0000054c       0x54 .\CortexM3\ARM_GCC_541\Debug\hb100movement.o
 .debug_frame   0x000005a0       0xcc .\CortexM3\ARM_GCC_541\Debug\EEPROM_Helper.o
 .debug_frame   0x0000066c       0xf0 .\CortexM3\ARM_GCC_541\Debug\GSMHandler.o
 .debug_frame   0x0000075c      0x364 .\CortexM3\ARM_GCC_541\Debug\SettingsHelper.o
 .debug_frame   0x00000ac0       0xfc .\CortexM3\ARM_GCC_541\Debug\cyfitter_cfg.o
 .debug_frame   0x00000bbc       0xb8 .\CortexM3\ARM_GCC_541\Debug\Cm3Start.o
 .debug_frame   0x00000c74      0x1e8 .\CortexM3\ARM_GCC_541\Debug\Riaszto.a(LCD.o)
 .debug_frame   0x00000e5c       0x50 .\CortexM3\ARM_GCC_541\Debug\Riaszto.a(ROW1.o)
 .debug_frame   0x00000eac       0x50 .\CortexM3\ARM_GCC_541\Debug\Riaszto.a(ROW2.o)
 .debug_frame   0x00000efc       0x50 .\CortexM3\ARM_GCC_541\Debug\Riaszto.a(ROW3.o)
 .debug_frame   0x00000f4c       0x50 .\CortexM3\ARM_GCC_541\Debug\Riaszto.a(ROW4.o)
 .debug_frame   0x00000f9c       0x50 .\CortexM3\ARM_GCC_541\Debug\Riaszto.a(COL1.o)
 .debug_frame   0x00000fec       0x50 .\CortexM3\ARM_GCC_541\Debug\Riaszto.a(COL2.o)
 .debug_frame   0x0000103c       0x50 .\CortexM3\ARM_GCC_541\Debug\Riaszto.a(COL3.o)
 .debug_frame   0x0000108c       0x50 .\CortexM3\ARM_GCC_541\Debug\Riaszto.a(COL4.o)
 .debug_frame   0x000010dc      0x208 .\CortexM3\ARM_GCC_541\Debug\Riaszto.a(SPIM.o)
 .debug_frame   0x000012e4       0x50 .\CortexM3\ARM_GCC_541\Debug\Riaszto.a(SS.o)
 .debug_frame   0x00001334      0x250 .\CortexM3\ARM_GCC_541\Debug\Riaszto.a(UART.o)
 .debug_frame   0x00001584      0x1b4 .\CortexM3\ARM_GCC_541\Debug\Riaszto.a(ADC_SAR_RADAR.o)
 .debug_frame   0x00001738      0x108 .\CortexM3\ARM_GCC_541\Debug\Riaszto.a(Timer.o)
 .debug_frame   0x00001840      0x104 .\CortexM3\ARM_GCC_541\Debug\Riaszto.a(isr_Timer.o)
 .debug_frame   0x00001944       0x50 .\CortexM3\ARM_GCC_541\Debug\Riaszto.a(REED_RELAY.o)
 .debug_frame   0x00001994       0xe8 .\CortexM3\ARM_GCC_541\Debug\Riaszto.a(PWM_BACKLIGHT.o)
 .debug_frame   0x00001a7c       0xe8 .\CortexM3\ARM_GCC_541\Debug\Riaszto.a(PWM_BEEPER.o)
 .debug_frame   0x00001b64      0x1b0 .\CortexM3\ARM_GCC_541\Debug\Riaszto.a(ADC_SAR_PR.o)
 .debug_frame   0x00001d14       0x20 .\CortexM3\ARM_GCC_541\Debug\Riaszto.a(ADC_SAR_PR_INT.o)
 .debug_frame   0x00001d34      0x17c .\CortexM3\ARM_GCC_541\Debug\Riaszto.a(EEPROM.o)
 .debug_frame   0x00001eb0      0x250 .\CortexM3\ARM_GCC_541\Debug\Riaszto.a(UART_GSM.o)
 .debug_frame   0x00002100       0xb4 .\CortexM3\ARM_GCC_541\Debug\Riaszto.a(VDAC8.o)
 .debug_frame   0x000021b4       0xe0 .\CortexM3\ARM_GCC_541\Debug\Riaszto.a(SPIM_IntClock.o)
 .debug_frame   0x00002294       0xe0 .\CortexM3\ARM_GCC_541\Debug\Riaszto.a(UART_IntClock.o)
 .debug_frame   0x00002374      0x104 .\CortexM3\ARM_GCC_541\Debug\Riaszto.a(ADC_SAR_RADAR_IRQ.o)
 .debug_frame   0x00002478      0x100 .\CortexM3\ARM_GCC_541\Debug\Riaszto.a(ADC_SAR_RADAR_theACLK.o)
 .debug_frame   0x00002578      0x100 .\CortexM3\ARM_GCC_541\Debug\Riaszto.a(ADC_SAR_PR_theACLK.o)
 .debug_frame   0x00002678       0xe0 .\CortexM3\ARM_GCC_541\Debug\Riaszto.a(UART_GSM_IntClock.o)
 .debug_frame   0x00002758      0x194 .\CortexM3\ARM_GCC_541\Debug\Riaszto.a(CyFlash.o)
 .debug_frame   0x000028ec      0x738 .\CortexM3\ARM_GCC_541\Debug\Riaszto.a(CyLib.o)
 .debug_frame   0x00003024      0x1f8 .\CortexM3\ARM_GCC_541\Debug\Riaszto.a(cyPm.o)
 .debug_frame   0x0000321c      0x180 .\CortexM3\ARM_GCC_541\Debug\Riaszto.a(CySpc.o)
 .debug_frame   0x0000339c       0x50 .\CortexM3\ARM_GCC_541\Debug\Riaszto.a(GSM_DTR.o)
 .debug_frame   0x000033ec       0x44 c:/program files (x86)/cypress/psoc creator/4.4/psoc creator/import/gnu/arm/5.4.1/bin/../lib/gcc/arm-none-eabi/5.4.1/armv7-m\libgcc.a(_aeabi_ldivmod.o)
 .debug_frame   0x00003430       0x38 c:/program files (x86)/cypress/psoc creator/4.4/psoc creator/import/gnu/arm/5.4.1/bin/../lib/gcc/arm-none-eabi/5.4.1/armv7-m\libgcc.a(_udivmoddi4.o)
 .debug_frame   0x00003468       0x20 c:/program files (x86)/cypress/psoc creator/4.4/psoc creator/import/gnu/arm/5.4.1/bin/../lib/gcc/arm-none-eabi/5.4.1/../../../../arm-none-eabi/lib/armv7-m\libg_nano.a(lib_a-errno.o)
 .debug_frame   0x00003488       0x28 c:/program files (x86)/cypress/psoc creator/4.4/psoc creator/import/gnu/arm/5.4.1/bin/../lib/gcc/arm-none-eabi/5.4.1/../../../../arm-none-eabi/lib/armv7-m\libg_nano.a(lib_a-exit.o)
 .debug_frame   0x000034b0       0x2c c:/program files (x86)/cypress/psoc creator/4.4/psoc creator/import/gnu/arm/5.4.1/bin/../lib/gcc/arm-none-eabi/5.4.1/../../../../arm-none-eabi/lib/armv7-m\libg_nano.a(lib_a-init.o)
 .debug_frame   0x000034dc       0x30 c:/program files (x86)/cypress/psoc creator/4.4/psoc creator/import/gnu/arm/5.4.1/bin/../lib/gcc/arm-none-eabi/5.4.1/../../../../arm-none-eabi/lib/armv7-m\libg_nano.a(lib_a-malloc.o)
 .debug_frame   0x0000350c       0x28 c:/program files (x86)/cypress/psoc creator/4.4/psoc creator/import/gnu/arm/5.4.1/bin/../lib/gcc/arm-none-eabi/5.4.1/../../../../arm-none-eabi/lib/armv7-m\libg_nano.a(lib_a-memcpy-stub.o)
 .debug_frame   0x00003534       0x20 c:/program files (x86)/cypress/psoc creator/4.4/psoc creator/import/gnu/arm/5.4.1/bin/../lib/gcc/arm-none-eabi/5.4.1/../../../../arm-none-eabi/lib/armv7-m\libg_nano.a(lib_a-memset.o)
 .debug_frame   0x00003554       0x38 c:/program files (x86)/cypress/psoc creator/4.4/psoc creator/import/gnu/arm/5.4.1/bin/../lib/gcc/arm-none-eabi/5.4.1/../../../../arm-none-eabi/lib/armv7-m\libg_nano.a(lib_a-nano-freer.o)
 .debug_frame   0x0000358c       0x2c c:/program files (x86)/cypress/psoc creator/4.4/psoc creator/import/gnu/arm/5.4.1/bin/../lib/gcc/arm-none-eabi/5.4.1/../../../../arm-none-eabi/lib/armv7-m\libg_nano.a(lib_a-nano-mallocr.o)
 .debug_frame   0x000035b8       0x2c c:/program files (x86)/cypress/psoc creator/4.4/psoc creator/import/gnu/arm/5.4.1/bin/../lib/gcc/arm-none-eabi/5.4.1/../../../../arm-none-eabi/lib/armv7-m\libg_nano.a(lib_a-sbrkr.o)
 .debug_frame   0x000035e4       0x70 c:/program files (x86)/cypress/psoc creator/4.4/psoc creator/import/gnu/arm/5.4.1/bin/../lib/gcc/arm-none-eabi/5.4.1/../../../../arm-none-eabi/lib/armv7-m\libg_nano.a(lib_a-sprintf.o)
 .debug_frame   0x00003654       0x30 c:/program files (x86)/cypress/psoc creator/4.4/psoc creator/import/gnu/arm/5.4.1/bin/../lib/gcc/arm-none-eabi/5.4.1/../../../../arm-none-eabi/lib/armv7-m\libg_nano.a(lib_a-mlock.o)
 .debug_frame   0x00003684       0x90 c:/program files (x86)/cypress/psoc creator/4.4/psoc creator/import/gnu/arm/5.4.1/bin/../lib/gcc/arm-none-eabi/5.4.1/../../../../arm-none-eabi/lib/armv7-m\libg_nano.a(lib_a-nano-svfprintf.o)
 .debug_frame   0x00003714       0x60 c:/program files (x86)/cypress/psoc creator/4.4/psoc creator/import/gnu/arm/5.4.1/bin/../lib/gcc/arm-none-eabi/5.4.1/../../../../arm-none-eabi/lib/armv7-m\libg_nano.a(lib_a-nano-vfprintf_i.o)
 .debug_frame   0x00003774       0x5c c:/program files (x86)/cypress/psoc creator/4.4/psoc creator/import/gnu/arm/5.4.1/bin/../lib/gcc/arm-none-eabi/5.4.1/../../../../arm-none-eabi/lib/armv7-m\libg_nano.a(lib_a-reent.o)
 .debug_frame   0x000037d0       0x28 c:/program files (x86)/cypress/psoc creator/4.4/psoc creator/import/gnu/arm/5.4.1/bin/../lib/gcc/arm-none-eabi/5.4.1/../../../../arm-none-eabi/lib/armv7-m\libg_nano.a(lib_a-memchr-stub.o)
 .debug_frame   0x000037f8       0x28 c:/program files (x86)/cypress/psoc creator/4.4/psoc creator/import/gnu/arm/5.4.1/bin/../lib/gcc/arm-none-eabi/5.4.1/../../../../arm-none-eabi/lib/armv7-m\libg_nano.a(lib_a-memmove.o)
 .debug_frame   0x00003820       0x3c c:/program files (x86)/cypress/psoc creator/4.4/psoc creator/import/gnu/arm/5.4.1/bin/../lib/gcc/arm-none-eabi/5.4.1/../../../../arm-none-eabi/lib/armv7-m\libg_nano.a(lib_a-nano-reallocr.o)
 .debug_frame   0x0000385c       0x20 c:/program files (x86)/cypress/psoc creator/4.4/psoc creator/import/gnu/arm/5.4.1/bin/../lib/gcc/arm-none-eabi/5.4.1/../../../../arm-none-eabi/lib/armv7-m\libg_nano.a(lib_a-nano-msizer.o)

.debug_str      0x00000000     0x3f7c
 *(.debug_str)
 .debug_str     0x00000000      0x856 .\CortexM3\ARM_GCC_541\Debug\main.o
                                0x8fe (size before relaxing)
 .debug_str     0x00000856      0x119 .\CortexM3\ARM_GCC_541\Debug\d1302.o
                                0x2f7 (size before relaxing)
 .debug_str     0x0000096f       0x6d .\CortexM3\ARM_GCC_541\Debug\TaskFIFO.o
                                0x308 (size before relaxing)
 .debug_str     0x000009dc       0x2f .\CortexM3\ARM_GCC_541\Debug\PeriodicTask.o
                                0x315 (size before relaxing)
 .debug_str     0x00000a0b       0xb5 .\CortexM3\ARM_GCC_541\Debug\Keypad.o
                                0x293 (size before relaxing)
 .debug_str     0x00000ac0       0x8d .\CortexM3\ARM_GCC_541\Debug\hb100movement.o
                                0x250 (size before relaxing)
 .debug_str     0x00000b4d       0xb1 .\CortexM3\ARM_GCC_541\Debug\EEPROM_Helper.o
                                0x26d (size before relaxing)
 .debug_str     0x00000bfe       0xcf .\CortexM3\ARM_GCC_541\Debug\GSMHandler.o
                                0x326 (size before relaxing)
 .debug_str     0x00000ccd      0x2ca .\CortexM3\ARM_GCC_541\Debug\SettingsHelper.o
                                0x668 (size before relaxing)
 .debug_str     0x00000f97      0x193 .\CortexM3\ARM_GCC_541\Debug\cyfitter_cfg.o
                                0x34b (size before relaxing)
 .debug_str     0x0000112a       0x7f .\CortexM3\ARM_GCC_541\Debug\cymetadata.o
                                0x1e1 (size before relaxing)
 .debug_str     0x000011a9      0x13f .\CortexM3\ARM_GCC_541\Debug\Cm3Start.o
                                0x307 (size before relaxing)
 .debug_str     0x000012e8      0x11b .\CortexM3\ARM_GCC_541\Debug\Riaszto.a(LCD.o)
                                0x328 (size before relaxing)
 .debug_str     0x00001403       0x56 .\CortexM3\ARM_GCC_541\Debug\Riaszto.a(ROW1.o)
                                0x1da (size before relaxing)
 .debug_str     0x00001459       0x4b .\CortexM3\ARM_GCC_541\Debug\Riaszto.a(ROW2.o)
                                0x1da (size before relaxing)
 .debug_str     0x000014a4       0x4b .\CortexM3\ARM_GCC_541\Debug\Riaszto.a(ROW3.o)
                                0x1da (size before relaxing)
 .debug_str     0x000014ef       0x4b .\CortexM3\ARM_GCC_541\Debug\Riaszto.a(ROW4.o)
                                0x1da (size before relaxing)
 .debug_str     0x0000153a       0x4c .\CortexM3\ARM_GCC_541\Debug\Riaszto.a(COL1.o)
                                0x1da (size before relaxing)
 .debug_str     0x00001586       0x4c .\CortexM3\ARM_GCC_541\Debug\Riaszto.a(COL2.o)
                                0x1da (size before relaxing)
 .debug_str     0x000015d2       0x4c .\CortexM3\ARM_GCC_541\Debug\Riaszto.a(COL3.o)
                                0x1da (size before relaxing)
 .debug_str     0x0000161e       0x4c .\CortexM3\ARM_GCC_541\Debug\Riaszto.a(COL4.o)
                                0x1da (size before relaxing)
 .debug_str     0x0000166a      0x21b .\CortexM3\ARM_GCC_541\Debug\Riaszto.a(SPIM.o)
                                0x426 (size before relaxing)
 .debug_str     0x00001885       0x43 .\CortexM3\ARM_GCC_541\Debug\Riaszto.a(SS.o)
                                0x1d0 (size before relaxing)
 .debug_str     0x000018c8      0x21f .\CortexM3\ARM_GCC_541\Debug\Riaszto.a(UART.o)
                                0x472 (size before relaxing)
 .debug_str     0x00001ae7      0x2a4 .\CortexM3\ARM_GCC_541\Debug\Riaszto.a(ADC_SAR_RADAR.o)
                                0x51e (size before relaxing)
 .debug_str     0x00001d8b      0x10e .\CortexM3\ARM_GCC_541\Debug\Riaszto.a(Timer.o)
                                0x2f2 (size before relaxing)