Archive member included to satisfy reference by file (symbol)

.\CortexM3\ARM_GCC_541\Debug\Riaszto.a(LCD.o)
                              .\CortexM3\ARM_GCC_541\Debug\main.o (LCD_PrintString)
.\CortexM3\ARM_GCC_541\Debug\Riaszto.a(ROW1.o)
                              .\CortexM3\ARM_GCC_541\Debug\Keypad.o (ROW1_Write)
.\CortexM3\ARM_GCC_541\Debug\Riaszto.a(ROW2.o)
                              .\CortexM3\ARM_GCC_541\Debug\Keypad.o (ROW2_Write)
.\CortexM3\ARM_GCC_541\Debug\Riaszto.a(ROW3.o)
                              .\CortexM3\ARM_GCC_541\Debug\Keypad.o (ROW3_Write)
.\CortexM3\ARM_GCC_541\Debug\Riaszto.a(ROW4.o)
                              .\CortexM3\ARM_GCC_541\Debug\Keypad.o (ROW4_Write)
.\CortexM3\ARM_GCC_541\Debug\Riaszto.a(COL1.o)
                              .\CortexM3\ARM_GCC_541\Debug\Keypad.o (COL1_Read)
.\CortexM3\ARM_GCC_541\Debug\Riaszto.a(COL2.o)
                              .\CortexM3\ARM_GCC_541\Debug\Keypad.o (COL2_Read)
.\CortexM3\ARM_GCC_541\Debug\Riaszto.a(COL3.o)
                              .\CortexM3\ARM_GCC_541\Debug\Keypad.o (COL3_Read)
.\CortexM3\ARM_GCC_541\Debug\Riaszto.a(COL4.o)
                              .\CortexM3\ARM_GCC_541\Debug\Keypad.o (COL4_Read)
.\CortexM3\ARM_GCC_541\Debug\Riaszto.a(SPIM.o)
                              .\CortexM3\ARM_GCC_541\Debug\d1302.o (SPIM_ReadTxStatus)
.\CortexM3\ARM_GCC_541\Debug\Riaszto.a(SS.o)
                              .\CortexM3\ARM_GCC_541\Debug\d1302.o (SS_Write)
.\CortexM3\ARM_GCC_541\Debug\Riaszto.a(UART.o)
                              .\CortexM3\ARM_GCC_541\Debug\main.o (UART_Start)
.\CortexM3\ARM_GCC_541\Debug\Riaszto.a(RADAR.o)
                              .\CortexM3\ARM_GCC_541\Debug\main.o (RADAR_Read)
.\CortexM3\ARM_GCC_541\Debug\Riaszto.a(Timer.o)
                              .\CortexM3\ARM_GCC_541\Debug\main.o (Timer_ReadStatusRegister)
.\CortexM3\ARM_GCC_541\Debug\Riaszto.a(isr_Timer.o)
                              .\CortexM3\ARM_GCC_541\Debug\main.o (isr_Timer_StartEx)
.\CortexM3\ARM_GCC_541\Debug\Riaszto.a(REED_RELAY.o)
                              .\CortexM3\ARM_GCC_541\Debug\main.o (REED_RELAY_Read)
.\CortexM3\ARM_GCC_541\Debug\Riaszto.a(PWM_BACKLIGHT.o)
                              .\CortexM3\ARM_GCC_541\Debug\main.o (PWM_BACKLIGHT_WriteCompare)
.\CortexM3\ARM_GCC_541\Debug\Riaszto.a(PWM_BEEPER.o)
                              .\CortexM3\ARM_GCC_541\Debug\main.o (PWM_BEEPER_Stop)
.\CortexM3\ARM_GCC_541\Debug\Riaszto.a(ADC_SAR_PR.o)
                              .\CortexM3\ARM_GCC_541\Debug\main.o (ADC_SAR_PR_Start)
.\CortexM3\ARM_GCC_541\Debug\Riaszto.a(ADC_SAR_PR_INT.o)
                              .\CortexM3\ARM_GCC_541\Debug\Riaszto.a(ADC_SAR_PR.o) (ADC_SAR_PR_ISR)
.\CortexM3\ARM_GCC_541\Debug\Riaszto.a(EEPROM.o)
                              .\CortexM3\ARM_GCC_541\Debug\main.o (EEPROM_Start)
.\CortexM3\ARM_GCC_541\Debug\Riaszto.a(UART_GSM.o)
                              .\CortexM3\ARM_GCC_541\Debug\main.o (UART_GSM_Start)
.\CortexM3\ARM_GCC_541\Debug\Riaszto.a(VDAC8.o)
                              .\CortexM3\ARM_GCC_541\Debug\main.o (VDAC8_Start)
.\CortexM3\ARM_GCC_541\Debug\Riaszto.a(SPIM_IntClock.o)
                              .\CortexM3\ARM_GCC_541\Debug\Riaszto.a(SPIM.o) (SPIM_IntClock_Start)
.\CortexM3\ARM_GCC_541\Debug\Riaszto.a(UART_IntClock.o)
                              .\CortexM3\ARM_GCC_541\Debug\Riaszto.a(UART.o) (UART_IntClock_Start)
.\CortexM3\ARM_GCC_541\Debug\Riaszto.a(ADC_SAR_PR_theACLK.o)
                              .\CortexM3\ARM_GCC_541\Debug\Riaszto.a(ADC_SAR_PR.o) (ADC_SAR_PR_theACLK_SetModeRegister)
.\CortexM3\ARM_GCC_541\Debug\Riaszto.a(UART_GSM_IntClock.o)
                              .\CortexM3\ARM_GCC_541\Debug\Riaszto.a(UART_GSM.o) (UART_GSM_IntClock_Start)
.\CortexM3\ARM_GCC_541\Debug\Riaszto.a(CyFlash.o)
                              .\CortexM3\ARM_GCC_541\Debug\Riaszto.a(EEPROM.o) (dieTemperature)
.\CortexM3\ARM_GCC_541\Debug\Riaszto.a(CyLib.o)
                              .\CortexM3\ARM_GCC_541\Debug\Cm3Start.o (CyHalt)
.\CortexM3\ARM_GCC_541\Debug\Riaszto.a(cyPm.o)
                              .\CortexM3\ARM_GCC_541\Debug\Riaszto.a(CyLib.o) (CyPmReadStatus)
.\CortexM3\ARM_GCC_541\Debug\Riaszto.a(CySpc.o)
                              .\CortexM3\ARM_GCC_541\Debug\Riaszto.a(EEPROM.o) (CySpcStart)
.\CortexM3\ARM_GCC_541\Debug\Riaszto.a(GSM_DTR.o)
                              .\CortexM3\ARM_GCC_541\Debug\main.o (GSM_DTR_Write)
.\CortexM3\ARM_GCC_541\Debug\Riaszto.a(UART_ESP.o)
                              .\CortexM3\ARM_GCC_541\Debug\main.o (UART_ESP_Start)
.\CortexM3\ARM_GCC_541\Debug\Riaszto.a(VDAC8_ESP.o)
                              .\CortexM3\ARM_GCC_541\Debug\main.o (VDAC8_ESP_Start)
.\CortexM3\ARM_GCC_541\Debug\Riaszto.a(UART_ESP_IntClock.o)
                              .\CortexM3\ARM_GCC_541\Debug\Riaszto.a(UART_ESP.o) (UART_ESP_IntClock_Start)
.\CortexM3\ARM_GCC_541\Debug\Riaszto.a(CyBootAsmGnu.o)
[...]
Memory Configuration

Name             Origin             Length             Attributes
rom              0x00000000         0x00040000         xr
ram              0x1fff8000         0x00010000         xrw
*default*        0x00000000         0xffffffff

Linker script and memory map

LOAD c:/program files (x86)/cypress/psoc creator/4.4/psoc creator/import/gnu/arm/5.4.1/bin/../lib/gcc/arm-none-eabi/5.4.1/armv7-m/crti.o
LOAD c:/program files (x86)/cypress/psoc creator/4.4/psoc creator/import/gnu/arm/5.4.1/bin/../lib/gcc/arm-none-eabi/5.4.1/armv7-m/crtbegin.o
LOAD c:/program files (x86)/cypress/psoc creator/4.4/psoc creator/import/gnu/arm/5.4.1/bin/../lib/gcc/arm-none-eabi/5.4.1/../../../../arm-none-eabi/lib/armv7-m/crt0.o
START GROUP
LOAD .\CortexM3\ARM_GCC_541\Debug\main.o
LOAD .\CortexM3\ARM_GCC_541\Debug\d1302.o
LOAD .\CortexM3\ARM_GCC_541\Debug\TaskFIFO.o
LOAD .\CortexM3\ARM_GCC_541\Debug\PeriodicTask.o
LOAD .\CortexM3\ARM_GCC_541\Debug\Keypad.o
LOAD .\CortexM3\ARM_GCC_541\Debug\hb100movement.o
LOAD .\CortexM3\ARM_GCC_541\Debug\EEPROM_Helper.o
LOAD .\CortexM3\ARM_GCC_541\Debug\GSMHandler.o
LOAD .\CortexM3\ARM_GCC_541\Debug\SettingsHelper.o
LOAD .\CortexM3\ARM_GCC_541\Debug\ESP_API.o
LOAD .\CortexM3\ARM_GCC_541\Debug\cyfitter_cfg.o
LOAD .\CortexM3\ARM_GCC_541\Debug\cymetadata.o
LOAD .\CortexM3\ARM_GCC_541\Debug\Cm3Start.o
LOAD .\CortexM3\ARM_GCC_541\Debug\Riaszto.a
LOAD C:\Program Files (x86)\Cypress\PSoC Creator\4.4\PSoC Creator\psoc\content\cycomponentlibrary\CyComponentLibrary.cylib\CortexM3\ARM_GCC_541\Debug\CyComponentLibrary.a
END GROUP
START GROUP
LOAD c:/program files (x86)/cypress/psoc creator/4.4/psoc creator/import/gnu/arm/5.4.1/bin/../lib/gcc/arm-none-eabi/5.4.1/armv7-m\libgcc.a
LOAD c:/program files (x86)/cypress/psoc creator/4.4/psoc creator/import/gnu/arm/5.4.1/bin/../lib/gcc/arm-none-eabi/5.4.1/../../../../arm-none-eabi/lib/armv7-m\libg_nano.a
LOAD c:/program files (x86)/cypress/psoc creator/4.4/psoc creator/import/gnu/arm/5.4.1/bin/../lib/gcc/arm-none-eabi/5.4.1/../../../../arm-none-eabi/lib/armv7-m\libc_nano.a
END GROUP
START GROUP
LOAD c:/program files (x86)/cypress/psoc creator/4.4/psoc creator/import/gnu/arm/5.4.1/bin/../lib/gcc/arm-none-eabi/5.4.1/armv7-m\libgcc.a
LOAD c:/program files (x86)/cypress/psoc creator/4.4/psoc creator/import/gnu/arm/5.4.1/bin/../lib/gcc/arm-none-eabi/5.4.1/../../../../arm-none-eabi/lib/armv7-m\libc_nano.a
END GROUP
LOAD c:/program files (x86)/cypress/psoc creator/4.4/psoc creator/import/gnu/arm/5.4.1/bin/../lib/gcc/arm-none-eabi/5.4.1/armv7-m/crtend.o
LOAD c:/program files (x86)/cypress/psoc creator/4.4/psoc creator/import/gnu/arm/5.4.1/bin/../lib/gcc/arm-none-eabi/5.4.1/armv7-m/crtn.o
START GROUP
LOAD c:/program files (x86)/cypress/psoc creator/4.4/psoc creator/import/gnu/arm/5.4.1/bin/../lib/gcc/arm-none-eabi/5.4.1/armv7-m\libgcc.a
LOAD c:/program files (x86)/cypress/psoc creator/4.4/psoc creator/import/gnu/arm/5.4.1/bin/../lib/gcc/arm-none-eabi/5.4.1/../../../../arm-none-eabi/lib/armv7-m\libc.a
LOAD c:/program files (x86)/cypress/psoc creator/4.4/psoc creator/import/gnu/arm/5.4.1/bin/../lib/gcc/arm-none-eabi/5.4.1/../../../../arm-none-eabi/lib/armv7-m\libnosys.a
END GROUP
                0x00000000                CY_APPL_ORIGIN = 0x0
                0x00000100                CY_FLASH_ROW_SIZE = 0x100
                0x00000020                CY_ECC_ROW_SIZE = 0x20
                0x00000000                CY_EE_IN_BTLDR = 0x0
                0x00000000                CY_APPL_LOADABLE = 0x0
                0x00000800                CY_EE_SIZE = 0x800
                0x00000001                CY_APPL_NUM = 0x1
                0x00000001                CY_APPL_MAX = 0x1
                0x00000040                CY_METADATA_SIZE = 0x40
                0x00000000                CY_APPL_LOADABLE = 0x0
                0x00000000                CY_CHECKSUM_EXCLUDE_SIZE = ALIGN (0x0, CY_FLASH_ROW_SIZE)
                [!provide]                PROVIDE (__cy_heap_start, _end)
                0x00000001                PROVIDE (__cy_region_num, ((__cy_regions_end - __cy_regions) / 0x10))
                0x20008000                PROVIDE (__cy_stack, (ORIGIN (ram) + LENGTH (ram)))
                [!provide]                PROVIDE (__cy_heap_end, (__cy_stack - 0x1000))

.cybootloader   0x00000000        0x0
 *(.cybootloader)
                0x00000000                appl1_start = CY_APPL_ORIGIN?CY_APPL_ORIGIN:ALIGN (CY_FLASH_ROW_SIZE)
                0x0001ff00                appl2_start = (appl1_start + ALIGN ((((LENGTH (rom) - appl1_start) - (0x2 * CY_FLASH_ROW_SIZE)) / 0x2), CY_FLASH_ROW_SIZE))
                0x00000000                appl_start = (CY_APPL_NUM == 0x1)?appl1_start:appl2_start
                0x00000000                ecc_offset = ((appl_start / CY_FLASH_ROW_SIZE) * CY_ECC_ROW_SIZE)
                0x00000000                ee_offset = (CY_APPL_LOADABLE && ! (CY_EE_IN_BTLDR))?((CY_EE_SIZE / CY_APPL_MAX) * (CY_APPL_NUM - 0x1)):0x0
                0x00000800                ee_size = (CY_APPL_LOADABLE && ! (CY_EE_IN_BTLDR))?(CY_EE_SIZE / CY_APPL_MAX):CY_EE_SIZE
                [!provide]                PROVIDE (CY_ECC_OFFSET, ecc_offset)

.text           0x00000000     0x3f5e
 CREATE_OBJECT_SYMBOLS
                0x00000000                PROVIDE (__cy_interrupt_vector, RomVectors)
 *(.romvectors)
 .romvectors    0x00000000       0x10 .\CortexM3\ARM_GCC_541\Debug\Cm3Start.o
                0x00000000                RomVectors
                0x00000001                ASSERT ((. != __cy_interrupt_vector), No interrupt vector)
                0x00000001                ASSERT (CY_APPL_ORIGIN?(SIZEOF (.cybootloader) <= CY_APPL_ORIGIN):0x1, Wrong image location)
                0x00000010                PROVIDE (__cy_reset, Reset)
 *(.text.Reset)
 .text.Reset    0x00000010       0x18 .\CortexM3\ARM_GCC_541\Debug\Cm3Start.o
                0x00000010                Reset
                0x00000001                ASSERT ((. != __cy_reset), No reset code)
 *(.dma_init)
                0x00000001                ASSERT ((((appl_start + .) <= 0x10000) || 0x1), DMA Init must be within the first 64k of flash)
 *(.text .text.* .gnu.linkonce.t.*)
 .text          0x00000028       0x5c c:/program files (x86)/cypress/psoc creator/4.4/psoc creator/import/gnu/arm/5.4.1/bin/../lib/gcc/arm-none-eabi/5.4.1/armv7-m/crtbegin.o
 .text.start_tone
                0x00000084       0x28 .\CortexM3\ARM_GCC_541\Debug\main.o
                0x00000084                start_tone
 .text.noTone   0x000000ac       0x10 .\CortexM3\ARM_GCC_541\Debug\main.o
                0x000000ac                noTone
 .text.TIMER_ISR
                0x000000bc       0x30 .\CortexM3\ARM_GCC_541\Debug\main.o
                0x000000bc                TIMER_ISR
 .text.check_photoresistor
                0x000000ec       0x5c .\CortexM3\ARM_GCC_541\Debug\main.o
                0x000000ec                check_photoresistor
 .text.change_backlight_with_light
                0x00000148       0x6c .\CortexM3\ARM_GCC_541\Debug\main.o
                0x00000148                change_backlight_with_light
 .text.print_time_to_lcd
                0x000001b4       0x24 .\CortexM3\ARM_GCC_541\Debug\main.o
                0x000001b4                print_time_to_lcd
 .text.visualized_counter
                0x000001d8       0x54 .\CortexM3\ARM_GCC_541\Debug\main.o
                0x000001d8                visualized_counter
 .text.finish_counting
                0x0000022c       0x10 .\CortexM3\ARM_GCC_541\Debug\main.o
                0x0000022c                finish_counting
 .text.go_to_alarm_idle
                0x0000023c       0x34 .\CortexM3\ARM_GCC_541\Debug\main.o
                0x0000023c                go_to_alarm_idle
 .text.to_passiv_move
                0x00000270       0x60 .\CortexM3\ARM_GCC_541\Debug\main.o
                0x00000270                to_passiv_move
 .text.is_reed_alert
                0x000002d0       0x18 .\CortexM3\ARM_GCC_541\Debug\main.o
                0x000002d0                is_reed_alert
 .text.create_alarm
                0x000002e8       0xb0 .\CortexM3\ARM_GCC_541\Debug\main.o
                0x000002e8                create_alarm
 .text.phres_command
                0x00000398       0x2c .\CortexM3\ARM_GCC_541\Debug\main.o
                0x00000398                phres_command
 .text.init     0x000003c4       0x4c .\CortexM3\ARM_GCC_541\Debug\main.o
                0x000003c4                init
 .text.tone     0x00000410       0x38 .\CortexM3\ARM_GCC_541\Debug\main.o
                0x00000410                tone
 .text.play_alert
                0x00000448       0x34 .\CortexM3\ARM_GCC_541\Debug\main.o
                0x00000448                play_alert
 .text.switch_to_watching_mode
                0x0000047c       0x84 .\CortexM3\ARM_GCC_541\Debug\main.o
                0x0000047c                switch_to_watching_mode
 .text.main     0x00000500      0x548 .\CortexM3\ARM_GCC_541\Debug\main.o
                0x00000500                main
 .text.SPIM_IO_RD_Addr
                0x00000a48       0x48 .\CortexM3\ARM_GCC_541\Debug\d1302.o
                0x00000a48                SPIM_IO_RD_Addr
 .text.SPIM_IO_RD_Data
                0x00000a90       0x54 .\CortexM3\ARM_GCC_541\Debug\d1302.o
                0x00000a90                SPIM_IO_RD_Data
 .text.get_hour
                0x00000ae4       0x20 .\CortexM3\ARM_GCC_541\Debug\d1302.o
                0x00000ae4                get_hour
 .text.get_minute
                0x00000b04       0x20 .\CortexM3\ARM_GCC_541\Debug\d1302.o
                0x00000b04                get_minute
 .text.get_seconds
                0x00000b24       0x20 .\CortexM3\ARM_GCC_541\Debug\d1302.o
                0x00000b24                get_seconds
 .text.get_day  0x00000b44       0x20 .\CortexM3\ARM_GCC_541\Debug\d1302.o
                0x00000b44                get_day
 .text.get_month
                0x00000b64       0x14 .\CortexM3\ARM_GCC_541\Debug\d1302.o
                0x00000b64                get_month
 .text.get_year
                0x00000b78       0x24 .\CortexM3\ARM_GCC_541\Debug\d1302.o
                0x00000b78                get_year
 .text.print_time_string
                0x00000b9c       0x20 .\CortexM3\ARM_GCC_541\Debug\d1302.o
                0x00000b9c                print_time_string
 .text.print_datetime
                0x00000bbc       0x4c .\CortexM3\ARM_GCC_541\Debug\d1302.o
                0x00000bbc                print_datetime
 .text.create_new_onetimetask
                0x00000c08       0x3c .\CortexM3\ARM_GCC_541\Debug\TaskFIFO.o
                0x00000c08                create_new_onetimetask
 .text.create_new_noparam_onetimetask
                0x00000c44       0x3c .\CortexM3\ARM_GCC_541\Debug\TaskFIFO.o
                0x00000c44                create_new_noparam_onetimetask
 .text.pushTask
                0x00000c80       0x14 .\CortexM3\ARM_GCC_541\Debug\TaskFIFO.o
                0x00000c80                pushTask
 .text.get_and_remove_first
                0x00000c94       0x18 .\CortexM3\ARM_GCC_541\Debug\TaskFIFO.o
                0x00000c94                get_and_remove_first
 .text.free_taskfifo
                0x00000cac       0x14 .\CortexM3\ARM_GCC_541\Debug\TaskFIFO.o
                0x00000cac                free_taskfifo
 .text.check_if_runnable_and_decrement_counter
                0x00000cc0       0x18 .\CortexM3\ARM_GCC_541\Debug\TaskFIFO.o
                0x00000cc0                check_if_runnable_and_decrement_counter
 .text.run_next_task_when_available
                0x00000cd8       0x34 .\CortexM3\ARM_GCC_541\Debug\TaskFIFO.o
                0x00000cd8                run_next_task_when_available
 .text.create_new_ptask_parametered
                0x00000d0c       0x44 .\CortexM3\ARM_GCC_541\Debug\PeriodicTask.o
                0x00000d0c                create_new_ptask_parametered
 .text.create_new_ptask_noparam
                0x00000d50       0x40 .\CortexM3\ARM_GCC_541\Debug\PeriodicTask.o
                0x00000d50                create_new_ptask_noparam
 .text.add_to_ptask_list
                0x00000d90       0x14 .\CortexM3\ARM_GCC_541\Debug\PeriodicTask.o
                0x00000d90                add_to_ptask_list
 .text.find_task
                0x00000da4       0x14 .\CortexM3\ARM_GCC_541\Debug\PeriodicTask.o
                0x00000da4                find_task
 .text.enable_task
                0x00000db8       0x10 .\CortexM3\ARM_GCC_541\Debug\PeriodicTask.o
                0x00000db8                enable_task
 .text.disable_task
                0x00000dc8       0x14 .\CortexM3\ARM_GCC_541\Debug\PeriodicTask.o
                0x00000dc8                disable_task
 .text.run_permitted_tasks_and_decrement_counters
                0x00000ddc       0x30 .\CortexM3\ARM_GCC_541\Debug\PeriodicTask.o
                0x00000ddc                run_permitted_tasks_and_decrement_counters
 .text.get_pressed_key
                0x00000e0c       0x54 .\CortexM3\ARM_GCC_541\Debug\Keypad.o
                0x00000e0c                get_pressed_key
 .text.set_result_when_relesed
                0x00000e60       0x28 .\CortexM3\ARM_GCC_541\Debug\Keypad.o
                0x00000e60                set_result_when_relesed
 .text.readKey  0x00000e88       0xf0 .\CortexM3\ARM_GCC_541\Debug\Keypad.o
                0x00000e88                readKey
 .text.check_movement
                0x00000f78       0x18 .\CortexM3\ARM_GCC_541\Debug\hb100movement.o
                0x00000f78                check_movement
 .text.StoreInt8
                0x00000f90        0x8 .\CortexM3\ARM_GCC_541\Debug\EEPROM_Helper.o
                0x00000f90                StoreInt8
 .text.ReadInt8
                0x00000f98        0x8 .\CortexM3\ARM_GCC_541\Debug\EEPROM_Helper.o
                0x00000f98                ReadInt8
 .text.StoreInt16
                0x00000fa0       0x18 .\CortexM3\ARM_GCC_541\Debug\EEPROM_Helper.o
                0x00000fa0                StoreInt16
 .text.ReadInt16
                0x00000fb8       0x1c .\CortexM3\ARM_GCC_541\Debug\EEPROM_Helper.o
                0x00000fb8                ReadInt16
 .text.ReadInt8ArrayFromRow
                0x00000fd4       0x28 .\CortexM3\ARM_GCC_541\Debug\EEPROM_Helper.o
                0x00000fd4                ReadInt8ArrayFromRow
 .text.StoreInt8ArrayToRow
                0x00000ffc        0xc .\CortexM3\ARM_GCC_541\Debug\EEPROM_Helper.o
                0x00000ffc                StoreInt8ArrayToRow
 .text.print_status
                0x00001008       0x40 .\CortexM3\ARM_GCC_541\Debug\GSMHandler.o
                0x00001008                print_status
 .text.send_AT_command
                0x00001048       0x20 .\CortexM3\ARM_GCC_541\Debug\GSMHandler.o
                0x00001048                send_AT_command
 .text.send_ATCMGF_command
                0x00001068       0x20 .\CortexM3\ARM_GCC_541\Debug\GSMHandler.o
                0x00001068                send_ATCMGF_command
 .text.send_SMSStarter_command
                0x00001088       0x34 .\CortexM3\ARM_GCC_541\Debug\GSMHandler.o
                0x00001088                send_SMSStarter_command
 .text.send_sms_command
                0x000010bc       0x20 .\CortexM3\ARM_GCC_541\Debug\GSMHandler.o
                0x000010bc                send_sms_command
 .text.power_on_modul
                0x000010dc       0x14 .\CortexM3\ARM_GCC_541\Debug\GSMHandler.o
                0x000010dc                power_on_modul
 .text.power_down_cmd
                0x000010f0       0x20 .\CortexM3\ARM_GCC_541\Debug\GSMHandler.o
                0x000010f0                power_down_cmd
 .text.power_off
                0x00001110       0x14 .\CortexM3\ARM_GCC_541\Debug\GSMHandler.o
                0x00001110                power_off
 .text.start_sms_sending_sequence
                0x00001124       0xb0 .\CortexM3\ARM_GCC_541\Debug\GSMHandler.o
                0x00001124                start_sms_sending_sequence
 .text.toInt    0x000011d4       0x2c .\CortexM3\ARM_GCC_541\Debug\SettingsHelper.o
                0x000011d4                toInt
 .text.printChar
                0x00001200       0x28 .\CortexM3\ARM_GCC_541\Debug\SettingsHelper.o
                0x00001200                printChar
 .text.printString
                0x00001228       0x3c .\CortexM3\ARM_GCC_541\Debug\SettingsHelper.o
                0x00001228                printString
 .text.try_to_read_code_from_keyboard
                0x00001264       0x94 .\CortexM3\ARM_GCC_541\Debug\SettingsHelper.o
                0x00001264                try_to_read_code_from_keyboard
 .text.read_num_from_keypad
                0x000012f8       0x84 .\CortexM3\ARM_GCC_541\Debug\SettingsHelper.o
                0x000012f8                read_num_from_keypad
 .text.print_lines_to_lcd
                0x0000137c       0x2c .\CortexM3\ARM_GCC_541\Debug\SettingsHelper.o
                0x0000137c                print_lines_to_lcd
 .text.print_page
                0x000013a8        0xc .\CortexM3\ARM_GCC_541\Debug\SettingsHelper.o
                0x000013a8                print_page
 .text.change_page
                0x000013b4       0x18 .\CortexM3\ARM_GCC_541\Debug\SettingsHelper.o
                0x000013b4                change_page
 .text.vertify_code
                0x000013cc       0x14 .\CortexM3\ARM_GCC_541\Debug\SettingsHelper.o
                0x000013cc                vertify_code
 .text.handle_main_menu_page
                0x000013e0       0x6c .\CortexM3\ARM_GCC_541\Debug\SettingsHelper.o
                0x000013e0                handle_main_menu_page
 .text.choose_param_page1
                0x0000144c       0x70 .\CortexM3\ARM_GCC_541\Debug\SettingsHelper.o
                0x0000144c                choose_param_page1
 .text.choose_param_page2
                0x000014bc       0x70 .\CortexM3\ARM_GCC_541\Debug\SettingsHelper.o
                0x000014bc                choose_param_page2
 .text.choose_param_page3
                0x0000152c       0x88 .\CortexM3\ARM_GCC_541\Debug\SettingsHelper.o
                0x0000152c                choose_param_page3
 .text.choose_param_page4
                0x000015b4       0x70 .\CortexM3\ARM_GCC_541\Debug\SettingsHelper.o
                0x000015b4                choose_param_page4
 .text.choose_param_page5
                0x00001624       0x78 .\CortexM3\ARM_GCC_541\Debug\SettingsHelper.o
                0x00001624                choose_param_page5
 .text.choose_param_page6
                0x0000169c       0x78 .\CortexM3\ARM_GCC_541\Debug\SettingsHelper.o
                0x0000169c                choose_param_page6
 .text.choose_param_page7
                0x00001714       0x88 .\CortexM3\ARM_GCC_541\Debug\SettingsHelper.o
                0x00001714                choose_param_page7
 .text.read_new_code
                0x0000179c       0x40 .\CortexM3\ARM_GCC_541\Debug\SettingsHelper.o
                0x0000179c                read_new_code
 .text.init_constants
                0x000017dc       0x54 .\CortexM3\ARM_GCC_541\Debug\SettingsHelper.o
                0x000017dc                init_constants
 .text.change_16_num
                0x00001830       0x48 .\CortexM3\ARM_GCC_541\Debug\SettingsHelper.o
                0x00001830                change_16_num
 .text.change_8_num
                0x00001878       0x48 .\CortexM3\ARM_GCC_541\Debug\SettingsHelper.o
                0x00001878                change_8_num
 .text.ask_bool
                0x000018c0       0x54 .\CortexM3\ARM_GCC_541\Debug\SettingsHelper.o
                0x000018c0                ask_bool
 .text.init_code
                0x00001914       0x14 .\CortexM3\ARM_GCC_541\Debug\SettingsHelper.o
                0x00001914                init_code
 .text.select_new_code
                0x00001928       0xac .\CortexM3\ARM_GCC_541\Debug\SettingsHelper.o
                0x00001928                select_new_code
 .text.init_phone_num
                0x000019d4       0x38 .\CortexM3\ARM_GCC_541\Debug\SettingsHelper.o
                0x000019d4                init_phone_num
 .text.init_settings
                0x00001a0c       0x18 .\CortexM3\ARM_GCC_541\Debug\SettingsHelper.o
                0x00001a0c                init_settings
 .text.read_phone_num
                0x00001a24       0x80 .\CortexM3\ARM_GCC_541\Debug\SettingsHelper.o
                0x00001a24                read_phone_num
 .text.edit_phone_number
                0x00001aa4       0x44 .\CortexM3\ARM_GCC_541\Debug\SettingsHelper.o
                0x00001aa4                edit_phone_number
 .text.process_settings
                0x00001ae8       0x10 .\CortexM3\ARM_GCC_541\Debug\SettingsHelper.o
                0x00001ae8                process_settings
 .text.isNumberic
                0x00001af8       0x10 .\CortexM3\ARM_GCC_541\Debug\ESP_API.o
                0x00001af8                isNumberic
 .text.readNumFromCommandUntilNonNum
                0x00001b08       0x70 .\CortexM3\ARM_GCC_541\Debug\ESP_API.o
                0x00001b08                readNumFromCommandUntilNonNum
 .text.getSysTime
                0x00001b78       0x18 .\CortexM3\ARM_GCC_541\Debug\ESP_API.o
                0x00001b78                getSysTime
 .text.beepCommand
                0x00001b90       0x48 .\CortexM3\ARM_GCC_541\Debug\ESP_API.o
                0x00001b90                beepCommand
 .text.lcdCommand
                0x00001bd8       0xa8 .\CortexM3\ARM_GCC_541\Debug\ESP_API.o
                0x00001bd8                lcdCommand
 .text.smsCommand
                0x00001c80       0xf8 .\CortexM3\ARM_GCC_541\Debug\ESP_API.o
                0x00001c80                smsCommand
 .text.CyClockStartupError
                0x00001d78        0x4 .\CortexM3\ARM_GCC_541\Debug\cyfitter_cfg.o
 .text.cfg_write_bytes32
                0x00001d7c       0x34 .\CortexM3\ARM_GCC_541\Debug\cyfitter_cfg.o
 .text.CYMEMZERO
                0x00001db0        0xc .\CortexM3\ARM_GCC_541\Debug\cyfitter_cfg.o
 .text.AnalogSetDefault
                0x00001dbc       0x90 .\CortexM3\ARM_GCC_541\Debug\cyfitter_cfg.o
 .text.CYCONFIGCPY
                0x00001e4c        0x8 .\CortexM3\ARM_GCC_541\Debug\cyfitter_cfg.o
 .text.ClockSetup
                0x00001e54      0x130 .\CortexM3\ARM_GCC_541\Debug\cyfitter_cfg.o
 .text.cyfitter_cfg
                0x00001f84      0x158 .\CortexM3\ARM_GCC_541\Debug\cyfitter_cfg.o
                0x00001f84                cyfitter_cfg
 .text.IntDefaultHandler
                0x000020dc       0x10 .\CortexM3\ARM_GCC_541\Debug\Cm3Start.o
                0x000020dc                IntDefaultHandler
 .text._sbrk    0x000020ec       0x30 .\CortexM3\ARM_GCC_541\Debug\Cm3Start.o
                0x000020ec                _sbrk
 .text.Start_c  0x0000211c       0x4c .\CortexM3\ARM_GCC_541\Debug\Cm3Start.o
                0x0000211c                Start_c
 .text.initialize_psoc
                0x00002168       0x68 .\CortexM3\ARM_GCC_541\Debug\Cm3Start.o
                0x00002168                initialize_psoc
 .text.LCD_WrCntrlNib
                0x000021d0       0x34 .\CortexM3\ARM_GCC_541\Debug\Riaszto.a(LCD.o)
 .text.LCD_WrDatNib
                0x00002204       0x44 .\CortexM3\ARM_GCC_541\Debug\Riaszto.a(LCD.o)
 .text.LCD_IsReady
                0x00002248       0xe4 .\CortexM3\ARM_GCC_541\Debug\Riaszto.a(LCD.o)
                0x00002248                LCD_IsReady
 .text.LCD_WriteData
                0x0000232c       0x18 .\CortexM3\ARM_GCC_541\Debug\Riaszto.a(LCD.o)
                0x0000232c                LCD_WriteData
 .text.LCD_PrintString
                0x00002344       0x1c .\CortexM3\ARM_GCC_541\Debug\Riaszto.a(LCD.o)
                0x00002344                LCD_PrintString
 .text.LCD_PutChar
                0x00002360        0x8 .\CortexM3\ARM_GCC_541\Debug\Riaszto.a(LCD.o)
                0x00002360                LCD_PutChar
 .text.LCD_WriteControl
                0x00002368       0x18 .\CortexM3\ARM_GCC_541\Debug\Riaszto.a(LCD.o)
                0x00002368                LCD_WriteControl
 .text.LCD_Init
                0x00002380       0x6c .\CortexM3\ARM_GCC_541\Debug\Riaszto.a(LCD.o)
                0x00002380                LCD_Init
 .text.LCD_Enable
                0x000023ec       0x14 .\CortexM3\ARM_GCC_541\Debug\Riaszto.a(LCD.o)
                0x000023ec                LCD_Enable
 .text.LCD_Start
                0x00002400       0x1c .\CortexM3\ARM_GCC_541\Debug\Riaszto.a(LCD.o)
                0x00002400                LCD_Start
 .text.LCD_Position
                0x0000241c       0x3c .\CortexM3\ARM_GCC_541\Debug\Riaszto.a(LCD.o)
                0x0000241c                LCD_Position
 .text.ROW1_Write
                0x00002458       0x18 .\CortexM3\ARM_GCC_541\Debug\Riaszto.a(ROW1.o)
                0x00002458                ROW1_Write
 .text.ROW2_Write
                0x00002470       0x18 .\CortexM3\ARM_GCC_541\Debug\Riaszto.a(ROW2.o)
                0x00002470                ROW2_Write
 .text.ROW3_Write
                0x00002488       0x18 .\CortexM3\ARM_GCC_541\Debug\Riaszto.a(ROW3.o)
                0x00002488                ROW3_Write
 .text.ROW4_Write
                0x000024a0       0x18 .\CortexM3\ARM_GCC_541\Debug\Riaszto.a(ROW4.o)
                0x000024a0                ROW4_Write
 .text.COL1_Read
                0x000024b8       0x10 .\CortexM3\ARM_GCC_541\Debug\Riaszto.a(COL1.o)
                0x000024b8                COL1_Read
 .text.COL2_Read
                0x000024c8       0x10 .\CortexM3\ARM_GCC_541\Debug\Riaszto.a(COL2.o)
                0x000024c8                COL2_Read
 .text.COL3_Read
                0x000024d8       0x10 .\CortexM3\ARM_GCC_541\Debug\Riaszto.a(COL3.o)
                0x000024d8                COL3_Read
 .text.COL4_Read
                0x000024e8       0x10 .\CortexM3\ARM_GCC_541\Debug\Riaszto.a(COL4.o)
                0x000024e8                COL4_Read
 .text.SPIM_Enable
                0x000024f8       0x34 .\CortexM3\ARM_GCC_541\Debug\Riaszto.a(SPIM.o)
                0x000024f8                SPIM_Enable
 .text.SPIM_ReadTxStatus
                0x0000252c        0xc .\CortexM3\ARM_GCC_541\Debug\Riaszto.a(SPIM.o)
                0x0000252c                SPIM_ReadTxStatus
 .text.SPIM_ReadRxStatus
                0x00002538        0xc .\CortexM3\ARM_GCC_541\Debug\Riaszto.a(SPIM.o)
                0x00002538                SPIM_ReadRxStatus
 .text.SPIM_WriteTxData
                0x00002544       0x18 .\CortexM3\ARM_GCC_541\Debug\Riaszto.a(SPIM.o)
                0x00002544                SPIM_WriteTxData
 .text.SPIM_ReadRxData
                0x0000255c        0xc .\CortexM3\ARM_GCC_541\Debug\Riaszto.a(SPIM.o)
                0x0000255c                SPIM_ReadRxData
 .text.SPIM_TxEnable
                0x00002568       0x10 .\CortexM3\ARM_GCC_541\Debug\Riaszto.a(SPIM.o)
                0x00002568                SPIM_TxEnable
 .text.SPIM_TxDisable
                0x00002578       0x10 .\CortexM3\ARM_GCC_541\Debug\Riaszto.a(SPIM.o)
                0x00002578                SPIM_TxDisable
 .text.SPIM_ClearFIFO
                0x00002588       0x3c .\CortexM3\ARM_GCC_541\Debug\Riaszto.a(SPIM.o)
                0x00002588                SPIM_ClearFIFO
 .text.SPIM_Init
                0x000025c4       0x28 .\CortexM3\ARM_GCC_541\Debug\Riaszto.a(SPIM.o)
                0x000025c4                SPIM_Init
 .text.SPIM_Start
                0x000025ec       0x1c .\CortexM3\ARM_GCC_541\Debug\Riaszto.a(SPIM.o)
                0x000025ec                SPIM_Start
 .text.SS_Write
                0x00002608       0x18 .\CortexM3\ARM_GCC_541\Debug\Riaszto.a(SS.o)
                0x00002608                SS_Write
 .text.UART_Init
                0x00002620       0x24 .\CortexM3\ARM_GCC_541\Debug\Riaszto.a(UART.o)
                0x00002620                UART_Init
 .text.UART_Enable
                0x00002644       0x38 .\CortexM3\ARM_GCC_541\Debug\Riaszto.a(UART.o)
                0x00002644                UART_Enable
 .text.UART_Start
                0x0000267c       0x1c .\CortexM3\ARM_GCC_541\Debug\Riaszto.a(UART.o)
                0x0000267c                UART_Start
 .text.UART_GetChar
                0x00002698       0x2c .\CortexM3\ARM_GCC_541\Debug\Riaszto.a(UART.o)
                0x00002698                UART_GetChar
 .text.UART_GetRxBufferSize
                0x000026c4       0x18 .\CortexM3\ARM_GCC_541\Debug\Riaszto.a(UART.o)
                0x000026c4                UART_GetRxBufferSize
 .text.UART_PutChar
                0x000026dc       0x18 .\CortexM3\ARM_GCC_541\Debug\Riaszto.a(UART.o)
                0x000026dc                UART_PutChar
 .text.UART_PutString
                0x000026f4       0x24 .\CortexM3\ARM_GCC_541\Debug\Riaszto.a(UART.o)
                0x000026f4                UART_PutString
 .text.RADAR_Read
                0x00002718       0x10 .\CortexM3\ARM_GCC_541\Debug\Riaszto.a(RADAR.o)
                0x00002718                RADAR_Read
 .text.Timer_Enable
                0x00002728       0x28 .\CortexM3\ARM_GCC_541\Debug\Riaszto.a(Timer.o)
                0x00002728                Timer_Enable
 .text.Timer_SetInterruptMode
                0x00002750        0xc .\CortexM3\ARM_GCC_541\Debug\Riaszto.a(Timer.o)
                0x00002750                Timer_SetInterruptMode
 .text.Timer_ReadStatusRegister
                0x0000275c        0xc .\CortexM3\ARM_GCC_541\Debug\Riaszto.a(Timer.o)
                0x0000275c                Timer_ReadStatusRegister
 .text.Timer_WritePeriod
                0x00002768        0xc .\CortexM3\ARM_GCC_541\Debug\Riaszto.a(Timer.o)
                0x00002768                Timer_WritePeriod
 .text.Timer_WriteCounter
                0x00002774        0xc .\CortexM3\ARM_GCC_541\Debug\Riaszto.a(Timer.o)
                0x00002774                Timer_WriteCounter
 .text.Timer_Init
                0x00002780       0x64 .\CortexM3\ARM_GCC_541\Debug\Riaszto.a(Timer.o)
                0x00002780                Timer_Init
 .text.Timer_Start
                0x000027e4       0x1c .\CortexM3\ARM_GCC_541\Debug\Riaszto.a(Timer.o)
                0x000027e4                Timer_Start
 .text.isr_Timer_SetVector
                0x00002800       0x10 .\CortexM3\ARM_GCC_541\Debug\Riaszto.a(isr_Timer.o)
                0x00002800                isr_Timer_SetVector
 .text.isr_Timer_SetPriority
                0x00002810       0x10 .\CortexM3\ARM_GCC_541\Debug\Riaszto.a(isr_Timer.o)
                0x00002810                isr_Timer_SetPriority
 .text.isr_Timer_Enable
                0x00002820       0x10 .\CortexM3\ARM_GCC_541\Debug\Riaszto.a(isr_Timer.o)
                0x00002820                isr_Timer_Enable
 .text.isr_Timer_Disable
                0x00002830       0x10 .\CortexM3\ARM_GCC_541\Debug\Riaszto.a(isr_Timer.o)
                0x00002830                isr_Timer_Disable
 .text.isr_Timer_StartEx
                0x00002840       0x1c .\CortexM3\ARM_GCC_541\Debug\Riaszto.a(isr_Timer.o)
                0x00002840                isr_Timer_StartEx
 .text.REED_RELAY_Read
                0x0000285c       0x10 .\CortexM3\ARM_GCC_541\Debug\Riaszto.a(REED_RELAY.o)
                0x0000285c                REED_RELAY_Read
 .text.PWM_BACKLIGHT_Enable
                0x0000286c       0x28 .\CortexM3\ARM_GCC_541\Debug\Riaszto.a(PWM_BACKLIGHT.o)
                0x0000286c                PWM_BACKLIGHT_Enable
 .text.PWM_BACKLIGHT_WritePeriod
                0x00002894        0xc .\CortexM3\ARM_GCC_541\Debug\Riaszto.a(PWM_BACKLIGHT.o)
                0x00002894                PWM_BACKLIGHT_WritePeriod
 .text.PWM_BACKLIGHT_WriteCompare
                0x000028a0        0xc .\CortexM3\ARM_GCC_541\Debug\Riaszto.a(PWM_BACKLIGHT.o)
                0x000028a0                PWM_BACKLIGHT_WriteCompare
 .text.PWM_BACKLIGHT_SetInterruptMode
                0x000028ac        0xc .\CortexM3\ARM_GCC_541\Debug\Riaszto.a(PWM_BACKLIGHT.o)
                0x000028ac                PWM_BACKLIGHT_SetInterruptMode
 .text.PWM_BACKLIGHT_Init
                0x000028b8       0x74 .\CortexM3\ARM_GCC_541\Debug\Riaszto.a(PWM_BACKLIGHT.o)
                0x000028b8                PWM_BACKLIGHT_Init
 .text.PWM_BACKLIGHT_Start
                0x0000292c       0x1c .\CortexM3\ARM_GCC_541\Debug\Riaszto.a(PWM_BACKLIGHT.o)
                0x0000292c                PWM_BACKLIGHT_Start
 .text.PWM_BEEPER_Enable
                0x00002948       0x28 .\CortexM3\ARM_GCC_541\Debug\Riaszto.a(PWM_BEEPER.o)
                0x00002948                PWM_BEEPER_Enable
 .text.PWM_BEEPER_Stop
                0x00002970       0x28 .\CortexM3\ARM_GCC_541\Debug\Riaszto.a(PWM_BEEPER.o)
                0x00002970                PWM_BEEPER_Stop
 .text.PWM_BEEPER_WritePeriod
                0x00002998        0xc .\CortexM3\ARM_GCC_541\Debug\Riaszto.a(PWM_BEEPER.o)
                0x00002998                PWM_BEEPER_WritePeriod
 .text.PWM_BEEPER_WriteCompare
                0x000029a4        0xc .\CortexM3\ARM_GCC_541\Debug\Riaszto.a(PWM_BEEPER.o)
                0x000029a4                PWM_BEEPER_WriteCompare
 .text.PWM_BEEPER_SetInterruptMode
                0x000029b0        0xc .\CortexM3\ARM_GCC_541\Debug\Riaszto.a(PWM_BEEPER.o)
                0x000029b0                PWM_BEEPER_SetInterruptMode
 .text.PWM_BEEPER_Init
                0x000029bc       0x74 .\CortexM3\ARM_GCC_541\Debug\Riaszto.a(PWM_BEEPER.o)
                0x000029bc                PWM_BEEPER_Init
 .text.PWM_BEEPER_Start
                0x00002a30       0x1c .\CortexM3\ARM_GCC_541\Debug\Riaszto.a(PWM_BEEPER.o)
                0x00002a30                PWM_BEEPER_Start
 .text.ADC_SAR_PR_CalcGain
                0x00002a4c       0x64 .\CortexM3\ARM_GCC_541\Debug\Riaszto.a(ADC_SAR_PR.o)
 .text.ADC_SAR_PR_Enable
                0x00002ab0       0x94 .\CortexM3\ARM_GCC_541\Debug\Riaszto.a(ADC_SAR_PR.o)
                0x00002ab0                ADC_SAR_PR_Enable
 .text.ADC_SAR_PR_SetResolution
                0x00002b44       0x38 .\CortexM3\ARM_GCC_541\Debug\Riaszto.a(ADC_SAR_PR.o)
                0x00002b44                ADC_SAR_PR_SetResolution
 .text.ADC_SAR_PR_Init
                0x00002b7c       0x3c .\CortexM3\ARM_GCC_541\Debug\Riaszto.a(ADC_SAR_PR.o)
                0x00002b7c                ADC_SAR_PR_Init
 .text.ADC_SAR_PR_Start
                0x00002bb8       0x1c .\CortexM3\ARM_GCC_541\Debug\Riaszto.a(ADC_SAR_PR.o)
                0x00002bb8                ADC_SAR_PR_Start
 .text.ADC_SAR_PR_StartConvert
                0x00002bd4       0x10 .\CortexM3\ARM_GCC_541\Debug\Riaszto.a(ADC_SAR_PR.o)
                0x00002bd4                ADC_SAR_PR_StartConvert
 .text.ADC_SAR_PR_GetResult16
                0x00002be4       0x18 .\CortexM3\ARM_GCC_541\Debug\Riaszto.a(ADC_SAR_PR.o)
                0x00002be4                ADC_SAR_PR_GetResult16
 .text.ADC_SAR_PR_ISR
                0x00002bfc        0x4 .\CortexM3\ARM_GCC_541\Debug\Riaszto.a(ADC_SAR_PR_INT.o)
                0x00002bfc                ADC_SAR_PR_ISR
 .text.EEPROM_Enable
                0x00002c00        0xc .\CortexM3\ARM_GCC_541\Debug\Riaszto.a(EEPROM.o)
                0x00002c00                EEPROM_Enable
 .text.EEPROM_Start
                0x00002c0c        0x8 .\CortexM3\ARM_GCC_541\Debug\Riaszto.a(EEPROM.o)
                0x00002c0c                EEPROM_Start
 .text.EEPROM_WriteByte
                0x00002c14       0xd0 .\CortexM3\ARM_GCC_541\Debug\Riaszto.a(EEPROM.o)
                0x00002c14                EEPROM_WriteByte
 .text.EEPROM_ReadByte
                0x00002ce4       0x28 .\CortexM3\ARM_GCC_541\Debug\Riaszto.a(EEPROM.o)
                0x00002ce4                EEPROM_ReadByte
 .text.EEPROM_Write
                0x00002d0c       0xb4 .\CortexM3\ARM_GCC_541\Debug\Riaszto.a(EEPROM.o)
                0x00002d0c                EEPROM_Write
 .text.UART_GSM_Init
                0x00002dc0       0x24 .\CortexM3\ARM_GCC_541\Debug\Riaszto.a(UART_GSM.o)
                0x00002dc0                UART_GSM_Init
 .text.UART_GSM_Enable
                0x00002de4       0x38 .\CortexM3\ARM_GCC_541\Debug\Riaszto.a(UART_GSM.o)
                0x00002de4                UART_GSM_Enable
 .text.UART_GSM_Start
                0x00002e1c       0x1c .\CortexM3\ARM_GCC_541\Debug\Riaszto.a(UART_GSM.o)
                0x00002e1c                UART_GSM_Start
 .text.UART_GSM_GetChar
                0x00002e38       0x2c .\CortexM3\ARM_GCC_541\Debug\Riaszto.a(UART_GSM.o)
                0x00002e38                UART_GSM_GetChar
 .text.UART_GSM_GetRxBufferSize
                0x00002e64       0x18 .\CortexM3\ARM_GCC_541\Debug\Riaszto.a(UART_GSM.o)
                0x00002e64                UART_GSM_GetRxBufferSize
 .text.UART_GSM_PutChar
                0x00002e7c       0x18 .\CortexM3\ARM_GCC_541\Debug\Riaszto.a(UART_GSM.o)
                0x00002e7c                UART_GSM_PutChar
 .text.UART_GSM_PutString
                0x00002e94       0x24 .\CortexM3\ARM_GCC_541\Debug\Riaszto.a(UART_GSM.o)
                0x00002e94                UART_GSM_PutString
 .text.VDAC8_Enable
                0x00002eb8       0x1c .\CortexM3\ARM_GCC_541\Debug\Riaszto.a(VDAC8.o)
                0x00002eb8                VDAC8_Enable
 .text.VDAC8_SetSpeed
                0x00002ed4       0x1c .\CortexM3\ARM_GCC_541\Debug\Riaszto.a(VDAC8.o)
                0x00002ed4                VDAC8_SetSpeed
 .text.VDAC8_SetValue
                0x00002ef0        0xc .\CortexM3\ARM_GCC_541\Debug\Riaszto.a(VDAC8.o)
                0x00002ef0                VDAC8_SetValue
 .text.VDAC8_DacTrim
                0x00002efc       0x24 .\CortexM3\ARM_GCC_541\Debug\Riaszto.a(VDAC8.o)
                0x00002efc                VDAC8_DacTrim
 .text.VDAC8_SetRange
                0x00002f20       0x20 .\CortexM3\ARM_GCC_541\Debug\Riaszto.a(VDAC8.o)
                0x00002f20                VDAC8_SetRange
 .text.VDAC8_Init
                0x00002f40       0x20 .\CortexM3\ARM_GCC_541\Debug\Riaszto.a(VDAC8.o)
                0x00002f40                VDAC8_Init
 .text.VDAC8_Start
                0x00002f60       0x24 .\CortexM3\ARM_GCC_541\Debug\Riaszto.a(VDAC8.o)
                0x00002f60                VDAC8_Start
 .text.SPIM_IntClock_Start
                0x00002f84       0x1c .\CortexM3\ARM_GCC_541\Debug\Riaszto.a(SPIM_IntClock.o)
                0x00002f84                SPIM_IntClock_Start
 .text.UART_IntClock_Start
                0x00002fa0       0x1c .\CortexM3\ARM_GCC_541\Debug\Riaszto.a(UART_IntClock.o)
                0x00002fa0                UART_IntClock_Start
 .text.ADC_SAR_PR_theACLK_SetModeRegister
                0x00002fbc       0x14 .\CortexM3\ARM_GCC_541\Debug\Riaszto.a(ADC_SAR_PR_theACLK.o)
                0x00002fbc                ADC_SAR_PR_theACLK_SetModeRegister
 .text.UART_GSM_IntClock_Start
                0x00002fd0       0x1c .\CortexM3\ARM_GCC_541\Debug\Riaszto.a(UART_GSM_IntClock.o)
                0x00002fd0                UART_GSM_IntClock_Start
 .text.CySetTempInt
                0x00002fec       0x60 .\CortexM3\ARM_GCC_541\Debug\Riaszto.a(CyFlash.o)
 .text.CyFlashGetSpcAlgorithm
                0x0000304c       0x4c .\CortexM3\ARM_GCC_541\Debug\Riaszto.a(CyFlash.o)
                0x0000304c                CyFlashGetSpcAlgorithm
 .text.CySetTemp
                0x00003098       0x14 .\CortexM3\ARM_GCC_541\Debug\Riaszto.a(CyFlash.o)
                0x00003098                CySetTemp
 .text.CyEEPROM_Start
                0x000030ac       0x54 .\CortexM3\ARM_GCC_541\Debug\Riaszto.a(CyFlash.o)
                0x000030ac                CyEEPROM_Start
 .text.CyEEPROM_ReadReserve
                0x00003100       0x1c .\CortexM3\ARM_GCC_541\Debug\Riaszto.a(CyFlash.o)
                0x00003100                CyEEPROM_ReadReserve
 .text.CyEEPROM_ReadRelease
                0x0000311c       0x10 .\CortexM3\ARM_GCC_541\Debug\Riaszto.a(CyFlash.o)
                0x0000311c                CyEEPROM_ReadRelease
 .text.CyHalt   0x0000312c        0x4 .\CortexM3\ARM_GCC_541\Debug\Riaszto.a(CyLib.o)
                0x0000312c                CyHalt
 .text.CyDelay  0x00003130       0x2c .\CortexM3\ARM_GCC_541\Debug\Riaszto.a(CyLib.o)
                0x00003130                CyDelay
 .text.CyDelayUs
                0x0000315c       0x14 .\CortexM3\ARM_GCC_541\Debug\Riaszto.a(CyLib.o)
                0x0000315c                CyDelayUs
 .text.CyIntSetVector
                0x00003170       0x28 .\CortexM3\ARM_GCC_541\Debug\Riaszto.a(CyLib.o)
                0x00003170                CyIntSetVector
 .text.CyIntSetPriority
                0x00003198       0x30 .\CortexM3\ARM_GCC_541\Debug\Riaszto.a(CyLib.o)
                0x00003198                CyIntSetPriority
 .text.CySpcStart
                0x000031c8       0x24 .\CortexM3\ARM_GCC_541\Debug\Riaszto.a(CySpc.o)
                0x000031c8                CySpcStart
 .text.CySpcReadData
                0x000031ec       0x34 .\CortexM3\ARM_GCC_541\Debug\Riaszto.a(CySpc.o)
                0x000031ec                CySpcReadData
 .text.CySpcLoadMultiByte
                0x00003220       0x78 .\CortexM3\ARM_GCC_541\Debug\Riaszto.a(CySpc.o)
                0x00003220                CySpcLoadMultiByte
 .text.CySpcLoadRow
                0x00003298       0x50 .\CortexM3\ARM_GCC_541\Debug\Riaszto.a(CySpc.o)
                0x00003298                CySpcLoadRow
 .text.CySpcWriteRow
                0x000032e8       0x4c .\CortexM3\ARM_GCC_541\Debug\Riaszto.a(CySpc.o)
                0x000032e8                CySpcWriteRow
 .text.CySpcGetTemp
                0x00003334       0x3c .\CortexM3\ARM_GCC_541\Debug\Riaszto.a(CySpc.o)
                0x00003334                CySpcGetTemp
 .text.CySpcLock
                0x00003370       0x4c .\CortexM3\ARM_GCC_541\Debug\Riaszto.a(CySpc.o)
                0x00003370                CySpcLock
 .text.CySpcUnlock
                0x000033bc       0x38 .\CortexM3\ARM_GCC_541\Debug\Riaszto.a(CySpc.o)
                0x000033bc                CySpcUnlock
 .text.CySpcGetAlgorithm
                0x000033f4       0x28 .\CortexM3\ARM_GCC_541\Debug\Riaszto.a(CySpc.o)
                0x000033f4                CySpcGetAlgorithm
 .text.GSM_DTR_Write
                0x0000341c       0x18 .\CortexM3\ARM_GCC_541\Debug\Riaszto.a(GSM_DTR.o)
                0x0000341c                GSM_DTR_Write
 .text.UART_ESP_Init
                0x00003434       0x24 .\CortexM3\ARM_GCC_541\Debug\Riaszto.a(UART_ESP.o)
                0x00003434                UART_ESP_Init
 .text.UART_ESP_Enable
                0x00003458       0x38 .\CortexM3\ARM_GCC_541\Debug\Riaszto.a(UART_ESP.o)
                0x00003458                UART_ESP_Enable
 .text.UART_ESP_Start
                0x00003490       0x1c .\CortexM3\ARM_GCC_541\Debug\Riaszto.a(UART_ESP.o)
                0x00003490                UART_ESP_Start
 .text.UART_ESP_ReadRxData
                0x000034ac        0xc .\CortexM3\ARM_GCC_541\Debug\Riaszto.a(UART_ESP.o)
                0x000034ac                UART_ESP_ReadRxData
 .text.UART_ESP_ReadRxStatus
                0x000034b8       0x10 .\CortexM3\ARM_GCC_541\Debug\Riaszto.a(UART_ESP.o)
                0x000034b8                UART_ESP_ReadRxStatus
 .text.UART_ESP_GetChar
                0x000034c8       0x2c .\CortexM3\ARM_GCC_541\Debug\Riaszto.a(UART_ESP.o)
                0x000034c8                UART_ESP_GetChar
 .text.UART_ESP_GetByte
                0x000034f4       0x14 .\CortexM3\ARM_GCC_541\Debug\Riaszto.a(UART_ESP.o)
                0x000034f4                UART_ESP_GetByte
 .text.UART_ESP_GetRxBufferSize
                0x00003508       0x18 .\CortexM3\ARM_GCC_541\Debug\Riaszto.a(UART_ESP.o)
                0x00003508                UART_ESP_GetRxBufferSize
 .text.UART_ESP_PutChar
                0x00003520       0x18 .\CortexM3\ARM_GCC_541\Debug\Riaszto.a(UART_ESP.o)
                0x00003520                UART_ESP_PutChar
 .text.UART_ESP_PutString
                0x00003538       0x24 .\CortexM3\ARM_GCC_541\Debug\Riaszto.a(UART_ESP.o)
                0x00003538                UART_ESP_PutString
 .text.VDAC8_ESP_Enable
                0x0000355c       0x1c .\CortexM3\ARM_GCC_541\Debug\Riaszto.a(VDAC8_ESP.o)
                0x0000355c                VDAC8_ESP_Enable
 .text.VDAC8_ESP_SetSpeed
                0x00003578       0x1c .\CortexM3\ARM_GCC_541\Debug\Riaszto.a(VDAC8_ESP.o)
                0x00003578                VDAC8_ESP_SetSpeed
 .text.VDAC8_ESP_SetValue
                0x00003594        0xc .\CortexM3\ARM_GCC_541\Debug\Riaszto.a(VDAC8_ESP.o)
                0x00003594                VDAC8_ESP_SetValue
 .text.VDAC8_ESP_DacTrim
                0x000035a0       0x24 .\CortexM3\ARM_GCC_541\Debug\Riaszto.a(VDAC8_ESP.o)
                0x000035a0                VDAC8_ESP_DacTrim
 .text.VDAC8_ESP_SetRange
                0x000035c4       0x20 .\CortexM3\ARM_GCC_541\Debug\Riaszto.a(VDAC8_ESP.o)
                0x000035c4                VDAC8_ESP_SetRange
 .text.VDAC8_ESP_Init
                0x000035e4       0x20 .\CortexM3\ARM_GCC_541\Debug\Riaszto.a(VDAC8_ESP.o)
                0x000035e4                VDAC8_ESP_Init
 .text.VDAC8_ESP_Start
                0x00003604       0x24 .\CortexM3\ARM_GCC_541\Debug\Riaszto.a(VDAC8_ESP.o)
                0x00003604                VDAC8_ESP_Start
 .text.UART_ESP_IntClock_Start
                0x00003628       0x1c .\CortexM3\ARM_GCC_541\Debug\Riaszto.a(UART_ESP_IntClock.o)
                0x00003628                UART_ESP_IntClock_Start
 *fill*         0x00003644        0x4 
 .text          0x00003648       0x20 .\CortexM3\ARM_GCC_541\Debug\Riaszto.a(CyBootAsmGnu.o)
                0x00003648                CyDelayCycles
                0x00003658                CyEnterCriticalSection
                0x00003660                CyExitCriticalSection
 .text.__errno  0x00003668        0xc c:/program files (x86)/cypress/psoc creator/4.4/psoc creator/import/gnu/arm/5.4.1/bin/../lib/gcc/arm-none-eabi/5.4.1/../../../../arm-none-eabi/lib/armv7-m\libg_nano.a(lib_a-errno.o)
                0x00003668                __errno
 .text.__libc_init_array
                0x00003674       0x4c c:/program files (x86)/cypress/psoc creator/4.4/psoc creator/import/gnu/arm/5.4.1/bin/../lib/gcc/arm-none-eabi/5.4.1/../../../../arm-none-eabi/lib/armv7-m\libg_nano.a(lib_a-init.o)
                0x00003674                __libc_init_array
 .text.malloc   0x000036c0       0x10 c:/program files (x86)/cypress/psoc creator/4.4/psoc creator/import/gnu/arm/5.4.1/bin/../lib/gcc/arm-none-eabi/5.4.1/../../../../arm-none-eabi/lib/armv7-m\libg_nano.a(lib_a-malloc.o)
                0x000036c0                malloc
 .text.free     0x000036d0       0x10 c:/program files (x86)/cypress/psoc creator/4.4/psoc creator/import/gnu/arm/5.4.1/bin/../lib/gcc/arm-none-eabi/5.4.1/../../../../arm-none-eabi/lib/armv7-m\libg_nano.a(lib_a-malloc.o)
                0x000036d0                free
 .text.memcpy   0x000036e0       0x16 c:/program files (x86)/cypress/psoc creator/4.4/psoc creator/import/gnu/arm/5.4.1/bin/../lib/gcc/arm-none-eabi/5.4.1/../../../../arm-none-eabi/lib/armv7-m\libg_nano.a(lib_a-memcpy-stub.o)
                0x000036e0                memcpy
 .text.memset   0x000036f6       0x10 c:/program files (x86)/cypress/psoc creator/4.4/psoc creator/import/gnu/arm/5.4.1/bin/../lib/gcc/arm-none-eabi/5.4.1/../../../../arm-none-eabi/lib/armv7-m\libg_nano.a(lib_a-memset.o)
                0x000036f6                memset
 *fill*         0x00003706        0x2 
 .text._free_r  0x00003708       0x98 c:/program files (x86)/cypress/psoc creator/4.4/psoc creator/import/gnu/arm/5.4.1/bin/../lib/gcc/arm-none-eabi/5.4.1/../../../../arm-none-eabi/lib/armv7-m\libg_nano.a(lib_a-nano-freer.o)
                0x00003708                _free_r
 .text._malloc_r
                0x000037a0       0xbc c:/program files (x86)/cypress/psoc creator/4.4/psoc creator/import/gnu/arm/5.4.1/bin/../lib/gcc/arm-none-eabi/5.4.1/../../../../arm-none-eabi/lib/armv7-m\libg_nano.a(lib_a-nano-mallocr.o)
                0x000037a0                _malloc_r
 .text._sbrk_r  0x0000385c       0x20 c:/program files (x86)/cypress/psoc creator/4.4/psoc creator/import/gnu/arm/5.4.1/bin/../lib/gcc/arm-none-eabi/5.4.1/../../../../arm-none-eabi/lib/armv7-m\libg_nano.a(lib_a-sbrkr.o)
                0x0000385c                _sbrk_r
 .text.sprintf  0x0000387c       0x48 c:/program files (x86)/cypress/psoc creator/4.4/psoc creator/import/gnu/arm/5.4.1/bin/../lib/gcc/arm-none-eabi/5.4.1/../../../../arm-none-eabi/lib/armv7-m\libg_nano.a(lib_a-sprintf.o)
                0x0000387c                siprintf
                0x0000387c                sprintf
 .text          0x000038c4       0x10 c:/program files (x86)/cypress/psoc creator/4.4/psoc creator/import/gnu/arm/5.4.1/bin/../lib/gcc/arm-none-eabi/5.4.1/../../../../arm-none-eabi/lib/armv7-m\libg_nano.a(lib_a-strlen.o)
                0x000038c4                strlen
 .text.__malloc_lock
                0x000038d4        0x2 c:/program files (x86)/cypress/psoc creator/4.4/psoc creator/import/gnu/arm/5.4.1/bin/../lib/gcc/arm-none-eabi/5.4.1/../../../../arm-none-eabi/lib/armv7-m\libg_nano.a(lib_a-mlock.o)
                0x000038d4                __malloc_lock
 .text.__malloc_unlock
                0x000038d6        0x2 c:/program files (x86)/cypress/psoc creator/4.4/psoc creator/import/gnu/arm/5.4.1/bin/../lib/gcc/arm-none-eabi/5.4.1/../../../../arm-none-eabi/lib/armv7-m\libg_nano.a(lib_a-mlock.o)
                0x000038d6                __malloc_unlock
 .text.__ssputs_r
                0x000038d8       0xb2 c:/program files (x86)/cypress/psoc creator/4.4/psoc creator/import/gnu/arm/5.4.1/bin/../lib/gcc/arm-none-eabi/5.4.1/../../../../arm-none-eabi/lib/armv7-m\libg_nano.a(lib_a-nano-svfprintf.o)
                0x000038d8                __ssputs_r
 *fill*         0x0000398a        0x2 
 .text._svfprintf_r
                0x0000398c      0x1e8 c:/program files (x86)/cypress/psoc creator/4.4/psoc creator/import/gnu/arm/5.4.1/bin/../lib/gcc/arm-none-eabi/5.4.1/../../../../arm-none-eabi/lib/armv7-m\libg_nano.a(lib_a-nano-svfprintf.o)
                0x0000398c                _svfiprintf_r
                0x0000398c                _svfprintf_r
 .text._printf_common
                0x00003b74       0xec c:/program files (x86)/cypress/psoc creator/4.4/psoc creator/import/gnu/arm/5.4.1/bin/../lib/gcc/arm-none-eabi/5.4.1/../../../../arm-none-eabi/lib/armv7-m\libg_nano.a(lib_a-nano-vfprintf_i.o)
                0x00003b74                _printf_common
 .text._printf_i
                0x00003c60      0x24c c:/program files (x86)/cypress/psoc creator/4.4/psoc creator/import/gnu/arm/5.4.1/bin/../lib/gcc/arm-none-eabi/5.4.1/../../../../arm-none-eabi/lib/armv7-m\libg_nano.a(lib_a-nano-vfprintf_i.o)
                0x00003c60                _printf_i
 .text.memchr   0x00003eac       0x1c c:/program files (x86)/cypress/psoc creator/4.4/psoc creator/import/gnu/arm/5.4.1/bin/../lib/gcc/arm-none-eabi/5.4.1/../../../../arm-none-eabi/lib/armv7-m\libg_nano.a(lib_a-memchr-stub.o)
                0x00003eac                memchr
 .text.memmove  0x00003ec8       0x36 c:/program files (x86)/cypress/psoc creator/4.4/psoc creator/import/gnu/arm/5.4.1/bin/../lib/gcc/arm-none-eabi/5.4.1/../../../../arm-none-eabi/lib/armv7-m\libg_nano.a(lib_a-memmove.o)
                0x00003ec8                memmove
 .text._realloc_r
                0x00003efe       0x4c c:/program files (x86)/cypress/psoc creator/4.4/psoc creator/import/gnu/arm/5.4.1/bin/../lib/gcc/arm-none-eabi/5.4.1/../../../../arm-none-eabi/lib/armv7-m\libg_nano.a(lib_a-nano-reallocr.o)
                0x00003efe                _realloc_r
 .text._malloc_usable_size_r
                0x00003f4a       0x14 c:/program files (x86)/cypress/psoc creator/4.4/psoc creator/import/gnu/arm/5.4.1/bin/../lib/gcc/arm-none-eabi/5.4.1/../../../../arm-none-eabi/lib/armv7-m\libg_nano.a(lib_a-nano-msizer.o)
                0x00003f4a                _malloc_usable_size_r
 *(.plt)
 *(.gnu.warning)
 *(.glue_7t)
 .glue_7t       0x00003f5e        0x0 linker stubs
 *(.glue_7)
 .glue_7        0x00003f5e        0x0 linker stubs
 *(.vfp11_veneer)
 .vfp11_veneer  0x00003f5e        0x0 linker stubs
 *(.bootloader)
 *(.ARM.extab* .gnu.linkonce.armextab.*)
 *(.gcc_except_table)

.v4_bx          0x00003f60        0x0
 .v4_bx         0x00003f60        0x0 linker stubs

.iplt           0x00003f60        0x0
 .iplt          0x00003f60        0x0 c:/program files (x86)/cypress/psoc creator/4.4/psoc creator/import/gnu/arm/5.4.1/bin/../lib/gcc/arm-none-eabi/5.4.1/armv7-m/crtbegin.o

.eh_frame_hdr
 *(.eh_frame_hdr)

.eh_frame       0x00003f60        0x4
 *(.eh_frame)
 .eh_frame      0x00003f60        0x0 c:/program files (x86)/cypress/psoc creator/4.4/psoc creator/import/gnu/arm/5.4.1/bin/../lib/gcc/arm-none-eabi/5.4.1/armv7-m/crtbegin.o
 .eh_frame      0x00003f60        0x4 c:/program files (x86)/cypress/psoc creator/4.4/psoc creator/import/gnu/arm/5.4.1/bin/../lib/gcc/arm-none-eabi/5.4.1/armv7-m/crtend.o
                [!provide]                PROVIDE (__exidx_start, .)

.ARM.exidx
 *(.ARM.exidx* .gnu.linkonce.armexidx.*)
                0x00003f64                __exidx_end = .

.rodata         0x00003f64      0x614
 *(.rodata .rodata.* .gnu.linkonce.r.*)
 .rodata.str1.4
                0x00003f64      0x1ec .\CortexM3\ARM_GCC_541\Debug\main.o
                                0x1f8 (size before relaxing)
 .rodata.str1.4
                0x00004150       0x2e .\CortexM3\ARM_GCC_541\Debug\d1302.o
                                 0x3a (size before relaxing)
 *fill*         0x0000417e        0x2 
 .rodata.str1.4
                0x00004180       0x15 .\CortexM3\ARM_GCC_541\Debug\TaskFIFO.o
 .rodata.str1.4
                0x00004195        0xd .\CortexM3\ARM_GCC_541\Debug\PeriodicTask.o
 *fill*         0x00004195        0x3 
 .rodata.str1.4
                0x00004198       0x22 .\CortexM3\ARM_GCC_541\Debug\Keypad.o
 *fill*         0x000041ba        0x2 
 .rodata.str1.4
                0x000041bc       0xa9 .\CortexM3\ARM_GCC_541\Debug\GSMHandler.o
 *fill*         0x00004265        0x3 
 .rodata.str1.4
                0x00004268      0x180 .\CortexM3\ARM_GCC_541\Debug\SettingsHelper.o
                                0x188 (size before relaxing)
 .rodata.str1.4
                0x000043e8       0xcc .\CortexM3\ARM_GCC_541\Debug\ESP_API.o
                                 0xd4 (size before relaxing)
 .rodata        0x000044b4       0x56 .\CortexM3\ARM_GCC_541\Debug\cyfitter_cfg.o
 .rodata.str1.1
                0x0000450a        0x2 c:/program files (x86)/cypress/psoc creator/4.4/psoc creator/import/gnu/arm/5.4.1/bin/../lib/gcc/arm-none-eabi/5.4.1/../../../../arm-none-eabi/lib/armv7-m\libg_nano.a(lib_a-impure.o)
 .rodata.str1.1
                0x0000450c       0x11 c:/program files (x86)/cypress/psoc creator/4.4/psoc creator/import/gnu/arm/5.4.1/bin/../lib/gcc/arm-none-eabi/5.4.1/../../../../arm-none-eabi/lib/armv7-m\libg_nano.a(lib_a-nano-svfprintf.o)
 .rodata.str1.1
                0x0000451d       0x22 c:/program files (x86)/cypress/psoc creator/4.4/psoc creator/import/gnu/arm/5.4.1/bin/../lib/gcc/arm-none-eabi/5.4.1/../../../../arm-none-eabi/lib/armv7-m\libg_nano.a(lib_a-nano-vfprintf_i.o)
                0x00004540                . = ALIGN (0x4)
 *fill*         0x0000453f        0x1 
 *(.init)
 .init          0x00004540        0x4 c:/program files (x86)/cypress/psoc creator/4.4/psoc creator/import/gnu/arm/5.4.1/bin/../lib/gcc/arm-none-eabi/5.4.1/armv7-m/crti.o
                0x00004540                _init
 .init          0x00004544        0x8 c:/program files (x86)/cypress/psoc creator/4.4/psoc creator/import/gnu/arm/5.4.1/bin/../lib/gcc/arm-none-eabi/5.4.1/armv7-m/crtn.o
                0x0000454c                . = ALIGN (0x4)
                0x0000454c                __preinit_array_start = .
 *(.preinit_array)
                0x0000454c                __preinit_array_end = .
                0x0000454c                . = ALIGN (0x4)
                0x0000454c                __init_array_start = .
 *(SORT(.init_array.*))
 *(.init_array)
 .init_array    0x0000454c        0x4 c:/program files (x86)/cypress/psoc creator/4.4/psoc creator/import/gnu/arm/5.4.1/bin/../lib/gcc/arm-none-eabi/5.4.1/armv7-m/crtbegin.o
 .init_array    0x00004550        0x4 .\CortexM3\ARM_GCC_541\Debug\Cm3Start.o
                0x00004554                __init_array_end = .
                0x00004554                . = ALIGN (0x4)
 *(.fini)
 .fini          0x00004554        0x4 c:/program files (x86)/cypress/psoc creator/4.4/psoc creator/import/gnu/arm/5.4.1/bin/../lib/gcc/arm-none-eabi/5.4.1/armv7-m/crti.o
                0x00004554                _fini
 .fini          0x00004558        0x8 c:/program files (x86)/cypress/psoc creator/4.4/psoc creator/import/gnu/arm/5.4.1/bin/../lib/gcc/arm-none-eabi/5.4.1/armv7-m/crtn.o
                0x00004560                . = ALIGN (0x4)
                0x00004560                __fini_array_start = .
 *(.fini_array)
 .fini_array    0x00004560        0x4 c:/program files (x86)/cypress/psoc creator/4.4/psoc creator/import/gnu/arm/5.4.1/bin/../lib/gcc/arm-none-eabi/5.4.1/armv7-m/crtbegin.o
 *(SORT(.fini_array.*))
                0x00004564                __fini_array_end = .
                0x00004564                . = ALIGN (0x4)
 *crtbegin.o(.ctors)
 *(EXCLUDE_FILE(*crtend.o) .ctors)
 *(SORT(.ctors.*))
 *crtend.o(.ctors)
                0x00004564                . = ALIGN (0x4)
 *crtbegin.o(.dtors)
 *(EXCLUDE_FILE(*crtend.o) .dtors)
 *(SORT(.dtors.*))
 *crtend.o(.dtors)
                0x00004564                . = ALIGN (0x4)
                0x00004564                __cy_regions = .
                0x00004564        0x4 LONG 0x4578 __cy_region_init_ram
                0x00004568        0x4 LONG 0x1fff80c8 __cy_region_start_data
                0x0000456c        0x4 LONG 0x148 __cy_region_init_size_ram
                0x00004570        0x4 LONG 0x328 __cy_region_zero_size_ram
                0x00004574                __cy_regions_end = .
                0x00004578                . = ALIGN (0x8)
 *fill*         0x00004574        0x4 
                0x00004578                _etext = .

.cy_checksum_exclude
                0x00004578        0x0
 *(.cy_checksum_exclude)

.ramvectors     0x1fff8000       0xc0
                0x1fff8000                __cy_region_start_ram = .
 *(.ramvectors)
 .ramvectors    0x1fff8000       0xc0 .\CortexM3\ARM_GCC_541\Debug\Cm3Start.o
                0x1fff8000                CyRamVectors

.noinit         0x1fff80c0        0x1
 *(.noinit)
 .noinit        0x1fff80c0        0x1 .\CortexM3\ARM_GCC_541\Debug\Riaszto.a(CyLib.o)
                0x1fff80c0                CyResetStatus

.data           0x1fff80c8      0x148 load address 0x00004578
                0x1fff80c8                __cy_region_start_data = .
 *(.jcr)
 .jcr           0x1fff80c8        0x0 c:/program files (x86)/cypress/psoc creator/4.4/psoc creator/import/gnu/arm/5.4.1/bin/../lib/gcc/arm-none-eabi/5.4.1/armv7-m/crtbegin.o
 .jcr           0x1fff80c8        0x4 c:/program files (x86)/cypress/psoc creator/4.4/psoc creator/import/gnu/arm/5.4.1/bin/../lib/gcc/arm-none-eabi/5.4.1/armv7-m/crtend.o
 *(.got.plt)
 *(.got)
 *(.shdata)
 *(.data .data.* .gnu.linkonce.d.*)
 .data          0x1fff80cc        0x4 .\CortexM3\ARM_GCC_541\Debug\main.o
                0x1fff80cc                visual_counter_value
                0x1fff80ce                actual_substate
                0x1fff80cf                current_state
 .data          0x1fff80d0       0xc4 .\CortexM3\ARM_GCC_541\Debug\SettingsHelper.o
                0x1fff80d0                CODE
                0x1fff80d4                menu_system
                0x1fff817c                actual_eeprom_addr
                0x1fff8180                PHONE_NUM
                0x1fff818a                NIGHT_TO
                0x1fff818b                PH_RES_ON
                0x1fff818c                AUTO_POWERON
                0x1fff818e                WATCH_DELAY
                0x1fff8190                DEACT_DELAY
                0x1fff8192                BEEPING_DELAY
 .data          0x1fff8194        0x4 .\CortexM3\ARM_GCC_541\Debug\Cm3Start.o
 .data          0x1fff8198       0x10 .\CortexM3\ARM_GCC_541\Debug\Riaszto.a(CyLib.o)
                0x1fff8198                cydelay_32k_ms
                0x1fff819c                cydelay_freq_khz
                0x1fff81a0                cydelay_freq_mhz
                0x1fff81a4                cydelay_freq_hz
 .data.impure_data
                0x1fff81a8       0x60 c:/program files (x86)/cypress/psoc creator/4.4/psoc creator/import/gnu/arm/5.4.1/bin/../lib/gcc/arm-none-eabi/5.4.1/../../../../arm-none-eabi/lib/armv7-m\libg_nano.a(lib_a-impure.o)
 .data._impure_ptr
                0x1fff8208        0x4 c:/program files (x86)/cypress/psoc creator/4.4/psoc creator/import/gnu/arm/5.4.1/bin/../lib/gcc/arm-none-eabi/5.4.1/../../../../arm-none-eabi/lib/armv7-m\libg_nano.a(lib_a-impure.o)
                0x1fff8208                _impure_ptr
                0x1fff8210                . = ALIGN (0x8)
 *fill*         0x1fff820c        0x4 
 *(.ram)
                0x1fff8210                _edata = .

.igot.plt       0x1fff8210        0x0 load address 0x000046c0
 .igot.plt      0x1fff8210        0x0 c:/program files (x86)/cypress/psoc creator/4.4/psoc creator/import/gnu/arm/5.4.1/bin/../lib/gcc/arm-none-eabi/5.4.1/armv7-m/crtbegin.o

.bss            0x1fff8210      0x328 load address 0x000046c0
                0x1fff8210                PROVIDE (__bss_start__, .)
 *(.shbss)
 *(.bss .bss.* .gnu.linkonce.b.*)
 .bss           0x1fff8210       0x1c c:/program files (x86)/cypress/psoc creator/4.4/psoc creator/import/gnu/arm/5.4.1/bin/../lib/gcc/arm-none-eabi/5.4.1/armv7-m/crtbegin.o
 .bss           0x1fff822c        0x5 .\CortexM3\ARM_GCC_541\Debug\main.o
                0x1fff822c                is_light_alert
                0x1fff822d                is_movement_alert
                0x1fff822e                is_reed_relay_alert
                0x1fff822f                COMMAND_READING
                0x1fff8230                command_buffer_ind
 .bss           0x1fff8231        0x2 .\CortexM3\ARM_GCC_541\Debug\Keypad.o
                0x1fff8231                PRESSED_KEY
                0x1fff8232                waiting_for_relese
 *fill*         0x1fff8233        0x1 
 .bss           0x1fff8234        0xc .\CortexM3\ARM_GCC_541\Debug\SettingsHelper.o
                0x1fff8234                COMMUNICATION_MODE
                0x1fff8235                code_buffer_ind
                0x1fff8236                num_ind
                0x1fff8237                OUT_FROM_MENU
                0x1fff8238                new_code_buffer_ind
                0x1fff8239                NIGHT_FROM
                0x1fff823a                first_entered
                0x1fff823c                phone_num_buffer_ind
 .bss           0x1fff8240        0x2 .\CortexM3\ARM_GCC_541\Debug\ESP_API.o
                0x1fff8240                lastNonNum
                0x1fff8241                cmd_index
 .bss           0x1fff8242        0x2 .\CortexM3\ARM_GCC_541\Debug\Riaszto.a(LCD.o)
                0x1fff8242                LCD_enableState
                0x1fff8243                LCD_initVar
 .bss           0x1fff8244        0x1 .\CortexM3\ARM_GCC_541\Debug\Riaszto.a(SPIM.o)
                0x1fff8244                SPIM_initVar
 .bss           0x1fff8245        0x2 .\CortexM3\ARM_GCC_541\Debug\Riaszto.a(UART.o)
                0x1fff8245                UART_initVar
 .bss           0x1fff8247        0x1 .\CortexM3\ARM_GCC_541\Debug\Riaszto.a(Timer.o)
                0x1fff8247                Timer_initVar
 .bss           0x1fff8248        0x1 .\CortexM3\ARM_GCC_541\Debug\Riaszto.a(PWM_BACKLIGHT.o)
                0x1fff8248                PWM_BACKLIGHT_initVar
 .bss           0x1fff8249        0x1 .\CortexM3\ARM_GCC_541\Debug\Riaszto.a(PWM_BEEPER.o)
                0x1fff8249                PWM_BEEPER_initVar
 .bss           0x1fff824a        0x1 .\CortexM3\ARM_GCC_541\Debug\Riaszto.a(ADC_SAR_PR.o)
                0x1fff824a                ADC_SAR_PR_initVar
 .bss           0x1fff824b        0x2 .\CortexM3\ARM_GCC_541\Debug\Riaszto.a(UART_GSM.o)
                0x1fff824b                UART_GSM_initVar
 .bss           0x1fff824d        0x1 .\CortexM3\ARM_GCC_541\Debug\Riaszto.a(VDAC8.o)
                0x1fff824d                VDAC8_initVar
 *fill*         0x1fff824e        0x2 
 .bss           0x1fff8250        0x8 .\CortexM3\ARM_GCC_541\Debug\Riaszto.a(CySpc.o)
                0x1fff8250                SpcLockState
 .bss           0x1fff8258        0x2 .\CortexM3\ARM_GCC_541\Debug\Riaszto.a(UART_ESP.o)
                0x1fff8258                UART_ESP_initVar
 .bss           0x1fff825a        0x1 .\CortexM3\ARM_GCC_541\Debug\Riaszto.a(VDAC8_ESP.o)
                0x1fff825a                VDAC8_ESP_initVar
 *fill*         0x1fff825b        0x1 
 .bss.__malloc_sbrk_start
                0x1fff825c        0x4 c:/program files (x86)/cypress/psoc creator/4.4/psoc creator/import/gnu/arm/5.4.1/bin/../lib/gcc/arm-none-eabi/5.4.1/../../../../arm-none-eabi/lib/armv7-m\libg_nano.a(lib_a-nano-mallocr.o)
                0x1fff825c                __malloc_sbrk_start
 .bss.__malloc_free_list
                0x1fff8260        0x4 c:/program files (x86)/cypress/psoc creator/4.4/psoc creator/import/gnu/arm/5.4.1/bin/../lib/gcc/arm-none-eabi/5.4.1/../../../../arm-none-eabi/lib/armv7-m\libg_nano.a(lib_a-nano-mallocr.o)
                0x1fff8260                __malloc_free_list
 *(COMMON)
 COMMON         0x1fff8264      0x168 .\CortexM3\ARM_GCC_541\Debug\main.o
                0x1fff8264                timing_fifo
                0x1fff826c                command_processor
                0x1fff8270                tone_fifo
                0x1fff8278                full_phone_num
                0x1fff8288                p_tasks
                0x1fff8290                alert_sms
                0x1fff82b4                gsm_fifo
                0x1fff82bc                command_buffer
                0x1fff83bc                alert_message
 COMMON         0x1fff83cc        0x8 .\CortexM3\ARM_GCC_541\Debug\GSMHandler.o
                0x1fff83cc                message
                0x1fff83d0                number
 COMMON         0x1fff83d4       0x48 .\CortexM3\ARM_GCC_541\Debug\SettingsHelper.o
                0x1fff83d4                phone_num_temp_buffer
                0x1fff83e0                variable_to_be_displayed
                0x1fff83f0                actual_menu_item
                0x1fff83fc                new_code_buffer
                0x1fff8400                num_buffer
                0x1fff8408                entered_code
                0x1fff840c                phone_num_buffer
                0x1fff8418                code_buffer
 COMMON         0x1fff841c      0x105 .\CortexM3\ARM_GCC_541\Debug\ESP_API.o
                0x1fff841c                sms_message
                0x1fff84fc                second_row
                0x1fff8510                first_row
 *fill*         0x1fff8521        0x3 
 COMMON         0x1fff8524        0xc .\CortexM3\ARM_GCC_541\Debug\Riaszto.a(ADC_SAR_PR.o)
                0x1fff8524                ADC_SAR_PR_offset
                0x1fff8526                ADC_SAR_PR_shift
                0x1fff8528                ADC_SAR_PR_countsPerVolt
                0x1fff852c                ADC_SAR_PR_countsPer10Volt
 COMMON         0x1fff8530        0x2 .\CortexM3\ARM_GCC_541\Debug\Riaszto.a(CyFlash.o)
                0x1fff8530                dieTemperature
 *fill*         0x1fff8532        0x2 
 COMMON         0x1fff8534        0x4 c:/program files (x86)/cypress/psoc creator/4.4/psoc creator/import/gnu/arm/5.4.1/bin/../lib/gcc/arm-none-eabi/5.4.1/../../../../arm-none-eabi/lib/armv7-m\libg_nano.a(lib_a-reent.o)
                0x1fff8534                errno
                0x1fff8538                . = ALIGN (0x8)
 *(.ram.b)
                0x1fff8538                _end = .
                0x1fff8538                __end = .
                0x1fff8538                PROVIDE (end, .)
                0x1fff8538                PROVIDE (__bss_end__, .)
                0x00004578                __cy_region_init_ram = LOADADDR (.data)
                0x00000148                __cy_region_init_size_ram = (_edata - ADDR (.data))
                0x00000328                __cy_region_zero_size_ram = (_end - _edata)

.heap           0x1fff8538      0x900 load address 0x000046c0
                0x1fff8538                . = _end
                0x1fff8e38                . = (. + 0x900)
 *fill*         0x1fff8538      0x900 
                0x1fff8e38                __cy_heap_limit = .

.stack          0x20007000     0x1000
                0x20007000                __cy_stack_limit = .
                0x20008000                . = (. + 0x1000)
 *fill*         0x20007000     0x1000 
                0x00000001                ASSERT ((__cy_stack_limit >= __cy_heap_limit), region RAM overflowed with stack)
                0x00000000                cy_checksum_exclude_size = (CY_APPL_LOADABLE == 0x1)?SIZEOF (.cy_checksum_exclude):0x0
                0x00000001                ASSERT ((cy_checksum_exclude_size <= CY_CHECKSUM_EXCLUDE_SIZE), CY_BOOT: Section .cy_checksum_exclude size exceedes specified limit.)

.cyloadermeta
 *(.cyloadermeta)

.cyloadablemeta
 *(.cyloadablemeta)

.cyconfigecc    0x80000000      0xb70
 *(.cyconfigecc)
 .cyconfigecc   0x80000000      0xb70 .\CortexM3\ARM_GCC_541\Debug\cymetadata.o
                0x80000000                cy_meta_configecc

.cycustnvl      0x90000000        0x4
 *(.cycustnvl)
 .cycustnvl     0x90000000        0x4 .\CortexM3\ARM_GCC_541\Debug\cymetadata.o
                0x90000000                cy_meta_custnvl

.cywolatch      0x90100000        0x4
 *(.cywolatch)
 .cywolatch     0x90100000        0x4 .\CortexM3\ARM_GCC_541\Debug\cymetadata.o
                0x90100000                cy_meta_wonvl

.cyeeprom       0x90200000        0x0
 *(.cyeeprom)
                0x00000001                ASSERT ((. <= ((0x90200000 + ee_offset) + ee_size)), .cyeeprom data will not fit in EEPROM)

.cyflashprotect
                0x90400000      0x100
 *(.cyflashprotect)
 .cyflashprotect
                0x90400000      0x100 .\CortexM3\ARM_GCC_541\Debug\cymetadata.o
                0x90400000                cy_meta_flashprotect

.cymeta         0x90500000        0xc
 *(.cymeta)
 .cymeta        0x90500000        0xc .\CortexM3\ARM_GCC_541\Debug\cymetadata.o
                0x90500000                cy_metadata

.rel.dyn        0x000046c0        0x0 load address 0x9050000c
 .rel.iplt      0x000046c0        0x0 c:/program files (x86)/cypress/psoc creator/4.4/psoc creator/import/gnu/arm/5.4.1/bin/../lib/gcc/arm-none-eabi/5.4.1/armv7-m/crtbegin.o

.stab
 *(.stab)

.stabstr
 *(.stabstr)

.debug
 *(.debug)

.line
 *(.line)

.debug_srcinfo
 *(.debug_srcinfo)

.debug_sfnames
 *(.debug_sfnames)

.debug_aranges  0x00000000     0x1630
 *(.debug_aranges)
 .debug_aranges
                0x00000000       0xa8 .\CortexM3\ARM_GCC_541\Debug\main.o
 .debug_aranges
                0x000000a8       0x70 .\CortexM3\ARM_GCC_541\Debug\d1302.o
 .debug_aranges
                0x00000118       0x50 .\CortexM3\ARM_GCC_541\Debug\TaskFIFO.o
 .debug_aranges
                0x00000168       0x58 .\CortexM3\ARM_GCC_541\Debug\PeriodicTask.o
 .debug_aranges
                0x000001c0       0x30 .\CortexM3\ARM_GCC_541\Debug\Keypad.o
 .debug_aranges
                0x000001f0       0x20 .\CortexM3\ARM_GCC_541\Debug\hb100movement.o
 .debug_aranges
                0x00000210       0x48 .\CortexM3\ARM_GCC_541\Debug\EEPROM_Helper.o
 .debug_aranges
                0x00000258       0x60 .\CortexM3\ARM_GCC_541\Debug\GSMHandler.o
 .debug_aranges
                0x000002b8      0x100 .\CortexM3\ARM_GCC_541\Debug\SettingsHelper.o
 .debug_aranges
                0x000003b8       0x48 .\CortexM3\ARM_GCC_541\Debug\ESP_API.o
 .debug_aranges
                0x00000400       0x58 .\CortexM3\ARM_GCC_541\Debug\cyfitter_cfg.o
 .debug_aranges
                0x00000458       0x18 .\CortexM3\ARM_GCC_541\Debug\cymetadata.o
 .debug_aranges
                0x00000470       0x48 .\CortexM3\ARM_GCC_541\Debug\Cm3Start.o
 .debug_aranges
                0x000004b8       0x98 .\CortexM3\ARM_GCC_541\Debug\Riaszto.a(LCD.o)
 .debug_aranges
                0x00000550       0x38 .\CortexM3\ARM_GCC_541\Debug\Riaszto.a(ROW1.o)
 .debug_aranges
                0x00000588       0x38 .\CortexM3\ARM_GCC_541\Debug\Riaszto.a(ROW2.o)
 .debug_aranges
                0x000005c0       0x38 .\CortexM3\ARM_GCC_541\Debug\Riaszto.a(ROW3.o)
 .debug_aranges
                0x000005f8       0x38 .\CortexM3\ARM_GCC_541\Debug\Riaszto.a(ROW4.o)
 .debug_aranges
                0x00000630       0x38 .\CortexM3\ARM_GCC_541\Debug\Riaszto.a(COL1.o)
 .debug_aranges
                0x00000668       0x38 .\CortexM3\ARM_GCC_541\Debug\Riaszto.a(COL2.o)
 .debug_aranges
                0x000006a0       0x38 .\CortexM3\ARM_GCC_541\Debug\Riaszto.a(COL3.o)
 .debug_aranges
                0x000006d8       0x38 .\CortexM3\ARM_GCC_541\Debug\Riaszto.a(COL4.o)
 .debug_aranges
                0x00000710       0xe8 .\CortexM3\ARM_GCC_541\Debug\Riaszto.a(SPIM.o)
 .debug_aranges
                0x000007f8       0x38 .\CortexM3\ARM_GCC_541\Debug\Riaszto.a(SS.o)
 .debug_aranges
                0x00000830       0xf0 .\CortexM3\ARM_GCC_541\Debug\Riaszto.a(UART.o)
 .debug_aranges
                0x00000920       0x38 .\CortexM3\ARM_GCC_541\Debug\Riaszto.a(RADAR.o)
 .debug_aranges
                0x00000958       0x88 .\CortexM3\ARM_GCC_541\Debug\Riaszto.a(Timer.o)
 .debug_aranges
                0x000009e0       0x80 .\CortexM3\ARM_GCC_541\Debug\Riaszto.a(isr_Timer.o)
 .debug_aranges
                0x00000a60       0x38 .\CortexM3\ARM_GCC_541\Debug\Riaszto.a(REED_RELAY.o)
 .debug_aranges
                0x00000a98       0x78 .\CortexM3\ARM_GCC_541\Debug\Riaszto.a(PWM_BACKLIGHT.o)
 .debug_aranges
                0x00000b10       0x78 .\CortexM3\ARM_GCC_541\Debug\Riaszto.a(PWM_BEEPER.o)
 .debug_aranges
                0x00000b88       0xa8 .\CortexM3\ARM_GCC_541\Debug\Riaszto.a(ADC_SAR_PR.o)
 .debug_aranges
                0x00000c30       0x20 .\CortexM3\ARM_GCC_541\Debug\Riaszto.a(ADC_SAR_PR_INT.o)
 .debug_aranges
                0x00000c50       0x78 .\CortexM3\ARM_GCC_541\Debug\Riaszto.a(EEPROM.o)
 .debug_aranges
                0x00000cc8       0xf0 .\CortexM3\ARM_GCC_541\Debug\Riaszto.a(UART_GSM.o)
 .debug_aranges
                0x00000db8       0x58 .\CortexM3\ARM_GCC_541\Debug\Riaszto.a(VDAC8.o)
 .debug_aranges
                0x00000e10       0x70 .\CortexM3\ARM_GCC_541\Debug\Riaszto.a(SPIM_IntClock.o)
 .debug_aranges
                0x00000e80       0x70 .\CortexM3\ARM_GCC_541\Debug\Riaszto.a(UART_IntClock.o)
 .debug_aranges
                0x00000ef0       0x80 .\CortexM3\ARM_GCC_541\Debug\Riaszto.a(ADC_SAR_PR_theACLK.o)
 .debug_aranges
                0x00000f70       0x70 .\CortexM3\ARM_GCC_541\Debug\Riaszto.a(UART_GSM_IntClock.o)
 .debug_aranges
                0x00000fe0       0x88 .\CortexM3\ARM_GCC_541\Debug\Riaszto.a(CyFlash.o)
 .debug_aranges
                0x00001068      0x2a0 .\CortexM3\ARM_GCC_541\Debug\Riaszto.a(CyLib.o)
 .debug_aranges
                0x00001308       0x98 .\CortexM3\ARM_GCC_541\Debug\Riaszto.a(cyPm.o)
 .debug_aranges
                0x000013a0       0x80 .\CortexM3\ARM_GCC_541\Debug\Riaszto.a(CySpc.o)
 .debug_aranges
                0x00001420       0x38 .\CortexM3\ARM_GCC_541\Debug\Riaszto.a(GSM_DTR.o)
 .debug_aranges
                0x00001458       0xf0 .\CortexM3\ARM_GCC_541\Debug\Riaszto.a(UART_ESP.o)
 .debug_aranges
                0x00001548       0x58 .\CortexM3\ARM_GCC_541\Debug\Riaszto.a(VDAC8_ESP.o)
 .debug_aranges
                0x000015a0       0x70 .\CortexM3\ARM_GCC_541\Debug\Riaszto.a(UART_ESP_IntClock.o)
 .debug_aranges
                0x00001610       0x20 .\CortexM3\ARM_GCC_541\Debug\Riaszto.a(CyBootAsmGnu.o)

.debug_pubnames
 *(.debug_pubnames)

.debug_info     0x00000000     0xdb18
 *(.debug_info .gnu.linkonce.wi.*)
 .debug_info    0x00000000     0x183d .\CortexM3\ARM_GCC_541\Debug\main.o
 .debug_info    0x0000183d      0x64d .\CortexM3\ARM_GCC_541\Debug\d1302.o
 .debug_info    0x00001e8a      0x4e6 .\CortexM3\ARM_GCC_541\Debug\TaskFIFO.o
 .debug_info    0x00002370      0x51c .\CortexM3\ARM_GCC_541\Debug\PeriodicTask.o
 .debug_info    0x0000288c      0x3c0 .\CortexM3\ARM_GCC_541\Debug\Keypad.o
 .debug_info    0x00002c4c      0x101 .\CortexM3\ARM_GCC_541\Debug\hb100movement.o
 .debug_info    0x00002d4d      0x313 .\CortexM3\ARM_GCC_541\Debug\EEPROM_Helper.o
 .debug_info    0x00003060      0x6ec .\CortexM3\ARM_GCC_541\Debug\GSMHandler.o
 .debug_info    0x0000374c     0x14ed .\CortexM3\ARM_GCC_541\Debug\SettingsHelper.o
 .debug_info    0x00004c39      0x689 .\CortexM3\ARM_GCC_541\Debug\ESP_API.o
 .debug_info    0x000052c2      0x69b .\CortexM3\ARM_GCC_541\Debug\cyfitter_cfg.o
 .debug_info    0x0000595d      0x139 .\CortexM3\ARM_GCC_541\Debug\cymetadata.o
 .debug_info    0x00005a96      0x3bb .\CortexM3\ARM_GCC_541\Debug\Cm3Start.o
 .debug_info    0x00005e51      0x715 .\CortexM3\ARM_GCC_541\Debug\Riaszto.a(LCD.o)
 .debug_info    0x00006566      0x11f .\CortexM3\ARM_GCC_541\Debug\Riaszto.a(ROW1.o)
 .debug_info    0x00006685      0x11f .\CortexM3\ARM_GCC_541\Debug\Riaszto.a(ROW2.o)
 .debug_info    0x000067a4      0x11f .\CortexM3\ARM_GCC_541\Debug\Riaszto.a(ROW3.o)
 .debug_info    0x000068c3      0x11f .\CortexM3\ARM_GCC_541\Debug\Riaszto.a(ROW4.o)
 .debug_info    0x000069e2      0x11f .\CortexM3\ARM_GCC_541\Debug\Riaszto.a(COL1.o)
 .debug_info    0x00006b01      0x11f .\CortexM3\ARM_GCC_541\Debug\Riaszto.a(COL2.o)
 .debug_info    0x00006c20      0x11f .\CortexM3\ARM_GCC_541\Debug\Riaszto.a(COL3.o)
 .debug_info    0x00006d3f      0x11f .\CortexM3\ARM_GCC_541\Debug\Riaszto.a(COL4.o)
 .debug_info    0x00006e5e      0x4df .\CortexM3\ARM_GCC_541\Debug\Riaszto.a(SPIM.o)
 .debug_info    0x0000733d      0x11f .\CortexM3\ARM_GCC_541\Debug\Riaszto.a(SS.o)
 .debug_info    0x0000745c      0x60c .\CortexM3\ARM_GCC_541\Debug\Riaszto.a(UART.o)
 .debug_info    0x00007a68      0x11f .\CortexM3\ARM_GCC_541\Debug\Riaszto.a(RADAR.o)
 .debug_info    0x00007b87      0x293 .\CortexM3\ARM_GCC_541\Debug\Riaszto.a(Timer.o)
 .debug_info    0x00007e1a      0x2d2 .\CortexM3\ARM_GCC_541\Debug\Riaszto.a(isr_Timer.o)
 .debug_info    0x000080ec      0x11f .\CortexM3\ARM_GCC_541\Debug\Riaszto.a(REED_RELAY.o)
 .debug_info    0x0000820b      0x27f .\CortexM3\ARM_GCC_541\Debug\Riaszto.a(PWM_BACKLIGHT.o)
 .debug_info    0x0000848a      0x27f .\CortexM3\ARM_GCC_541\Debug\Riaszto.a(PWM_BEEPER.o)
 .debug_info    0x00008709      0x5c0 .\CortexM3\ARM_GCC_541\Debug\Riaszto.a(ADC_SAR_PR.o)
 .debug_info    0x00008cc9       0x92 .\CortexM3\ARM_GCC_541\Debug\Riaszto.a(ADC_SAR_PR_INT.o)
 .debug_info    0x00008d5b      0x630 .\CortexM3\ARM_GCC_541\Debug\Riaszto.a(EEPROM.o)
 .debug_info    0x0000938b      0x60c .\CortexM3\ARM_GCC_541\Debug\Riaszto.a(UART_GSM.o)
 .debug_info    0x00009997      0x1df .\CortexM3\ARM_GCC_541\Debug\Riaszto.a(VDAC8.o)
 .debug_info    0x00009b76      0x283 .\CortexM3\ARM_GCC_541\Debug\Riaszto.a(SPIM_IntClock.o)
 .debug_info    0x00009df9      0x283 .\CortexM3\ARM_GCC_541\Debug\Riaszto.a(UART_IntClock.o)
 .debug_info    0x0000a07c      0x2c4 .\CortexM3\ARM_GCC_541\Debug\Riaszto.a(ADC_SAR_PR_theACLK.o)
 .debug_info    0x0000a340      0x283 .\CortexM3\ARM_GCC_541\Debug\Riaszto.a(UART_GSM_IntClock.o)
 .debug_info    0x0000a5c3      0x64d .\CortexM3\ARM_GCC_541\Debug\Riaszto.a(CyFlash.o)
 .debug_info    0x0000ac10     0x1374 .\CortexM3\ARM_GCC_541\Debug\Riaszto.a(CyLib.o)
 .debug_info    0x0000bf84      0xa2a .\CortexM3\ARM_GCC_541\Debug\Riaszto.a(cyPm.o)
 .debug_info    0x0000c9ae      0x550 .\CortexM3\ARM_GCC_541\Debug\Riaszto.a(CySpc.o)
 .debug_info    0x0000cefe      0x11f .\CortexM3\ARM_GCC_541\Debug\Riaszto.a(GSM_DTR.o)
 .debug_info    0x0000d01d      0x60c .\CortexM3\ARM_GCC_541\Debug\Riaszto.a(UART_ESP.o)
 .debug_info    0x0000d629      0x1df .\CortexM3\ARM_GCC_541\Debug\Riaszto.a(VDAC8_ESP.o)
 .debug_info    0x0000d808      0x283 .\CortexM3\ARM_GCC_541\Debug\Riaszto.a(UART_ESP_IntClock.o)
 .debug_info    0x0000da8b       0x8d .\CortexM3\ARM_GCC_541\Debug\Riaszto.a(CyBootAsmGnu.o)

.debug_abbrev   0x00000000     0x39d9
 *(.debug_abbrev)
 .debug_abbrev  0x00000000      0x253 .\CortexM3\ARM_GCC_541\Debug\main.o
 .debug_abbrev  0x00000253      0x15b .\CortexM3\ARM_GCC_541\Debug\d1302.o
 .debug_abbrev  0x000003ae      0x1cc .\CortexM3\ARM_GCC_541\Debug\TaskFIFO.o
 .debug_abbrev  0x0000057a      0x1df .\CortexM3\ARM_GCC_541\Debug\PeriodicTask.o
 .debug_abbrev  0x00000759      0x12f .\CortexM3\ARM_GCC_541\Debug\Keypad.o
 .debug_abbrev  0x00000888       0xaa .\CortexM3\ARM_GCC_541\Debug\hb100movement.o
 .debug_abbrev  0x00000932      0x12f .\CortexM3\ARM_GCC_541\Debug\EEPROM_Helper.o
 .debug_abbrev  0x00000a61      0x19d .\CortexM3\ARM_GCC_541\Debug\GSMHandler.o
 .debug_abbrev  0x00000bfe      0x264 .\CortexM3\ARM_GCC_541\Debug\SettingsHelper.o
 .debug_abbrev  0x00000e62      0x1eb .\CortexM3\ARM_GCC_541\Debug\ESP_API.o
 .debug_abbrev  0x0000104d      0x20d .\CortexM3\ARM_GCC_541\Debug\cyfitter_cfg.o
 .debug_abbrev  0x0000125a       0x77 .\CortexM3\ARM_GCC_541\Debug\cymetadata.o
 .debug_abbrev  0x000012d1      0x1e8 .\CortexM3\ARM_GCC_541\Debug\Cm3Start.o
 .debug_abbrev  0x000014b9      0x157 .\CortexM3\ARM_GCC_541\Debug\Riaszto.a(LCD.o)
 .debug_abbrev  0x00001610       0x90 .\CortexM3\ARM_GCC_541\Debug\Riaszto.a(ROW1.o)
 .debug_abbrev  0x000016a0       0x90 .\CortexM3\ARM_GCC_541\Debug\Riaszto.a(ROW2.o)
 .debug_abbrev  0x00001730       0x90 .\CortexM3\ARM_GCC_541\Debug\Riaszto.a(ROW3.o)
 .debug_abbrev  0x000017c0       0x90 .\CortexM3\ARM_GCC_541\Debug\Riaszto.a(ROW4.o)
 .debug_abbrev  0x00001850       0x90 .\CortexM3\ARM_GCC_541\Debug\Riaszto.a(COL1.o)
 .debug_abbrev  0x000018e0       0x90 .\CortexM3\ARM_GCC_541\Debug\Riaszto.a(COL2.o)
 .debug_abbrev  0x00001970       0x90 .\CortexM3\ARM_GCC_541\Debug\Riaszto.a(COL3.o)
 .debug_abbrev  0x00001a00       0x90 .\CortexM3\ARM_GCC_541\Debug\Riaszto.a(COL4.o)
 .debug_abbrev  0x00001a90      0x146 .\CortexM3\ARM_GCC_541\Debug\Riaszto.a(SPIM.o)
 .debug_abbrev  0x00001bd6       0x90 .\CortexM3\ARM_GCC_541\Debug\Riaszto.a(SS.o)
 .debug_abbrev  0x00001c66      0x175 .\CortexM3\ARM_GCC_541\Debug\Riaszto.a(UART.o)
 .debug_abbrev  0x00001ddb       0x90 .\CortexM3\ARM_GCC_541\Debug\Riaszto.a(RADAR.o)
 .debug_abbrev  0x00001e6b      0x11a .\CortexM3\ARM_GCC_541\Debug\Riaszto.a(Timer.o)
 .debug_abbrev  0x00001f85      0x173 .\CortexM3\ARM_GCC_541\Debug\Riaszto.a(isr_Timer.o)
 .debug_abbrev  0x000020f8       0x90 .\CortexM3\ARM_GCC_541\Debug\Riaszto.a(REED_RELAY.o)
 .debug_abbrev  0x00002188      0x12d .\CortexM3\ARM_GCC_541\Debug\Riaszto.a(PWM_BACKLIGHT.o)
 .debug_abbrev  0x000022b5      0x12d .\CortexM3\ARM_GCC_541\Debug\Riaszto.a(PWM_BEEPER.o)
 .debug_abbrev  0x000023e2      0x1ac .\CortexM3\ARM_GCC_541\Debug\Riaszto.a(ADC_SAR_PR.o)
 .debug_abbrev  0x0000258e       0x42 .\CortexM3\ARM_GCC_541\Debug\Riaszto.a(ADC_SAR_PR_INT.o)
 .debug_abbrev  0x000025d0      0x14e .\CortexM3\ARM_GCC_541\Debug\Riaszto.a(EEPROM.o)
 .debug_abbrev  0x0000271e      0x175 .\CortexM3\ARM_GCC_541\Debug\Riaszto.a(UART_GSM.o)
 .debug_abbrev  0x00002893       0xf7 .\CortexM3\ARM_GCC_541\Debug\Riaszto.a(VDAC8.o)
 .debug_abbrev  0x0000298a      0x139 .\CortexM3\ARM_GCC_541\Debug\Riaszto.a(SPIM_IntClock.o)
 .debug_abbrev  0x00002ac3      0x139 .\CortexM3\ARM_GCC_541\Debug\Riaszto.a(UART_IntClock.o)
 .debug_abbrev  0x00002bfc      0x121 .\CortexM3\ARM_GCC_541\Debug\Riaszto.a(ADC_SAR_PR_theACLK.o)
 .debug_abbrev  0x00002d1d      0x139 .\CortexM3\ARM_GCC_541\Debug\Riaszto.a(UART_GSM_IntClock.o)
 .debug_abbrev  0x00002e56      0x1a7 .\CortexM3\ARM_GCC_541\Debug\Riaszto.a(CyFlash.o)
 .debug_abbrev  0x00002ffd      0x254 .\CortexM3\ARM_GCC_541\Debug\Riaszto.a(CyLib.o)
 .debug_abbrev  0x00003251      0x1ab .\CortexM3\ARM_GCC_541\Debug\Riaszto.a(cyPm.o)
 .debug_abbrev  0x000033fc      0x194 .\CortexM3\ARM_GCC_541\Debug\Riaszto.a(CySpc.o)
 .debug_abbrev  0x00003590       0x90 .\CortexM3\ARM_GCC_541\Debug\Riaszto.a(GSM_DTR.o)
 .debug_abbrev  0x00003620      0x175 .\CortexM3\ARM_GCC_541\Debug\Riaszto.a(UART_ESP.o)
 .debug_abbrev  0x00003795       0xf7 .\CortexM3\ARM_GCC_541\Debug\Riaszto.a(VDAC8_ESP.o)
 .debug_abbrev  0x0000388c      0x139 .\CortexM3\ARM_GCC_541\Debug\Riaszto.a(UART_ESP_IntClock.o)
 .debug_abbrev  0x000039c5       0x14 .\CortexM3\ARM_GCC_541\Debug\Riaszto.a(CyBootAsmGnu.o)

.debug_line     0x00000000     0x5992
 *(.debug_line)
 .debug_line    0x00000000      0x519 .\CortexM3\ARM_GCC_541\Debug\main.o
 .debug_line    0x00000519      0x27f .\CortexM3\ARM_GCC_541\Debug\d1302.o
 .debug_line    0x00000798      0x21a .\CortexM3\ARM_GCC_541\Debug\TaskFIFO.o
 .debug_line    0x000009b2      0x24e .\CortexM3\ARM_GCC_541\Debug\PeriodicTask.o
 .debug_line    0x00000c00      0x2c8 .\CortexM3\ARM_GCC_541\Debug\Keypad.o
 .debug_line    0x00000ec8      0x17c .\CortexM3\ARM_GCC_541\Debug\hb100movement.o
 .debug_line    0x00001044      0x1e4 .\CortexM3\ARM_GCC_541\Debug\EEPROM_Helper.o
 .debug_line    0x00001228      0x26e .\CortexM3\ARM_GCC_541\Debug\GSMHandler.o
 .debug_line    0x00001496      0x5c2 .\CortexM3\ARM_GCC_541\Debug\SettingsHelper.o
 .debug_line    0x00001a58      0x2bb .\CortexM3\ARM_GCC_541\Debug\ESP_API.o
 .debug_line    0x00001d13      0x217 .\CortexM3\ARM_GCC_541\Debug\cyfitter_cfg.o
 .debug_line    0x00001f2a      0x141 .\CortexM3\ARM_GCC_541\Debug\cymetadata.o
 .debug_line    0x0000206b      0x234 .\CortexM3\ARM_GCC_541\Debug\Cm3Start.o
 .debug_line    0x0000229f      0x1dc .\CortexM3\ARM_GCC_541\Debug\Riaszto.a(LCD.o)
 .debug_line    0x0000247b       0x91 .\CortexM3\ARM_GCC_541\Debug\Riaszto.a(ROW1.o)
 .debug_line    0x0000250c       0x91 .\CortexM3\ARM_GCC_541\Debug\Riaszto.a(ROW2.o)
 .debug_line    0x0000259d       0x91 .\CortexM3\ARM_GCC_541\Debug\Riaszto.a(ROW3.o)
 .debug_line    0x0000262e       0x91 .\CortexM3\ARM_GCC_541\Debug\Riaszto.a(ROW4.o)
 .debug_line    0x000026bf       0x91 .\CortexM3\ARM_GCC_541\Debug\Riaszto.a(COL1.o)
 .debug_line    0x00002750       0x91 .\CortexM3\ARM_GCC_541\Debug\Riaszto.a(COL2.o)
 .debug_line    0x000027e1       0x91 .\CortexM3\ARM_GCC_541\Debug\Riaszto.a(COL3.o)
 .debug_line    0x00002872       0x91 .\CortexM3\ARM_GCC_541\Debug\Riaszto.a(COL4.o)
 .debug_line    0x00002903      0x265 .\CortexM3\ARM_GCC_541\Debug\Riaszto.a(SPIM.o)
 .debug_line    0x00002b68       0x8f .\CortexM3\ARM_GCC_541\Debug\Riaszto.a(SS.o)
 .debug_line    0x00002bf7      0x2bc .\CortexM3\ARM_GCC_541\Debug\Riaszto.a(UART.o)
 .debug_line    0x00002eb3       0x92 .\CortexM3\ARM_GCC_541\Debug\Riaszto.a(RADAR.o)
 .debug_line    0x00002f45      0x153 .\CortexM3\ARM_GCC_541\Debug\Riaszto.a(Timer.o)
 .debug_line    0x00003098      0x136 .\CortexM3\ARM_GCC_541\Debug\Riaszto.a(isr_Timer.o)
 .debug_line    0x000031ce       0x97 .\CortexM3\ARM_GCC_541\Debug\Riaszto.a(REED_RELAY.o)
 .debug_line    0x00003265      0x13b .\CortexM3\ARM_GCC_541\Debug\Riaszto.a(PWM_BACKLIGHT.o)
 .debug_line    0x000033a0      0x138 .\CortexM3\ARM_GCC_541\Debug\Riaszto.a(PWM_BEEPER.o)
 .debug_line    0x000034d8      0x222 .\CortexM3\ARM_GCC_541\Debug\Riaszto.a(ADC_SAR_PR.o)
 .debug_line    0x000036fa       0x57 .\CortexM3\ARM_GCC_541\Debug\Riaszto.a(ADC_SAR_PR_INT.o)
 .debug_line    0x00003751      0x264 .\CortexM3\ARM_GCC_541\Debug\Riaszto.a(EEPROM.o)
 .debug_line    0x000039b5      0x2c4 .\CortexM3\ARM_GCC_541\Debug\Riaszto.a(UART_GSM.o)
 .debug_line    0x00003c79       0xe2 .\CortexM3\ARM_GCC_541\Debug\Riaszto.a(VDAC8.o)
 .debug_line    0x00003d5b      0x17c .\CortexM3\ARM_GCC_541\Debug\Riaszto.a(SPIM_IntClock.o)
 .debug_line    0x00003ed7      0x17c .\CortexM3\ARM_GCC_541\Debug\Riaszto.a(UART_IntClock.o)
 .debug_line    0x00004053      0x1a4 .\CortexM3\ARM_GCC_541\Debug\Riaszto.a(ADC_SAR_PR_theACLK.o)
 .debug_line    0x000041f7      0x180 .\CortexM3\ARM_GCC_541\Debug\Riaszto.a(UART_GSM_IntClock.o)
 .debug_line    0x00004377      0x21a .\CortexM3\ARM_GCC_541\Debug\Riaszto.a(CyFlash.o)
 .debug_line    0x00004591      0x816 .\CortexM3\ARM_GCC_541\Debug\Riaszto.a(CyLib.o)
 .debug_line    0x00004da7      0x367 .\CortexM3\ARM_GCC_541\Debug\Riaszto.a(cyPm.o)
 .debug_line    0x0000510e      0x260 .\CortexM3\ARM_GCC_541\Debug\Riaszto.a(CySpc.o)
 .debug_line    0x0000536e       0x94 .\CortexM3\ARM_GCC_541\Debug\Riaszto.a(GSM_DTR.o)
 .debug_line    0x00005402      0x2c4 .\CortexM3\ARM_GCC_541\Debug\Riaszto.a(UART_ESP.o)
 .debug_line    0x000056c6       0xe6 .\CortexM3\ARM_GCC_541\Debug\Riaszto.a(VDAC8_ESP.o)
 .debug_line    0x000057ac      0x180 .\CortexM3\ARM_GCC_541\Debug\Riaszto.a(UART_ESP_IntClock.o)
 .debug_line    0x0000592c       0x66 .\CortexM3\ARM_GCC_541\Debug\Riaszto.a(CyBootAsmGnu.o)

.debug_frame    0x00000000     0x39f4
 *(.debug_frame)
 .debug_frame   0x00000000      0x220 .\CortexM3\ARM_GCC_541\Debug\main.o
 .debug_frame   0x00000220      0x16c .\CortexM3\ARM_GCC_541\Debug\d1302.o
 .debug_frame   0x0000038c       0xb8 .\CortexM3\ARM_GCC_541\Debug\TaskFIFO.o
 .debug_frame   0x00000444       0xe8 .\CortexM3\ARM_GCC_541\Debug\PeriodicTask.o
 .debug_frame   0x0000052c       0x68 .\CortexM3\ARM_GCC_541\Debug\Keypad.o
 .debug_frame   0x00000594       0x2c .\CortexM3\ARM_GCC_541\Debug\hb100movement.o
 .debug_frame   0x000005c0       0xcc .\CortexM3\ARM_GCC_541\Debug\EEPROM_Helper.o
 .debug_frame   0x0000068c      0x10c .\CortexM3\ARM_GCC_541\Debug\GSMHandler.o
 .debug_frame   0x00000798      0x364 .\CortexM3\ARM_GCC_541\Debug\SettingsHelper.o
 .debug_frame   0x00000afc       0xc0 .\CortexM3\ARM_GCC_541\Debug\ESP_API.o
 .debug_frame   0x00000bbc       0xfc .\CortexM3\ARM_GCC_541\Debug\cyfitter_cfg.o
 .debug_frame   0x00000cb8       0xb8 .\CortexM3\ARM_GCC_541\Debug\Cm3Start.o
 .debug_frame   0x00000d70      0x1e8 .\CortexM3\ARM_GCC_541\Debug\Riaszto.a(LCD.o)
 .debug_frame   0x00000f58       0x50 .\CortexM3\ARM_GCC_541\Debug\Riaszto.a(ROW1.o)
 .debug_frame   0x00000fa8       0x50 .\CortexM3\ARM_GCC_541\Debug\Riaszto.a(ROW2.o)
 .debug_frame   0x00000ff8       0x50 .\CortexM3\ARM_GCC_541\Debug\Riaszto.a(ROW3.o)
 .debug_frame   0x00001048       0x50 .\CortexM3\ARM_GCC_541\Debug\Riaszto.a(ROW4.o)
 .debug_frame   0x00001098       0x50 .\CortexM3\ARM_GCC_541\Debug\Riaszto.a(COL1.o)
 .debug_frame   0x000010e8       0x50 .\CortexM3\ARM_GCC_541\Debug\Riaszto.a(COL2.o)
 .debug_frame   0x00001138       0x50 .\CortexM3\ARM_GCC_541\Debug\Riaszto.a(COL3.o)
 .debug_frame   0x00001188       0x50 .\CortexM3\ARM_GCC_541\Debug\Riaszto.a(COL4.o)
 .debug_frame   0x000011d8      0x208 .\CortexM3\ARM_GCC_541\Debug\Riaszto.a(SPIM.o)
 .debug_frame   0x000013e0       0x50 .\CortexM3\ARM_GCC_541\Debug\Riaszto.a(SS.o)
 .debug_frame   0x00001430      0x250 .\CortexM3\ARM_GCC_541\Debug\Riaszto.a(UART.o)
 .debug_frame   0x00001680       0x50 .\CortexM3\ARM_GCC_541\Debug\Riaszto.a(RADAR.o)
 .debug_frame   0x000016d0      0x108 .\CortexM3\ARM_GCC_541\Debug\Riaszto.a(Timer.o)
 .debug_frame   0x000017d8      0x104 .\CortexM3\ARM_GCC_541\Debug\Riaszto.a(isr_Timer.o)
 .debug_frame   0x000018dc       0x50 .\CortexM3\ARM_GCC_541\Debug\Riaszto.a(REED_RELAY.o)
 .debug_frame   0x0000192c       0xe8 .\CortexM3\ARM_GCC_541\Debug\Riaszto.a(PWM_BACKLIGHT.o)
 .debug_frame   0x00001a14       0xe8 .\CortexM3\ARM_GCC_541\Debug\Riaszto.a(PWM_BEEPER.o)
 .debug_frame   0x00001afc      0x1b0 .\CortexM3\ARM_GCC_541\Debug\Riaszto.a(ADC_SAR_PR.o)
 .debug_frame   0x00001cac       0x20 .\CortexM3\ARM_GCC_541\Debug\Riaszto.a(ADC_SAR_PR_INT.o)
 .debug_frame   0x00001ccc      0x17c .\CortexM3\ARM_GCC_541\Debug\Riaszto.a(EEPROM.o)
 .debug_frame   0x00001e48      0x250 .\CortexM3\ARM_GCC_541\Debug\Riaszto.a(UART_GSM.o)
 .debug_frame   0x00002098       0xb4 .\CortexM3\ARM_GCC_541\Debug\Riaszto.a(VDAC8.o)
 .debug_frame   0x0000214c       0xe0 .\CortexM3\ARM_GCC_541\Debug\Riaszto.a(SPIM_IntClock.o)
 .debug_frame   0x0000222c       0xe0 .\CortexM3\ARM_GCC_541\Debug\Riaszto.a(UART_IntClock.o)
 .debug_frame   0x0000230c      0x100 .\CortexM3\ARM_GCC_541\Debug\Riaszto.a(ADC_SAR_PR_theACLK.o)
 .debug_frame   0x0000240c       0xe0 .\CortexM3\ARM_GCC_541\Debug\Riaszto.a(UART_GSM_IntClock.o)
 .debug_frame   0x000024ec      0x194 .\CortexM3\ARM_GCC_541\Debug\Riaszto.a(CyFlash.o)
 .debug_frame   0x00002680      0x738 .\CortexM3\ARM_GCC_541\Debug\Riaszto.a(CyLib.o)
 .debug_frame   0x00002db8      0x1f8 .\CortexM3\ARM_GCC_541\Debug\Riaszto.a(cyPm.o)
 .debug_frame   0x00002fb0      0x180 .\CortexM3\ARM_GCC_541\Debug\Riaszto.a(CySpc.o)
 .debug_frame   0x00003130       0x50 .\CortexM3\ARM_GCC_541\Debug\Riaszto.a(GSM_DTR.o)
 .debug_frame   0x00003180      0x250 .\CortexM3\ARM_GCC_541\Debug\Riaszto.a(UART_ESP.o)
 .debug_frame   0x000033d0       0xb4 .\CortexM3\ARM_GCC_541\Debug\Riaszto.a(VDAC8_ESP.o)
 .debug_frame   0x00003484       0xe0 .\CortexM3\ARM_GCC_541\Debug\Riaszto.a(UART_ESP_IntClock.o)
 .debug_frame   0x00003564       0x44 c:/program files (x86)/cypress/psoc creator/4.4/psoc creator/import/gnu/arm/5.4.1/bin/../lib/gcc/arm-none-eabi/5.4.1/armv7-m\libgcc.a(_aeabi_ldivmod.o)
 .debug_frame   0x000035a8       0x38 c:/program files (x86)/cypress/psoc creator/4.4/psoc creator/import/gnu/arm/5.4.1/bin/../lib/gcc/arm-none-eabi/5.4.1/armv7-m\libgcc.a(_udivmoddi4.o)
 .debug_frame   0x000035e0       0x20 c:/program files (x86)/cypress/psoc creator/4.4/psoc creator/import/gnu/arm/5.4.1/bin/../lib/gcc/arm-none-eabi/5.4.1/../../../../arm-none-eabi/lib/armv7-m\libg_nano.a(lib_a-errno.o)
 .debug_frame   0x00003600       0x28 c:/program files (x86)/cypress/psoc creator/4.4/psoc creator/import/gnu/arm/5.4.1/bin/../lib/gcc/arm-none-eabi/5.4.1/../../../../arm-none-eabi/lib/armv7-m\libg_nano.a(lib_a-exit.o)
 .debug_frame   0x00003628       0x2c c:/program files (x86)/cypress/psoc creator/4.4/psoc creator/import/gnu/arm/5.4.1/bin/../lib/gcc/arm-none-eabi/5.4.1/../../../../arm-none-eabi/lib/armv7-m\libg_nano.a(lib_a-init.o)
 .debug_frame   0x00003654       0x30 c:/program files (x86)/cypress/psoc creator/4.4/psoc creator/import/gnu/arm/5.4.1/bin/../lib/gcc/arm-none-eabi/5.4.1/../../../../arm-none-eabi/lib/armv7-m\libg_nano.a(lib_a-malloc.o)
 .debug_frame   0x00003684       0x28 c:/program files (x86)/cypress/psoc creator/4.4/psoc creator/import/gnu/arm/5.4.1/bin/../lib/gcc/arm-none-eabi/5.4.1/../../../../arm-none-eabi/lib/armv7-m\libg_nano.a(lib_a-memcpy-stub.o)
 .debug_frame   0x000036ac       0x20 c:/program files (x86)/cypress/psoc creator/4.4/psoc creator/import/gnu/arm/5.4.1/bin/../lib/gcc/arm-none-eabi/5.4.1/../../../../arm-none-eabi/lib/armv7-m\libg_nano.a(lib_a-memset.o)