Archive member included to satisfy reference by file (symbol)

.\CortexM3\ARM_GCC_541\Debug\Riaszto.a(LCD.o)
                              .\CortexM3\ARM_GCC_541\Debug\main.o (LCD_PrintString)
.\CortexM3\ARM_GCC_541\Debug\Riaszto.a(ROW1.o)
                              .\CortexM3\ARM_GCC_541\Debug\Keypad.o (ROW1_Write)
.\CortexM3\ARM_GCC_541\Debug\Riaszto.a(ROW2.o)
                              .\CortexM3\ARM_GCC_541\Debug\Keypad.o (ROW2_Write)
.\CortexM3\ARM_GCC_541\Debug\Riaszto.a(ROW3.o)
                              .\CortexM3\ARM_GCC_541\Debug\Keypad.o (ROW3_Write)
.\CortexM3\ARM_GCC_541\Debug\Riaszto.a(ROW4.o)
                              .\CortexM3\ARM_GCC_541\Debug\Keypad.o (ROW4_Write)
.\CortexM3\ARM_GCC_541\Debug\Riaszto.a(COL1.o)
                              .\CortexM3\ARM_GCC_541\Debug\Keypad.o (COL1_Read)
.\CortexM3\ARM_GCC_541\Debug\Riaszto.a(COL2.o)
                              .\CortexM3\ARM_GCC_541\Debug\Keypad.o (COL2_Read)
.\CortexM3\ARM_GCC_541\Debug\Riaszto.a(COL3.o)
                              .\CortexM3\ARM_GCC_541\Debug\Keypad.o (COL3_Read)
.\CortexM3\ARM_GCC_541\Debug\Riaszto.a(COL4.o)
                              .\CortexM3\ARM_GCC_541\Debug\Keypad.o (COL4_Read)
.\CortexM3\ARM_GCC_541\Debug\Riaszto.a(SPIM.o)
                              .\CortexM3\ARM_GCC_541\Debug\d1302.o (SPIM_ReadTxStatus)
.\CortexM3\ARM_GCC_541\Debug\Riaszto.a(SS.o)
                              .\CortexM3\ARM_GCC_541\Debug\d1302.o (SS_Write)
.\CortexM3\ARM_GCC_541\Debug\Riaszto.a(UART.o)
                              .\CortexM3\ARM_GCC_541\Debug\main.o (UART_Start)
.\CortexM3\ARM_GCC_541\Debug\Riaszto.a(ADC_SAR_RADAR.o)
                              .\CortexM3\ARM_GCC_541\Debug\main.o (ADC_SAR_RADAR_Start)
.\CortexM3\ARM_GCC_541\Debug\Riaszto.a(Timer.o)
                              .\CortexM3\ARM_GCC_541\Debug\main.o (Timer_ReadStatusRegister)
.\CortexM3\ARM_GCC_541\Debug\Riaszto.a(isr_Timer.o)
                              .\CortexM3\ARM_GCC_541\Debug\main.o (isr_Timer_StartEx)
.\CortexM3\ARM_GCC_541\Debug\Riaszto.a(REED_RELAY.o)
                              .\CortexM3\ARM_GCC_541\Debug\main.o (REED_RELAY_Read)
.\CortexM3\ARM_GCC_541\Debug\Riaszto.a(PWM_BACKLIGHT.o)
                              .\CortexM3\ARM_GCC_541\Debug\main.o (PWM_BACKLIGHT_WriteCompare)
.\CortexM3\ARM_GCC_541\Debug\Riaszto.a(PWM_BEEPER.o)
                              .\CortexM3\ARM_GCC_541\Debug\main.o (PWM_BEEPER_Stop)
.\CortexM3\ARM_GCC_541\Debug\Riaszto.a(ADC_SAR_PR.o)
                              .\CortexM3\ARM_GCC_541\Debug\main.o (ADC_SAR_PR_Start)
.\CortexM3\ARM_GCC_541\Debug\Riaszto.a(ADC_SAR_PR_INT.o)
                              .\CortexM3\ARM_GCC_541\Debug\Riaszto.a(ADC_SAR_PR.o) (ADC_SAR_PR_ISR)
.\CortexM3\ARM_GCC_541\Debug\Riaszto.a(EEPROM.o)
                              .\CortexM3\ARM_GCC_541\Debug\main.o (EEPROM_Start)
.\CortexM3\ARM_GCC_541\Debug\Riaszto.a(UART_GSM.o)
                              .\CortexM3\ARM_GCC_541\Debug\main.o (UART_GSM_Start)
.\CortexM3\ARM_GCC_541\Debug\Riaszto.a(VDAC8.o)
                              .\CortexM3\ARM_GCC_541\Debug\main.o (VDAC8_Start)
.\CortexM3\ARM_GCC_541\Debug\Riaszto.a(SPIM_IntClock.o)
                              .\CortexM3\ARM_GCC_541\Debug\Riaszto.a(SPIM.o) (SPIM_IntClock_Start)
.\CortexM3\ARM_GCC_541\Debug\Riaszto.a(UART_IntClock.o)
                              .\CortexM3\ARM_GCC_541\Debug\Riaszto.a(UART.o) (UART_IntClock_Start)
.\CortexM3\ARM_GCC_541\Debug\Riaszto.a(ADC_SAR_RADAR_IRQ.o)
                              .\CortexM3\ARM_GCC_541\Debug\main.o (ADC_SAR_RADAR_IRQ_StartEx)
.\CortexM3\ARM_GCC_541\Debug\Riaszto.a(ADC_SAR_RADAR_theACLK.o)
                              .\CortexM3\ARM_GCC_541\Debug\Riaszto.a(ADC_SAR_RADAR.o) (ADC_SAR_RADAR_theACLK_SetModeRegister)
.\CortexM3\ARM_GCC_541\Debug\Riaszto.a(ADC_SAR_PR_theACLK.o)
                              .\CortexM3\ARM_GCC_541\Debug\Riaszto.a(ADC_SAR_PR.o) (ADC_SAR_PR_theACLK_SetModeRegister)
.\CortexM3\ARM_GCC_541\Debug\Riaszto.a(UART_GSM_IntClock.o)
                              .\CortexM3\ARM_GCC_541\Debug\Riaszto.a(UART_GSM.o) (UART_GSM_IntClock_Start)
.\CortexM3\ARM_GCC_541\Debug\Riaszto.a(CyFlash.o)
                              .\CortexM3\ARM_GCC_541\Debug\Riaszto.a(EEPROM.o) (dieTemperature)
.\CortexM3\ARM_GCC_541\Debug\Riaszto.a(CyLib.o)
                              .\CortexM3\ARM_GCC_541\Debug\Cm3Start.o (CyHalt)
.\CortexM3\ARM_GCC_541\Debug\Riaszto.a(cyPm.o)
                              .\CortexM3\ARM_GCC_541\Debug\Riaszto.a(CyLib.o) (CyPmReadStatus)
.\CortexM3\ARM_GCC_541\Debug\Riaszto.a(CySpc.o)
                              .\CortexM3\ARM_GCC_541\Debug\Riaszto.a(EEPROM.o) (CySpcStart)
.\CortexM3\ARM_GCC_541\Debug\Riaszto.a(GSM_DTR.o)
                              .\CortexM3\ARM_GCC_541\Debug\main.o (GSM_DTR_Write)
.\CortexM3\ARM_GCC_541\Debug\Riaszto.a(CyBootAsmGnu.o)
                              .\CortexM3\ARM_GCC_541\Debug\cyfitter_cfg.o (CyDelayCycles)
[...]
Memory Configuration

Name             Origin             Length             Attributes
rom              0x00000000         0x00040000         xr
ram              0x1fff8000         0x00010000         xrw
*default*        0x00000000         0xffffffff

Linker script and memory map

LOAD c:/program files (x86)/cypress/psoc creator/4.4/psoc creator/import/gnu/arm/5.4.1/bin/../lib/gcc/arm-none-eabi/5.4.1/armv7-m/crti.o
LOAD c:/program files (x86)/cypress/psoc creator/4.4/psoc creator/import/gnu/arm/5.4.1/bin/../lib/gcc/arm-none-eabi/5.4.1/armv7-m/crtbegin.o
LOAD c:/program files (x86)/cypress/psoc creator/4.4/psoc creator/import/gnu/arm/5.4.1/bin/../lib/gcc/arm-none-eabi/5.4.1/../../../../arm-none-eabi/lib/armv7-m/crt0.o
START GROUP
LOAD .\CortexM3\ARM_GCC_541\Debug\main.o
LOAD .\CortexM3\ARM_GCC_541\Debug\d1302.o
LOAD .\CortexM3\ARM_GCC_541\Debug\TaskFIFO.o
LOAD .\CortexM3\ARM_GCC_541\Debug\PeriodicTask.o
LOAD .\CortexM3\ARM_GCC_541\Debug\Keypad.o
LOAD .\CortexM3\ARM_GCC_541\Debug\hb100movement.o
LOAD .\CortexM3\ARM_GCC_541\Debug\EEPROM_Helper.o
LOAD .\CortexM3\ARM_GCC_541\Debug\GSMHandler.o
LOAD .\CortexM3\ARM_GCC_541\Debug\SettingsHelper.o
LOAD .\CortexM3\ARM_GCC_541\Debug\cyfitter_cfg.o
LOAD .\CortexM3\ARM_GCC_541\Debug\cymetadata.o
LOAD .\CortexM3\ARM_GCC_541\Debug\Cm3Start.o
LOAD .\CortexM3\ARM_GCC_541\Debug\Riaszto.a
LOAD C:\Program Files (x86)\Cypress\PSoC Creator\4.4\PSoC Creator\psoc\content\cycomponentlibrary\CyComponentLibrary.cylib\CortexM3\ARM_GCC_541\Debug\CyComponentLibrary.a
END GROUP
START GROUP
LOAD c:/program files (x86)/cypress/psoc creator/4.4/psoc creator/import/gnu/arm/5.4.1/bin/../lib/gcc/arm-none-eabi/5.4.1/armv7-m\libgcc.a
LOAD c:/program files (x86)/cypress/psoc creator/4.4/psoc creator/import/gnu/arm/5.4.1/bin/../lib/gcc/arm-none-eabi/5.4.1/../../../../arm-none-eabi/lib/armv7-m\libg_nano.a
LOAD c:/program files (x86)/cypress/psoc creator/4.4/psoc creator/import/gnu/arm/5.4.1/bin/../lib/gcc/arm-none-eabi/5.4.1/../../../../arm-none-eabi/lib/armv7-m\libc_nano.a
END GROUP
START GROUP
LOAD c:/program files (x86)/cypress/psoc creator/4.4/psoc creator/import/gnu/arm/5.4.1/bin/../lib/gcc/arm-none-eabi/5.4.1/armv7-m\libgcc.a
LOAD c:/program files (x86)/cypress/psoc creator/4.4/psoc creator/import/gnu/arm/5.4.1/bin/../lib/gcc/arm-none-eabi/5.4.1/../../../../arm-none-eabi/lib/armv7-m\libc_nano.a
END GROUP
LOAD c:/program files (x86)/cypress/psoc creator/4.4/psoc creator/import/gnu/arm/5.4.1/bin/../lib/gcc/arm-none-eabi/5.4.1/armv7-m/crtend.o
LOAD c:/program files (x86)/cypress/psoc creator/4.4/psoc creator/import/gnu/arm/5.4.1/bin/../lib/gcc/arm-none-eabi/5.4.1/armv7-m/crtn.o
START GROUP
LOAD c:/program files (x86)/cypress/psoc creator/4.4/psoc creator/import/gnu/arm/5.4.1/bin/../lib/gcc/arm-none-eabi/5.4.1/armv7-m\libgcc.a
LOAD c:/program files (x86)/cypress/psoc creator/4.4/psoc creator/import/gnu/arm/5.4.1/bin/../lib/gcc/arm-none-eabi/5.4.1/../../../../arm-none-eabi/lib/armv7-m\libc.a
LOAD c:/program files (x86)/cypress/psoc creator/4.4/psoc creator/import/gnu/arm/5.4.1/bin/../lib/gcc/arm-none-eabi/5.4.1/../../../../arm-none-eabi/lib/armv7-m\libnosys.a
END GROUP
                0x00000000                CY_APPL_ORIGIN = 0x0
                0x00000100                CY_FLASH_ROW_SIZE = 0x100
                0x00000020                CY_ECC_ROW_SIZE = 0x20
                0x00000000                CY_EE_IN_BTLDR = 0x0
                0x00000000                CY_APPL_LOADABLE = 0x0
                0x00000800                CY_EE_SIZE = 0x800
                0x00000001                CY_APPL_NUM = 0x1
                0x00000001                CY_APPL_MAX = 0x1
                0x00000040                CY_METADATA_SIZE = 0x40
                0x00000000                CY_APPL_LOADABLE = 0x0
                0x00000000                CY_CHECKSUM_EXCLUDE_SIZE = ALIGN (0x0, CY_FLASH_ROW_SIZE)
                [!provide]                PROVIDE (__cy_heap_start, _end)
                0x00000001                PROVIDE (__cy_region_num, ((__cy_regions_end - __cy_regions) / 0x10))
                0x20008000                PROVIDE (__cy_stack, (ORIGIN (ram) + LENGTH (ram)))
                [!provide]                PROVIDE (__cy_heap_end, (__cy_stack - 0x1000))

.cybootloader   0x00000000        0x0
 *(.cybootloader)
                0x00000000                appl1_start = CY_APPL_ORIGIN?CY_APPL_ORIGIN:ALIGN (CY_FLASH_ROW_SIZE)
                0x0001ff00                appl2_start = (appl1_start + ALIGN ((((LENGTH (rom) - appl1_start) - (0x2 * CY_FLASH_ROW_SIZE)) / 0x2), CY_FLASH_ROW_SIZE))
                0x00000000                appl_start = (CY_APPL_NUM == 0x1)?appl1_start:appl2_start
                0x00000000                ecc_offset = ((appl_start / CY_FLASH_ROW_SIZE) * CY_ECC_ROW_SIZE)
                0x00000000                ee_offset = (CY_APPL_LOADABLE && ! (CY_EE_IN_BTLDR))?((CY_EE_SIZE / CY_APPL_MAX) * (CY_APPL_NUM - 0x1)):0x0
                0x00000800                ee_size = (CY_APPL_LOADABLE && ! (CY_EE_IN_BTLDR))?(CY_EE_SIZE / CY_APPL_MAX):CY_EE_SIZE
                [!provide]                PROVIDE (CY_ECC_OFFSET, ecc_offset)

.text           0x00000000     0x3aee
 CREATE_OBJECT_SYMBOLS
                0x00000000                PROVIDE (__cy_interrupt_vector, RomVectors)
 *(.romvectors)
 .romvectors    0x00000000       0x10 .\CortexM3\ARM_GCC_541\Debug\Cm3Start.o
                0x00000000                RomVectors
                0x00000001                ASSERT ((. != __cy_interrupt_vector), No interrupt vector)
                0x00000001                ASSERT (CY_APPL_ORIGIN?(SIZEOF (.cybootloader) <= CY_APPL_ORIGIN):0x1, Wrong image location)
                0x00000010                PROVIDE (__cy_reset, Reset)
 *(.text.Reset)
 .text.Reset    0x00000010       0x18 .\CortexM3\ARM_GCC_541\Debug\Cm3Start.o
                0x00000010                Reset
                0x00000001                ASSERT ((. != __cy_reset), No reset code)
 *(.dma_init)
                0x00000001                ASSERT ((((appl_start + .) <= 0x10000) || 0x1), DMA Init must be within the first 64k of flash)
 *(.text .text.* .gnu.linkonce.t.*)
 .text          0x00000028       0x5c c:/program files (x86)/cypress/psoc creator/4.4/psoc creator/import/gnu/arm/5.4.1/bin/../lib/gcc/arm-none-eabi/5.4.1/armv7-m/crtbegin.o
 .text.start_tone
                0x00000084       0x28 .\CortexM3\ARM_GCC_541\Debug\main.o
                0x00000084                start_tone
 .text.noTone   0x000000ac       0x10 .\CortexM3\ARM_GCC_541\Debug\main.o
                0x000000ac                noTone
 .text.TIMER_ISR
                0x000000bc       0x30 .\CortexM3\ARM_GCC_541\Debug\main.o
                0x000000bc                TIMER_ISR
 .text.check_photoresistor
                0x000000ec       0x5c .\CortexM3\ARM_GCC_541\Debug\main.o
                0x000000ec                check_photoresistor
 .text.change_backlight_with_light
                0x00000148       0x6c .\CortexM3\ARM_GCC_541\Debug\main.o
                0x00000148                change_backlight_with_light
 .text.print_time_to_lcd
                0x000001b4       0x24 .\CortexM3\ARM_GCC_541\Debug\main.o
                0x000001b4                print_time_to_lcd
 .text.visualized_counter
                0x000001d8       0x44 .\CortexM3\ARM_GCC_541\Debug\main.o
                0x000001d8                visualized_counter
 .text.finish_counting
                0x0000021c       0x10 .\CortexM3\ARM_GCC_541\Debug\main.o
                0x0000021c                finish_counting
 .text.go_to_alarm_idle
                0x0000022c       0x34 .\CortexM3\ARM_GCC_541\Debug\main.o
                0x0000022c                go_to_alarm_idle
 .text.to_passiv_move
                0x00000260       0x60 .\CortexM3\ARM_GCC_541\Debug\main.o
                0x00000260                to_passiv_move
 .text.is_reed_alert
                0x000002c0       0x18 .\CortexM3\ARM_GCC_541\Debug\main.o
                0x000002c0                is_reed_alert
 .text.create_alarm
                0x000002d8       0xa8 .\CortexM3\ARM_GCC_541\Debug\main.o
                0x000002d8                create_alarm
 .text.init     0x00000380       0x54 .\CortexM3\ARM_GCC_541\Debug\main.o
                0x00000380                init
 .text.tone     0x000003d4       0x38 .\CortexM3\ARM_GCC_541\Debug\main.o
                0x000003d4                tone
 .text.play_alert
                0x0000040c       0x34 .\CortexM3\ARM_GCC_541\Debug\main.o
                0x0000040c                play_alert
 .text.switch_to_watching_mode
                0x00000440       0x84 .\CortexM3\ARM_GCC_541\Debug\main.o
                0x00000440                switch_to_watching_mode
 .text.main     0x000004c4      0x3b8 .\CortexM3\ARM_GCC_541\Debug\main.o
                0x000004c4                main
 .text.SPIM_IO_RD_Addr
                0x0000087c       0x48 .\CortexM3\ARM_GCC_541\Debug\d1302.o
                0x0000087c                SPIM_IO_RD_Addr
 .text.SPIM_IO_RD_Data
                0x000008c4       0x54 .\CortexM3\ARM_GCC_541\Debug\d1302.o
                0x000008c4                SPIM_IO_RD_Data
 .text.get_hour
                0x00000918       0x20 .\CortexM3\ARM_GCC_541\Debug\d1302.o
                0x00000918                get_hour
 .text.get_minute
                0x00000938       0x20 .\CortexM3\ARM_GCC_541\Debug\d1302.o
                0x00000938                get_minute
 .text.print_time_string
                0x00000958       0x20 .\CortexM3\ARM_GCC_541\Debug\d1302.o
                0x00000958                print_time_string
 .text.create_new_onetimetask
                0x00000978       0x3c .\CortexM3\ARM_GCC_541\Debug\TaskFIFO.o
                0x00000978                create_new_onetimetask
 .text.create_new_noparam_onetimetask
                0x000009b4       0x3c .\CortexM3\ARM_GCC_541\Debug\TaskFIFO.o
                0x000009b4                create_new_noparam_onetimetask
 .text.pushTask
                0x000009f0       0x14 .\CortexM3\ARM_GCC_541\Debug\TaskFIFO.o
                0x000009f0                pushTask
 .text.get_and_remove_first
                0x00000a04       0x18 .\CortexM3\ARM_GCC_541\Debug\TaskFIFO.o
                0x00000a04                get_and_remove_first
 .text.free_taskfifo
                0x00000a1c       0x14 .\CortexM3\ARM_GCC_541\Debug\TaskFIFO.o
                0x00000a1c                free_taskfifo
 .text.check_if_runnable_and_decrement_counter
                0x00000a30       0x18 .\CortexM3\ARM_GCC_541\Debug\TaskFIFO.o
                0x00000a30                check_if_runnable_and_decrement_counter
 .text.run_next_task_when_available
                0x00000a48       0x34 .\CortexM3\ARM_GCC_541\Debug\TaskFIFO.o
                0x00000a48                run_next_task_when_available
 .text.create_new_ptask_parametered
                0x00000a7c       0x44 .\CortexM3\ARM_GCC_541\Debug\PeriodicTask.o
                0x00000a7c                create_new_ptask_parametered
 .text.create_new_ptask_noparam
                0x00000ac0       0x40 .\CortexM3\ARM_GCC_541\Debug\PeriodicTask.o
                0x00000ac0                create_new_ptask_noparam
 .text.add_to_ptask_list
                0x00000b00       0x14 .\CortexM3\ARM_GCC_541\Debug\PeriodicTask.o
                0x00000b00                add_to_ptask_list
 .text.find_task
                0x00000b14       0x14 .\CortexM3\ARM_GCC_541\Debug\PeriodicTask.o
                0x00000b14                find_task
 .text.enable_task
                0x00000b28       0x10 .\CortexM3\ARM_GCC_541\Debug\PeriodicTask.o
                0x00000b28                enable_task
 .text.disable_task
                0x00000b38       0x14 .\CortexM3\ARM_GCC_541\Debug\PeriodicTask.o
                0x00000b38                disable_task
 .text.run_permitted_tasks_and_decrement_counters
                0x00000b4c       0x30 .\CortexM3\ARM_GCC_541\Debug\PeriodicTask.o
                0x00000b4c                run_permitted_tasks_and_decrement_counters
 .text.get_pressed_key
                0x00000b7c       0x4c .\CortexM3\ARM_GCC_541\Debug\Keypad.o
                0x00000b7c                get_pressed_key
 .text.set_result_when_relesed
                0x00000bc8       0x28 .\CortexM3\ARM_GCC_541\Debug\Keypad.o
                0x00000bc8                set_result_when_relesed
 .text.readKey  0x00000bf0       0xf0 .\CortexM3\ARM_GCC_541\Debug\Keypad.o
                0x00000bf0                readKey
 .text.ADC_SAR_RADAR_ISR
                0x00000ce0       0x48 .\CortexM3\ARM_GCC_541\Debug\hb100movement.o
                0x00000ce0                ADC_SAR_RADAR_ISR
 .text.check_movement
                0x00000d28       0x6c .\CortexM3\ARM_GCC_541\Debug\hb100movement.o
                0x00000d28                check_movement
 .text.StoreInt8
                0x00000d94        0x8 .\CortexM3\ARM_GCC_541\Debug\EEPROM_Helper.o
                0x00000d94                StoreInt8
 .text.ReadInt8
                0x00000d9c        0x8 .\CortexM3\ARM_GCC_541\Debug\EEPROM_Helper.o
                0x00000d9c                ReadInt8
 .text.StoreInt16
                0x00000da4       0x18 .\CortexM3\ARM_GCC_541\Debug\EEPROM_Helper.o
                0x00000da4                StoreInt16
 .text.ReadInt16
                0x00000dbc       0x1c .\CortexM3\ARM_GCC_541\Debug\EEPROM_Helper.o
                0x00000dbc                ReadInt16
 .text.ReadInt8ArrayFromRow
                0x00000dd8       0x28 .\CortexM3\ARM_GCC_541\Debug\EEPROM_Helper.o
                0x00000dd8                ReadInt8ArrayFromRow
 .text.StoreInt8ArrayToRow
                0x00000e00        0xc .\CortexM3\ARM_GCC_541\Debug\EEPROM_Helper.o
                0x00000e00                StoreInt8ArrayToRow
 .text.send_AT_command
                0x00000e0c       0x2c .\CortexM3\ARM_GCC_541\Debug\GSMHandler.o
                0x00000e0c                send_AT_command
 .text.send_ATCMGF_command
                0x00000e38       0x2c .\CortexM3\ARM_GCC_541\Debug\GSMHandler.o
                0x00000e38                send_ATCMGF_command
 .text.send_sms_command
                0x00000e64       0x30 .\CortexM3\ARM_GCC_541\Debug\GSMHandler.o
                0x00000e64                send_sms_command
 .text.power_down_cmd
                0x00000e94       0x2c .\CortexM3\ARM_GCC_541\Debug\GSMHandler.o
                0x00000e94                power_down_cmd
 .text.send_SMSStarter_command
                0x00000ec0       0x44 .\CortexM3\ARM_GCC_541\Debug\GSMHandler.o
                0x00000ec0                send_SMSStarter_command
 .text.power_on_modul
                0x00000f04       0x34 .\CortexM3\ARM_GCC_541\Debug\GSMHandler.o
                0x00000f04                power_on_modul
 .text.power_off
                0x00000f38       0x24 .\CortexM3\ARM_GCC_541\Debug\GSMHandler.o
                0x00000f38                power_off
 .text.start_sms_sending_sequence
                0x00000f5c       0xb0 .\CortexM3\ARM_GCC_541\Debug\GSMHandler.o
                0x00000f5c                start_sms_sending_sequence
 .text.toInt    0x0000100c       0x2c .\CortexM3\ARM_GCC_541\Debug\SettingsHelper.o
                0x0000100c                toInt
 .text.printChar
                0x00001038       0x1c .\CortexM3\ARM_GCC_541\Debug\SettingsHelper.o
                0x00001038                printChar
 .text.printString
                0x00001054       0x28 .\CortexM3\ARM_GCC_541\Debug\SettingsHelper.o
                0x00001054                printString
 .text.try_to_read_code_from_keyboard
                0x0000107c       0x94 .\CortexM3\ARM_GCC_541\Debug\SettingsHelper.o
                0x0000107c                try_to_read_code_from_keyboard
 .text.read_num_from_keypad
                0x00001110       0x84 .\CortexM3\ARM_GCC_541\Debug\SettingsHelper.o
                0x00001110                read_num_from_keypad
 .text.print_lines_to_lcd
                0x00001194       0x2c .\CortexM3\ARM_GCC_541\Debug\SettingsHelper.o
                0x00001194                print_lines_to_lcd
 .text.print_page
                0x000011c0        0xc .\CortexM3\ARM_GCC_541\Debug\SettingsHelper.o
                0x000011c0                print_page
 .text.change_page
                0x000011cc       0x18 .\CortexM3\ARM_GCC_541\Debug\SettingsHelper.o
                0x000011cc                change_page
 .text.vertify_code
                0x000011e4       0x14 .\CortexM3\ARM_GCC_541\Debug\SettingsHelper.o
                0x000011e4                vertify_code
 .text.handle_main_menu_page
                0x000011f8       0x6c .\CortexM3\ARM_GCC_541\Debug\SettingsHelper.o
                0x000011f8                handle_main_menu_page
 .text.choose_param_page1
                0x00001264       0x70 .\CortexM3\ARM_GCC_541\Debug\SettingsHelper.o
                0x00001264                choose_param_page1
 .text.choose_param_page2
                0x000012d4       0x70 .\CortexM3\ARM_GCC_541\Debug\SettingsHelper.o
                0x000012d4                choose_param_page2
 .text.choose_param_page3
                0x00001344       0x88 .\CortexM3\ARM_GCC_541\Debug\SettingsHelper.o
                0x00001344                choose_param_page3
 .text.choose_param_page4
                0x000013cc       0x70 .\CortexM3\ARM_GCC_541\Debug\SettingsHelper.o
                0x000013cc                choose_param_page4
 .text.choose_param_page5
                0x0000143c       0x78 .\CortexM3\ARM_GCC_541\Debug\SettingsHelper.o
                0x0000143c                choose_param_page5
 .text.choose_param_page6
                0x000014b4       0x78 .\CortexM3\ARM_GCC_541\Debug\SettingsHelper.o
                0x000014b4                choose_param_page6
 .text.choose_param_page7
                0x0000152c       0x88 .\CortexM3\ARM_GCC_541\Debug\SettingsHelper.o
                0x0000152c                choose_param_page7
 .text.read_new_code
                0x000015b4       0x40 .\CortexM3\ARM_GCC_541\Debug\SettingsHelper.o
                0x000015b4                read_new_code
 .text.init_constants
                0x000015f4       0x54 .\CortexM3\ARM_GCC_541\Debug\SettingsHelper.o
                0x000015f4                init_constants
 .text.change_16_num
                0x00001648       0x48 .\CortexM3\ARM_GCC_541\Debug\SettingsHelper.o
                0x00001648                change_16_num
 .text.change_8_num
                0x00001690       0x48 .\CortexM3\ARM_GCC_541\Debug\SettingsHelper.o
                0x00001690                change_8_num
 .text.ask_bool
                0x000016d8       0x50 .\CortexM3\ARM_GCC_541\Debug\SettingsHelper.o
                0x000016d8                ask_bool
 .text.init_code
                0x00001728       0x14 .\CortexM3\ARM_GCC_541\Debug\SettingsHelper.o
                0x00001728                init_code
 .text.select_new_code
                0x0000173c       0xac .\CortexM3\ARM_GCC_541\Debug\SettingsHelper.o
                0x0000173c                select_new_code
 .text.init_phone_num
                0x000017e8       0x38 .\CortexM3\ARM_GCC_541\Debug\SettingsHelper.o
                0x000017e8                init_phone_num
 .text.init_settings
                0x00001820       0x18 .\CortexM3\ARM_GCC_541\Debug\SettingsHelper.o
                0x00001820                init_settings
 .text.read_phone_num
                0x00001838       0x80 .\CortexM3\ARM_GCC_541\Debug\SettingsHelper.o
                0x00001838                read_phone_num
 .text.edit_phone_number
                0x000018b8       0x44 .\CortexM3\ARM_GCC_541\Debug\SettingsHelper.o
                0x000018b8                edit_phone_number
 .text.process_settings
                0x000018fc       0x10 .\CortexM3\ARM_GCC_541\Debug\SettingsHelper.o
                0x000018fc                process_settings
 .text.CyClockStartupError
                0x0000190c        0x4 .\CortexM3\ARM_GCC_541\Debug\cyfitter_cfg.o
 .text.cfg_write_bytes32
                0x00001910       0x34 .\CortexM3\ARM_GCC_541\Debug\cyfitter_cfg.o
 .text.CYMEMZERO
                0x00001944        0xc .\CortexM3\ARM_GCC_541\Debug\cyfitter_cfg.o
 .text.AnalogSetDefault
                0x00001950       0xa0 .\CortexM3\ARM_GCC_541\Debug\cyfitter_cfg.o
 .text.CYCONFIGCPY
                0x000019f0        0x8 .\CortexM3\ARM_GCC_541\Debug\cyfitter_cfg.o
 .text.ClockSetup
                0x000019f8      0x128 .\CortexM3\ARM_GCC_541\Debug\cyfitter_cfg.o
 .text.cyfitter_cfg
                0x00001b20      0x148 .\CortexM3\ARM_GCC_541\Debug\cyfitter_cfg.o
                0x00001b20                cyfitter_cfg
 .text.IntDefaultHandler
                0x00001c68       0x10 .\CortexM3\ARM_GCC_541\Debug\Cm3Start.o
                0x00001c68                IntDefaultHandler
 .text._sbrk    0x00001c78       0x30 .\CortexM3\ARM_GCC_541\Debug\Cm3Start.o
                0x00001c78                _sbrk
 .text.Start_c  0x00001ca8       0x4c .\CortexM3\ARM_GCC_541\Debug\Cm3Start.o
                0x00001ca8                Start_c
 .text.initialize_psoc
                0x00001cf4       0x68 .\CortexM3\ARM_GCC_541\Debug\Cm3Start.o
                0x00001cf4                initialize_psoc
 .text.LCD_WrCntrlNib
                0x00001d5c       0x34 .\CortexM3\ARM_GCC_541\Debug\Riaszto.a(LCD.o)
 .text.LCD_WrDatNib
                0x00001d90       0x44 .\CortexM3\ARM_GCC_541\Debug\Riaszto.a(LCD.o)
 .text.LCD_IsReady
                0x00001dd4       0xe4 .\CortexM3\ARM_GCC_541\Debug\Riaszto.a(LCD.o)
                0x00001dd4                LCD_IsReady
 .text.LCD_WriteData
                0x00001eb8       0x18 .\CortexM3\ARM_GCC_541\Debug\Riaszto.a(LCD.o)
                0x00001eb8                LCD_WriteData
 .text.LCD_PrintString
                0x00001ed0       0x1c .\CortexM3\ARM_GCC_541\Debug\Riaszto.a(LCD.o)
                0x00001ed0                LCD_PrintString
 .text.LCD_PutChar
                0x00001eec        0x8 .\CortexM3\ARM_GCC_541\Debug\Riaszto.a(LCD.o)
                0x00001eec                LCD_PutChar
 .text.LCD_WriteControl
                0x00001ef4       0x18 .\CortexM3\ARM_GCC_541\Debug\Riaszto.a(LCD.o)
                0x00001ef4                LCD_WriteControl
 .text.LCD_Init
                0x00001f0c       0x6c .\CortexM3\ARM_GCC_541\Debug\Riaszto.a(LCD.o)
                0x00001f0c                LCD_Init
 .text.LCD_Enable
                0x00001f78       0x14 .\CortexM3\ARM_GCC_541\Debug\Riaszto.a(LCD.o)
                0x00001f78                LCD_Enable
 .text.LCD_Start
                0x00001f8c       0x1c .\CortexM3\ARM_GCC_541\Debug\Riaszto.a(LCD.o)
                0x00001f8c                LCD_Start
 .text.LCD_Position
                0x00001fa8       0x3c .\CortexM3\ARM_GCC_541\Debug\Riaszto.a(LCD.o)
                0x00001fa8                LCD_Position
 .text.ROW1_Write
                0x00001fe4       0x18 .\CortexM3\ARM_GCC_541\Debug\Riaszto.a(ROW1.o)
                0x00001fe4                ROW1_Write
 .text.ROW2_Write
                0x00001ffc       0x18 .\CortexM3\ARM_GCC_541\Debug\Riaszto.a(ROW2.o)
                0x00001ffc                ROW2_Write
 .text.ROW3_Write
                0x00002014       0x18 .\CortexM3\ARM_GCC_541\Debug\Riaszto.a(ROW3.o)
                0x00002014                ROW3_Write
 .text.ROW4_Write
                0x0000202c       0x18 .\CortexM3\ARM_GCC_541\Debug\Riaszto.a(ROW4.o)
                0x0000202c                ROW4_Write
 .text.COL1_Read
                0x00002044       0x10 .\CortexM3\ARM_GCC_541\Debug\Riaszto.a(COL1.o)
                0x00002044                COL1_Read
 .text.COL2_Read
                0x00002054       0x10 .\CortexM3\ARM_GCC_541\Debug\Riaszto.a(COL2.o)
                0x00002054                COL2_Read
 .text.COL3_Read
                0x00002064       0x10 .\CortexM3\ARM_GCC_541\Debug\Riaszto.a(COL3.o)
                0x00002064                COL3_Read
 .text.COL4_Read
                0x00002074       0x10 .\CortexM3\ARM_GCC_541\Debug\Riaszto.a(COL4.o)
                0x00002074                COL4_Read
 .text.SPIM_Enable
                0x00002084       0x38 .\CortexM3\ARM_GCC_541\Debug\Riaszto.a(SPIM.o)
                0x00002084                SPIM_Enable
 .text.SPIM_ReadTxStatus
                0x000020bc        0xc .\CortexM3\ARM_GCC_541\Debug\Riaszto.a(SPIM.o)
                0x000020bc                SPIM_ReadTxStatus
 .text.SPIM_ReadRxStatus
                0x000020c8        0xc .\CortexM3\ARM_GCC_541\Debug\Riaszto.a(SPIM.o)
                0x000020c8                SPIM_ReadRxStatus
 .text.SPIM_WriteTxData
                0x000020d4       0x18 .\CortexM3\ARM_GCC_541\Debug\Riaszto.a(SPIM.o)
                0x000020d4                SPIM_WriteTxData
 .text.SPIM_ReadRxData
                0x000020ec        0xc .\CortexM3\ARM_GCC_541\Debug\Riaszto.a(SPIM.o)
                0x000020ec                SPIM_ReadRxData
 .text.SPIM_TxEnable
                0x000020f8       0x10 .\CortexM3\ARM_GCC_541\Debug\Riaszto.a(SPIM.o)
                0x000020f8                SPIM_TxEnable
 .text.SPIM_TxDisable
                0x00002108       0x10 .\CortexM3\ARM_GCC_541\Debug\Riaszto.a(SPIM.o)
                0x00002108                SPIM_TxDisable
 .text.SPIM_ClearFIFO
                0x00002118       0x3c .\CortexM3\ARM_GCC_541\Debug\Riaszto.a(SPIM.o)
                0x00002118                SPIM_ClearFIFO
 .text.SPIM_Init
                0x00002154       0x2c .\CortexM3\ARM_GCC_541\Debug\Riaszto.a(SPIM.o)
                0x00002154                SPIM_Init
 .text.SPIM_Start
                0x00002180       0x1c .\CortexM3\ARM_GCC_541\Debug\Riaszto.a(SPIM.o)
                0x00002180                SPIM_Start
 .text.SS_Write
                0x0000219c       0x18 .\CortexM3\ARM_GCC_541\Debug\Riaszto.a(SS.o)
                0x0000219c                SS_Write
 .text.UART_Init
                0x000021b4       0x28 .\CortexM3\ARM_GCC_541\Debug\Riaszto.a(UART.o)
                0x000021b4                UART_Init
 .text.UART_Enable
                0x000021dc       0x38 .\CortexM3\ARM_GCC_541\Debug\Riaszto.a(UART.o)
                0x000021dc                UART_Enable
 .text.UART_Start
                0x00002214       0x1c .\CortexM3\ARM_GCC_541\Debug\Riaszto.a(UART.o)
                0x00002214                UART_Start
 .text.UART_GetChar
                0x00002230       0x2c .\CortexM3\ARM_GCC_541\Debug\Riaszto.a(UART.o)
                0x00002230                UART_GetChar
 .text.UART_GetRxBufferSize
                0x0000225c       0x18 .\CortexM3\ARM_GCC_541\Debug\Riaszto.a(UART.o)
                0x0000225c                UART_GetRxBufferSize
 .text.UART_PutChar
                0x00002274       0x18 .\CortexM3\ARM_GCC_541\Debug\Riaszto.a(UART.o)
                0x00002274                UART_PutChar
 .text.UART_PutString
                0x0000228c       0x24 .\CortexM3\ARM_GCC_541\Debug\Riaszto.a(UART.o)
                0x0000228c                UART_PutString
 .text.ADC_SAR_RADAR_CalcGain
                0x000022b0       0x64 .\CortexM3\ARM_GCC_541\Debug\Riaszto.a(ADC_SAR_RADAR.o)
 .text.ADC_SAR_RADAR_Enable
                0x00002314       0x94 .\CortexM3\ARM_GCC_541\Debug\Riaszto.a(ADC_SAR_RADAR.o)
                0x00002314                ADC_SAR_RADAR_Enable
 .text.ADC_SAR_RADAR_SetResolution
                0x000023a8       0x38 .\CortexM3\ARM_GCC_541\Debug\Riaszto.a(ADC_SAR_RADAR.o)
                0x000023a8                ADC_SAR_RADAR_SetResolution
 .text.ADC_SAR_RADAR_Init
                0x000023e0       0x3c .\CortexM3\ARM_GCC_541\Debug\Riaszto.a(ADC_SAR_RADAR.o)
                0x000023e0                ADC_SAR_RADAR_Init
 .text.ADC_SAR_RADAR_Start
                0x0000241c       0x1c .\CortexM3\ARM_GCC_541\Debug\Riaszto.a(ADC_SAR_RADAR.o)
                0x0000241c                ADC_SAR_RADAR_Start
 .text.ADC_SAR_RADAR_StartConvert
                0x00002438       0x10 .\CortexM3\ARM_GCC_541\Debug\Riaszto.a(ADC_SAR_RADAR.o)
                0x00002438                ADC_SAR_RADAR_StartConvert
 .text.ADC_SAR_RADAR_GetResult16
                0x00002448       0x18 .\CortexM3\ARM_GCC_541\Debug\Riaszto.a(ADC_SAR_RADAR.o)
                0x00002448                ADC_SAR_RADAR_GetResult16
 .text.Timer_Enable
                0x00002460       0x28 .\CortexM3\ARM_GCC_541\Debug\Riaszto.a(Timer.o)
                0x00002460                Timer_Enable
 .text.Timer_SetInterruptMode
                0x00002488        0xc .\CortexM3\ARM_GCC_541\Debug\Riaszto.a(Timer.o)
                0x00002488                Timer_SetInterruptMode
 .text.Timer_ReadStatusRegister
                0x00002494        0xc .\CortexM3\ARM_GCC_541\Debug\Riaszto.a(Timer.o)
                0x00002494                Timer_ReadStatusRegister
 .text.Timer_WritePeriod
                0x000024a0        0xc .\CortexM3\ARM_GCC_541\Debug\Riaszto.a(Timer.o)
                0x000024a0                Timer_WritePeriod
 .text.Timer_WriteCounter
                0x000024ac        0xc .\CortexM3\ARM_GCC_541\Debug\Riaszto.a(Timer.o)
                0x000024ac                Timer_WriteCounter
 .text.Timer_Init
                0x000024b8       0x64 .\CortexM3\ARM_GCC_541\Debug\Riaszto.a(Timer.o)
                0x000024b8                Timer_Init
 .text.Timer_Start
                0x0000251c       0x1c .\CortexM3\ARM_GCC_541\Debug\Riaszto.a(Timer.o)
                0x0000251c                Timer_Start
 .text.isr_Timer_SetVector
                0x00002538       0x10 .\CortexM3\ARM_GCC_541\Debug\Riaszto.a(isr_Timer.o)
                0x00002538                isr_Timer_SetVector
 .text.isr_Timer_SetPriority
                0x00002548       0x10 .\CortexM3\ARM_GCC_541\Debug\Riaszto.a(isr_Timer.o)
                0x00002548                isr_Timer_SetPriority
 .text.isr_Timer_Enable
                0x00002558       0x10 .\CortexM3\ARM_GCC_541\Debug\Riaszto.a(isr_Timer.o)
                0x00002558                isr_Timer_Enable
 .text.isr_Timer_Disable
                0x00002568       0x10 .\CortexM3\ARM_GCC_541\Debug\Riaszto.a(isr_Timer.o)
                0x00002568                isr_Timer_Disable
 .text.isr_Timer_StartEx
                0x00002578       0x1c .\CortexM3\ARM_GCC_541\Debug\Riaszto.a(isr_Timer.o)
                0x00002578                isr_Timer_StartEx
 .text.REED_RELAY_Read
                0x00002594       0x10 .\CortexM3\ARM_GCC_541\Debug\Riaszto.a(REED_RELAY.o)
                0x00002594                REED_RELAY_Read
 .text.PWM_BACKLIGHT_Enable
                0x000025a4       0x28 .\CortexM3\ARM_GCC_541\Debug\Riaszto.a(PWM_BACKLIGHT.o)
                0x000025a4                PWM_BACKLIGHT_Enable
 .text.PWM_BACKLIGHT_WritePeriod
                0x000025cc        0xc .\CortexM3\ARM_GCC_541\Debug\Riaszto.a(PWM_BACKLIGHT.o)
                0x000025cc                PWM_BACKLIGHT_WritePeriod
 .text.PWM_BACKLIGHT_WriteCompare
                0x000025d8        0xc .\CortexM3\ARM_GCC_541\Debug\Riaszto.a(PWM_BACKLIGHT.o)
                0x000025d8                PWM_BACKLIGHT_WriteCompare
 .text.PWM_BACKLIGHT_SetInterruptMode
                0x000025e4        0xc .\CortexM3\ARM_GCC_541\Debug\Riaszto.a(PWM_BACKLIGHT.o)
                0x000025e4                PWM_BACKLIGHT_SetInterruptMode
 .text.PWM_BACKLIGHT_Init
                0x000025f0       0x74 .\CortexM3\ARM_GCC_541\Debug\Riaszto.a(PWM_BACKLIGHT.o)
                0x000025f0                PWM_BACKLIGHT_Init
 .text.PWM_BACKLIGHT_Start
                0x00002664       0x1c .\CortexM3\ARM_GCC_541\Debug\Riaszto.a(PWM_BACKLIGHT.o)
                0x00002664                PWM_BACKLIGHT_Start
 .text.PWM_BEEPER_Enable
                0x00002680       0x28 .\CortexM3\ARM_GCC_541\Debug\Riaszto.a(PWM_BEEPER.o)
                0x00002680                PWM_BEEPER_Enable
 .text.PWM_BEEPER_Stop
                0x000026a8       0x28 .\CortexM3\ARM_GCC_541\Debug\Riaszto.a(PWM_BEEPER.o)
                0x000026a8                PWM_BEEPER_Stop
 .text.PWM_BEEPER_WritePeriod
                0x000026d0        0xc .\CortexM3\ARM_GCC_541\Debug\Riaszto.a(PWM_BEEPER.o)
                0x000026d0                PWM_BEEPER_WritePeriod
 .text.PWM_BEEPER_WriteCompare
                0x000026dc        0xc .\CortexM3\ARM_GCC_541\Debug\Riaszto.a(PWM_BEEPER.o)
                0x000026dc                PWM_BEEPER_WriteCompare
 .text.PWM_BEEPER_SetInterruptMode
                0x000026e8        0xc .\CortexM3\ARM_GCC_541\Debug\Riaszto.a(PWM_BEEPER.o)
                0x000026e8                PWM_BEEPER_SetInterruptMode
 .text.PWM_BEEPER_Init
                0x000026f4       0x74 .\CortexM3\ARM_GCC_541\Debug\Riaszto.a(PWM_BEEPER.o)
                0x000026f4                PWM_BEEPER_Init
 .text.PWM_BEEPER_Start
                0x00002768       0x1c .\CortexM3\ARM_GCC_541\Debug\Riaszto.a(PWM_BEEPER.o)
                0x00002768                PWM_BEEPER_Start
 .text.ADC_SAR_PR_CalcGain
                0x00002784       0x64 .\CortexM3\ARM_GCC_541\Debug\Riaszto.a(ADC_SAR_PR.o)
 .text.ADC_SAR_PR_Enable
                0x000027e8       0x94 .\CortexM3\ARM_GCC_541\Debug\Riaszto.a(ADC_SAR_PR.o)
                0x000027e8                ADC_SAR_PR_Enable
 .text.ADC_SAR_PR_SetResolution
                0x0000287c       0x38 .\CortexM3\ARM_GCC_541\Debug\Riaszto.a(ADC_SAR_PR.o)
                0x0000287c                ADC_SAR_PR_SetResolution
 .text.ADC_SAR_PR_Init
                0x000028b4       0x3c .\CortexM3\ARM_GCC_541\Debug\Riaszto.a(ADC_SAR_PR.o)
                0x000028b4                ADC_SAR_PR_Init
 .text.ADC_SAR_PR_Start
                0x000028f0       0x1c .\CortexM3\ARM_GCC_541\Debug\Riaszto.a(ADC_SAR_PR.o)
                0x000028f0                ADC_SAR_PR_Start
 .text.ADC_SAR_PR_StartConvert
                0x0000290c       0x10 .\CortexM3\ARM_GCC_541\Debug\Riaszto.a(ADC_SAR_PR.o)
                0x0000290c                ADC_SAR_PR_StartConvert
 .text.ADC_SAR_PR_GetResult16
                0x0000291c       0x18 .\CortexM3\ARM_GCC_541\Debug\Riaszto.a(ADC_SAR_PR.o)
                0x0000291c                ADC_SAR_PR_GetResult16
 .text.ADC_SAR_PR_ISR
                0x00002934        0x4 .\CortexM3\ARM_GCC_541\Debug\Riaszto.a(ADC_SAR_PR_INT.o)
                0x00002934                ADC_SAR_PR_ISR
 .text.EEPROM_Enable
                0x00002938        0xc .\CortexM3\ARM_GCC_541\Debug\Riaszto.a(EEPROM.o)
                0x00002938                EEPROM_Enable
 .text.EEPROM_Start
                0x00002944        0x8 .\CortexM3\ARM_GCC_541\Debug\Riaszto.a(EEPROM.o)
                0x00002944                EEPROM_Start
 .text.EEPROM_WriteByte
                0x0000294c       0xd0 .\CortexM3\ARM_GCC_541\Debug\Riaszto.a(EEPROM.o)
                0x0000294c                EEPROM_WriteByte
 .text.EEPROM_ReadByte
                0x00002a1c       0x28 .\CortexM3\ARM_GCC_541\Debug\Riaszto.a(EEPROM.o)
                0x00002a1c                EEPROM_ReadByte
 .text.EEPROM_Write
                0x00002a44       0xb4 .\CortexM3\ARM_GCC_541\Debug\Riaszto.a(EEPROM.o)
                0x00002a44                EEPROM_Write
 .text.UART_GSM_Init
                0x00002af8       0x28 .\CortexM3\ARM_GCC_541\Debug\Riaszto.a(UART_GSM.o)
                0x00002af8                UART_GSM_Init
 .text.UART_GSM_Enable
                0x00002b20       0x38 .\CortexM3\ARM_GCC_541\Debug\Riaszto.a(UART_GSM.o)
                0x00002b20                UART_GSM_Enable
 .text.UART_GSM_Start
                0x00002b58       0x1c .\CortexM3\ARM_GCC_541\Debug\Riaszto.a(UART_GSM.o)
                0x00002b58                UART_GSM_Start
 .text.UART_GSM_GetChar
                0x00002b74       0x2c .\CortexM3\ARM_GCC_541\Debug\Riaszto.a(UART_GSM.o)
                0x00002b74                UART_GSM_GetChar
 .text.UART_GSM_GetRxBufferSize
                0x00002ba0       0x18 .\CortexM3\ARM_GCC_541\Debug\Riaszto.a(UART_GSM.o)
                0x00002ba0                UART_GSM_GetRxBufferSize
 .text.UART_GSM_PutChar
                0x00002bb8       0x18 .\CortexM3\ARM_GCC_541\Debug\Riaszto.a(UART_GSM.o)
                0x00002bb8                UART_GSM_PutChar
 .text.UART_GSM_PutString
                0x00002bd0       0x24 .\CortexM3\ARM_GCC_541\Debug\Riaszto.a(UART_GSM.o)
                0x00002bd0                UART_GSM_PutString
 .text.VDAC8_Enable
                0x00002bf4       0x1c .\CortexM3\ARM_GCC_541\Debug\Riaszto.a(VDAC8.o)
                0x00002bf4                VDAC8_Enable
 .text.VDAC8_SetSpeed
                0x00002c10       0x1c .\CortexM3\ARM_GCC_541\Debug\Riaszto.a(VDAC8.o)
                0x00002c10                VDAC8_SetSpeed
 .text.VDAC8_SetValue
                0x00002c2c        0xc .\CortexM3\ARM_GCC_541\Debug\Riaszto.a(VDAC8.o)
                0x00002c2c                VDAC8_SetValue
 .text.VDAC8_DacTrim
                0x00002c38       0x24 .\CortexM3\ARM_GCC_541\Debug\Riaszto.a(VDAC8.o)
                0x00002c38                VDAC8_DacTrim
 .text.VDAC8_SetRange
                0x00002c5c       0x20 .\CortexM3\ARM_GCC_541\Debug\Riaszto.a(VDAC8.o)
                0x00002c5c                VDAC8_SetRange
 .text.VDAC8_Init
                0x00002c7c       0x20 .\CortexM3\ARM_GCC_541\Debug\Riaszto.a(VDAC8.o)
                0x00002c7c                VDAC8_Init
 .text.VDAC8_Start
                0x00002c9c       0x24 .\CortexM3\ARM_GCC_541\Debug\Riaszto.a(VDAC8.o)
                0x00002c9c                VDAC8_Start
 .text.SPIM_IntClock_Start
                0x00002cc0       0x1c .\CortexM3\ARM_GCC_541\Debug\Riaszto.a(SPIM_IntClock.o)
                0x00002cc0                SPIM_IntClock_Start
 .text.UART_IntClock_Start
                0x00002cdc       0x1c .\CortexM3\ARM_GCC_541\Debug\Riaszto.a(UART_IntClock.o)
                0x00002cdc                UART_IntClock_Start
 .text.ADC_SAR_RADAR_IRQ_SetVector
                0x00002cf8        0xc .\CortexM3\ARM_GCC_541\Debug\Riaszto.a(ADC_SAR_RADAR_IRQ.o)
                0x00002cf8                ADC_SAR_RADAR_IRQ_SetVector
 .text.ADC_SAR_RADAR_IRQ_SetPriority
                0x00002d04       0x10 .\CortexM3\ARM_GCC_541\Debug\Riaszto.a(ADC_SAR_RADAR_IRQ.o)
                0x00002d04                ADC_SAR_RADAR_IRQ_SetPriority
 .text.ADC_SAR_RADAR_IRQ_Enable
                0x00002d14        0xc .\CortexM3\ARM_GCC_541\Debug\Riaszto.a(ADC_SAR_RADAR_IRQ.o)
                0x00002d14                ADC_SAR_RADAR_IRQ_Enable
 .text.ADC_SAR_RADAR_IRQ_Disable
                0x00002d20        0xc .\CortexM3\ARM_GCC_541\Debug\Riaszto.a(ADC_SAR_RADAR_IRQ.o)
                0x00002d20                ADC_SAR_RADAR_IRQ_Disable
 .text.ADC_SAR_RADAR_IRQ_StartEx
                0x00002d2c       0x1c .\CortexM3\ARM_GCC_541\Debug\Riaszto.a(ADC_SAR_RADAR_IRQ.o)
                0x00002d2c                ADC_SAR_RADAR_IRQ_StartEx
 .text.ADC_SAR_RADAR_theACLK_SetModeRegister
                0x00002d48       0x14 .\CortexM3\ARM_GCC_541\Debug\Riaszto.a(ADC_SAR_RADAR_theACLK.o)
                0x00002d48                ADC_SAR_RADAR_theACLK_SetModeRegister
 .text.ADC_SAR_PR_theACLK_SetModeRegister
                0x00002d5c       0x14 .\CortexM3\ARM_GCC_541\Debug\Riaszto.a(ADC_SAR_PR_theACLK.o)
                0x00002d5c                ADC_SAR_PR_theACLK_SetModeRegister
 .text.UART_GSM_IntClock_Start
                0x00002d70       0x1c .\CortexM3\ARM_GCC_541\Debug\Riaszto.a(UART_GSM_IntClock.o)
                0x00002d70                UART_GSM_IntClock_Start
 .text.CySetTempInt
                0x00002d8c       0x60 .\CortexM3\ARM_GCC_541\Debug\Riaszto.a(CyFlash.o)
 .text.CyFlashGetSpcAlgorithm
                0x00002dec       0x4c .\CortexM3\ARM_GCC_541\Debug\Riaszto.a(CyFlash.o)
                0x00002dec                CyFlashGetSpcAlgorithm
 .text.CySetTemp
                0x00002e38       0x14 .\CortexM3\ARM_GCC_541\Debug\Riaszto.a(CyFlash.o)
                0x00002e38                CySetTemp
 .text.CyEEPROM_Start
                0x00002e4c       0x54 .\CortexM3\ARM_GCC_541\Debug\Riaszto.a(CyFlash.o)
                0x00002e4c                CyEEPROM_Start
 .text.CyEEPROM_ReadReserve
                0x00002ea0       0x1c .\CortexM3\ARM_GCC_541\Debug\Riaszto.a(CyFlash.o)
                0x00002ea0                CyEEPROM_ReadReserve
 .text.CyEEPROM_ReadRelease
                0x00002ebc       0x10 .\CortexM3\ARM_GCC_541\Debug\Riaszto.a(CyFlash.o)
                0x00002ebc                CyEEPROM_ReadRelease
 .text.CyHalt   0x00002ecc        0x4 .\CortexM3\ARM_GCC_541\Debug\Riaszto.a(CyLib.o)
                0x00002ecc                CyHalt
 .text.CyDelay  0x00002ed0       0x2c .\CortexM3\ARM_GCC_541\Debug\Riaszto.a(CyLib.o)
                0x00002ed0                CyDelay
 .text.CyDelayUs
                0x00002efc       0x14 .\CortexM3\ARM_GCC_541\Debug\Riaszto.a(CyLib.o)
                0x00002efc                CyDelayUs
 .text.CyIntSetVector
                0x00002f10       0x28 .\CortexM3\ARM_GCC_541\Debug\Riaszto.a(CyLib.o)
                0x00002f10                CyIntSetVector
 .text.CyIntSetPriority
                0x00002f38       0x30 .\CortexM3\ARM_GCC_541\Debug\Riaszto.a(CyLib.o)
                0x00002f38                CyIntSetPriority
 .text.CySpcStart
                0x00002f68       0x24 .\CortexM3\ARM_GCC_541\Debug\Riaszto.a(CySpc.o)
                0x00002f68                CySpcStart
 .text.CySpcReadData
                0x00002f8c       0x34 .\CortexM3\ARM_GCC_541\Debug\Riaszto.a(CySpc.o)
                0x00002f8c                CySpcReadData
 .text.CySpcLoadMultiByte
                0x00002fc0       0x78 .\CortexM3\ARM_GCC_541\Debug\Riaszto.a(CySpc.o)
                0x00002fc0                CySpcLoadMultiByte
 .text.CySpcLoadRow
                0x00003038       0x50 .\CortexM3\ARM_GCC_541\Debug\Riaszto.a(CySpc.o)
                0x00003038                CySpcLoadRow
 .text.CySpcWriteRow
                0x00003088       0x4c .\CortexM3\ARM_GCC_541\Debug\Riaszto.a(CySpc.o)
                0x00003088                CySpcWriteRow
 .text.CySpcGetTemp
                0x000030d4       0x3c .\CortexM3\ARM_GCC_541\Debug\Riaszto.a(CySpc.o)
                0x000030d4                CySpcGetTemp
 .text.CySpcLock
                0x00003110       0x4c .\CortexM3\ARM_GCC_541\Debug\Riaszto.a(CySpc.o)
                0x00003110                CySpcLock
 .text.CySpcUnlock
                0x0000315c       0x38 .\CortexM3\ARM_GCC_541\Debug\Riaszto.a(CySpc.o)
                0x0000315c                CySpcUnlock
 .text.CySpcGetAlgorithm
                0x00003194       0x28 .\CortexM3\ARM_GCC_541\Debug\Riaszto.a(CySpc.o)
                0x00003194                CySpcGetAlgorithm
 .text.GSM_DTR_Write
                0x000031bc       0x18 .\CortexM3\ARM_GCC_541\Debug\Riaszto.a(GSM_DTR.o)
                0x000031bc                GSM_DTR_Write
 *fill*         0x000031d4        0x4 
 .text          0x000031d8       0x20 .\CortexM3\ARM_GCC_541\Debug\Riaszto.a(CyBootAsmGnu.o)
                0x000031d8                CyDelayCycles
                0x000031e8                CyEnterCriticalSection
                0x000031f0                CyExitCriticalSection
 .text.__errno  0x000031f8        0xc c:/program files (x86)/cypress/psoc creator/4.4/psoc creator/import/gnu/arm/5.4.1/bin/../lib/gcc/arm-none-eabi/5.4.1/../../../../arm-none-eabi/lib/armv7-m\libg_nano.a(lib_a-errno.o)
                0x000031f8                __errno
 .text.__libc_init_array
                0x00003204       0x4c c:/program files (x86)/cypress/psoc creator/4.4/psoc creator/import/gnu/arm/5.4.1/bin/../lib/gcc/arm-none-eabi/5.4.1/../../../../arm-none-eabi/lib/armv7-m\libg_nano.a(lib_a-init.o)
                0x00003204                __libc_init_array
 .text.malloc   0x00003250       0x10 c:/program files (x86)/cypress/psoc creator/4.4/psoc creator/import/gnu/arm/5.4.1/bin/../lib/gcc/arm-none-eabi/5.4.1/../../../../arm-none-eabi/lib/armv7-m\libg_nano.a(lib_a-malloc.o)
                0x00003250                malloc
 .text.free     0x00003260       0x10 c:/program files (x86)/cypress/psoc creator/4.4/psoc creator/import/gnu/arm/5.4.1/bin/../lib/gcc/arm-none-eabi/5.4.1/../../../../arm-none-eabi/lib/armv7-m\libg_nano.a(lib_a-malloc.o)
                0x00003260                free
 .text.memcpy   0x00003270       0x16 c:/program files (x86)/cypress/psoc creator/4.4/psoc creator/import/gnu/arm/5.4.1/bin/../lib/gcc/arm-none-eabi/5.4.1/../../../../arm-none-eabi/lib/armv7-m\libg_nano.a(lib_a-memcpy-stub.o)
                0x00003270                memcpy
 .text.memset   0x00003286       0x10 c:/program files (x86)/cypress/psoc creator/4.4/psoc creator/import/gnu/arm/5.4.1/bin/../lib/gcc/arm-none-eabi/5.4.1/../../../../arm-none-eabi/lib/armv7-m\libg_nano.a(lib_a-memset.o)
                0x00003286                memset
 *fill*         0x00003296        0x2 
 .text._free_r  0x00003298       0x98 c:/program files (x86)/cypress/psoc creator/4.4/psoc creator/import/gnu/arm/5.4.1/bin/../lib/gcc/arm-none-eabi/5.4.1/../../../../arm-none-eabi/lib/armv7-m\libg_nano.a(lib_a-nano-freer.o)
                0x00003298                _free_r
 .text._malloc_r
                0x00003330       0xbc c:/program files (x86)/cypress/psoc creator/4.4/psoc creator/import/gnu/arm/5.4.1/bin/../lib/gcc/arm-none-eabi/5.4.1/../../../../arm-none-eabi/lib/armv7-m\libg_nano.a(lib_a-nano-mallocr.o)
                0x00003330                _malloc_r
 .text._sbrk_r  0x000033ec       0x20 c:/program files (x86)/cypress/psoc creator/4.4/psoc creator/import/gnu/arm/5.4.1/bin/../lib/gcc/arm-none-eabi/5.4.1/../../../../arm-none-eabi/lib/armv7-m\libg_nano.a(lib_a-sbrkr.o)
                0x000033ec                _sbrk_r
 .text.sprintf  0x0000340c       0x48 c:/program files (x86)/cypress/psoc creator/4.4/psoc creator/import/gnu/arm/5.4.1/bin/../lib/gcc/arm-none-eabi/5.4.1/../../../../arm-none-eabi/lib/armv7-m\libg_nano.a(lib_a-sprintf.o)
                0x0000340c                siprintf
                0x0000340c                sprintf
 .text          0x00003454       0x10 c:/program files (x86)/cypress/psoc creator/4.4/psoc creator/import/gnu/arm/5.4.1/bin/../lib/gcc/arm-none-eabi/5.4.1/../../../../arm-none-eabi/lib/armv7-m\libg_nano.a(lib_a-strlen.o)
                0x00003454                strlen
 .text.__malloc_lock
                0x00003464        0x2 c:/program files (x86)/cypress/psoc creator/4.4/psoc creator/import/gnu/arm/5.4.1/bin/../lib/gcc/arm-none-eabi/5.4.1/../../../../arm-none-eabi/lib/armv7-m\libg_nano.a(lib_a-mlock.o)
                0x00003464                __malloc_lock
 .text.__malloc_unlock
                0x00003466        0x2 c:/program files (x86)/cypress/psoc creator/4.4/psoc creator/import/gnu/arm/5.4.1/bin/../lib/gcc/arm-none-eabi/5.4.1/../../../../arm-none-eabi/lib/armv7-m\libg_nano.a(lib_a-mlock.o)
                0x00003466                __malloc_unlock
 .text.__ssputs_r
                0x00003468       0xb2 c:/program files (x86)/cypress/psoc creator/4.4/psoc creator/import/gnu/arm/5.4.1/bin/../lib/gcc/arm-none-eabi/5.4.1/../../../../arm-none-eabi/lib/armv7-m\libg_nano.a(lib_a-nano-svfprintf.o)
                0x00003468                __ssputs_r
 *fill*         0x0000351a        0x2 
 .text._svfprintf_r
                0x0000351c      0x1e8 c:/program files (x86)/cypress/psoc creator/4.4/psoc creator/import/gnu/arm/5.4.1/bin/../lib/gcc/arm-none-eabi/5.4.1/../../../../arm-none-eabi/lib/armv7-m\libg_nano.a(lib_a-nano-svfprintf.o)
                0x0000351c                _svfiprintf_r
                0x0000351c                _svfprintf_r
 .text._printf_common
                0x00003704       0xec c:/program files (x86)/cypress/psoc creator/4.4/psoc creator/import/gnu/arm/5.4.1/bin/../lib/gcc/arm-none-eabi/5.4.1/../../../../arm-none-eabi/lib/armv7-m\libg_nano.a(lib_a-nano-vfprintf_i.o)
                0x00003704                _printf_common
 .text._printf_i
                0x000037f0      0x24c c:/program files (x86)/cypress/psoc creator/4.4/psoc creator/import/gnu/arm/5.4.1/bin/../lib/gcc/arm-none-eabi/5.4.1/../../../../arm-none-eabi/lib/armv7-m\libg_nano.a(lib_a-nano-vfprintf_i.o)
                0x000037f0                _printf_i
 .text.memchr   0x00003a3c       0x1c c:/program files (x86)/cypress/psoc creator/4.4/psoc creator/import/gnu/arm/5.4.1/bin/../lib/gcc/arm-none-eabi/5.4.1/../../../../arm-none-eabi/lib/armv7-m\libg_nano.a(lib_a-memchr-stub.o)
                0x00003a3c                memchr
 .text.memmove  0x00003a58       0x36 c:/program files (x86)/cypress/psoc creator/4.4/psoc creator/import/gnu/arm/5.4.1/bin/../lib/gcc/arm-none-eabi/5.4.1/../../../../arm-none-eabi/lib/armv7-m\libg_nano.a(lib_a-memmove.o)
                0x00003a58                memmove
 .text._realloc_r
                0x00003a8e       0x4c c:/program files (x86)/cypress/psoc creator/4.4/psoc creator/import/gnu/arm/5.4.1/bin/../lib/gcc/arm-none-eabi/5.4.1/../../../../arm-none-eabi/lib/armv7-m\libg_nano.a(lib_a-nano-reallocr.o)
                0x00003a8e                _realloc_r
 .text._malloc_usable_size_r
                0x00003ada       0x14 c:/program files (x86)/cypress/psoc creator/4.4/psoc creator/import/gnu/arm/5.4.1/bin/../lib/gcc/arm-none-eabi/5.4.1/../../../../arm-none-eabi/lib/armv7-m\libg_nano.a(lib_a-nano-msizer.o)
                0x00003ada                _malloc_usable_size_r
 *(.plt)
 *(.gnu.warning)
 *(.glue_7t)
 .glue_7t       0x00003aee        0x0 linker stubs
 *(.glue_7)
 .glue_7        0x00003aee        0x0 linker stubs
 *(.vfp11_veneer)
 .vfp11_veneer  0x00003aee        0x0 linker stubs
 *(.bootloader)
 *(.ARM.extab* .gnu.linkonce.armextab.*)
 *(.gcc_except_table)

.v4_bx          0x00003af0        0x0
 .v4_bx         0x00003af0        0x0 linker stubs

.iplt           0x00003af0        0x0
 .iplt          0x00003af0        0x0 c:/program files (x86)/cypress/psoc creator/4.4/psoc creator/import/gnu/arm/5.4.1/bin/../lib/gcc/arm-none-eabi/5.4.1/armv7-m/crtbegin.o

.eh_frame_hdr
 *(.eh_frame_hdr)

.eh_frame       0x00003af0        0x4
 *(.eh_frame)
 .eh_frame      0x00003af0        0x0 c:/program files (x86)/cypress/psoc creator/4.4/psoc creator/import/gnu/arm/5.4.1/bin/../lib/gcc/arm-none-eabi/5.4.1/armv7-m/crtbegin.o
 .eh_frame      0x00003af0        0x4 c:/program files (x86)/cypress/psoc creator/4.4/psoc creator/import/gnu/arm/5.4.1/bin/../lib/gcc/arm-none-eabi/5.4.1/armv7-m/crtend.o
                [!provide]                PROVIDE (__exidx_start, .)

.ARM.exidx
 *(.ARM.exidx* .gnu.linkonce.armexidx.*)
                0x00003af4                __exidx_end = .

.rodata         0x00003af4      0x4ac
 *(.rodata .rodata.* .gnu.linkonce.r.*)
 .rodata.str1.4
                0x00003af4      0x158 .\CortexM3\ARM_GCC_541\Debug\main.o
                                0x164 (size before relaxing)
 .rodata.str1.4
                0x00003c4c       0x1d .\CortexM3\ARM_GCC_541\Debug\d1302.o
 *fill*         0x00003c69        0x3 
 .rodata.str1.4
                0x00003c6c       0x15 .\CortexM3\ARM_GCC_541\Debug\TaskFIFO.o
 .rodata.str1.4
                0x00003c81        0xd .\CortexM3\ARM_GCC_541\Debug\PeriodicTask.o
 *fill*         0x00003c81        0x3 
 .rodata.str1.4
                0x00003c84       0x22 .\CortexM3\ARM_GCC_541\Debug\Keypad.o
 *fill*         0x00003ca6        0x2 
 .rodata.str1.4
                0x00003ca8        0x5 .\CortexM3\ARM_GCC_541\Debug\hb100movement.o
 *fill*         0x00003cad        0x3 
 .rodata.str1.4
                0x00003cb0       0xb5 .\CortexM3\ARM_GCC_541\Debug\GSMHandler.o
 *fill*         0x00003d65        0x3 
 .rodata.str1.4
                0x00003d68      0x180 .\CortexM3\ARM_GCC_541\Debug\SettingsHelper.o
                                0x188 (size before relaxing)
 .rodata        0x00003ee8       0x4c .\CortexM3\ARM_GCC_541\Debug\cyfitter_cfg.o
 .rodata.str1.1
                0x00003f34        0x2 c:/program files (x86)/cypress/psoc creator/4.4/psoc creator/import/gnu/arm/5.4.1/bin/../lib/gcc/arm-none-eabi/5.4.1/../../../../arm-none-eabi/lib/armv7-m\libg_nano.a(lib_a-impure.o)
 .rodata.str1.1
                0x00003f36       0x11 c:/program files (x86)/cypress/psoc creator/4.4/psoc creator/import/gnu/arm/5.4.1/bin/../lib/gcc/arm-none-eabi/5.4.1/../../../../arm-none-eabi/lib/armv7-m\libg_nano.a(lib_a-nano-svfprintf.o)
 .rodata.str1.1
                0x00003f47       0x22 c:/program files (x86)/cypress/psoc creator/4.4/psoc creator/import/gnu/arm/5.4.1/bin/../lib/gcc/arm-none-eabi/5.4.1/../../../../arm-none-eabi/lib/armv7-m\libg_nano.a(lib_a-nano-vfprintf_i.o)
                0x00003f6c                . = ALIGN (0x4)
 *fill*         0x00003f69        0x3 
 *(.init)
 .init          0x00003f6c        0x4 c:/program files (x86)/cypress/psoc creator/4.4/psoc creator/import/gnu/arm/5.4.1/bin/../lib/gcc/arm-none-eabi/5.4.1/armv7-m/crti.o
                0x00003f6c                _init
 .init          0x00003f70        0x8 c:/program files (x86)/cypress/psoc creator/4.4/psoc creator/import/gnu/arm/5.4.1/bin/../lib/gcc/arm-none-eabi/5.4.1/armv7-m/crtn.o
                0x00003f78                . = ALIGN (0x4)
                0x00003f78                __preinit_array_start = .
 *(.preinit_array)
                0x00003f78                __preinit_array_end = .
                0x00003f78                . = ALIGN (0x4)
                0x00003f78                __init_array_start = .
 *(SORT(.init_array.*))
 *(.init_array)
 .init_array    0x00003f78        0x4 c:/program files (x86)/cypress/psoc creator/4.4/psoc creator/import/gnu/arm/5.4.1/bin/../lib/gcc/arm-none-eabi/5.4.1/armv7-m/crtbegin.o
 .init_array    0x00003f7c        0x4 .\CortexM3\ARM_GCC_541\Debug\Cm3Start.o
                0x00003f80                __init_array_end = .
                0x00003f80                . = ALIGN (0x4)
 *(.fini)
 .fini          0x00003f80        0x4 c:/program files (x86)/cypress/psoc creator/4.4/psoc creator/import/gnu/arm/5.4.1/bin/../lib/gcc/arm-none-eabi/5.4.1/armv7-m/crti.o
                0x00003f80                _fini
 .fini          0x00003f84        0x8 c:/program files (x86)/cypress/psoc creator/4.4/psoc creator/import/gnu/arm/5.4.1/bin/../lib/gcc/arm-none-eabi/5.4.1/armv7-m/crtn.o
                0x00003f8c                . = ALIGN (0x4)
                0x00003f8c                __fini_array_start = .
 *(.fini_array)
 .fini_array    0x00003f8c        0x4 c:/program files (x86)/cypress/psoc creator/4.4/psoc creator/import/gnu/arm/5.4.1/bin/../lib/gcc/arm-none-eabi/5.4.1/armv7-m/crtbegin.o
 *(SORT(.fini_array.*))
                0x00003f90                __fini_array_end = .
                0x00003f90                . = ALIGN (0x4)
 *crtbegin.o(.ctors)
 *(EXCLUDE_FILE(*crtend.o) .ctors)
 *(SORT(.ctors.*))
 *crtend.o(.ctors)
                0x00003f90                . = ALIGN (0x4)
 *crtbegin.o(.dtors)
 *(EXCLUDE_FILE(*crtend.o) .dtors)
 *(SORT(.dtors.*))
 *crtend.o(.dtors)
                0x00003f90                . = ALIGN (0x4)
                0x00003f90                __cy_regions = .
                0x00003f90        0x4 LONG 0x3fa0 __cy_region_init_ram
                0x00003f94        0x4 LONG 0x1fff80c8 __cy_region_start_data
                0x00003f98        0x4 LONG 0x148 __cy_region_init_size_ram
                0x00003f9c        0x4 LONG 0x130 __cy_region_zero_size_ram
                0x00003fa0                __cy_regions_end = .
                0x00003fa0                . = ALIGN (0x8)
                0x00003fa0                _etext = .

.cy_checksum_exclude
                0x00003fa0        0x0
 *(.cy_checksum_exclude)

.ramvectors     0x1fff8000       0xc0
                0x1fff8000                __cy_region_start_ram = .
 *(.ramvectors)
 .ramvectors    0x1fff8000       0xc0 .\CortexM3\ARM_GCC_541\Debug\Cm3Start.o
                0x1fff8000                CyRamVectors

.noinit         0x1fff80c0        0x1
 *(.noinit)
 .noinit        0x1fff80c0        0x1 .\CortexM3\ARM_GCC_541\Debug\Riaszto.a(CyLib.o)
                0x1fff80c0                CyResetStatus

.data           0x1fff80c8      0x148 load address 0x00003fa0
                0x1fff80c8                __cy_region_start_data = .
 *(.jcr)
 .jcr           0x1fff80c8        0x0 c:/program files (x86)/cypress/psoc creator/4.4/psoc creator/import/gnu/arm/5.4.1/bin/../lib/gcc/arm-none-eabi/5.4.1/armv7-m/crtbegin.o
 .jcr           0x1fff80c8        0x4 c:/program files (x86)/cypress/psoc creator/4.4/psoc creator/import/gnu/arm/5.4.1/bin/../lib/gcc/arm-none-eabi/5.4.1/armv7-m/crtend.o
 *(.got.plt)
 *(.got)
 *(.shdata)
 *(.data .data.* .gnu.linkonce.d.*)
 .data          0x1fff80cc        0x4 .\CortexM3\ARM_GCC_541\Debug\main.o
                0x1fff80cc                visual_counter_value
                0x1fff80ce                actual_substate
                0x1fff80cf                current_state
 .data          0x1fff80d0        0x3 .\CortexM3\ARM_GCC_541\Debug\hb100movement.o
                0x1fff80d0                minAmp
                0x1fff80d2                n_th_big_amplitude
 *fill*         0x1fff80d3        0x1 
 .data          0x1fff80d4       0xc4 .\CortexM3\ARM_GCC_541\Debug\SettingsHelper.o
                0x1fff80d4                CODE
                0x1fff80d8                menu_system
                0x1fff8180                actual_eeprom_addr
                0x1fff8184                PHONE_NUM
                0x1fff818e                NIGHT_TO
                0x1fff818f                PH_RES_ON
                0x1fff8190                AUTO_POWERON
                0x1fff8192                WATCH_DELAY
                0x1fff8194                DEACT_DELAY
                0x1fff8196                BEEPING_DELAY
 .data          0x1fff8198        0x4 .\CortexM3\ARM_GCC_541\Debug\Cm3Start.o
 .data          0x1fff819c       0x10 .\CortexM3\ARM_GCC_541\Debug\Riaszto.a(CyLib.o)
                0x1fff819c                cydelay_32k_ms
                0x1fff81a0                cydelay_freq_khz
                0x1fff81a4                cydelay_freq_mhz
                0x1fff81a8                cydelay_freq_hz
 .data.impure_data
                0x1fff81ac       0x60 c:/program files (x86)/cypress/psoc creator/4.4/psoc creator/import/gnu/arm/5.4.1/bin/../lib/gcc/arm-none-eabi/5.4.1/../../../../arm-none-eabi/lib/armv7-m\libg_nano.a(lib_a-impure.o)
 .data._impure_ptr
                0x1fff820c        0x4 c:/program files (x86)/cypress/psoc creator/4.4/psoc creator/import/gnu/arm/5.4.1/bin/../lib/gcc/arm-none-eabi/5.4.1/../../../../arm-none-eabi/lib/armv7-m\libg_nano.a(lib_a-impure.o)
                0x1fff820c                _impure_ptr
                0x1fff8210                . = ALIGN (0x8)
 *(.ram)
                0x1fff8210                _edata = .

.igot.plt       0x1fff8210        0x0 load address 0x000040e8
 .igot.plt      0x1fff8210        0x0 c:/program files (x86)/cypress/psoc creator/4.4/psoc creator/import/gnu/arm/5.4.1/bin/../lib/gcc/arm-none-eabi/5.4.1/armv7-m/crtbegin.o

.bss            0x1fff8210      0x130 load address 0x000040e8
                0x1fff8210                PROVIDE (__bss_start__, .)
 *(.shbss)
 *(.bss .bss.* .gnu.linkonce.b.*)
 .bss           0x1fff8210       0x1c c:/program files (x86)/cypress/psoc creator/4.4/psoc creator/import/gnu/arm/5.4.1/bin/../lib/gcc/arm-none-eabi/5.4.1/armv7-m/crtbegin.o
 .bss           0x1fff822c        0x3 .\CortexM3\ARM_GCC_541\Debug\main.o
                0x1fff822c                is_light_alert
                0x1fff822d                is_movement_alert
                0x1fff822e                is_reed_relay_alert
 .bss           0x1fff822f        0x2 .\CortexM3\ARM_GCC_541\Debug\Keypad.o
                0x1fff822f                PRESSED_KEY
                0x1fff8230                waiting_for_relese
 *fill*         0x1fff8231        0x3 
 .bss           0x1fff8234        0x8 .\CortexM3\ARM_GCC_541\Debug\hb100movement.o
                0x1fff8234                maxAmp
                0x1fff8238                lastCountRadar
 .bss           0x1fff823c        0xc .\CortexM3\ARM_GCC_541\Debug\SettingsHelper.o
                0x1fff823c                COMPUTER_COMMUNICATION
                0x1fff823d                code_buffer_ind
                0x1fff823e                num_ind
                0x1fff823f                OUT_FROM_MENU
                0x1fff8240                new_code_buffer_ind
                0x1fff8241                NIGHT_FROM
                0x1fff8242                first_entered
                0x1fff8244                phone_num_buffer_ind
 .bss           0x1fff8248        0x2 .\CortexM3\ARM_GCC_541\Debug\Riaszto.a(LCD.o)
                0x1fff8248                LCD_enableState
                0x1fff8249                LCD_initVar
 .bss           0x1fff824a        0x1 .\CortexM3\ARM_GCC_541\Debug\Riaszto.a(SPIM.o)
                0x1fff824a                SPIM_initVar
 .bss           0x1fff824b        0x2 .\CortexM3\ARM_GCC_541\Debug\Riaszto.a(UART.o)
                0x1fff824b                UART_initVar
 .bss           0x1fff824d        0x1 .\CortexM3\ARM_GCC_541\Debug\Riaszto.a(ADC_SAR_RADAR.o)
                0x1fff824d                ADC_SAR_RADAR_initVar
 .bss           0x1fff824e        0x1 .\CortexM3\ARM_GCC_541\Debug\Riaszto.a(Timer.o)
                0x1fff824e                Timer_initVar
 .bss           0x1fff824f        0x1 .\CortexM3\ARM_GCC_541\Debug\Riaszto.a(PWM_BACKLIGHT.o)
                0x1fff824f                PWM_BACKLIGHT_initVar
 .bss           0x1fff8250        0x1 .\CortexM3\ARM_GCC_541\Debug\Riaszto.a(PWM_BEEPER.o)
                0x1fff8250                PWM_BEEPER_initVar
 .bss           0x1fff8251        0x1 .\CortexM3\ARM_GCC_541\Debug\Riaszto.a(ADC_SAR_PR.o)
                0x1fff8251                ADC_SAR_PR_initVar
 .bss           0x1fff8252        0x2 .\CortexM3\ARM_GCC_541\Debug\Riaszto.a(UART_GSM.o)
                0x1fff8252                UART_GSM_initVar
 .bss           0x1fff8254        0x1 .\CortexM3\ARM_GCC_541\Debug\Riaszto.a(VDAC8.o)
                0x1fff8254                VDAC8_initVar
 *fill*         0x1fff8255        0x3 
 .bss           0x1fff8258        0x8 .\CortexM3\ARM_GCC_541\Debug\Riaszto.a(CySpc.o)
                0x1fff8258                SpcLockState
 .bss.__malloc_sbrk_start
                0x1fff8260        0x4 c:/program files (x86)/cypress/psoc creator/4.4/psoc creator/import/gnu/arm/5.4.1/bin/../lib/gcc/arm-none-eabi/5.4.1/../../../../arm-none-eabi/lib/armv7-m\libg_nano.a(lib_a-nano-mallocr.o)
                0x1fff8260                __malloc_sbrk_start
 .bss.__malloc_free_list
                0x1fff8264        0x4 c:/program files (x86)/cypress/psoc creator/4.4/psoc creator/import/gnu/arm/5.4.1/bin/../lib/gcc/arm-none-eabi/5.4.1/../../../../arm-none-eabi/lib/armv7-m\libg_nano.a(lib_a-nano-mallocr.o)
                0x1fff8264                __malloc_free_list
 *(COMMON)
 COMMON         0x1fff8268       0x64 .\CortexM3\ARM_GCC_541\Debug\main.o
                0x1fff8268                timing_fifo
                0x1fff8270                tone_fifo
                0x1fff8278                full_phone_num
                0x1fff8288                p_tasks
                0x1fff8290                alert_sms
                0x1fff82b4                gsm_fifo
                0x1fff82bc                alert_message
 COMMON         0x1fff82cc        0x8 .\CortexM3\ARM_GCC_541\Debug\GSMHandler.o
                0x1fff82cc                message
                0x1fff82d0                number
 COMMON         0x1fff82d4       0x48 .\CortexM3\ARM_GCC_541\Debug\SettingsHelper.o
                0x1fff82d4                phone_num_temp_buffer
                0x1fff82e0                variable_to_be_displayed
                0x1fff82f0                actual_menu_item
                0x1fff82fc                new_code_buffer
                0x1fff8300                num_buffer
                0x1fff8308                entered_code
                0x1fff830c                phone_num_buffer
                0x1fff8318                code_buffer
 COMMON         0x1fff831c        0xc .\CortexM3\ARM_GCC_541\Debug\Riaszto.a(ADC_SAR_RADAR.o)
                0x1fff831c                ADC_SAR_RADAR_countsPerVolt
                0x1fff831e                ADC_SAR_RADAR_offset
                0x1fff8320                ADC_SAR_RADAR_shift
                0x1fff8324                ADC_SAR_RADAR_countsPer10Volt
 COMMON         0x1fff8328        0xc .\CortexM3\ARM_GCC_541\Debug\Riaszto.a(ADC_SAR_PR.o)
                0x1fff8328                ADC_SAR_PR_offset
                0x1fff832a                ADC_SAR_PR_shift
                0x1fff832c                ADC_SAR_PR_countsPerVolt
                0x1fff8330                ADC_SAR_PR_countsPer10Volt
 COMMON         0x1fff8334        0x2 .\CortexM3\ARM_GCC_541\Debug\Riaszto.a(CyFlash.o)
                0x1fff8334                dieTemperature
 *fill*         0x1fff8336        0x2 
 COMMON         0x1fff8338        0x4 c:/program files (x86)/cypress/psoc creator/4.4/psoc creator/import/gnu/arm/5.4.1/bin/../lib/gcc/arm-none-eabi/5.4.1/../../../../arm-none-eabi/lib/armv7-m\libg_nano.a(lib_a-reent.o)
                0x1fff8338                errno
                0x1fff8340                . = ALIGN (0x8)
 *fill*         0x1fff833c        0x4 
 *(.ram.b)
                0x1fff8340                _end = .
                0x1fff8340                __end = .
                0x1fff8340                PROVIDE (end, .)
                0x1fff8340                PROVIDE (__bss_end__, .)
                0x00003fa0                __cy_region_init_ram = LOADADDR (.data)
                0x00000148                __cy_region_init_size_ram = (_edata - ADDR (.data))
                0x00000130                __cy_region_zero_size_ram = (_end - _edata)

.heap           0x1fff8340      0x900 load address 0x000040e8
                0x1fff8340                . = _end
                0x1fff8c40                . = (. + 0x900)
 *fill*         0x1fff8340      0x900 
                0x1fff8c40                __cy_heap_limit = .

.stack          0x20007000     0x1000
                0x20007000                __cy_stack_limit = .
                0x20008000                . = (. + 0x1000)
 *fill*         0x20007000     0x1000 
                0x00000001                ASSERT ((__cy_stack_limit >= __cy_heap_limit), region RAM overflowed with stack)
                0x00000000                cy_checksum_exclude_size = (CY_APPL_LOADABLE == 0x1)?SIZEOF (.cy_checksum_exclude):0x0
                0x00000001                ASSERT ((cy_checksum_exclude_size <= CY_CHECKSUM_EXCLUDE_SIZE), CY_BOOT: Section .cy_checksum_exclude size exceedes specified limit.)

.cyloadermeta
 *(.cyloadermeta)

.cyloadablemeta
 *(.cyloadablemeta)

.cyconfigecc    0x80000000      0xa34
 *(.cyconfigecc)
 .cyconfigecc   0x80000000      0xa34 .\CortexM3\ARM_GCC_541\Debug\cymetadata.o
                0x80000000                cy_meta_configecc

.cycustnvl      0x90000000        0x4
 *(.cycustnvl)
 .cycustnvl     0x90000000        0x4 .\CortexM3\ARM_GCC_541\Debug\cymetadata.o
                0x90000000                cy_meta_custnvl

.cywolatch      0x90100000        0x4
 *(.cywolatch)
 .cywolatch     0x90100000        0x4 .\CortexM3\ARM_GCC_541\Debug\cymetadata.o
                0x90100000                cy_meta_wonvl

.cyeeprom       0x90200000        0x0
 *(.cyeeprom)
                0x00000001                ASSERT ((. <= ((0x90200000 + ee_offset) + ee_size)), .cyeeprom data will not fit in EEPROM)

.cyflashprotect
                0x90400000      0x100
 *(.cyflashprotect)
 .cyflashprotect
                0x90400000      0x100 .\CortexM3\ARM_GCC_541\Debug\cymetadata.o
                0x90400000                cy_meta_flashprotect

.cymeta         0x90500000        0xc
 *(.cymeta)
 .cymeta        0x90500000        0xc .\CortexM3\ARM_GCC_541\Debug\cymetadata.o
                0x90500000                cy_metadata

.rel.dyn        0x000040e8        0x0 load address 0x9050000c
 .rel.iplt      0x000040e8        0x0 c:/program files (x86)/cypress/psoc creator/4.4/psoc creator/import/gnu/arm/5.4.1/bin/../lib/gcc/arm-none-eabi/5.4.1/armv7-m/crtbegin.o

.stab
 *(.stab)

.stabstr
 *(.stabstr)

.debug
 *(.debug)

.line
 *(.line)

.debug_srcinfo
 *(.debug_srcinfo)

.debug_sfnames
 *(.debug_sfnames)

.debug_aranges  0x00000000     0x1598
 *(.debug_aranges)
 .debug_aranges
                0x00000000       0xa0 .\CortexM3\ARM_GCC_541\Debug\main.o
 .debug_aranges
                0x000000a0       0x68 .\CortexM3\ARM_GCC_541\Debug\d1302.o
 .debug_aranges
                0x00000108       0x50 .\CortexM3\ARM_GCC_541\Debug\TaskFIFO.o
 .debug_aranges
                0x00000158       0x58 .\CortexM3\ARM_GCC_541\Debug\PeriodicTask.o
 .debug_aranges
                0x000001b0       0x30 .\CortexM3\ARM_GCC_541\Debug\Keypad.o
 .debug_aranges
                0x000001e0       0x30 .\CortexM3\ARM_GCC_541\Debug\hb100movement.o
 .debug_aranges
                0x00000210       0x48 .\CortexM3\ARM_GCC_541\Debug\EEPROM_Helper.o
 .debug_aranges
                0x00000258       0x58 .\CortexM3\ARM_GCC_541\Debug\GSMHandler.o
 .debug_aranges
                0x000002b0      0x100 .\CortexM3\ARM_GCC_541\Debug\SettingsHelper.o
 .debug_aranges
                0x000003b0       0x58 .\CortexM3\ARM_GCC_541\Debug\cyfitter_cfg.o
 .debug_aranges
                0x00000408       0x18 .\CortexM3\ARM_GCC_541\Debug\cymetadata.o
 .debug_aranges
                0x00000420       0x48 .\CortexM3\ARM_GCC_541\Debug\Cm3Start.o
 .debug_aranges
                0x00000468       0x98 .\CortexM3\ARM_GCC_541\Debug\Riaszto.a(LCD.o)
 .debug_aranges
                0x00000500       0x38 .\CortexM3\ARM_GCC_541\Debug\Riaszto.a(ROW1.o)
 .debug_aranges
                0x00000538       0x38 .\CortexM3\ARM_GCC_541\Debug\Riaszto.a(ROW2.o)
 .debug_aranges
                0x00000570       0x38 .\CortexM3\ARM_GCC_541\Debug\Riaszto.a(ROW3.o)
 .debug_aranges
                0x000005a8       0x38 .\CortexM3\ARM_GCC_541\Debug\Riaszto.a(ROW4.o)
 .debug_aranges
                0x000005e0       0x38 .\CortexM3\ARM_GCC_541\Debug\Riaszto.a(COL1.o)
 .debug_aranges
                0x00000618       0x38 .\CortexM3\ARM_GCC_541\Debug\Riaszto.a(COL2.o)
 .debug_aranges
                0x00000650       0x38 .\CortexM3\ARM_GCC_541\Debug\Riaszto.a(COL3.o)
 .debug_aranges
                0x00000688       0x38 .\CortexM3\ARM_GCC_541\Debug\Riaszto.a(COL4.o)
 .debug_aranges
                0x000006c0       0xe8 .\CortexM3\ARM_GCC_541\Debug\Riaszto.a(SPIM.o)
 .debug_aranges
                0x000007a8       0x38 .\CortexM3\ARM_GCC_541\Debug\Riaszto.a(SS.o)
 .debug_aranges
                0x000007e0       0xf0 .\CortexM3\ARM_GCC_541\Debug\Riaszto.a(UART.o)
 .debug_aranges
                0x000008d0       0xa8 .\CortexM3\ARM_GCC_541\Debug\Riaszto.a(ADC_SAR_RADAR.o)
 .debug_aranges
                0x00000978       0x88 .\CortexM3\ARM_GCC_541\Debug\Riaszto.a(Timer.o)
 .debug_aranges
                0x00000a00       0x80 .\CortexM3\ARM_GCC_541\Debug\Riaszto.a(isr_Timer.o)
 .debug_aranges
                0x00000a80       0x38 .\CortexM3\ARM_GCC_541\Debug\Riaszto.a(REED_RELAY.o)
 .debug_aranges
                0x00000ab8       0x78 .\CortexM3\ARM_GCC_541\Debug\Riaszto.a(PWM_BACKLIGHT.o)
 .debug_aranges
                0x00000b30       0x78 .\CortexM3\ARM_GCC_541\Debug\Riaszto.a(PWM_BEEPER.o)
 .debug_aranges
                0x00000ba8       0xa8 .\CortexM3\ARM_GCC_541\Debug\Riaszto.a(ADC_SAR_PR.o)
 .debug_aranges
                0x00000c50       0x20 .\CortexM3\ARM_GCC_541\Debug\Riaszto.a(ADC_SAR_PR_INT.o)
 .debug_aranges
                0x00000c70       0x78 .\CortexM3\ARM_GCC_541\Debug\Riaszto.a(EEPROM.o)
 .debug_aranges
                0x00000ce8       0xf0 .\CortexM3\ARM_GCC_541\Debug\Riaszto.a(UART_GSM.o)
 .debug_aranges
                0x00000dd8       0x58 .\CortexM3\ARM_GCC_541\Debug\Riaszto.a(VDAC8.o)
 .debug_aranges
                0x00000e30       0x70 .\CortexM3\ARM_GCC_541\Debug\Riaszto.a(SPIM_IntClock.o)
 .debug_aranges
                0x00000ea0       0x70 .\CortexM3\ARM_GCC_541\Debug\Riaszto.a(UART_IntClock.o)
 .debug_aranges
                0x00000f10       0x80 .\CortexM3\ARM_GCC_541\Debug\Riaszto.a(ADC_SAR_RADAR_IRQ.o)
 .debug_aranges
                0x00000f90       0x80 .\CortexM3\ARM_GCC_541\Debug\Riaszto.a(ADC_SAR_RADAR_theACLK.o)
 .debug_aranges
                0x00001010       0x80 .\CortexM3\ARM_GCC_541\Debug\Riaszto.a(ADC_SAR_PR_theACLK.o)
 .debug_aranges
                0x00001090       0x70 .\CortexM3\ARM_GCC_541\Debug\Riaszto.a(UART_GSM_IntClock.o)
 .debug_aranges
                0x00001100       0x88 .\CortexM3\ARM_GCC_541\Debug\Riaszto.a(CyFlash.o)
 .debug_aranges
                0x00001188      0x2a0 .\CortexM3\ARM_GCC_541\Debug\Riaszto.a(CyLib.o)
 .debug_aranges
                0x00001428       0x98 .\CortexM3\ARM_GCC_541\Debug\Riaszto.a(cyPm.o)
 .debug_aranges
                0x000014c0       0x80 .\CortexM3\ARM_GCC_541\Debug\Riaszto.a(CySpc.o)
 .debug_aranges
                0x00001540       0x38 .\CortexM3\ARM_GCC_541\Debug\Riaszto.a(GSM_DTR.o)
 .debug_aranges
                0x00001578       0x20 .\CortexM3\ARM_GCC_541\Debug\Riaszto.a(CyBootAsmGnu.o)

.debug_pubnames
 *(.debug_pubnames)

.debug_info     0x00000000     0xd1dd
 *(.debug_info .gnu.linkonce.wi.*)
 .debug_info    0x00000000     0x155b .\CortexM3\ARM_GCC_541\Debug\main.o
 .debug_info    0x0000155b      0x59d .\CortexM3\ARM_GCC_541\Debug\d1302.o
 .debug_info    0x00001af8      0x4e6 .\CortexM3\ARM_GCC_541\Debug\TaskFIFO.o
 .debug_info    0x00001fde      0x51c .\CortexM3\ARM_GCC_541\Debug\PeriodicTask.o
 .debug_info    0x000024fa      0x3ac .\CortexM3\ARM_GCC_541\Debug\Keypad.o
 .debug_info    0x000028a6      0x224 .\CortexM3\ARM_GCC_541\Debug\hb100movement.o
 .debug_info    0x00002aca      0x313 .\CortexM3\ARM_GCC_541\Debug\EEPROM_Helper.o
 .debug_info    0x00002ddd      0x768 .\CortexM3\ARM_GCC_541\Debug\GSMHandler.o
 .debug_info    0x00003545     0x149e .\CortexM3\ARM_GCC_541\Debug\SettingsHelper.o
 .debug_info    0x000049e3      0x676 .\CortexM3\ARM_GCC_541\Debug\cyfitter_cfg.o
 .debug_info    0x00005059      0x139 .\CortexM3\ARM_GCC_541\Debug\cymetadata.o
 .debug_info    0x00005192      0x3bb .\CortexM3\ARM_GCC_541\Debug\Cm3Start.o
 .debug_info    0x0000554d      0x715 .\CortexM3\ARM_GCC_541\Debug\Riaszto.a(LCD.o)
 .debug_info    0x00005c62      0x11f .\CortexM3\ARM_GCC_541\Debug\Riaszto.a(ROW1.o)
 .debug_info    0x00005d81      0x11f .\CortexM3\ARM_GCC_541\Debug\Riaszto.a(ROW2.o)
 .debug_info    0x00005ea0      0x11f .\CortexM3\ARM_GCC_541\Debug\Riaszto.a(ROW3.o)
 .debug_info    0x00005fbf      0x11f .\CortexM3\ARM_GCC_541\Debug\Riaszto.a(ROW4.o)
 .debug_info    0x000060de      0x11f .\CortexM3\ARM_GCC_541\Debug\Riaszto.a(COL1.o)
 .debug_info    0x000061fd      0x11f .\CortexM3\ARM_GCC_541\Debug\Riaszto.a(COL2.o)
 .debug_info    0x0000631c      0x11f .\CortexM3\ARM_GCC_541\Debug\Riaszto.a(COL3.o)
 .debug_info    0x0000643b      0x11f .\CortexM3\ARM_GCC_541\Debug\Riaszto.a(COL4.o)
 .debug_info    0x0000655a      0x4df .\CortexM3\ARM_GCC_541\Debug\Riaszto.a(SPIM.o)
 .debug_info    0x00006a39      0x11f .\CortexM3\ARM_GCC_541\Debug\Riaszto.a(SS.o)
 .debug_info    0x00006b58      0x60c .\CortexM3\ARM_GCC_541\Debug\Riaszto.a(UART.o)
 .debug_info    0x00007164      0x5c0 .\CortexM3\ARM_GCC_541\Debug\Riaszto.a(ADC_SAR_RADAR.o)
 .debug_info    0x00007724      0x293 .\CortexM3\ARM_GCC_541\Debug\Riaszto.a(Timer.o)
 .debug_info    0x000079b7      0x2d2 .\CortexM3\ARM_GCC_541\Debug\Riaszto.a(isr_Timer.o)
 .debug_info    0x00007c89      0x11f .\CortexM3\ARM_GCC_541\Debug\Riaszto.a(REED_RELAY.o)
 .debug_info    0x00007da8      0x27f .\CortexM3\ARM_GCC_541\Debug\Riaszto.a(PWM_BACKLIGHT.o)
 .debug_info    0x00008027      0x27f .\CortexM3\ARM_GCC_541\Debug\Riaszto.a(PWM_BEEPER.o)
 .debug_info    0x000082a6      0x5c0 .\CortexM3\ARM_GCC_541\Debug\Riaszto.a(ADC_SAR_PR.o)
 .debug_info    0x00008866       0x92 .\CortexM3\ARM_GCC_541\Debug\Riaszto.a(ADC_SAR_PR_INT.o)
 .debug_info    0x000088f8      0x630 .\CortexM3\ARM_GCC_541\Debug\Riaszto.a(EEPROM.o)
 .debug_info    0x00008f28      0x60c .\CortexM3\ARM_GCC_541\Debug\Riaszto.a(UART_GSM.o)
 .debug_info    0x00009534      0x1df .\CortexM3\ARM_GCC_541\Debug\Riaszto.a(VDAC8.o)
 .debug_info    0x00009713      0x283 .\CortexM3\ARM_GCC_541\Debug\Riaszto.a(SPIM_IntClock.o)
 .debug_info    0x00009996      0x283 .\CortexM3\ARM_GCC_541\Debug\Riaszto.a(UART_IntClock.o)
 .debug_info    0x00009c19      0x2d2 .\CortexM3\ARM_GCC_541\Debug\Riaszto.a(ADC_SAR_RADAR_IRQ.o)
 .debug_info    0x00009eeb      0x2c4 .\CortexM3\ARM_GCC_541\Debug\Riaszto.a(ADC_SAR_RADAR_theACLK.o)
 .debug_info    0x0000a1af      0x2c4 .\CortexM3\ARM_GCC_541\Debug\Riaszto.a(ADC_SAR_PR_theACLK.o)
 .debug_info    0x0000a473      0x283 .\CortexM3\ARM_GCC_541\Debug\Riaszto.a(UART_GSM_IntClock.o)
 .debug_info    0x0000a6f6      0x64d .\CortexM3\ARM_GCC_541\Debug\Riaszto.a(CyFlash.o)
 .debug_info    0x0000ad43     0x1374 .\CortexM3\ARM_GCC_541\Debug\Riaszto.a(CyLib.o)
 .debug_info    0x0000c0b7      0xa2a .\CortexM3\ARM_GCC_541\Debug\Riaszto.a(cyPm.o)
 .debug_info    0x0000cae1      0x550 .\CortexM3\ARM_GCC_541\Debug\Riaszto.a(CySpc.o)
 .debug_info    0x0000d031      0x11f .\CortexM3\ARM_GCC_541\Debug\Riaszto.a(GSM_DTR.o)
 .debug_info    0x0000d150       0x8d .\CortexM3\ARM_GCC_541\Debug\Riaszto.a(CyBootAsmGnu.o)

.debug_abbrev   0x00000000     0x386d
 *(.debug_abbrev)
 .debug_abbrev  0x00000000      0x242 .\CortexM3\ARM_GCC_541\Debug\main.o
 .debug_abbrev  0x00000242      0x15b .\CortexM3\ARM_GCC_541\Debug\d1302.o
 .debug_abbrev  0x0000039d      0x1cc .\CortexM3\ARM_GCC_541\Debug\TaskFIFO.o
 .debug_abbrev  0x00000569      0x1df .\CortexM3\ARM_GCC_541\Debug\PeriodicTask.o
 .debug_abbrev  0x00000748      0x12f .\CortexM3\ARM_GCC_541\Debug\Keypad.o
 .debug_abbrev  0x00000877      0x140 .\CortexM3\ARM_GCC_541\Debug\hb100movement.o
 .debug_abbrev  0x000009b7      0x12f .\CortexM3\ARM_GCC_541\Debug\EEPROM_Helper.o
 .debug_abbrev  0x00000ae6      0x18c .\CortexM3\ARM_GCC_541\Debug\GSMHandler.o
 .debug_abbrev  0x00000c72      0x264 .\CortexM3\ARM_GCC_541\Debug\SettingsHelper.o
 .debug_abbrev  0x00000ed6      0x20d .\CortexM3\ARM_GCC_541\Debug\cyfitter_cfg.o
 .debug_abbrev  0x000010e3       0x77 .\CortexM3\ARM_GCC_541\Debug\cymetadata.o
 .debug_abbrev  0x0000115a      0x1e8 .\CortexM3\ARM_GCC_541\Debug\Cm3Start.o
 .debug_abbrev  0x00001342      0x157 .\CortexM3\ARM_GCC_541\Debug\Riaszto.a(LCD.o)
 .debug_abbrev  0x00001499       0x90 .\CortexM3\ARM_GCC_541\Debug\Riaszto.a(ROW1.o)
 .debug_abbrev  0x00001529       0x90 .\CortexM3\ARM_GCC_541\Debug\Riaszto.a(ROW2.o)
 .debug_abbrev  0x000015b9       0x90 .\CortexM3\ARM_GCC_541\Debug\Riaszto.a(ROW3.o)
 .debug_abbrev  0x00001649       0x90 .\CortexM3\ARM_GCC_541\Debug\Riaszto.a(ROW4.o)
 .debug_abbrev  0x000016d9       0x90 .\CortexM3\ARM_GCC_541\Debug\Riaszto.a(COL1.o)
 .debug_abbrev  0x00001769       0x90 .\CortexM3\ARM_GCC_541\Debug\Riaszto.a(COL2.o)
 .debug_abbrev  0x000017f9       0x90 .\CortexM3\ARM_GCC_541\Debug\Riaszto.a(COL3.o)
 .debug_abbrev  0x00001889       0x90 .\CortexM3\ARM_GCC_541\Debug\Riaszto.a(COL4.o)
 .debug_abbrev  0x00001919      0x146 .\CortexM3\ARM_GCC_541\Debug\Riaszto.a(SPIM.o)
 .debug_abbrev  0x00001a5f       0x90 .\CortexM3\ARM_GCC_541\Debug\Riaszto.a(SS.o)
 .debug_abbrev  0x00001aef      0x175 .\CortexM3\ARM_GCC_541\Debug\Riaszto.a(UART.o)
 .debug_abbrev  0x00001c64      0x1ac .\CortexM3\ARM_GCC_541\Debug\Riaszto.a(ADC_SAR_RADAR.o)
 .debug_abbrev  0x00001e10      0x11a .\CortexM3\ARM_GCC_541\Debug\Riaszto.a(Timer.o)
 .debug_abbrev  0x00001f2a      0x173 .\CortexM3\ARM_GCC_541\Debug\Riaszto.a(isr_Timer.o)
 .debug_abbrev  0x0000209d       0x90 .\CortexM3\ARM_GCC_541\Debug\Riaszto.a(REED_RELAY.o)
 .debug_abbrev  0x0000212d      0x12d .\CortexM3\ARM_GCC_541\Debug\Riaszto.a(PWM_BACKLIGHT.o)
 .debug_abbrev  0x0000225a      0x12d .\CortexM3\ARM_GCC_541\Debug\Riaszto.a(PWM_BEEPER.o)
 .debug_abbrev  0x00002387      0x1ac .\CortexM3\ARM_GCC_541\Debug\Riaszto.a(ADC_SAR_PR.o)
 .debug_abbrev  0x00002533       0x42 .\CortexM3\ARM_GCC_541\Debug\Riaszto.a(ADC_SAR_PR_INT.o)
 .debug_abbrev  0x00002575      0x14e .\CortexM3\ARM_GCC_541\Debug\Riaszto.a(EEPROM.o)
 .debug_abbrev  0x000026c3      0x175 .\CortexM3\ARM_GCC_541\Debug\Riaszto.a(UART_GSM.o)
 .debug_abbrev  0x00002838       0xf7 .\CortexM3\ARM_GCC_541\Debug\Riaszto.a(VDAC8.o)
 .debug_abbrev  0x0000292f      0x139 .\CortexM3\ARM_GCC_541\Debug\Riaszto.a(SPIM_IntClock.o)
 .debug_abbrev  0x00002a68      0x139 .\CortexM3\ARM_GCC_541\Debug\Riaszto.a(UART_IntClock.o)
 .debug_abbrev  0x00002ba1      0x173 .\CortexM3\ARM_GCC_541\Debug\Riaszto.a(ADC_SAR_RADAR_IRQ.o)
 .debug_abbrev  0x00002d14      0x121 .\CortexM3\ARM_GCC_541\Debug\Riaszto.a(ADC_SAR_RADAR_theACLK.o)
 .debug_abbrev  0x00002e35      0x121 .\CortexM3\ARM_GCC_541\Debug\Riaszto.a(ADC_SAR_PR_theACLK.o)
 .debug_abbrev  0x00002f56      0x139 .\CortexM3\ARM_GCC_541\Debug\Riaszto.a(UART_GSM_IntClock.o)
 .debug_abbrev  0x0000308f      0x1a7 .\CortexM3\ARM_GCC_541\Debug\Riaszto.a(CyFlash.o)
 .debug_abbrev  0x00003236      0x254 .\CortexM3\ARM_GCC_541\Debug\Riaszto.a(CyLib.o)
 .debug_abbrev  0x0000348a      0x1ab .\CortexM3\ARM_GCC_541\Debug\Riaszto.a(cyPm.o)
 .debug_abbrev  0x00003635      0x194 .\CortexM3\ARM_GCC_541\Debug\Riaszto.a(CySpc.o)
 .debug_abbrev  0x000037c9       0x90 .\CortexM3\ARM_GCC_541\Debug\Riaszto.a(GSM_DTR.o)
 .debug_abbrev  0x00003859       0x14 .\CortexM3\ARM_GCC_541\Debug\Riaszto.a(CyBootAsmGnu.o)

.debug_line     0x00000000     0x5584
 *(.debug_line)
 .debug_line    0x00000000      0x49c .\CortexM3\ARM_GCC_541\Debug\main.o
 .debug_line    0x0000049c      0x26c .\CortexM3\ARM_GCC_541\Debug\d1302.o
 .debug_line    0x00000708      0x21a .\CortexM3\ARM_GCC_541\Debug\TaskFIFO.o
 .debug_line    0x00000922      0x24e .\CortexM3\ARM_GCC_541\Debug\PeriodicTask.o
 .debug_line    0x00000b70      0x2aa .\CortexM3\ARM_GCC_541\Debug\Keypad.o
 .debug_line    0x00000e1a      0x1c5 .\CortexM3\ARM_GCC_541\Debug\hb100movement.o
 .debug_line    0x00000fdf      0x1e4 .\CortexM3\ARM_GCC_541\Debug\EEPROM_Helper.o
 .debug_line    0x000011c3      0x244 .\CortexM3\ARM_GCC_541\Debug\GSMHandler.o
 .debug_line    0x00001407      0x5ac .\CortexM3\ARM_GCC_541\Debug\SettingsHelper.o
 .debug_line    0x000019b3      0x218 .\CortexM3\ARM_GCC_541\Debug\cyfitter_cfg.o
 .debug_line    0x00001bcb      0x141 .\CortexM3\ARM_GCC_541\Debug\cymetadata.o
 .debug_line    0x00001d0c      0x234 .\CortexM3\ARM_GCC_541\Debug\Cm3Start.o
 .debug_line    0x00001f40      0x1dc .\CortexM3\ARM_GCC_541\Debug\Riaszto.a(LCD.o)
 .debug_line    0x0000211c       0x91 .\CortexM3\ARM_GCC_541\Debug\Riaszto.a(ROW1.o)
 .debug_line    0x000021ad       0x91 .\CortexM3\ARM_GCC_541\Debug\Riaszto.a(ROW2.o)
 .debug_line    0x0000223e       0x91 .\CortexM3\ARM_GCC_541\Debug\Riaszto.a(ROW3.o)
 .debug_line    0x000022cf       0x91 .\CortexM3\ARM_GCC_541\Debug\Riaszto.a(ROW4.o)
 .debug_line    0x00002360       0x91 .\CortexM3\ARM_GCC_541\Debug\Riaszto.a(COL1.o)
 .debug_line    0x000023f1       0x91 .\CortexM3\ARM_GCC_541\Debug\Riaszto.a(COL2.o)
 .debug_line    0x00002482       0x91 .\CortexM3\ARM_GCC_541\Debug\Riaszto.a(COL3.o)
 .debug_line    0x00002513       0x91 .\CortexM3\ARM_GCC_541\Debug\Riaszto.a(COL4.o)
 .debug_line    0x000025a4      0x265 .\CortexM3\ARM_GCC_541\Debug\Riaszto.a(SPIM.o)
 .debug_line    0x00002809       0x8f .\CortexM3\ARM_GCC_541\Debug\Riaszto.a(SS.o)
 .debug_line    0x00002898      0x2bc .\CortexM3\ARM_GCC_541\Debug\Riaszto.a(UART.o)
 .debug_line    0x00002b54      0x228 .\CortexM3\ARM_GCC_541\Debug\Riaszto.a(ADC_SAR_RADAR.o)
 .debug_line    0x00002d7c      0x153 .\CortexM3\ARM_GCC_541\Debug\Riaszto.a(Timer.o)
 .debug_line    0x00002ecf      0x136 .\CortexM3\ARM_GCC_541\Debug\Riaszto.a(isr_Timer.o)
 .debug_line    0x00003005       0x97 .\CortexM3\ARM_GCC_541\Debug\Riaszto.a(REED_RELAY.o)
 .debug_line    0x0000309c      0x13b .\CortexM3\ARM_GCC_541\Debug\Riaszto.a(PWM_BACKLIGHT.o)
 .debug_line    0x000031d7      0x138 .\CortexM3\ARM_GCC_541\Debug\Riaszto.a(PWM_BEEPER.o)
 .debug_line    0x0000330f      0x222 .\CortexM3\ARM_GCC_541\Debug\Riaszto.a(ADC_SAR_PR.o)
 .debug_line    0x00003531       0x57 .\CortexM3\ARM_GCC_541\Debug\Riaszto.a(ADC_SAR_PR_INT.o)
 .debug_line    0x00003588      0x264 .\CortexM3\ARM_GCC_541\Debug\Riaszto.a(EEPROM.o)
 .debug_line    0x000037ec      0x2c4 .\CortexM3\ARM_GCC_541\Debug\Riaszto.a(UART_GSM.o)
 .debug_line    0x00003ab0       0xe2 .\CortexM3\ARM_GCC_541\Debug\Riaszto.a(VDAC8.o)
 .debug_line    0x00003b92      0x17c .\CortexM3\ARM_GCC_541\Debug\Riaszto.a(SPIM_IntClock.o)
 .debug_line    0x00003d0e      0x17c .\CortexM3\ARM_GCC_541\Debug\Riaszto.a(UART_IntClock.o)
 .debug_line    0x00003e8a      0x13e .\CortexM3\ARM_GCC_541\Debug\Riaszto.a(ADC_SAR_RADAR_IRQ.o)
 .debug_line    0x00003fc8      0x1a7 .\CortexM3\ARM_GCC_541\Debug\Riaszto.a(ADC_SAR_RADAR_theACLK.o)
 .debug_line    0x0000416f      0x1a4 .\CortexM3\ARM_GCC_541\Debug\Riaszto.a(ADC_SAR_PR_theACLK.o)
 .debug_line    0x00004313      0x180 .\CortexM3\ARM_GCC_541\Debug\Riaszto.a(UART_GSM_IntClock.o)
 .debug_line    0x00004493      0x21a .\CortexM3\ARM_GCC_541\Debug\Riaszto.a(CyFlash.o)
 .debug_line    0x000046ad      0x816 .\CortexM3\ARM_GCC_541\Debug\Riaszto.a(CyLib.o)
 .debug_line    0x00004ec3      0x367 .\CortexM3\ARM_GCC_541\Debug\Riaszto.a(cyPm.o)
 .debug_line    0x0000522a      0x260 .\CortexM3\ARM_GCC_541\Debug\Riaszto.a(CySpc.o)
 .debug_line    0x0000548a       0x94 .\CortexM3\ARM_GCC_541\Debug\Riaszto.a(GSM_DTR.o)
 .debug_line    0x0000551e       0x66 .\CortexM3\ARM_GCC_541\Debug\Riaszto.a(CyBootAsmGnu.o)

.debug_frame    0x00000000     0x3884
 *(.debug_frame)
 .debug_frame   0x00000000      0x20c .\CortexM3\ARM_GCC_541\Debug\main.o
 .debug_frame   0x0000020c      0x13c .\CortexM3\ARM_GCC_541\Debug\d1302.o
 .debug_frame   0x00000348       0xb8 .\CortexM3\ARM_GCC_541\Debug\TaskFIFO.o
 .debug_frame   0x00000400       0xe8 .\CortexM3\ARM_GCC_541\Debug\PeriodicTask.o
 .debug_frame   0x000004e8       0x68 .\CortexM3\ARM_GCC_541\Debug\Keypad.o
 .debug_frame   0x00000550       0x58 .\CortexM3\ARM_GCC_541\Debug\hb100movement.o
 .debug_frame   0x000005a8       0xcc .\CortexM3\ARM_GCC_541\Debug\EEPROM_Helper.o
 .debug_frame   0x00000674       0xf0 .\CortexM3\ARM_GCC_541\Debug\GSMHandler.o
 .debug_frame   0x00000764      0x364 .\CortexM3\ARM_GCC_541\Debug\SettingsHelper.o
 .debug_frame   0x00000ac8       0xfc .\CortexM3\ARM_GCC_541\Debug\cyfitter_cfg.o
 .debug_frame   0x00000bc4       0xb8 .\CortexM3\ARM_GCC_541\Debug\Cm3Start.o
 .debug_frame   0x00000c7c      0x1e8 .\CortexM3\ARM_GCC_541\Debug\Riaszto.a(LCD.o)
 .debug_frame   0x00000e64       0x50 .\CortexM3\ARM_GCC_541\Debug\Riaszto.a(ROW1.o)
 .debug_frame   0x00000eb4       0x50 .\CortexM3\ARM_GCC_541\Debug\Riaszto.a(ROW2.o)
 .debug_frame   0x00000f04       0x50 .\CortexM3\ARM_GCC_541\Debug\Riaszto.a(ROW3.o)
 .debug_frame   0x00000f54       0x50 .\CortexM3\ARM_GCC_541\Debug\Riaszto.a(ROW4.o)
 .debug_frame   0x00000fa4       0x50 .\CortexM3\ARM_GCC_541\Debug\Riaszto.a(COL1.o)
 .debug_frame   0x00000ff4       0x50 .\CortexM3\ARM_GCC_541\Debug\Riaszto.a(COL2.o)
 .debug_frame   0x00001044       0x50 .\CortexM3\ARM_GCC_541\Debug\Riaszto.a(COL3.o)
 .debug_frame   0x00001094       0x50 .\CortexM3\ARM_GCC_541\Debug\Riaszto.a(COL4.o)
 .debug_frame   0x000010e4      0x208 .\CortexM3\ARM_GCC_541\Debug\Riaszto.a(SPIM.o)
 .debug_frame   0x000012ec       0x50 .\CortexM3\ARM_GCC_541\Debug\Riaszto.a(SS.o)
 .debug_frame   0x0000133c      0x250 .\CortexM3\ARM_GCC_541\Debug\Riaszto.a(UART.o)
 .debug_frame   0x0000158c      0x1b4 .\CortexM3\ARM_GCC_541\Debug\Riaszto.a(ADC_SAR_RADAR.o)
 .debug_frame   0x00001740      0x108 .\CortexM3\ARM_GCC_541\Debug\Riaszto.a(Timer.o)
 .debug_frame   0x00001848      0x104 .\CortexM3\ARM_GCC_541\Debug\Riaszto.a(isr_Timer.o)
 .debug_frame   0x0000194c       0x50 .\CortexM3\ARM_GCC_541\Debug\Riaszto.a(REED_RELAY.o)
 .debug_frame   0x0000199c       0xe8 .\CortexM3\ARM_GCC_541\Debug\Riaszto.a(PWM_BACKLIGHT.o)
 .debug_frame   0x00001a84       0xe8 .\CortexM3\ARM_GCC_541\Debug\Riaszto.a(PWM_BEEPER.o)
 .debug_frame   0x00001b6c      0x1b0 .\CortexM3\ARM_GCC_541\Debug\Riaszto.a(ADC_SAR_PR.o)
 .debug_frame   0x00001d1c       0x20 .\CortexM3\ARM_GCC_541\Debug\Riaszto.a(ADC_SAR_PR_INT.o)
 .debug_frame   0x00001d3c      0x17c .\CortexM3\ARM_GCC_541\Debug\Riaszto.a(EEPROM.o)
 .debug_frame   0x00001eb8      0x250 .\CortexM3\ARM_GCC_541\Debug\Riaszto.a(UART_GSM.o)
 .debug_frame   0x00002108       0xb4 .\CortexM3\ARM_GCC_541\Debug\Riaszto.a(VDAC8.o)
 .debug_frame   0x000021bc       0xe0 .\CortexM3\ARM_GCC_541\Debug\Riaszto.a(SPIM_IntClock.o)
 .debug_frame   0x0000229c       0xe0 .\CortexM3\ARM_GCC_541\Debug\Riaszto.a(UART_IntClock.o)
 .debug_frame   0x0000237c      0x104 .\CortexM3\ARM_GCC_541\Debug\Riaszto.a(ADC_SAR_RADAR_IRQ.o)
 .debug_frame   0x00002480      0x100 .\CortexM3\ARM_GCC_541\Debug\Riaszto.a(ADC_SAR_RADAR_theACLK.o)
 .debug_frame   0x00002580      0x100 .\CortexM3\ARM_GCC_541\Debug\Riaszto.a(ADC_SAR_PR_theACLK.o)
 .debug_frame   0x00002680       0xe0 .\CortexM3\ARM_GCC_541\Debug\Riaszto.a(UART_GSM_IntClock.o)
 .debug_frame   0x00002760      0x194 .\CortexM3\ARM_GCC_541\Debug\Riaszto.a(CyFlash.o)
 .debug_frame   0x000028f4      0x738 .\CortexM3\ARM_GCC_541\Debug\Riaszto.a(CyLib.o)
 .debug_frame   0x0000302c      0x1f8 .\CortexM3\ARM_GCC_541\Debug\Riaszto.a(cyPm.o)
 .debug_frame   0x00003224      0x180 .\CortexM3\ARM_GCC_541\Debug\Riaszto.a(CySpc.o)
 .debug_frame   0x000033a4       0x50 .\CortexM3\ARM_GCC_541\Debug\Riaszto.a(GSM_DTR.o)
 .debug_frame   0x000033f4       0x44 c:/program files (x86)/cypress/psoc creator/4.4/psoc creator/import/gnu/arm/5.4.1/bin/../lib/gcc/arm-none-eabi/5.4.1/armv7-m\libgcc.a(_aeabi_ldivmod.o)
 .debug_frame   0x00003438       0x38 c:/program files (x86)/cypress/psoc creator/4.4/psoc creator/import/gnu/arm/5.4.1/bin/../lib/gcc/arm-none-eabi/5.4.1/armv7-m\libgcc.a(_udivmoddi4.o)
 .debug_frame   0x00003470       0x20 c:/program files (x86)/cypress/psoc creator/4.4/psoc creator/import/gnu/arm/5.4.1/bin/../lib/gcc/arm-none-eabi/5.4.1/../../../../arm-none-eabi/lib/armv7-m\libg_nano.a(lib_a-errno.o)
 .debug_frame   0x00003490       0x28 c:/program files (x86)/cypress/psoc creator/4.4/psoc creator/import/gnu/arm/5.4.1/bin/../lib/gcc/arm-none-eabi/5.4.1/../../../../arm-none-eabi/lib/armv7-m\libg_nano.a(lib_a-exit.o)
 .debug_frame   0x000034b8       0x2c c:/program files (x86)/cypress/psoc creator/4.4/psoc creator/import/gnu/arm/5.4.1/bin/../lib/gcc/arm-none-eabi/5.4.1/../../../../arm-none-eabi/lib/armv7-m\libg_nano.a(lib_a-init.o)
 .debug_frame   0x000034e4       0x30 c:/program files (x86)/cypress/psoc creator/4.4/psoc creator/import/gnu/arm/5.4.1/bin/../lib/gcc/arm-none-eabi/5.4.1/../../../../arm-none-eabi/lib/armv7-m\libg_nano.a(lib_a-malloc.o)
 .debug_frame   0x00003514       0x28 c:/program files (x86)/cypress/psoc creator/4.4/psoc creator/import/gnu/arm/5.4.1/bin/../lib/gcc/arm-none-eabi/5.4.1/../../../../arm-none-eabi/lib/armv7-m\libg_nano.a(lib_a-memcpy-stub.o)
 .debug_frame   0x0000353c       0x20 c:/program files (x86)/cypress/psoc creator/4.4/psoc creator/import/gnu/arm/5.4.1/bin/../lib/gcc/arm-none-eabi/5.4.1/../../../../arm-none-eabi/lib/armv7-m\libg_nano.a(lib_a-memset.o)
 .debug_frame   0x0000355c       0x38 c:/program files (x86)/cypress/psoc creator/4.4/psoc creator/import/gnu/arm/5.4.1/bin/../lib/gcc/arm-none-eabi/5.4.1/../../../../arm-none-eabi/lib/armv7-m\libg_nano.a(lib_a-nano-freer.o)
 .debug_frame   0x00003594       0x2c c:/program files (x86)/cypress/psoc creator/4.4/psoc creator/import/gnu/arm/5.4.1/bin/../lib/gcc/arm-none-eabi/5.4.1/../../../../arm-none-eabi/lib/armv7-m\libg_nano.a(lib_a-nano-mallocr.o)
 .debug_frame   0x000035c0       0x2c c:/program files (x86)/cypress/psoc creator/4.4/psoc creator/import/gnu/arm/5.4.1/bin/../lib/gcc/arm-none-eabi/5.4.1/../../../../arm-none-eabi/lib/armv7-m\libg_nano.a(lib_a-sbrkr.o)
 .debug_frame   0x000035ec       0x70 c:/program files (x86)/cypress/psoc creator/4.4/psoc creator/import/gnu/arm/5.4.1/bin/../lib/gcc/arm-none-eabi/5.4.1/../../../../arm-none-eabi/lib/armv7-m\libg_nano.a(lib_a-sprintf.o)
 .debug_frame   0x0000365c       0x30 c:/program files (x86)/cypress/psoc creator/4.4/psoc creator/import/gnu/arm/5.4.1/bin/../lib/gcc/arm-none-eabi/5.4.1/../../../../arm-none-eabi/lib/armv7-m\libg_nano.a(lib_a-mlock.o)
 .debug_frame   0x0000368c       0x90 c:/program files (x86)/cypress/psoc creator/4.4/psoc creator/import/gnu/arm/5.4.1/bin/../lib/gcc/arm-none-eabi/5.4.1/../../../../arm-none-eabi/lib/armv7-m\libg_nano.a(lib_a-nano-svfprintf.o)
 .debug_frame   0x0000371c       0x60 c:/program files (x86)/cypress/psoc creator/4.4/psoc creator/import/gnu/arm/5.4.1/bin/../lib/gcc/arm-none-eabi/5.4.1/../../../../arm-none-eabi/lib/armv7-m\libg_nano.a(lib_a-nano-vfprintf_i.o)
 .debug_frame   0x0000377c       0x5c c:/program files (x86)/cypress/psoc creator/4.4/psoc creator/import/gnu/arm/5.4.1/bin/../lib/gcc/arm-none-eabi/5.4.1/../../../../arm-none-eabi/lib/armv7-m\libg_nano.a(lib_a-reent.o)
 .debug_frame   0x000037d8       0x28 c:/program files (x86)/cypress/psoc creator/4.4/psoc creator/import/gnu/arm/5.4.1/bin/../lib/gcc/arm-none-eabi/5.4.1/../../../../arm-none-eabi/lib/armv7-m\libg_nano.a(lib_a-memchr-stub.o)
 .debug_frame   0x00003800       0x28 c:/program files (x86)/cypress/psoc creator/4.4/psoc creator/import/gnu/arm/5.4.1/bin/../lib/gcc/arm-none-eabi/5.4.1/../../../../arm-none-eabi/lib/armv7-m\libg_nano.a(lib_a-memmove.o)
 .debug_frame   0x00003828       0x3c c:/program files (x86)/cypress/psoc creator/4.4/psoc creator/import/gnu/arm/5.4.1/bin/../lib/gcc/arm-none-eabi/5.4.1/../../../../arm-none-eabi/lib/armv7-m\libg_nano.a(lib_a-nano-reallocr.o)
 .debug_frame   0x00003864       0x20 c:/program files (x86)/cypress/psoc creator/4.4/psoc creator/import/gnu/arm/5.4.1/bin/../lib/gcc/arm-none-eabi/5.4.1/../../../../arm-none-eabi/lib/armv7-m\libg_nano.a(lib_a-nano-msizer.o)

.debug_str      0x00000000     0x3f8c
 *(.debug_str)
 .debug_str     0x00000000      0x8c1 .\CortexM3\ARM_GCC_541\Debug\main.o
                                0x969 (size before relaxing)
 .debug_str     0x000008c1      0x119 .\CortexM3\ARM_GCC_541\Debug\d1302.o
                                0x2f7 (size before relaxing)
 .debug_str     0x000009da       0x5f .\CortexM3\ARM_GCC_541\Debug\TaskFIFO.o
                                0x308 (size before relaxing)
 .debug_str     0x00000a39       0x2f .\CortexM3\ARM_GCC_541\Debug\PeriodicTask.o
                                0x315 (size before relaxing)
 .debug_str     0x00000a68       0xb5 .\CortexM3\ARM_GCC_541\Debug\Keypad.o
                                0x293 (size before relaxing)
 .debug_str     0x00000b1d       0xa0 .\CortexM3\ARM_GCC_541\Debug\hb100movement.o
                                0x26b (size before relaxing)